172.16.0.20 - - [20/May/2026:16:11:27 +0000] "GET /contact HTTP/1.1" 200 1898 "-" "Mozilla/5.0 (iPhone; CPU iPhone OS 16_5 like Mac OS X) AppleWebKit/605.1.15 (KHTML, like Gecko) Version/16.5 Mobile/15E148 Safari/604.1"
192.168.1.10 - - [20/May/2026:16:12:27 +0000] "GET /blog HTTP/1.1" 200 1884 "-" "Mozilla/5.0 (Windows NT 10.0; Win64; x64) AppleWebKit/537.36 (KHTML, like Gecko) Chrome/114.0.0.0 Safari/537.36"
10.0.0.5 - - [20/May/2026:16:12:27 +0000] "GET /assets/js/main.js HTTP/1.1" 200 2810 "-" "Mozilla/5.0 (X11; Linux x86_64) AppleWebKit/537.36 (KHTML, like Gecko) Firefox/113.0"
185.220.101.5 - - [20/May/2026:16:12:27 +0000] "GET /api/v1/user/4803 HTTP/1.1" 403 2531 "-" "Mozilla/5.0 (Windows NT 10.0; Win64; x64) AppleWebKit/537.36 (KHTML, like Gecko) Chrome/91.0.4472.124 Safari/537.36"
172.16.0.20 - - [20/May/2026:16:13:27 +0000] "GET /blog HTTP/1.1" 200 2351 "-" "Mozilla/5.0 (Windows NT 10.0; Win64; x64) AppleWebKit/537.36 (KHTML, like Gecko) Chrome/114.0.0.0 Safari/537.36"
192.168.1.10 - - [20/May/2026:16:13:27 +0000] "GET /blog HTTP/1.1" 200 805 "-" "Mozilla/5.0 (Macintosh; Intel Mac OS X 10_15_7) AppleWebKit/537.36 (KHTML, like Gecko) Version/16.5 Safari/537.36"
192.168.1.15 - - [20/May/2026:16:13:27 +0000] "GET /contact HTTP/1.1" 200 4267 "-" "Mozilla/5.0 (iPhone; CPU iPhone OS 16_5 like Mac OS X) AppleWebKit/605.1.15 (KHTML, like Gecko) Version/16.5 Mobile/15E148 Safari/604.1"
8.8.8.8 - - [20/May/2026:16:14:27 +0000] "GET /index.html HTTP/1.1" 200 1587 "-" "Mozilla/5.0 (Windows NT 10.0; Win64; x64) AppleWebKit/537.36 (KHTML, like Gecko) Chrome/114.0.0.0 Safari/537.36"
185.220.101.5 - - [20/May/2026:16:14:27 +0000] "GET /api/v1/user/2112 HTTP/1.1" 403 2135 "-" "Mozilla/5.0 (Windows NT 10.0; Win64; x64) AppleWebKit/537.36 (KHTML, like Gecko) Chrome/91.0.4472.124 Safari/537.36"
192.168.1.15 - - [20/May/2026:16:15:27 +0000] "GET /images/logo.png HTTP/1.1" 200 1326 "-" "Mozilla/5.0 (X11; Linux x86_64) AppleWebKit/537.36 (KHTML, like Gecko) Firefox/113.0"
192.168.1.15 - - [20/May/2026:16:15:27 +0000] "GET /blog HTTP/1.1" 200 4903 "-" "Mozilla/5.0 (X11; Linux x86_64) AppleWebKit/537.36 (KHTML, like Gecko) Firefox/113.0"
1.1.1.1 - - [20/May/2026:16:15:27 +0000] "GET /blog HTTP/1.1" 200 509 "-" "Mozilla/5.0 (iPhone; CPU iPhone OS 16_5 like Mac OS X) AppleWebKit/605.1.15 (KHTML, like Gecko) Version/16.5 Mobile/15E148 Safari/604.1"
192.168.1.10 - - [20/May/2026:16:15:27 +0000] "GET / HTTP/1.1" 200 4598 "-" "Mozilla/5.0 (iPhone; CPU iPhone OS 16_5 like Mac OS X) AppleWebKit/605.1.15 (KHTML, like Gecko) Version/16.5 Mobile/15E148 Safari/604.1"
8.8.8.8 - - [20/May/2026:16:15:27 +0000] "GET /index.html HTTP/1.1" 200 1813 "-" "Mozilla/5.0 (Windows NT 10.0; Win64; x64) AppleWebKit/537.36 (KHTML, like Gecko) Chrome/114.0.0.0 Safari/537.36"
45.33.22.11 - - [20/May/2026:16:15:27 +0000] "GET /.git HTTP/1.1" 404 1481 "-" "gobuster/3.1.0"
8.8.8.8 - - [20/May/2026:16:16:27 +0000] "GET /services HTTP/1.1" 200 1668 "-" "Mozilla/5.0 (iPhone; CPU iPhone OS 16_5 like Mac OS X) AppleWebKit/605.1.15 (KHTML, like Gecko) Version/16.5 Mobile/15E148 Safari/604.1"
10.0.0.5 - - [20/May/2026:16:16:27 +0000] "GET /about HTTP/1.1" 200 4479 "-" "Mozilla/5.0 (Windows NT 10.0; Win64; x64) AppleWebKit/537.36 (KHTML, like Gecko) Chrome/114.0.0.0 Safari/537.36"
45.33.22.11 - - [20/May/2026:16:16:27 +0000] "GET /wp-admin HTTP/1.1" 404 4484 "-" "gobuster/3.1.0"
185.220.101.5 - - [20/May/2026:16:16:27 +0000] "GET /api/v1/user/6951 HTTP/1.1" 403 2503 "-" "Mozilla/5.0 (Windows NT 10.0; Win64; x64) AppleWebKit/537.36 (KHTML, like Gecko) Chrome/91.0.4472.124 Safari/537.36"
91.214.124.55 - - [20/May/2026:16:16:27 +0000] "GET /?q=UNION SELECT NULL,NULL,NULL-- HTTP/1.1" 200 3567 "-" "Mozilla/5.0 (compatible; MSIE 9.0; Windows NT 6.1; Trident/5.0)"
192.168.1.15 - - [20/May/2026:16:17:27 +0000] "GET /about HTTP/1.1" 200 3673 "-" "Mozilla/5.0 (Macintosh; Intel Mac OS X 10_15_7) AppleWebKit/537.36 (KHTML, like Gecko) Version/16.5 Safari/537.36"
192.168.1.10 - - [20/May/2026:16:17:27 +0000] "GET /about HTTP/1.1" 200 3991 "-" "Mozilla/5.0 (Macintosh; Intel Mac OS X 10_15_7) AppleWebKit/537.36 (KHTML, like Gecko) Version/16.5 Safari/537.36"
192.168.1.15 - - [20/May/2026:16:18:27 +0000] "GET /products HTTP/1.1" 200 1645 "-" "Mozilla/5.0 (Macintosh; Intel Mac OS X 10_15_7) AppleWebKit/537.36 (KHTML, like Gecko) Version/16.5 Safari/537.36"
1.1.1.1 - - [20/May/2026:16:18:27 +0000] "GET /assets/css/style.css HTTP/1.1" 200 4649 "-" "Mozilla/5.0 (Windows NT 10.0; Win64; x64) AppleWebKit/537.36 (KHTML, like Gecko) Chrome/114.0.0.0 Safari/537.36"
45.33.22.11 - - [20/May/2026:16:18:27 +0000] "GET /config HTTP/1.1" 404 3154 "-" "gobuster/3.1.0"
8.8.8.8 - - [20/May/2026:16:19:27 +0000] "GET /services HTTP/1.1" 200 1923 "-" "Mozilla/5.0 (X11; Linux x86_64) AppleWebKit/537.36 (KHTML, like Gecko) Firefox/113.0"
10.0.0.5 - - [20/May/2026:16:19:27 +0000] "GET / HTTP/1.1" 200 2362 "-" "Mozilla/5.0 (Windows NT 10.0; Win64; x64) AppleWebKit/537.36 (KHTML, like Gecko) Chrome/114.0.0.0 Safari/537.36"
1.1.1.1 - - [20/May/2026:16:19:27 +0000] "GET /services HTTP/1.1" 200 2465 "-" "Mozilla/5.0 (Macintosh; Intel Mac OS X 10_15_7) AppleWebKit/537.36 (KHTML, like Gecko) Version/16.5 Safari/537.36"
45.33.22.11 - - [20/May/2026:16:19:27 +0000] "GET /phpmyadmin HTTP/1.1" 404 4171 "-" "gobuster/3.1.0"
45.33.22.11 - - [20/May/2026:16:19:27 +0000] "GET /.env HTTP/1.1" 404 3990 "-" "gobuster/3.1.0"
192.168.1.15 - - [20/May/2026:16:20:27 +0000] "GET /blog HTTP/1.1" 200 4152 "-" "Mozilla/5.0 (X11; Linux x86_64) AppleWebKit/537.36 (KHTML, like Gecko) Firefox/113.0"
10.0.0.5 - - [20/May/2026:16:20:27 +0000] "GET /services HTTP/1.1" 200 1486 "-" "Mozilla/5.0 (X11; Linux x86_64) AppleWebKit/537.36 (KHTML, like Gecko) Firefox/113.0"
172.16.0.20 - - [20/May/2026:16:20:27 +0000] "GET /images/logo.png HTTP/1.1" 200 4159 "-" "Mozilla/5.0 (Macintosh; Intel Mac OS X 10_15_7) AppleWebKit/537.36 (KHTML, like Gecko) Version/16.5 Safari/537.36"
192.168.1.10 - - [20/May/2026:16:21:27 +0000] "GET /contact HTTP/1.1" 200 4839 "-" "Mozilla/5.0 (Macintosh; Intel Mac OS X 10_15_7) AppleWebKit/537.36 (KHTML, like Gecko) Version/16.5 Safari/537.36"
192.168.1.10 - - [20/May/2026:16:22:27 +0000] "GET /blog HTTP/1.1" 200 4460 "-" "Mozilla/5.0 (Macintosh; Intel Mac OS X 10_15_7) AppleWebKit/537.36 (KHTML, like Gecko) Version/16.5 Safari/537.36"
185.220.101.5 - - [20/May/2026:16:22:27 +0000] "GET /api/v1/user/4504 HTTP/1.1" 403 4167 "-" "Mozilla/5.0 (Windows NT 10.0; Win64; x64) AppleWebKit/537.36 (KHTML, like Gecko) Chrome/91.0.4472.124 Safari/537.36"
172.16.0.20 - - [20/May/2026:16:23:27 +0000] "GET /blog HTTP/1.1" 200 2261 "-" "Mozilla/5.0 (Macintosh; Intel Mac OS X 10_15_7) AppleWebKit/537.36 (KHTML, like Gecko) Version/16.5 Safari/537.36"
8.8.8.8 - - [20/May/2026:16:23:27 +0000] "GET /assets/css/style.css HTTP/1.1" 200 1014 "-" "Mozilla/5.0 (iPhone; CPU iPhone OS 16_5 like Mac OS X) AppleWebKit/605.1.15 (KHTML, like Gecko) Version/16.5 Mobile/15E148 Safari/604.1"
8.8.8.8 - - [20/May/2026:16:23:27 +0000] "GET /index.html HTTP/1.1" 200 2065 "-" "Mozilla/5.0 (X11; Linux x86_64) AppleWebKit/537.36 (KHTML, like Gecko) Firefox/113.0"
192.168.1.15 - - [20/May/2026:16:23:27 +0000] "GET /blog HTTP/1.1" 200 2058 "-" "Mozilla/5.0 (Macintosh; Intel Mac OS X 10_15_7) AppleWebKit/537.36 (KHTML, like Gecko) Version/16.5 Safari/537.36"
45.33.22.11 - - [20/May/2026:16:23:27 +0000] "GET /db HTTP/1.1" 404 2603 "-" "gobuster/3.1.0"
91.214.124.55 - - [20/May/2026:16:23:27 +0000] "GET /?q=UNION SELECT NULL,NULL,NULL-- HTTP/1.1" 200 2630 "-" "Mozilla/5.0 (compatible; MSIE 9.0; Windows NT 6.1; Trident/5.0)"
192.168.1.15 - - [20/May/2026:16:25:27 +0000] "GET /assets/css/style.css HTTP/1.1" 200 2737 "-" "Mozilla/5.0 (Macintosh; Intel Mac OS X 10_15_7) AppleWebKit/537.36 (KHTML, like Gecko) Version/16.5 Safari/537.36"
91.214.124.55 - - [20/May/2026:16:25:27 +0000] "GET /etc/passwd HTTP/1.1" 400 789 "-" "Mozilla/5.0 (compatible; MSIE 9.0; Windows NT 6.1; Trident/5.0)"
8.8.8.8 - - [20/May/2026:16:26:27 +0000] "GET /assets/js/main.js HTTP/1.1" 200 1020 "-" "Mozilla/5.0 (Windows NT 10.0; Win64; x64) AppleWebKit/537.36 (KHTML, like Gecko) Chrome/114.0.0.0 Safari/537.36"
45.33.22.11 - - [20/May/2026:16:26:27 +0000] "GET /phpmyadmin HTTP/1.1" 404 3520 "-" "gobuster/3.1.0"
192.168.1.10 - - [20/May/2026:16:27:27 +0000] "GET /assets/css/style.css HTTP/1.1" 200 3265 "-" "Mozilla/5.0 (iPhone; CPU iPhone OS 16_5 like Mac OS X) AppleWebKit/605.1.15 (KHTML, like Gecko) Version/16.5 Mobile/15E148 Safari/604.1"
172.16.0.20 - - [20/May/2026:16:27:27 +0000] "GET /services HTTP/1.1" 200 3533 "-" "Mozilla/5.0 (X11; Linux x86_64) AppleWebKit/537.36 (KHTML, like Gecko) Firefox/113.0"
185.220.101.5 - - [20/May/2026:16:27:27 +0000] "GET /api/v1/user/6631 HTTP/1.1" 403 3150 "-" "Mozilla/5.0 (Windows NT 10.0; Win64; x64) AppleWebKit/537.36 (KHTML, like Gecko) Chrome/91.0.4472.124 Safari/537.36"
10.0.0.5 - - [20/May/2026:16:28:27 +0000] "GET / HTTP/1.1" 200 916 "-" "Mozilla/5.0 (iPhone; CPU iPhone OS 16_5 like Mac OS X) AppleWebKit/605.1.15 (KHTML, like Gecko) Version/16.5 Mobile/15E148 Safari/604.1"
8.8.8.8 - - [20/May/2026:16:29:27 +0000] "GET /blog HTTP/1.1" 200 484 "-" "Mozilla/5.0 (X11; Linux x86_64) AppleWebKit/537.36 (KHTML, like Gecko) Firefox/113.0"
192.168.1.15 - - [20/May/2026:16:29:27 +0000] "GET /index.html HTTP/1.1" 200 2944 "-" "Mozilla/5.0 (iPhone; CPU iPhone OS 16_5 like Mac OS X) AppleWebKit/605.1.15 (KHTML, like Gecko) Version/16.5 Mobile/15E148 Safari/604.1"
45.33.22.11 - - [20/May/2026:16:29:27 +0000] "GET /phpmyadmin HTTP/1.1" 404 3699 "-" "gobuster/3.1.0"
10.0.0.5 - - [20/May/2026:16:30:27 +0000] "GET / HTTP/1.1" 200 2814 "-" "Mozilla/5.0 (X11; Linux x86_64) AppleWebKit/537.36 (KHTML, like Gecko) Firefox/113.0"
1.1.1.1 - - [20/May/2026:16:30:27 +0000] "GET /index.html HTTP/1.1" 200 4941 "-" "Mozilla/5.0 (Macintosh; Intel Mac OS X 10_15_7) AppleWebKit/537.36 (KHTML, like Gecko) Version/16.5 Safari/537.36"
1.1.1.1 - - [20/May/2026:16:30:27 +0000] "GET / HTTP/1.1" 200 2677 "-" "Mozilla/5.0 (Macintosh; Intel Mac OS X 10_15_7) AppleWebKit/537.36 (KHTML, like Gecko) Version/16.5 Safari/537.36"
1.1.1.1 - - [20/May/2026:16:30:27 +0000] "GET /blog HTTP/1.1" 200 4149 "-" "Mozilla/5.0 (Windows NT 10.0; Win64; x64) AppleWebKit/537.36 (KHTML, like Gecko) Chrome/114.0.0.0 Safari/537.36"
1.1.1.1 - - [20/May/2026:16:30:27 +0000] "GET /contact HTTP/1.1" 200 4034 "-" "Mozilla/5.0 (Macintosh; Intel Mac OS X 10_15_7) AppleWebKit/537.36 (KHTML, like Gecko) Version/16.5 Safari/537.36"
192.168.1.15 - - [20/May/2026:16:31:27 +0000] "GET / HTTP/1.1" 200 1776 "-" "Mozilla/5.0 (Macintosh; Intel Mac OS X 10_15_7) AppleWebKit/537.36 (KHTML, like Gecko) Version/16.5 Safari/537.36"
192.168.1.15 - - [20/May/2026:16:31:27 +0000] "GET /assets/css/style.css HTTP/1.1" 200 1406 "-" "Mozilla/5.0 (Windows NT 10.0; Win64; x64) AppleWebKit/537.36 (KHTML, like Gecko) Chrome/114.0.0.0 Safari/537.36"
192.168.1.10 - - [20/May/2026:16:32:27 +0000] "GET /assets/js/main.js HTTP/1.1" 200 1045 "-" "Mozilla/5.0 (Windows NT 10.0; Win64; x64) AppleWebKit/537.36 (KHTML, like Gecko) Chrome/114.0.0.0 Safari/537.36"
1.1.1.1 - - [20/May/2026:16:33:27 +0000] "GET /images/logo.png HTTP/1.1" 200 2652 "-" "Mozilla/5.0 (X11; Linux x86_64) AppleWebKit/537.36 (KHTML, like Gecko) Firefox/113.0"
1.1.1.1 - - [20/May/2026:16:33:27 +0000] "GET /contact HTTP/1.1" 200 4234 "-" "Mozilla/5.0 (X11; Linux x86_64) AppleWebKit/537.36 (KHTML, like Gecko) Firefox/113.0"
172.16.0.20 - - [20/May/2026:16:33:27 +0000] "GET /about HTTP/1.1" 200 1114 "-" "Mozilla/5.0 (X11; Linux x86_64) AppleWebKit/537.36 (KHTML, like Gecko) Firefox/113.0"
185.220.101.5 - - [20/May/2026:16:33:27 +0000] "GET /api/v1/user/5818 HTTP/1.1" 403 1563 "-" "Mozilla/5.0 (Windows NT 10.0; Win64; x64) AppleWebKit/537.36 (KHTML, like Gecko) Chrome/91.0.4472.124 Safari/537.36"
192.168.1.10 - - [20/May/2026:16:34:27 +0000] "GET /about HTTP/1.1" 200 2199 "-" "Mozilla/5.0 (X11; Linux x86_64) AppleWebKit/537.36 (KHTML, like Gecko) Firefox/113.0"
1.1.1.1 - - [20/May/2026:16:34:27 +0000] "GET /services HTTP/1.1" 200 4983 "-" "Mozilla/5.0 (Macintosh; Intel Mac OS X 10_15_7) AppleWebKit/537.36 (KHTML, like Gecko) Version/16.5 Safari/537.36"
172.16.0.20 - - [20/May/2026:16:34:27 +0000] "GET / HTTP/1.1" 200 874 "-" "Mozilla/5.0 (Windows NT 10.0; Win64; x64) AppleWebKit/537.36 (KHTML, like Gecko) Chrome/114.0.0.0 Safari/537.36"
192.168.1.10 - - [20/May/2026:16:35:27 +0000] "GET /contact HTTP/1.1" 200 1850 "-" "Mozilla/5.0 (Macintosh; Intel Mac OS X 10_15_7) AppleWebKit/537.36 (KHTML, like Gecko) Version/16.5 Safari/537.36"
1.1.1.1 - - [20/May/2026:16:35:27 +0000] "GET /contact HTTP/1.1" 200 3313 "-" "Mozilla/5.0 (Windows NT 10.0; Win64; x64) AppleWebKit/537.36 (KHTML, like Gecko) Chrome/114.0.0.0 Safari/537.36"
192.168.1.15 - - [20/May/2026:16:35:27 +0000] "GET /assets/css/style.css HTTP/1.1" 200 3793 "-" "Mozilla/5.0 (X11; Linux x86_64) AppleWebKit/537.36 (KHTML, like Gecko) Firefox/113.0"
45.33.22.11 - - [20/May/2026:16:35:27 +0000] "GET /admin HTTP/1.1" 404 1589 "-" "gobuster/3.1.0"
8.8.8.8 - - [20/May/2026:16:36:27 +0000] "GET / HTTP/1.1" 200 2035 "-" "Mozilla/5.0 (Windows NT 10.0; Win64; x64) AppleWebKit/537.36 (KHTML, like Gecko) Chrome/114.0.0.0 Safari/537.36"
8.8.8.8 - - [20/May/2026:16:36:27 +0000] "GET /assets/css/style.css HTTP/1.1" 200 2332 "-" "Mozilla/5.0 (X11; Linux x86_64) AppleWebKit/537.36 (KHTML, like Gecko) Firefox/113.0"
172.16.0.20 - - [20/May/2026:16:37:27 +0000] "GET /products HTTP/1.1" 200 1221 "-" "Mozilla/5.0 (iPhone; CPU iPhone OS 16_5 like Mac OS X) AppleWebKit/605.1.15 (KHTML, like Gecko) Version/16.5 Mobile/15E148 Safari/604.1"
192.168.1.10 - - [20/May/2026:16:37:27 +0000] "GET /index.html HTTP/1.1" 200 2587 "-" "Mozilla/5.0 (Windows NT 10.0; Win64; x64) AppleWebKit/537.36 (KHTML, like Gecko) Chrome/114.0.0.0 Safari/537.36"
172.16.0.20 - - [20/May/2026:16:37:27 +0000] "GET /assets/css/style.css HTTP/1.1" 200 317 "-" "Mozilla/5.0 (X11; Linux x86_64) AppleWebKit/537.36 (KHTML, like Gecko) Firefox/113.0"
185.220.101.5 - - [20/May/2026:16:37:27 +0000] "GET /api/v1/user/3521 HTTP/1.1" 403 4131 "-" "Mozilla/5.0 (Windows NT 10.0; Win64; x64) AppleWebKit/537.36 (KHTML, like Gecko) Chrome/91.0.4472.124 Safari/537.36"
192.168.1.15 - - [20/May/2026:16:38:27 +0000] "GET /contact HTTP/1.1" 200 1510 "-" "Mozilla/5.0 (X11; Linux x86_64) AppleWebKit/537.36 (KHTML, like Gecko) Firefox/113.0"
1.1.1.1 - - [20/May/2026:16:39:27 +0000] "GET /assets/js/main.js HTTP/1.1" 200 452 "-" "Mozilla/5.0 (Windows NT 10.0; Win64; x64) AppleWebKit/537.36 (KHTML, like Gecko) Chrome/114.0.0.0 Safari/537.36"
192.168.1.10 - - [20/May/2026:16:39:27 +0000] "GET /images/logo.png HTTP/1.1" 200 2039 "-" "Mozilla/5.0 (Windows NT 10.0; Win64; x64) AppleWebKit/537.36 (KHTML, like Gecko) Chrome/114.0.0.0 Safari/537.36"
192.168.1.10 - - [20/May/2026:16:39:27 +0000] "GET /blog HTTP/1.1" 200 3255 "-" "Mozilla/5.0 (X11; Linux x86_64) AppleWebKit/537.36 (KHTML, like Gecko) Firefox/113.0"
192.168.1.15 - - [20/May/2026:16:40:27 +0000] "GET / HTTP/1.1" 200 2953 "-" "Mozilla/5.0 (Macintosh; Intel Mac OS X 10_15_7) AppleWebKit/537.36 (KHTML, like Gecko) Version/16.5 Safari/537.36"
192.168.1.10 - - [20/May/2026:16:40:27 +0000] "GET /index.html HTTP/1.1" 200 3747 "-" "Mozilla/5.0 (iPhone; CPU iPhone OS 16_5 like Mac OS X) AppleWebKit/605.1.15 (KHTML, like Gecko) Version/16.5 Mobile/15E148 Safari/604.1"
192.168.1.10 - - [20/May/2026:16:40:27 +0000] "GET /assets/css/style.css HTTP/1.1" 200 4535 "-" "Mozilla/5.0 (X11; Linux x86_64) AppleWebKit/537.36 (KHTML, like Gecko) Firefox/113.0"
185.220.101.5 - - [20/May/2026:16:40:27 +0000] "GET /api/v1/user/9334 HTTP/1.1" 403 3214 "-" "Mozilla/5.0 (Windows NT 10.0; Win64; x64) AppleWebKit/537.36 (KHTML, like Gecko) Chrome/91.0.4472.124 Safari/537.36"
8.8.8.8 - - [20/May/2026:16:41:27 +0000] "GET /assets/css/style.css HTTP/1.1" 200 2258 "-" "Mozilla/5.0 (Macintosh; Intel Mac OS X 10_15_7) AppleWebKit/537.36 (KHTML, like Gecko) Version/16.5 Safari/537.36"
172.16.0.20 - - [20/May/2026:16:41:27 +0000] "GET / HTTP/1.1" 200 3886 "-" "Mozilla/5.0 (Windows NT 10.0; Win64; x64) AppleWebKit/537.36 (KHTML, like Gecko) Chrome/114.0.0.0 Safari/537.36"
10.0.0.5 - - [20/May/2026:16:42:27 +0000] "GET /products HTTP/1.1" 200 1801 "-" "Mozilla/5.0 (Windows NT 10.0; Win64; x64) AppleWebKit/537.36 (KHTML, like Gecko) Chrome/114.0.0.0 Safari/537.36"
192.168.1.15 - - [20/May/2026:16:42:27 +0000] "GET /products HTTP/1.1" 200 2825 "-" "Mozilla/5.0 (iPhone; CPU iPhone OS 16_5 like Mac OS X) AppleWebKit/605.1.15 (KHTML, like Gecko) Version/16.5 Mobile/15E148 Safari/604.1"
1.1.1.1 - - [20/May/2026:16:42:27 +0000] "GET /assets/css/style.css HTTP/1.1" 200 4764 "-" "Mozilla/5.0 (X11; Linux x86_64) AppleWebKit/537.36 (KHTML, like Gecko) Firefox/113.0"
8.8.8.8 - - [20/May/2026:16:42:27 +0000] "GET /blog HTTP/1.1" 200 335 "-" "Mozilla/5.0 (Macintosh; Intel Mac OS X 10_15_7) AppleWebKit/537.36 (KHTML, like Gecko) Version/16.5 Safari/537.36"
192.168.1.15 - - [20/May/2026:16:43:27 +0000] "GET /assets/css/style.css HTTP/1.1" 200 789 "-" "Mozilla/5.0 (iPhone; CPU iPhone OS 16_5 like Mac OS X) AppleWebKit/605.1.15 (KHTML, like Gecko) Version/16.5 Mobile/15E148 Safari/604.1"
45.33.22.11 - - [20/May/2026:16:43:27 +0000] "GET /.env HTTP/1.1" 404 4141 "-" "gobuster/3.1.0"
192.168.1.10 - - [20/May/2026:16:44:27 +0000] "GET /assets/js/main.js HTTP/1.1" 200 4010 "-" "Mozilla/5.0 (Windows NT 10.0; Win64; x64) AppleWebKit/537.36 (KHTML, like Gecko) Chrome/114.0.0.0 Safari/537.36"
8.8.8.8 - - [20/May/2026:16:44:27 +0000] "GET /assets/js/main.js HTTP/1.1" 200 4446 "-" "Mozilla/5.0 (Windows NT 10.0; Win64; x64) AppleWebKit/537.36 (KHTML, like Gecko) Chrome/114.0.0.0 Safari/537.36"
45.33.22.11 - - [20/May/2026:16:44:27 +0000] "GET /.git HTTP/1.1" 404 1205 "-" "gobuster/3.1.0"
192.168.1.15 - - [20/May/2026:16:45:27 +0000] "GET /services HTTP/1.1" 200 2784 "-" "Mozilla/5.0 (Macintosh; Intel Mac OS X 10_15_7) AppleWebKit/537.36 (KHTML, like Gecko) Version/16.5 Safari/537.36"
192.168.1.15 - - [20/May/2026:16:45:27 +0000] "GET /about HTTP/1.1" 200 2330 "-" "Mozilla/5.0 (Macintosh; Intel Mac OS X 10_15_7) AppleWebKit/537.36 (KHTML, like Gecko) Version/16.5 Safari/537.36"
172.16.0.20 - - [20/May/2026:16:45:27 +0000] "GET /services HTTP/1.1" 200 2638 "-" "Mozilla/5.0 (X11; Linux x86_64) AppleWebKit/537.36 (KHTML, like Gecko) Firefox/113.0"
192.168.1.15 - - [20/May/2026:16:47:27 +0000] "GET /services HTTP/1.1" 200 3543 "-" "Mozilla/5.0 (iPhone; CPU iPhone OS 16_5 like Mac OS X) AppleWebKit/605.1.15 (KHTML, like Gecko) Version/16.5 Mobile/15E148 Safari/604.1"
192.168.1.10 - - [20/May/2026:16:47:27 +0000] "GET / HTTP/1.1" 200 375 "-" "Mozilla/5.0 (Macintosh; Intel Mac OS X 10_15_7) AppleWebKit/537.36 (KHTML, like Gecko) Version/16.5 Safari/537.36"
192.168.1.15 - - [20/May/2026:16:48:27 +0000] "GET /index.html HTTP/1.1" 200 4901 "-" "Mozilla/5.0 (iPhone; CPU iPhone OS 16_5 like Mac OS X) AppleWebKit/605.1.15 (KHTML, like Gecko) Version/16.5 Mobile/15E148 Safari/604.1"
10.0.0.5 - - [20/May/2026:16:48:27 +0000] "GET /blog HTTP/1.1" 200 2899 "-" "Mozilla/5.0 (iPhone; CPU iPhone OS 16_5 like Mac OS X) AppleWebKit/605.1.15 (KHTML, like Gecko) Version/16.5 Mobile/15E148 Safari/604.1"
172.16.0.20 - - [20/May/2026:16:48:27 +0000] "GET / HTTP/1.1" 200 3159 "-" "Mozilla/5.0 (X11; Linux x86_64) AppleWebKit/537.36 (KHTML, like Gecko) Firefox/113.0"
91.214.124.55 - - [20/May/2026:16:48:27 +0000] "GET /cgi-bin/php.fcgi?%2d%64+%61%6c%6c%6f%77%5f%75%72%6c%5f%69%6e%63%6c%75%64%65%3d%6f%6e HTTP/1.1" 200 1486 "-" "Mozilla/5.0 (compatible; MSIE 9.0; Windows NT 6.1; Trident/5.0)"
1.1.1.1 - - [20/May/2026:16:49:27 +0000] "GET /index.html HTTP/1.1" 200 1668 "-" "Mozilla/5.0 (Windows NT 10.0; Win64; x64) AppleWebKit/537.36 (KHTML, like Gecko) Chrome/114.0.0.0 Safari/537.36"
8.8.8.8 - - [20/May/2026:16:49:27 +0000] "GET /index.html HTTP/1.1" 200 655 "-" "Mozilla/5.0 (Windows NT 10.0; Win64; x64) AppleWebKit/537.36 (KHTML, like Gecko) Chrome/114.0.0.0 Safari/537.36"
192.168.1.10 - - [20/May/2026:16:49:27 +0000] "GET /products HTTP/1.1" 200 4625 "-" "Mozilla/5.0 (Windows NT 10.0; Win64; x64) AppleWebKit/537.36 (KHTML, like Gecko) Chrome/114.0.0.0 Safari/537.36"
192.168.1.15 - - [20/May/2026:16:49:27 +0000] "GET /contact HTTP/1.1" 200 4033 "-" "Mozilla/5.0 (X11; Linux x86_64) AppleWebKit/537.36 (KHTML, like Gecko) Firefox/113.0"
10.0.0.5 - - [20/May/2026:16:50:27 +0000] "GET /about HTTP/1.1" 200 4716 "-" "Mozilla/5.0 (Macintosh; Intel Mac OS X 10_15_7) AppleWebKit/537.36 (KHTML, like Gecko) Version/16.5 Safari/537.36"
192.168.1.15 - - [20/May/2026:16:50:27 +0000] "GET /about HTTP/1.1" 200 1930 "-" "Mozilla/5.0 (Macintosh; Intel Mac OS X 10_15_7) AppleWebKit/537.36 (KHTML, like Gecko) Version/16.5 Safari/537.36"
192.168.1.10 - - [20/May/2026:16:50:27 +0000] "GET /assets/js/main.js HTTP/1.1" 200 3261 "-" "Mozilla/5.0 (Macintosh; Intel Mac OS X 10_15_7) AppleWebKit/537.36 (KHTML, like Gecko) Version/16.5 Safari/537.36"
192.168.1.10 - - [20/May/2026:16:51:27 +0000] "GET /contact HTTP/1.1" 200 1439 "-" "Mozilla/5.0 (Macintosh; Intel Mac OS X 10_15_7) AppleWebKit/537.36 (KHTML, like Gecko) Version/16.5 Safari/537.36"
45.33.22.11 - - [20/May/2026:16:51:27 +0000] "GET /wp-admin HTTP/1.1" 404 3400 "-" "gobuster/3.1.0"
192.168.1.15 - - [20/May/2026:16:52:27 +0000] "GET /services HTTP/1.1" 200 967 "-" "Mozilla/5.0 (iPhone; CPU iPhone OS 16_5 like Mac OS X) AppleWebKit/605.1.15 (KHTML, like Gecko) Version/16.5 Mobile/15E148 Safari/604.1"
172.16.0.20 - - [20/May/2026:16:53:27 +0000] "GET /about HTTP/1.1" 200 1146 "-" "Mozilla/5.0 (Macintosh; Intel Mac OS X 10_15_7) AppleWebKit/537.36 (KHTML, like Gecko) Version/16.5 Safari/537.36"
10.0.0.5 - - [20/May/2026:16:53:27 +0000] "GET /images/logo.png HTTP/1.1" 200 4383 "-" "Mozilla/5.0 (Macintosh; Intel Mac OS X 10_15_7) AppleWebKit/537.36 (KHTML, like Gecko) Version/16.5 Safari/537.36"
185.220.101.5 - - [20/May/2026:16:53:27 +0000] "GET /api/v1/user/4731 HTTP/1.1" 403 3860 "-" "Mozilla/5.0 (Windows NT 10.0; Win64; x64) AppleWebKit/537.36 (KHTML, like Gecko) Chrome/91.0.4472.124 Safari/537.36"
91.214.124.55 - - [20/May/2026:16:53:27 +0000] "GET /?q=UNION SELECT NULL,NULL,NULL-- HTTP/1.1" 200 1991 "-" "Mozilla/5.0 (compatible; MSIE 9.0; Windows NT 6.1; Trident/5.0)"
1.1.1.1 - - [20/May/2026:16:54:27 +0000] "GET /products HTTP/1.1" 200 3760 "-" "Mozilla/5.0 (iPhone; CPU iPhone OS 16_5 like Mac OS X) AppleWebKit/605.1.15 (KHTML, like Gecko) Version/16.5 Mobile/15E148 Safari/604.1"
91.214.124.55 - - [20/May/2026:16:54:27 +0000] "GET /cgi-bin/php.fcgi?%2d%64+%61%6c%6c%6f%77%5f%75%72%6c%5f%69%6e%63%6c%75%64%65%3d%6f%6e HTTP/1.1" 200 4737 "-" "Mozilla/5.0 (compatible; MSIE 9.0; Windows NT 6.1; Trident/5.0)"
172.16.0.20 - - [20/May/2026:16:56:27 +0000] "GET /blog HTTP/1.1" 200 821 "-" "Mozilla/5.0 (X11; Linux x86_64) AppleWebKit/537.36 (KHTML, like Gecko) Firefox/113.0"
192.168.1.10 - - [20/May/2026:16:56:27 +0000] "GET /services HTTP/1.1" 200 2458 "-" "Mozilla/5.0 (Macintosh; Intel Mac OS X 10_15_7) AppleWebKit/537.36 (KHTML, like Gecko) Version/16.5 Safari/537.36"
192.168.1.10 - - [20/May/2026:16:56:27 +0000] "GET /assets/css/style.css HTTP/1.1" 200 1159 "-" "Mozilla/5.0 (Macintosh; Intel Mac OS X 10_15_7) AppleWebKit/537.36 (KHTML, like Gecko) Version/16.5 Safari/537.36"
185.220.101.5 - - [20/May/2026:16:56:27 +0000] "GET /api/v1/user/8412 HTTP/1.1" 403 3258 "-" "Mozilla/5.0 (Windows NT 10.0; Win64; x64) AppleWebKit/537.36 (KHTML, like Gecko) Chrome/91.0.4472.124 Safari/537.36"
1.1.1.1 - - [20/May/2026:16:57:27 +0000] "GET /index.html HTTP/1.1" 200 2089 "-" "Mozilla/5.0 (Windows NT 10.0; Win64; x64) AppleWebKit/537.36 (KHTML, like Gecko) Chrome/114.0.0.0 Safari/537.36"
10.0.0.5 - - [20/May/2026:16:57:27 +0000] "GET /products HTTP/1.1" 200 3921 "-" "Mozilla/5.0 (Windows NT 10.0; Win64; x64) AppleWebKit/537.36 (KHTML, like Gecko) Chrome/114.0.0.0 Safari/537.36"
10.0.0.5 - - [20/May/2026:16:58:27 +0000] "GET / HTTP/1.1" 200 1512 "-" "Mozilla/5.0 (Windows NT 10.0; Win64; x64) AppleWebKit/537.36 (KHTML, like Gecko) Chrome/114.0.0.0 Safari/537.36"
1.1.1.1 - - [20/May/2026:16:59:27 +0000] "GET /blog HTTP/1.1" 200 2901 "-" "Mozilla/5.0 (iPhone; CPU iPhone OS 16_5 like Mac OS X) AppleWebKit/605.1.15 (KHTML, like Gecko) Version/16.5 Mobile/15E148 Safari/604.1"
192.168.1.15 - - [20/May/2026:16:59:27 +0000] "GET /about HTTP/1.1" 200 617 "-" "Mozilla/5.0 (Macintosh; Intel Mac OS X 10_15_7) AppleWebKit/537.36 (KHTML, like Gecko) Version/16.5 Safari/537.36"
10.0.0.5 - - [20/May/2026:17:00:27 +0000] "GET /index.html HTTP/1.1" 200 3464 "-" "Mozilla/5.0 (Macintosh; Intel Mac OS X 10_15_7) AppleWebKit/537.36 (KHTML, like Gecko) Version/16.5 Safari/537.36"
8.8.8.8 - - [20/May/2026:17:00:27 +0000] "GET / HTTP/1.1" 200 2751 "-" "Mozilla/5.0 (iPhone; CPU iPhone OS 16_5 like Mac OS X) AppleWebKit/605.1.15 (KHTML, like Gecko) Version/16.5 Mobile/15E148 Safari/604.1"
10.0.0.5 - - [20/May/2026:17:00:27 +0000] "GET /contact HTTP/1.1" 200 2089 "-" "Mozilla/5.0 (Macintosh; Intel Mac OS X 10_15_7) AppleWebKit/537.36 (KHTML, like Gecko) Version/16.5 Safari/537.36"
185.220.101.5 - - [20/May/2026:17:00:27 +0000] "GET /api/v1/user/1091 HTTP/1.1" 403 1494 "-" "Mozilla/5.0 (Windows NT 10.0; Win64; x64) AppleWebKit/537.36 (KHTML, like Gecko) Chrome/91.0.4472.124 Safari/537.36"
91.214.124.55 - - [20/May/2026:17:00:27 +0000] "GET /cgi-bin/php.fcgi?%2d%64+%61%6c%6c%6f%77%5f%75%72%6c%5f%69%6e%63%6c%75%64%65%3d%6f%6e HTTP/1.1" 200 4563 "-" "Mozilla/5.0 (compatible; MSIE 9.0; Windows NT 6.1; Trident/5.0)"
192.168.1.10 - - [20/May/2026:17:01:27 +0000] "GET / HTTP/1.1" 200 3373 "-" "Mozilla/5.0 (iPhone; CPU iPhone OS 16_5 like Mac OS X) AppleWebKit/605.1.15 (KHTML, like Gecko) Version/16.5 Mobile/15E148 Safari/604.1"
192.168.1.10 - - [20/May/2026:17:02:27 +0000] "GET /about HTTP/1.1" 200 2043 "-" "Mozilla/5.0 (iPhone; CPU iPhone OS 16_5 like Mac OS X) AppleWebKit/605.1.15 (KHTML, like Gecko) Version/16.5 Mobile/15E148 Safari/604.1"
192.168.1.10 - - [20/May/2026:17:02:27 +0000] "GET /contact HTTP/1.1" 200 1806 "-" "Mozilla/5.0 (X11; Linux x86_64) AppleWebKit/537.36 (KHTML, like Gecko) Firefox/113.0"
45.33.22.11 - - [20/May/2026:17:02:27 +0000] "GET /.git HTTP/1.1" 404 2964 "-" "gobuster/3.1.0"
192.168.1.15 - - [20/May/2026:17:03:27 +0000] "GET /blog HTTP/1.1" 200 790 "-" "Mozilla/5.0 (iPhone; CPU iPhone OS 16_5 like Mac OS X) AppleWebKit/605.1.15 (KHTML, like Gecko) Version/16.5 Mobile/15E148 Safari/604.1"
185.220.101.5 - - [20/May/2026:17:03:27 +0000] "GET /api/v1/user/5332 HTTP/1.1" 403 1814 "-" "Mozilla/5.0 (Windows NT 10.0; Win64; x64) AppleWebKit/537.36 (KHTML, like Gecko) Chrome/91.0.4472.124 Safari/537.36"
1.1.1.1 - - [20/May/2026:17:04:27 +0000] "GET /images/logo.png HTTP/1.1" 200 4134 "-" "Mozilla/5.0 (iPhone; CPU iPhone OS 16_5 like Mac OS X) AppleWebKit/605.1.15 (KHTML, like Gecko) Version/16.5 Mobile/15E148 Safari/604.1"
172.16.0.20 - - [20/May/2026:17:04:27 +0000] "GET /products HTTP/1.1" 200 1888 "-" "Mozilla/5.0 (X11; Linux x86_64) AppleWebKit/537.36 (KHTML, like Gecko) Firefox/113.0"
10.0.0.5 - - [20/May/2026:17:04:27 +0000] "GET /products HTTP/1.1" 200 391 "-" "Mozilla/5.0 (Macintosh; Intel Mac OS X 10_15_7) AppleWebKit/537.36 (KHTML, like Gecko) Version/16.5 Safari/537.36"
172.16.0.20 - - [20/May/2026:17:04:27 +0000] "GET /assets/css/style.css HTTP/1.1" 200 2686 "-" "Mozilla/5.0 (Windows NT 10.0; Win64; x64) AppleWebKit/537.36 (KHTML, like Gecko) Chrome/114.0.0.0 Safari/537.36"
192.168.1.15 - - [20/May/2026:17:04:27 +0000] "GET /services HTTP/1.1" 200 4481 "-" "Mozilla/5.0 (Macintosh; Intel Mac OS X 10_15_7) AppleWebKit/537.36 (KHTML, like Gecko) Version/16.5 Safari/537.36"
192.168.1.10 - - [20/May/2026:17:05:27 +0000] "GET /about HTTP/1.1" 200 4774 "-" "Mozilla/5.0 (Macintosh; Intel Mac OS X 10_15_7) AppleWebKit/537.36 (KHTML, like Gecko) Version/16.5 Safari/537.36"
192.168.1.10 - - [20/May/2026:17:05:27 +0000] "GET /blog HTTP/1.1" 200 742 "-" "Mozilla/5.0 (iPhone; CPU iPhone OS 16_5 like Mac OS X) AppleWebKit/605.1.15 (KHTML, like Gecko) Version/16.5 Mobile/15E148 Safari/604.1"
192.168.1.10 - - [20/May/2026:17:07:27 +0000] "GET /images/logo.png HTTP/1.1" 200 1319 "-" "Mozilla/5.0 (Macintosh; Intel Mac OS X 10_15_7) AppleWebKit/537.36 (KHTML, like Gecko) Version/16.5 Safari/537.36"
192.168.1.10 - - [20/May/2026:17:08:27 +0000] "GET /about HTTP/1.1" 200 4966 "-" "Mozilla/5.0 (Macintosh; Intel Mac OS X 10_15_7) AppleWebKit/537.36 (KHTML, like Gecko) Version/16.5 Safari/537.36"
192.168.1.10 - - [20/May/2026:17:09:27 +0000] "GET /index.html HTTP/1.1" 200 587 "-" "Mozilla/5.0 (iPhone; CPU iPhone OS 16_5 like Mac OS X) AppleWebKit/605.1.15 (KHTML, like Gecko) Version/16.5 Mobile/15E148 Safari/604.1"
192.168.1.10 - - [20/May/2026:17:09:27 +0000] "GET /blog HTTP/1.1" 200 279 "-" "Mozilla/5.0 (Windows NT 10.0; Win64; x64) AppleWebKit/537.36 (KHTML, like Gecko) Chrome/114.0.0.0 Safari/537.36"
10.0.0.5 - - [20/May/2026:17:09:27 +0000] "GET /assets/js/main.js HTTP/1.1" 200 926 "-" "Mozilla/5.0 (Macintosh; Intel Mac OS X 10_15_7) AppleWebKit/537.36 (KHTML, like Gecko) Version/16.5 Safari/537.36"
172.16.0.20 - - [20/May/2026:17:09:27 +0000] "GET /products HTTP/1.1" 200 801 "-" "Mozilla/5.0 (Macintosh; Intel Mac OS X 10_15_7) AppleWebKit/537.36 (KHTML, like Gecko) Version/16.5 Safari/537.36"
45.33.22.11 - - [20/May/2026:17:09:27 +0000] "GET /wp-admin HTTP/1.1" 404 1948 "-" "gobuster/3.1.0"
185.220.101.5 - - [20/May/2026:17:09:27 +0000] "GET /api/v1/user/2997 HTTP/1.1" 403 2768 "-" "Mozilla/5.0 (Windows NT 10.0; Win64; x64) AppleWebKit/537.36 (KHTML, like Gecko) Chrome/91.0.4472.124 Safari/537.36"
172.16.0.20 - - [20/May/2026:17:10:27 +0000] "GET /assets/css/style.css HTTP/1.1" 200 3511 "-" "Mozilla/5.0 (Macintosh; Intel Mac OS X 10_15_7) AppleWebKit/537.36 (KHTML, like Gecko) Version/16.5 Safari/537.36"
192.168.1.15 - - [20/May/2026:17:10:27 +0000] "GET /index.html HTTP/1.1" 200 790 "-" "Mozilla/5.0 (X11; Linux x86_64) AppleWebKit/537.36 (KHTML, like Gecko) Firefox/113.0"
172.16.0.20 - - [20/May/2026:17:10:27 +0000] "GET /index.html HTTP/1.1" 200 467 "-" "Mozilla/5.0 (X11; Linux x86_64) AppleWebKit/537.36 (KHTML, like Gecko) Firefox/113.0"
45.33.22.11 - - [20/May/2026:17:10:27 +0000] "GET /backup HTTP/1.1" 404 4365 "-" "gobuster/3.1.0"
185.220.101.5 - - [20/May/2026:17:10:27 +0000] "GET /api/v1/user/2977 HTTP/1.1" 403 2784 "-" "Mozilla/5.0 (Windows NT 10.0; Win64; x64) AppleWebKit/537.36 (KHTML, like Gecko) Chrome/91.0.4472.124 Safari/537.36"
91.214.124.55 - - [20/May/2026:17:10:27 +0000] "GET /etc/passwd HTTP/1.1" 400 797 "-" "Mozilla/5.0 (compatible; MSIE 9.0; Windows NT 6.1; Trident/5.0)"
8.8.8.8 - - [20/May/2026:17:13:27 +0000] "GET /assets/css/style.css HTTP/1.1" 200 449 "-" "Mozilla/5.0 (Windows NT 10.0; Win64; x64) AppleWebKit/537.36 (KHTML, like Gecko) Chrome/114.0.0.0 Safari/537.36"
192.168.1.15 - - [20/May/2026:17:13:27 +0000] "GET /index.html HTTP/1.1" 200 3330 "-" "Mozilla/5.0 (X11; Linux x86_64) AppleWebKit/537.36 (KHTML, like Gecko) Firefox/113.0"
45.33.22.11 - - [20/May/2026:17:13:27 +0000] "GET /wp-admin HTTP/1.1" 404 3931 "-" "gobuster/3.1.0"
45.33.22.11 - - [20/May/2026:17:13:27 +0000] "GET /.git HTTP/1.1" 404 1980 "-" "gobuster/3.1.0"
192.168.1.15 - - [20/May/2026:17:14:27 +0000] "GET /index.html HTTP/1.1" 200 2746 "-" "Mozilla/5.0 (X11; Linux x86_64) AppleWebKit/537.36 (KHTML, like Gecko) Firefox/113.0"
192.168.1.15 - - [20/May/2026:17:14:27 +0000] "GET /products HTTP/1.1" 200 4901 "-" "Mozilla/5.0 (Macintosh; Intel Mac OS X 10_15_7) AppleWebKit/537.36 (KHTML, like Gecko) Version/16.5 Safari/537.36"
172.16.0.20 - - [20/May/2026:17:14:27 +0000] "GET /assets/js/main.js HTTP/1.1" 200 225 "-" "Mozilla/5.0 (Macintosh; Intel Mac OS X 10_15_7) AppleWebKit/537.36 (KHTML, like Gecko) Version/16.5 Safari/537.36"
8.8.8.8 - - [20/May/2026:17:15:27 +0000] "GET / HTTP/1.1" 200 1025 "-" "Mozilla/5.0 (X11; Linux x86_64) AppleWebKit/537.36 (KHTML, like Gecko) Firefox/113.0"
192.168.1.15 - - [20/May/2026:17:16:27 +0000] "GET /blog HTTP/1.1" 200 2676 "-" "Mozilla/5.0 (X11; Linux x86_64) AppleWebKit/537.36 (KHTML, like Gecko) Firefox/113.0"
1.1.1.1 - - [20/May/2026:17:16:27 +0000] "GET /about HTTP/1.1" 200 3362 "-" "Mozilla/5.0 (X11; Linux x86_64) AppleWebKit/537.36 (KHTML, like Gecko) Firefox/113.0"
172.16.0.20 - - [20/May/2026:17:16:27 +0000] "GET /index.html HTTP/1.1" 200 1591 "-" "Mozilla/5.0 (iPhone; CPU iPhone OS 16_5 like Mac OS X) AppleWebKit/605.1.15 (KHTML, like Gecko) Version/16.5 Mobile/15E148 Safari/604.1"
45.33.22.11 - - [20/May/2026:17:16:27 +0000] "GET /.env HTTP/1.1" 404 964 "-" "gobuster/3.1.0"
185.220.101.5 - - [20/May/2026:17:16:27 +0000] "GET /api/v1/user/8751 HTTP/1.1" 403 4344 "-" "Mozilla/5.0 (Windows NT 10.0; Win64; x64) AppleWebKit/537.36 (KHTML, like Gecko) Chrome/91.0.4472.124 Safari/537.36"
172.16.0.20 - - [20/May/2026:17:18:27 +0000] "GET /index.html HTTP/1.1" 200 4419 "-" "Mozilla/5.0 (Macintosh; Intel Mac OS X 10_15_7) AppleWebKit/537.36 (KHTML, like Gecko) Version/16.5 Safari/537.36"
8.8.8.8 - - [20/May/2026:17:18:27 +0000] "GET /services HTTP/1.1" 200 4732 "-" "Mozilla/5.0 (X11; Linux x86_64) AppleWebKit/537.36 (KHTML, like Gecko) Firefox/113.0"
45.33.22.11 - - [20/May/2026:17:18:27 +0000] "GET /.git HTTP/1.1" 404 2198 "-" "gobuster/3.1.0"
192.168.1.15 - - [20/May/2026:17:19:27 +0000] "GET /about HTTP/1.1" 200 4716 "-" "Mozilla/5.0 (X11; Linux x86_64) AppleWebKit/537.36 (KHTML, like Gecko) Firefox/113.0"
1.1.1.1 - - [20/May/2026:17:19:27 +0000] "GET /about HTTP/1.1" 200 4608 "-" "Mozilla/5.0 (X11; Linux x86_64) AppleWebKit/537.36 (KHTML, like Gecko) Firefox/113.0"
1.1.1.1 - - [20/May/2026:17:19:27 +0000] "GET /about HTTP/1.1" 200 3211 "-" "Mozilla/5.0 (Windows NT 10.0; Win64; x64) AppleWebKit/537.36 (KHTML, like Gecko) Chrome/114.0.0.0 Safari/537.36"
1.1.1.1 - - [20/May/2026:17:20:27 +0000] "GET /blog HTTP/1.1" 200 1770 "-" "Mozilla/5.0 (iPhone; CPU iPhone OS 16_5 like Mac OS X) AppleWebKit/605.1.15 (KHTML, like Gecko) Version/16.5 Mobile/15E148 Safari/604.1"
192.168.1.15 - - [20/May/2026:17:20:27 +0000] "GET /blog HTTP/1.1" 200 4597 "-" "Mozilla/5.0 (X11; Linux x86_64) AppleWebKit/537.36 (KHTML, like Gecko) Firefox/113.0"
10.0.0.5 - - [20/May/2026:17:20:27 +0000] "GET /services HTTP/1.1" 200 4107 "-" "Mozilla/5.0 (Windows NT 10.0; Win64; x64) AppleWebKit/537.36 (KHTML, like Gecko) Chrome/114.0.0.0 Safari/537.36"
91.214.124.55 - - [20/May/2026:17:20:27 +0000] "GET /etc/passwd HTTP/1.1" 400 1602 "-" "Mozilla/5.0 (compatible; MSIE 9.0; Windows NT 6.1; Trident/5.0)"
192.168.1.10 - - [20/May/2026:17:21:27 +0000] "GET /services HTTP/1.1" 200 4674 "-" "Mozilla/5.0 (X11; Linux x86_64) AppleWebKit/537.36 (KHTML, like Gecko) Firefox/113.0"
8.8.8.8 - - [20/May/2026:17:22:27 +0000] "GET /images/logo.png HTTP/1.1" 200 3015 "-" "Mozilla/5.0 (X11; Linux x86_64) AppleWebKit/537.36 (KHTML, like Gecko) Firefox/113.0"
8.8.8.8 - - [20/May/2026:17:22:27 +0000] "GET /services HTTP/1.1" 200 4997 "-" "Mozilla/5.0 (X11; Linux x86_64) AppleWebKit/537.36 (KHTML, like Gecko) Firefox/113.0"
10.0.0.5 - - [20/May/2026:17:23:27 +0000] "GET /contact HTTP/1.1" 200 4117 "-" "Mozilla/5.0 (iPhone; CPU iPhone OS 16_5 like Mac OS X) AppleWebKit/605.1.15 (KHTML, like Gecko) Version/16.5 Mobile/15E148 Safari/604.1"
10.0.0.5 - - [20/May/2026:17:24:27 +0000] "GET / HTTP/1.1" 200 3834 "-" "Mozilla/5.0 (X11; Linux x86_64) AppleWebKit/537.36 (KHTML, like Gecko) Firefox/113.0"
8.8.8.8 - - [20/May/2026:17:24:27 +0000] "GET /products HTTP/1.1" 200 1786 "-" "Mozilla/5.0 (Windows NT 10.0; Win64; x64) AppleWebKit/537.36 (KHTML, like Gecko) Chrome/114.0.0.0 Safari/537.36"
1.1.1.1 - - [20/May/2026:17:24:27 +0000] "GET /services HTTP/1.1" 200 3232 "-" "Mozilla/5.0 (Windows NT 10.0; Win64; x64) AppleWebKit/537.36 (KHTML, like Gecko) Chrome/114.0.0.0 Safari/537.36"
172.16.0.20 - - [20/May/2026:17:24:27 +0000] "GET /products HTTP/1.1" 200 1543 "-" "Mozilla/5.0 (Macintosh; Intel Mac OS X 10_15_7) AppleWebKit/537.36 (KHTML, like Gecko) Version/16.5 Safari/537.36"
185.220.101.5 - - [20/May/2026:17:24:27 +0000] "GET /api/v1/user/2272 HTTP/1.1" 403 1704 "-" "Mozilla/5.0 (Windows NT 10.0; Win64; x64) AppleWebKit/537.36 (KHTML, like Gecko) Chrome/91.0.4472.124 Safari/537.36"
10.0.0.5 - - [20/May/2026:17:25:27 +0000] "GET /assets/css/style.css HTTP/1.1" 200 4955 "-" "Mozilla/5.0 (Windows NT 10.0; Win64; x64) AppleWebKit/537.36 (KHTML, like Gecko) Chrome/114.0.0.0 Safari/537.36"
8.8.8.8 - - [20/May/2026:17:25:27 +0000] "GET /products HTTP/1.1" 200 4169 "-" "Mozilla/5.0 (Windows NT 10.0; Win64; x64) AppleWebKit/537.36 (KHTML, like Gecko) Chrome/114.0.0.0 Safari/537.36"
1.1.1.1 - - [20/May/2026:17:25:27 +0000] "GET / HTTP/1.1" 200 4811 "-" "Mozilla/5.0 (iPhone; CPU iPhone OS 16_5 like Mac OS X) AppleWebKit/605.1.15 (KHTML, like Gecko) Version/16.5 Mobile/15E148 Safari/604.1"
10.0.0.5 - - [20/May/2026:17:25:27 +0000] "GET /assets/js/main.js HTTP/1.1" 200 2975 "-" "Mozilla/5.0 (X11; Linux x86_64) AppleWebKit/537.36 (KHTML, like Gecko) Firefox/113.0"
1.1.1.1 - - [20/May/2026:17:25:27 +0000] "GET /services HTTP/1.1" 200 2961 "-" "Mozilla/5.0 (X11; Linux x86_64) AppleWebKit/537.36 (KHTML, like Gecko) Firefox/113.0"
8.8.8.8 - - [20/May/2026:17:26:27 +0000] "GET / HTTP/1.1" 200 3575 "-" "Mozilla/5.0 (iPhone; CPU iPhone OS 16_5 like Mac OS X) AppleWebKit/605.1.15 (KHTML, like Gecko) Version/16.5 Mobile/15E148 Safari/604.1"
8.8.8.8 - - [20/May/2026:17:26:27 +0000] "GET /images/logo.png HTTP/1.1" 200 1112 "-" "Mozilla/5.0 (X11; Linux x86_64) AppleWebKit/537.36 (KHTML, like Gecko) Firefox/113.0"
1.1.1.1 - - [20/May/2026:17:26:27 +0000] "GET /assets/js/main.js HTTP/1.1" 200 2774 "-" "Mozilla/5.0 (iPhone; CPU iPhone OS 16_5 like Mac OS X) AppleWebKit/605.1.15 (KHTML, like Gecko) Version/16.5 Mobile/15E148 Safari/604.1"
45.33.22.11 - - [20/May/2026:17:26:27 +0000] "GET /db HTTP/1.1" 404 4702 "-" "gobuster/3.1.0"
45.33.22.11 - - [20/May/2026:17:27:27 +0000] "GET /phpmyadmin HTTP/1.1" 404 1907 "-" "gobuster/3.1.0"
192.168.1.15 - - [20/May/2026:17:28:27 +0000] "GET /blog HTTP/1.1" 200 3225 "-" "Mozilla/5.0 (Macintosh; Intel Mac OS X 10_15_7) AppleWebKit/537.36 (KHTML, like Gecko) Version/16.5 Safari/537.36"
192.168.1.10 - - [20/May/2026:17:29:27 +0000] "GET /contact HTTP/1.1" 200 2258 "-" "Mozilla/5.0 (Windows NT 10.0; Win64; x64) AppleWebKit/537.36 (KHTML, like Gecko) Chrome/114.0.0.0 Safari/537.36"
192.168.1.15 - - [20/May/2026:17:30:27 +0000] "GET /blog HTTP/1.1" 200 1604 "-" "Mozilla/5.0 (iPhone; CPU iPhone OS 16_5 like Mac OS X) AppleWebKit/605.1.15 (KHTML, like Gecko) Version/16.5 Mobile/15E148 Safari/604.1"
1.1.1.1 - - [20/May/2026:17:30:27 +0000] "GET / HTTP/1.1" 200 4823 "-" "Mozilla/5.0 (iPhone; CPU iPhone OS 16_5 like Mac OS X) AppleWebKit/605.1.15 (KHTML, like Gecko) Version/16.5 Mobile/15E148 Safari/604.1"
172.16.0.20 - - [20/May/2026:17:31:27 +0000] "GET /contact HTTP/1.1" 200 634 "-" "Mozilla/5.0 (X11; Linux x86_64) AppleWebKit/537.36 (KHTML, like Gecko) Firefox/113.0"
172.16.0.20 - - [20/May/2026:17:31:27 +0000] "GET /services HTTP/1.1" 200 3907 "-" "Mozilla/5.0 (X11; Linux x86_64) AppleWebKit/537.36 (KHTML, like Gecko) Firefox/113.0"
192.168.1.15 - - [20/May/2026:17:31:27 +0000] "GET /blog HTTP/1.1" 200 386 "-" "Mozilla/5.0 (Windows NT 10.0; Win64; x64) AppleWebKit/537.36 (KHTML, like Gecko) Chrome/114.0.0.0 Safari/537.36"
192.168.1.10 - - [20/May/2026:17:32:27 +0000] "GET /blog HTTP/1.1" 200 706 "-" "Mozilla/5.0 (Macintosh; Intel Mac OS X 10_15_7) AppleWebKit/537.36 (KHTML, like Gecko) Version/16.5 Safari/537.36"
45.33.22.11 - - [20/May/2026:17:32:27 +0000] "GET /config HTTP/1.1" 404 1007 "-" "gobuster/3.1.0"
91.214.124.55 - - [20/May/2026:17:32:27 +0000] "GET /../../etc/passwd HTTP/1.1" 400 963 "-" "Mozilla/5.0 (compatible; MSIE 9.0; Windows NT 6.1; Trident/5.0)"
8.8.8.8 - - [20/May/2026:17:33:27 +0000] "GET /about HTTP/1.1" 200 2171 "-" "Mozilla/5.0 (X11; Linux x86_64) AppleWebKit/537.36 (KHTML, like Gecko) Firefox/113.0"
192.168.1.15 - - [20/May/2026:17:33:27 +0000] "GET / HTTP/1.1" 200 3763 "-" "Mozilla/5.0 (Macintosh; Intel Mac OS X 10_15_7) AppleWebKit/537.36 (KHTML, like Gecko) Version/16.5 Safari/537.36"
185.220.101.5 - - [20/May/2026:17:33:27 +0000] "GET /api/v1/user/6418 HTTP/1.1" 403 1251 "-" "Mozilla/5.0 (Windows NT 10.0; Win64; x64) AppleWebKit/537.36 (KHTML, like Gecko) Chrome/91.0.4472.124 Safari/537.36"
91.214.124.55 - - [20/May/2026:17:33:27 +0000] "GET /../../etc/passwd HTTP/1.1" 400 914 "-" "Mozilla/5.0 (compatible; MSIE 9.0; Windows NT 6.1; Trident/5.0)"
172.16.0.20 - - [20/May/2026:17:34:27 +0000] "GET /images/logo.png HTTP/1.1" 200 4065 "-" "Mozilla/5.0 (Windows NT 10.0; Win64; x64) AppleWebKit/537.36 (KHTML, like Gecko) Chrome/114.0.0.0 Safari/537.36"
192.168.1.15 - - [20/May/2026:17:34:27 +0000] "GET /images/logo.png HTTP/1.1" 200 3179 "-" "Mozilla/5.0 (Macintosh; Intel Mac OS X 10_15_7) AppleWebKit/537.36 (KHTML, like Gecko) Version/16.5 Safari/537.36"
172.16.0.20 - - [20/May/2026:17:34:27 +0000] "GET /products HTTP/1.1" 200 2185 "-" "Mozilla/5.0 (X11; Linux x86_64) AppleWebKit/537.36 (KHTML, like Gecko) Firefox/113.0"
1.1.1.1 - - [20/May/2026:17:35:27 +0000] "GET /services HTTP/1.1" 200 1266 "-" "Mozilla/5.0 (iPhone; CPU iPhone OS 16_5 like Mac OS X) AppleWebKit/605.1.15 (KHTML, like Gecko) Version/16.5 Mobile/15E148 Safari/604.1"
8.8.8.8 - - [20/May/2026:17:35:27 +0000] "GET /index.html HTTP/1.1" 200 916 "-" "Mozilla/5.0 (iPhone; CPU iPhone OS 16_5 like Mac OS X) AppleWebKit/605.1.15 (KHTML, like Gecko) Version/16.5 Mobile/15E148 Safari/604.1"
10.0.0.5 - - [20/May/2026:17:35:27 +0000] "GET /index.html HTTP/1.1" 200 1444 "-" "Mozilla/5.0 (Windows NT 10.0; Win64; x64) AppleWebKit/537.36 (KHTML, like Gecko) Chrome/114.0.0.0 Safari/537.36"
8.8.8.8 - - [20/May/2026:17:35:27 +0000] "GET /assets/css/style.css HTTP/1.1" 200 1856 "-" "Mozilla/5.0 (iPhone; CPU iPhone OS 16_5 like Mac OS X) AppleWebKit/605.1.15 (KHTML, like Gecko) Version/16.5 Mobile/15E148 Safari/604.1"
192.168.1.10 - - [20/May/2026:17:36:27 +0000] "GET /products HTTP/1.1" 200 2991 "-" "Mozilla/5.0 (X11; Linux x86_64) AppleWebKit/537.36 (KHTML, like Gecko) Firefox/113.0"
91.214.124.55 - - [20/May/2026:17:36:27 +0000] "GET /?q=UNION SELECT NULL,NULL,NULL-- HTTP/1.1" 200 4731 "-" "Mozilla/5.0 (compatible; MSIE 9.0; Windows NT 6.1; Trident/5.0)"
192.168.1.10 - - [20/May/2026:17:37:27 +0000] "GET /index.html HTTP/1.1" 200 3588 "-" "Mozilla/5.0 (Windows NT 10.0; Win64; x64) AppleWebKit/537.36 (KHTML, like Gecko) Chrome/114.0.0.0 Safari/537.36"
10.0.0.5 - - [20/May/2026:17:37:27 +0000] "GET /images/logo.png HTTP/1.1" 200 4255 "-" "Mozilla/5.0 (Macintosh; Intel Mac OS X 10_15_7) AppleWebKit/537.36 (KHTML, like Gecko) Version/16.5 Safari/537.36"
185.220.101.5 - - [20/May/2026:17:37:27 +0000] "GET /api/v1/user/4283 HTTP/1.1" 403 4859 "-" "Mozilla/5.0 (Windows NT 10.0; Win64; x64) AppleWebKit/537.36 (KHTML, like Gecko) Chrome/91.0.4472.124 Safari/537.36"
1.1.1.1 - - [20/May/2026:17:38:27 +0000] "GET /images/logo.png HTTP/1.1" 200 1406 "-" "Mozilla/5.0 (X11; Linux x86_64) AppleWebKit/537.36 (KHTML, like Gecko) Firefox/113.0"
172.16.0.20 - - [20/May/2026:17:38:27 +0000] "GET /assets/css/style.css HTTP/1.1" 200 4180 "-" "Mozilla/5.0 (Macintosh; Intel Mac OS X 10_15_7) AppleWebKit/537.36 (KHTML, like Gecko) Version/16.5 Safari/537.36"
45.33.22.11 - - [20/May/2026:17:38:27 +0000] "GET /config HTTP/1.1" 404 1353 "-" "gobuster/3.1.0"
8.8.8.8 - - [20/May/2026:17:40:27 +0000] "GET /about HTTP/1.1" 200 4884 "-" "Mozilla/5.0 (Macintosh; Intel Mac OS X 10_15_7) AppleWebKit/537.36 (KHTML, like Gecko) Version/16.5 Safari/537.36"
8.8.8.8 - - [20/May/2026:17:40:27 +0000] "GET /about HTTP/1.1" 200 3229 "-" "Mozilla/5.0 (Macintosh; Intel Mac OS X 10_15_7) AppleWebKit/537.36 (KHTML, like Gecko) Version/16.5 Safari/537.36"
192.168.1.15 - - [20/May/2026:17:40:27 +0000] "GET /contact HTTP/1.1" 200 711 "-" "Mozilla/5.0 (Macintosh; Intel Mac OS X 10_15_7) AppleWebKit/537.36 (KHTML, like Gecko) Version/16.5 Safari/537.36"
192.168.1.10 - - [20/May/2026:17:41:27 +0000] "GET /about HTTP/1.1" 200 4789 "-" "Mozilla/5.0 (iPhone; CPU iPhone OS 16_5 like Mac OS X) AppleWebKit/605.1.15 (KHTML, like Gecko) Version/16.5 Mobile/15E148 Safari/604.1"
172.16.0.20 - - [20/May/2026:17:42:27 +0000] "GET /blog HTTP/1.1" 200 4071 "-" "Mozilla/5.0 (Macintosh; Intel Mac OS X 10_15_7) AppleWebKit/537.36 (KHTML, like Gecko) Version/16.5 Safari/537.36"
192.168.1.15 - - [20/May/2026:17:42:27 +0000] "GET /blog HTTP/1.1" 200 1276 "-" "Mozilla/5.0 (Macintosh; Intel Mac OS X 10_15_7) AppleWebKit/537.36 (KHTML, like Gecko) Version/16.5 Safari/537.36"
192.168.1.15 - - [20/May/2026:17:43:27 +0000] "GET /assets/js/main.js HTTP/1.1" 200 4968 "-" "Mozilla/5.0 (Windows NT 10.0; Win64; x64) AppleWebKit/537.36 (KHTML, like Gecko) Chrome/114.0.0.0 Safari/537.36"
172.16.0.20 - - [20/May/2026:17:43:27 +0000] "GET /contact HTTP/1.1" 200 1794 "-" "Mozilla/5.0 (Windows NT 10.0; Win64; x64) AppleWebKit/537.36 (KHTML, like Gecko) Chrome/114.0.0.0 Safari/537.36"
45.33.22.11 - - [20/May/2026:17:43:27 +0000] "GET /admin HTTP/1.1" 404 4911 "-" "gobuster/3.1.0"
8.8.8.8 - - [20/May/2026:17:44:27 +0000] "GET /blog HTTP/1.1" 200 3837 "-" "Mozilla/5.0 (X11; Linux x86_64) AppleWebKit/537.36 (KHTML, like Gecko) Firefox/113.0"
1.1.1.1 - - [20/May/2026:17:44:27 +0000] "GET /services HTTP/1.1" 200 1908 "-" "Mozilla/5.0 (Macintosh; Intel Mac OS X 10_15_7) AppleWebKit/537.36 (KHTML, like Gecko) Version/16.5 Safari/537.36"
8.8.8.8 - - [20/May/2026:17:44:27 +0000] "GET /services HTTP/1.1" 200 4626 "-" "Mozilla/5.0 (Windows NT 10.0; Win64; x64) AppleWebKit/537.36 (KHTML, like Gecko) Chrome/114.0.0.0 Safari/537.36"
192.168.1.15 - - [20/May/2026:17:44:27 +0000] "GET /blog HTTP/1.1" 200 2553 "-" "Mozilla/5.0 (Macintosh; Intel Mac OS X 10_15_7) AppleWebKit/537.36 (KHTML, like Gecko) Version/16.5 Safari/537.36"
45.33.22.11 - - [20/May/2026:17:44:27 +0000] "GET /phpmyadmin HTTP/1.1" 404 1393 "-" "gobuster/3.1.0"
192.168.1.15 - - [20/May/2026:17:45:27 +0000] "GET / HTTP/1.1" 200 2116 "-" "Mozilla/5.0 (Windows NT 10.0; Win64; x64) AppleWebKit/537.36 (KHTML, like Gecko) Chrome/114.0.0.0 Safari/537.36"
185.220.101.5 - - [20/May/2026:17:46:27 +0000] "GET /api/v1/user/6941 HTTP/1.1" 403 888 "-" "Mozilla/5.0 (Windows NT 10.0; Win64; x64) AppleWebKit/537.36 (KHTML, like Gecko) Chrome/91.0.4472.124 Safari/537.36"
192.168.1.10 - - [20/May/2026:17:47:27 +0000] "GET /blog HTTP/1.1" 200 274 "-" "Mozilla/5.0 (Macintosh; Intel Mac OS X 10_15_7) AppleWebKit/537.36 (KHTML, like Gecko) Version/16.5 Safari/537.36"
192.168.1.10 - - [20/May/2026:17:48:27 +0000] "GET /assets/css/style.css HTTP/1.1" 200 3830 "-" "Mozilla/5.0 (X11; Linux x86_64) AppleWebKit/537.36 (KHTML, like Gecko) Firefox/113.0"
45.33.22.11 - - [20/May/2026:17:48:27 +0000] "GET /db HTTP/1.1" 404 834 "-" "gobuster/3.1.0"
172.16.0.20 - - [20/May/2026:17:49:27 +0000] "GET /assets/js/main.js HTTP/1.1" 200 3031 "-" "Mozilla/5.0 (Macintosh; Intel Mac OS X 10_15_7) AppleWebKit/537.36 (KHTML, like Gecko) Version/16.5 Safari/537.36"
1.1.1.1 - - [20/May/2026:17:49:27 +0000] "GET / HTTP/1.1" 200 2465 "-" "Mozilla/5.0 (iPhone; CPU iPhone OS 16_5 like Mac OS X) AppleWebKit/605.1.15 (KHTML, like Gecko) Version/16.5 Mobile/15E148 Safari/604.1"
192.168.1.15 - - [20/May/2026:17:49:27 +0000] "GET /about HTTP/1.1" 200 2331 "-" "Mozilla/5.0 (Windows NT 10.0; Win64; x64) AppleWebKit/537.36 (KHTML, like Gecko) Chrome/114.0.0.0 Safari/537.36"
1.1.1.1 - - [20/May/2026:17:49:27 +0000] "GET /index.html HTTP/1.1" 200 870 "-" "Mozilla/5.0 (X11; Linux x86_64) AppleWebKit/537.36 (KHTML, like Gecko) Firefox/113.0"
10.0.0.5 - - [20/May/2026:17:50:27 +0000] "GET /images/logo.png HTTP/1.1" 200 2755 "-" "Mozilla/5.0 (X11; Linux x86_64) AppleWebKit/537.36 (KHTML, like Gecko) Firefox/113.0"
1.1.1.1 - - [20/May/2026:17:51:27 +0000] "GET /assets/css/style.css HTTP/1.1" 200 4940 "-" "Mozilla/5.0 (X11; Linux x86_64) AppleWebKit/537.36 (KHTML, like Gecko) Firefox/113.0"
192.168.1.10 - - [20/May/2026:17:51:27 +0000] "GET /products HTTP/1.1" 200 3215 "-" "Mozilla/5.0 (Windows NT 10.0; Win64; x64) AppleWebKit/537.36 (KHTML, like Gecko) Chrome/114.0.0.0 Safari/537.36"
1.1.1.1 - - [20/May/2026:17:52:27 +0000] "GET / HTTP/1.1" 200 3675 "-" "Mozilla/5.0 (X11; Linux x86_64) AppleWebKit/537.36 (KHTML, like Gecko) Firefox/113.0"
10.0.0.5 - - [20/May/2026:17:52:27 +0000] "GET /index.html HTTP/1.1" 200 1679 "-" "Mozilla/5.0 (iPhone; CPU iPhone OS 16_5 like Mac OS X) AppleWebKit/605.1.15 (KHTML, like Gecko) Version/16.5 Mobile/15E148 Safari/604.1"
8.8.8.8 - - [20/May/2026:17:52:27 +0000] "GET /index.html HTTP/1.1" 200 3544 "-" "Mozilla/5.0 (X11; Linux x86_64) AppleWebKit/537.36 (KHTML, like Gecko) Firefox/113.0"
8.8.8.8 - - [20/May/2026:17:53:27 +0000] "GET /assets/js/main.js HTTP/1.1" 200 2371 "-" "Mozilla/5.0 (Windows NT 10.0; Win64; x64) AppleWebKit/537.36 (KHTML, like Gecko) Chrome/114.0.0.0 Safari/537.36"
10.0.0.5 - - [20/May/2026:17:53:27 +0000] "GET /assets/js/main.js HTTP/1.1" 200 2353 "-" "Mozilla/5.0 (Windows NT 10.0; Win64; x64) AppleWebKit/537.36 (KHTML, like Gecko) Chrome/114.0.0.0 Safari/537.36"
1.1.1.1 - - [20/May/2026:17:53:27 +0000] "GET /services HTTP/1.1" 200 4642 "-" "Mozilla/5.0 (Windows NT 10.0; Win64; x64) AppleWebKit/537.36 (KHTML, like Gecko) Chrome/114.0.0.0 Safari/537.36"
172.16.0.20 - - [20/May/2026:17:53:27 +0000] "GET /contact HTTP/1.1" 200 4796 "-" "Mozilla/5.0 (X11; Linux x86_64) AppleWebKit/537.36 (KHTML, like Gecko) Firefox/113.0"
8.8.8.8 - - [20/May/2026:17:54:27 +0000] "GET /services HTTP/1.1" 200 2477 "-" "Mozilla/5.0 (iPhone; CPU iPhone OS 16_5 like Mac OS X) AppleWebKit/605.1.15 (KHTML, like Gecko) Version/16.5 Mobile/15E148 Safari/604.1"
91.214.124.55 - - [20/May/2026:17:54:27 +0000] "GET /cgi-bin/php.fcgi?%2d%64+%61%6c%6c%6f%77%5f%75%72%6c%5f%69%6e%63%6c%75%64%65%3d%6f%6e HTTP/1.1" 200 3166 "-" "Mozilla/5.0 (compatible; MSIE 9.0; Windows NT 6.1; Trident/5.0)"
91.214.124.55 - - [20/May/2026:17:54:27 +0000] "GET /etc/passwd HTTP/1.1" 400 1156 "-" "Mozilla/5.0 (compatible; MSIE 9.0; Windows NT 6.1; Trident/5.0)"
