8.8.8.8 - - [20/May/2026:17:55:27 +0000] "GET /services HTTP/1.1" 200 2069 "-" "Mozilla/5.0 (Windows NT 10.0; Win64; x64) AppleWebKit/537.36 (KHTML, like Gecko) Chrome/114.0.0.0 Safari/537.36"
172.16.0.20 - - [20/May/2026:17:55:27 +0000] "GET /products HTTP/1.1" 200 4110 "-" "Mozilla/5.0 (Macintosh; Intel Mac OS X 10_15_7) AppleWebKit/537.36 (KHTML, like Gecko) Version/16.5 Safari/537.36"
192.168.1.15 - - [20/May/2026:17:56:27 +0000] "GET /assets/js/main.js HTTP/1.1" 200 3573 "-" "Mozilla/5.0 (X11; Linux x86_64) AppleWebKit/537.36 (KHTML, like Gecko) Firefox/113.0"
10.0.0.5 - - [20/May/2026:17:56:27 +0000] "GET /images/logo.png HTTP/1.1" 200 4931 "-" "Mozilla/5.0 (iPhone; CPU iPhone OS 16_5 like Mac OS X) AppleWebKit/605.1.15 (KHTML, like Gecko) Version/16.5 Mobile/15E148 Safari/604.1"
192.168.1.10 - - [20/May/2026:17:56:27 +0000] "GET /blog HTTP/1.1" 200 1735 "-" "Mozilla/5.0 (Macintosh; Intel Mac OS X 10_15_7) AppleWebKit/537.36 (KHTML, like Gecko) Version/16.5 Safari/537.36"
10.0.0.5 - - [20/May/2026:17:57:27 +0000] "GET /services HTTP/1.1" 200 1991 "-" "Mozilla/5.0 (Macintosh; Intel Mac OS X 10_15_7) AppleWebKit/537.36 (KHTML, like Gecko) Version/16.5 Safari/537.36"
1.1.1.1 - - [20/May/2026:17:57:27 +0000] "GET /images/logo.png HTTP/1.1" 200 2272 "-" "Mozilla/5.0 (iPhone; CPU iPhone OS 16_5 like Mac OS X) AppleWebKit/605.1.15 (KHTML, like Gecko) Version/16.5 Mobile/15E148 Safari/604.1"
192.168.1.10 - - [20/May/2026:17:57:27 +0000] "GET /index.html HTTP/1.1" 200 4923 "-" "Mozilla/5.0 (Macintosh; Intel Mac OS X 10_15_7) AppleWebKit/537.36 (KHTML, like Gecko) Version/16.5 Safari/537.36"
192.168.1.10 - - [20/May/2026:17:57:27 +0000] "GET /services HTTP/1.1" 200 2815 "-" "Mozilla/5.0 (Macintosh; Intel Mac OS X 10_15_7) AppleWebKit/537.36 (KHTML, like Gecko) Version/16.5 Safari/537.36"
172.16.0.20 - - [20/May/2026:17:57:27 +0000] "GET /assets/css/style.css HTTP/1.1" 200 4886 "-" "Mozilla/5.0 (Macintosh; Intel Mac OS X 10_15_7) AppleWebKit/537.36 (KHTML, like Gecko) Version/16.5 Safari/537.36"
192.168.1.15 - - [20/May/2026:17:57:27 +0000] "GET /images/logo.png HTTP/1.1" 200 4976 "-" "Mozilla/5.0 (X11; Linux x86_64) AppleWebKit/537.36 (KHTML, like Gecko) Firefox/113.0"
91.214.124.55 - - [20/May/2026:17:57:27 +0000] "GET /cgi-bin/php.fcgi?%2d%64+%61%6c%6c%6f%77%5f%75%72%6c%5f%69%6e%63%6c%75%64%65%3d%6f%6e HTTP/1.1" 200 3942 "-" "Mozilla/5.0 (compatible; MSIE 9.0; Windows NT 6.1; Trident/5.0)"
192.168.1.10 - - [20/May/2026:17:58:27 +0000] "GET /contact HTTP/1.1" 200 333 "-" "Mozilla/5.0 (iPhone; CPU iPhone OS 16_5 like Mac OS X) AppleWebKit/605.1.15 (KHTML, like Gecko) Version/16.5 Mobile/15E148 Safari/604.1"
185.220.101.5 - - [20/May/2026:17:58:27 +0000] "GET /api/v1/user/7069 HTTP/1.1" 403 1813 "-" "Mozilla/5.0 (Windows NT 10.0; Win64; x64) AppleWebKit/537.36 (KHTML, like Gecko) Chrome/91.0.4472.124 Safari/537.36"
172.16.0.20 - - [20/May/2026:17:59:27 +0000] "GET /services HTTP/1.1" 200 3217 "-" "Mozilla/5.0 (Macintosh; Intel Mac OS X 10_15_7) AppleWebKit/537.36 (KHTML, like Gecko) Version/16.5 Safari/537.36"
45.33.22.11 - - [20/May/2026:17:59:27 +0000] "GET /db HTTP/1.1" 404 1805 "-" "gobuster/3.1.0"
10.0.0.5 - - [20/May/2026:18:00:27 +0000] "GET /about HTTP/1.1" 200 3553 "-" "Mozilla/5.0 (X11; Linux x86_64) AppleWebKit/537.36 (KHTML, like Gecko) Firefox/113.0"
45.33.22.11 - - [20/May/2026:18:00:27 +0000] "GET /.env HTTP/1.1" 404 3767 "-" "gobuster/3.1.0"
185.220.101.5 - - [20/May/2026:18:00:27 +0000] "GET /api/v1/user/1262 HTTP/1.1" 403 2238 "-" "Mozilla/5.0 (Windows NT 10.0; Win64; x64) AppleWebKit/537.36 (KHTML, like Gecko) Chrome/91.0.4472.124 Safari/537.36"
8.8.8.8 - - [20/May/2026:18:01:27 +0000] "GET /contact HTTP/1.1" 200 2439 "-" "Mozilla/5.0 (iPhone; CPU iPhone OS 16_5 like Mac OS X) AppleWebKit/605.1.15 (KHTML, like Gecko) Version/16.5 Mobile/15E148 Safari/604.1"
192.168.1.10 - - [20/May/2026:18:01:27 +0000] "GET /assets/css/style.css HTTP/1.1" 200 734 "-" "Mozilla/5.0 (X11; Linux x86_64) AppleWebKit/537.36 (KHTML, like Gecko) Firefox/113.0"
8.8.8.8 - - [20/May/2026:18:02:27 +0000] "GET /about HTTP/1.1" 200 4258 "-" "Mozilla/5.0 (Windows NT 10.0; Win64; x64) AppleWebKit/537.36 (KHTML, like Gecko) Chrome/114.0.0.0 Safari/537.36"
172.16.0.20 - - [20/May/2026:18:02:27 +0000] "GET /assets/css/style.css HTTP/1.1" 200 2713 "-" "Mozilla/5.0 (X11; Linux x86_64) AppleWebKit/537.36 (KHTML, like Gecko) Firefox/113.0"
10.0.0.5 - - [20/May/2026:18:03:27 +0000] "GET /assets/css/style.css HTTP/1.1" 200 4800 "-" "Mozilla/5.0 (Windows NT 10.0; Win64; x64) AppleWebKit/537.36 (KHTML, like Gecko) Chrome/114.0.0.0 Safari/537.36"
192.168.1.15 - - [20/May/2026:18:03:27 +0000] "GET /contact HTTP/1.1" 200 1684 "-" "Mozilla/5.0 (X11; Linux x86_64) AppleWebKit/537.36 (KHTML, like Gecko) Firefox/113.0"
185.220.101.5 - - [20/May/2026:18:03:27 +0000] "GET /api/v1/user/8830 HTTP/1.1" 403 3196 "-" "Mozilla/5.0 (Windows NT 10.0; Win64; x64) AppleWebKit/537.36 (KHTML, like Gecko) Chrome/91.0.4472.124 Safari/537.36"
8.8.8.8 - - [20/May/2026:18:04:27 +0000] "GET /assets/js/main.js HTTP/1.1" 200 3074 "-" "Mozilla/5.0 (iPhone; CPU iPhone OS 16_5 like Mac OS X) AppleWebKit/605.1.15 (KHTML, like Gecko) Version/16.5 Mobile/15E148 Safari/604.1"
10.0.0.5 - - [20/May/2026:18:04:27 +0000] "GET /assets/js/main.js HTTP/1.1" 200 2527 "-" "Mozilla/5.0 (iPhone; CPU iPhone OS 16_5 like Mac OS X) AppleWebKit/605.1.15 (KHTML, like Gecko) Version/16.5 Mobile/15E148 Safari/604.1"
45.33.22.11 - - [20/May/2026:18:04:27 +0000] "GET /config HTTP/1.1" 404 4329 "-" "gobuster/3.1.0"
10.0.0.5 - - [20/May/2026:18:05:27 +0000] "GET /services HTTP/1.1" 200 331 "-" "Mozilla/5.0 (X11; Linux x86_64) AppleWebKit/537.36 (KHTML, like Gecko) Firefox/113.0"
1.1.1.1 - - [20/May/2026:18:05:27 +0000] "GET /images/logo.png HTTP/1.1" 200 2278 "-" "Mozilla/5.0 (Macintosh; Intel Mac OS X 10_15_7) AppleWebKit/537.36 (KHTML, like Gecko) Version/16.5 Safari/537.36"
192.168.1.15 - - [20/May/2026:18:06:27 +0000] "GET /about HTTP/1.1" 200 4620 "-" "Mozilla/5.0 (Windows NT 10.0; Win64; x64) AppleWebKit/537.36 (KHTML, like Gecko) Chrome/114.0.0.0 Safari/537.36"
172.16.0.20 - - [20/May/2026:18:07:27 +0000] "GET /blog HTTP/1.1" 200 1097 "-" "Mozilla/5.0 (Windows NT 10.0; Win64; x64) AppleWebKit/537.36 (KHTML, like Gecko) Chrome/114.0.0.0 Safari/537.36"
172.16.0.20 - - [20/May/2026:18:07:27 +0000] "GET /contact HTTP/1.1" 200 3874 "-" "Mozilla/5.0 (Windows NT 10.0; Win64; x64) AppleWebKit/537.36 (KHTML, like Gecko) Chrome/114.0.0.0 Safari/537.36"
8.8.8.8 - - [20/May/2026:18:07:27 +0000] "GET /index.html HTTP/1.1" 200 2290 "-" "Mozilla/5.0 (Windows NT 10.0; Win64; x64) AppleWebKit/537.36 (KHTML, like Gecko) Chrome/114.0.0.0 Safari/537.36"
45.33.22.11 - - [20/May/2026:18:07:27 +0000] "GET /.env HTTP/1.1" 404 2525 "-" "gobuster/3.1.0"
8.8.8.8 - - [20/May/2026:18:08:27 +0000] "GET /services HTTP/1.1" 200 2025 "-" "Mozilla/5.0 (X11; Linux x86_64) AppleWebKit/537.36 (KHTML, like Gecko) Firefox/113.0"
192.168.1.10 - - [20/May/2026:18:08:27 +0000] "GET /assets/js/main.js HTTP/1.1" 200 3081 "-" "Mozilla/5.0 (Windows NT 10.0; Win64; x64) AppleWebKit/537.36 (KHTML, like Gecko) Chrome/114.0.0.0 Safari/537.36"
185.220.101.5 - - [20/May/2026:18:08:27 +0000] "GET /api/v1/user/7580 HTTP/1.1" 403 912 "-" "Mozilla/5.0 (Windows NT 10.0; Win64; x64) AppleWebKit/537.36 (KHTML, like Gecko) Chrome/91.0.4472.124 Safari/537.36"
8.8.8.8 - - [20/May/2026:18:09:27 +0000] "GET /services HTTP/1.1" 200 1971 "-" "Mozilla/5.0 (X11; Linux x86_64) AppleWebKit/537.36 (KHTML, like Gecko) Firefox/113.0"
10.0.0.5 - - [20/May/2026:18:09:27 +0000] "GET /images/logo.png HTTP/1.1" 200 240 "-" "Mozilla/5.0 (Windows NT 10.0; Win64; x64) AppleWebKit/537.36 (KHTML, like Gecko) Chrome/114.0.0.0 Safari/537.36"
10.0.0.5 - - [20/May/2026:18:09:27 +0000] "GET / HTTP/1.1" 200 2776 "-" "Mozilla/5.0 (iPhone; CPU iPhone OS 16_5 like Mac OS X) AppleWebKit/605.1.15 (KHTML, like Gecko) Version/16.5 Mobile/15E148 Safari/604.1"
10.0.0.5 - - [20/May/2026:18:10:27 +0000] "GET /blog HTTP/1.1" 200 1512 "-" "Mozilla/5.0 (iPhone; CPU iPhone OS 16_5 like Mac OS X) AppleWebKit/605.1.15 (KHTML, like Gecko) Version/16.5 Mobile/15E148 Safari/604.1"
192.168.1.10 - - [20/May/2026:18:10:27 +0000] "GET /products HTTP/1.1" 200 781 "-" "Mozilla/5.0 (Windows NT 10.0; Win64; x64) AppleWebKit/537.36 (KHTML, like Gecko) Chrome/114.0.0.0 Safari/537.36"
192.168.1.15 - - [20/May/2026:18:10:27 +0000] "GET /services HTTP/1.1" 200 2586 "-" "Mozilla/5.0 (Windows NT 10.0; Win64; x64) AppleWebKit/537.36 (KHTML, like Gecko) Chrome/114.0.0.0 Safari/537.36"
91.214.124.55 - - [20/May/2026:18:10:27 +0000] "GET /../../etc/passwd HTTP/1.1" 400 3402 "-" "Mozilla/5.0 (compatible; MSIE 9.0; Windows NT 6.1; Trident/5.0)"
10.0.0.5 - - [20/May/2026:18:11:27 +0000] "GET /images/logo.png HTTP/1.1" 200 3612 "-" "Mozilla/5.0 (X11; Linux x86_64) AppleWebKit/537.36 (KHTML, like Gecko) Firefox/113.0"
8.8.8.8 - - [20/May/2026:18:11:27 +0000] "GET /contact HTTP/1.1" 200 4126 "-" "Mozilla/5.0 (iPhone; CPU iPhone OS 16_5 like Mac OS X) AppleWebKit/605.1.15 (KHTML, like Gecko) Version/16.5 Mobile/15E148 Safari/604.1"
8.8.8.8 - - [20/May/2026:18:11:27 +0000] "GET /assets/css/style.css HTTP/1.1" 200 2087 "-" "Mozilla/5.0 (Macintosh; Intel Mac OS X 10_15_7) AppleWebKit/537.36 (KHTML, like Gecko) Version/16.5 Safari/537.36"
185.220.101.5 - - [20/May/2026:18:11:27 +0000] "GET /api/v1/user/7996 HTTP/1.1" 403 4457 "-" "Mozilla/5.0 (Windows NT 10.0; Win64; x64) AppleWebKit/537.36 (KHTML, like Gecko) Chrome/91.0.4472.124 Safari/537.36"
1.1.1.1 - - [20/May/2026:18:12:27 +0000] "GET /images/logo.png HTTP/1.1" 200 1337 "-" "Mozilla/5.0 (X11; Linux x86_64) AppleWebKit/537.36 (KHTML, like Gecko) Firefox/113.0"
192.168.1.10 - - [20/May/2026:18:12:27 +0000] "GET /products HTTP/1.1" 200 2469 "-" "Mozilla/5.0 (Macintosh; Intel Mac OS X 10_15_7) AppleWebKit/537.36 (KHTML, like Gecko) Version/16.5 Safari/537.36"
10.0.0.5 - - [20/May/2026:18:12:27 +0000] "GET /index.html HTTP/1.1" 200 752 "-" "Mozilla/5.0 (X11; Linux x86_64) AppleWebKit/537.36 (KHTML, like Gecko) Firefox/113.0"
8.8.8.8 - - [20/May/2026:18:12:27 +0000] "GET /products HTTP/1.1" 200 2546 "-" "Mozilla/5.0 (X11; Linux x86_64) AppleWebKit/537.36 (KHTML, like Gecko) Firefox/113.0"
45.33.22.11 - - [20/May/2026:18:12:27 +0000] "GET /wp-admin HTTP/1.1" 404 3362 "-" "gobuster/3.1.0"
91.214.124.55 - - [20/May/2026:18:12:27 +0000] "GET /../../etc/passwd HTTP/1.1" 400 4252 "-" "Mozilla/5.0 (compatible; MSIE 9.0; Windows NT 6.1; Trident/5.0)"
1.1.1.1 - - [20/May/2026:18:14:27 +0000] "GET /assets/js/main.js HTTP/1.1" 200 2245 "-" "Mozilla/5.0 (Windows NT 10.0; Win64; x64) AppleWebKit/537.36 (KHTML, like Gecko) Chrome/114.0.0.0 Safari/537.36"
192.168.1.10 - - [20/May/2026:18:14:27 +0000] "GET /assets/js/main.js HTTP/1.1" 200 420 "-" "Mozilla/5.0 (X11; Linux x86_64) AppleWebKit/537.36 (KHTML, like Gecko) Firefox/113.0"
10.0.0.5 - - [20/May/2026:18:14:27 +0000] "GET /products HTTP/1.1" 200 4125 "-" "Mozilla/5.0 (Windows NT 10.0; Win64; x64) AppleWebKit/537.36 (KHTML, like Gecko) Chrome/114.0.0.0 Safari/537.36"
172.16.0.20 - - [20/May/2026:18:15:27 +0000] "GET /about HTTP/1.1" 200 414 "-" "Mozilla/5.0 (Windows NT 10.0; Win64; x64) AppleWebKit/537.36 (KHTML, like Gecko) Chrome/114.0.0.0 Safari/537.36"
172.16.0.20 - - [20/May/2026:18:15:27 +0000] "GET / HTTP/1.1" 200 684 "-" "Mozilla/5.0 (Windows NT 10.0; Win64; x64) AppleWebKit/537.36 (KHTML, like Gecko) Chrome/114.0.0.0 Safari/537.36"
1.1.1.1 - - [20/May/2026:18:15:27 +0000] "GET /assets/js/main.js HTTP/1.1" 200 200 "-" "Mozilla/5.0 (Macintosh; Intel Mac OS X 10_15_7) AppleWebKit/537.36 (KHTML, like Gecko) Version/16.5 Safari/537.36"
172.16.0.20 - - [20/May/2026:18:15:27 +0000] "GET / HTTP/1.1" 200 4825 "-" "Mozilla/5.0 (Windows NT 10.0; Win64; x64) AppleWebKit/537.36 (KHTML, like Gecko) Chrome/114.0.0.0 Safari/537.36"
45.33.22.11 - - [20/May/2026:18:16:27 +0000] "GET /wp-admin HTTP/1.1" 404 2271 "-" "gobuster/3.1.0"
45.33.22.11 - - [20/May/2026:18:16:27 +0000] "GET /admin HTTP/1.1" 404 1783 "-" "gobuster/3.1.0"
10.0.0.5 - - [20/May/2026:18:17:27 +0000] "GET /assets/js/main.js HTTP/1.1" 200 2057 "-" "Mozilla/5.0 (X11; Linux x86_64) AppleWebKit/537.36 (KHTML, like Gecko) Firefox/113.0"
172.16.0.20 - - [20/May/2026:18:17:27 +0000] "GET /images/logo.png HTTP/1.1" 200 1124 "-" "Mozilla/5.0 (iPhone; CPU iPhone OS 16_5 like Mac OS X) AppleWebKit/605.1.15 (KHTML, like Gecko) Version/16.5 Mobile/15E148 Safari/604.1"
45.33.22.11 - - [20/May/2026:18:17:27 +0000] "GET /backup HTTP/1.1" 404 3904 "-" "gobuster/3.1.0"
10.0.0.5 - - [20/May/2026:18:18:27 +0000] "GET /assets/css/style.css HTTP/1.1" 200 2958 "-" "Mozilla/5.0 (Macintosh; Intel Mac OS X 10_15_7) AppleWebKit/537.36 (KHTML, like Gecko) Version/16.5 Safari/537.36"
192.168.1.10 - - [20/May/2026:18:18:27 +0000] "GET /assets/js/main.js HTTP/1.1" 200 2718 "-" "Mozilla/5.0 (Macintosh; Intel Mac OS X 10_15_7) AppleWebKit/537.36 (KHTML, like Gecko) Version/16.5 Safari/537.36"
45.33.22.11 - - [20/May/2026:18:18:27 +0000] "GET /phpmyadmin HTTP/1.1" 404 816 "-" "gobuster/3.1.0"
10.0.0.5 - - [20/May/2026:18:19:27 +0000] "GET /assets/css/style.css HTTP/1.1" 200 3015 "-" "Mozilla/5.0 (X11; Linux x86_64) AppleWebKit/537.36 (KHTML, like Gecko) Firefox/113.0"
192.168.1.10 - - [20/May/2026:18:19:27 +0000] "GET /assets/css/style.css HTTP/1.1" 200 2322 "-" "Mozilla/5.0 (Windows NT 10.0; Win64; x64) AppleWebKit/537.36 (KHTML, like Gecko) Chrome/114.0.0.0 Safari/537.36"
192.168.1.15 - - [20/May/2026:18:19:27 +0000] "GET /index.html HTTP/1.1" 200 2683 "-" "Mozilla/5.0 (iPhone; CPU iPhone OS 16_5 like Mac OS X) AppleWebKit/605.1.15 (KHTML, like Gecko) Version/16.5 Mobile/15E148 Safari/604.1"
185.220.101.5 - - [20/May/2026:18:19:27 +0000] "GET /api/v1/user/1359 HTTP/1.1" 403 1514 "-" "Mozilla/5.0 (Windows NT 10.0; Win64; x64) AppleWebKit/537.36 (KHTML, like Gecko) Chrome/91.0.4472.124 Safari/537.36"
1.1.1.1 - - [20/May/2026:18:20:27 +0000] "GET /contact HTTP/1.1" 200 1071 "-" "Mozilla/5.0 (Macintosh; Intel Mac OS X 10_15_7) AppleWebKit/537.36 (KHTML, like Gecko) Version/16.5 Safari/537.36"
8.8.8.8 - - [20/May/2026:18:21:27 +0000] "GET /assets/css/style.css HTTP/1.1" 200 467 "-" "Mozilla/5.0 (iPhone; CPU iPhone OS 16_5 like Mac OS X) AppleWebKit/605.1.15 (KHTML, like Gecko) Version/16.5 Mobile/15E148 Safari/604.1"
8.8.8.8 - - [20/May/2026:18:22:27 +0000] "GET /images/logo.png HTTP/1.1" 200 1217 "-" "Mozilla/5.0 (Macintosh; Intel Mac OS X 10_15_7) AppleWebKit/537.36 (KHTML, like Gecko) Version/16.5 Safari/537.36"
172.16.0.20 - - [20/May/2026:18:22:27 +0000] "GET /blog HTTP/1.1" 200 1778 "-" "Mozilla/5.0 (Macintosh; Intel Mac OS X 10_15_7) AppleWebKit/537.36 (KHTML, like Gecko) Version/16.5 Safari/537.36"
192.168.1.15 - - [20/May/2026:18:22:27 +0000] "GET / HTTP/1.1" 200 872 "-" "Mozilla/5.0 (iPhone; CPU iPhone OS 16_5 like Mac OS X) AppleWebKit/605.1.15 (KHTML, like Gecko) Version/16.5 Mobile/15E148 Safari/604.1"
91.214.124.55 - - [20/May/2026:18:22:27 +0000] "GET /index.php?id=1' OR '1'='1 HTTP/1.1" 200 3910 "-" "Mozilla/5.0 (compatible; MSIE 9.0; Windows NT 6.1; Trident/5.0)"
172.16.0.20 - - [20/May/2026:18:23:27 +0000] "GET /services HTTP/1.1" 200 4430 "-" "Mozilla/5.0 (X11; Linux x86_64) AppleWebKit/537.36 (KHTML, like Gecko) Firefox/113.0"
192.168.1.15 - - [20/May/2026:18:23:27 +0000] "GET / HTTP/1.1" 200 2907 "-" "Mozilla/5.0 (Macintosh; Intel Mac OS X 10_15_7) AppleWebKit/537.36 (KHTML, like Gecko) Version/16.5 Safari/537.36"
91.214.124.55 - - [20/May/2026:18:23:27 +0000] "GET /../../etc/passwd HTTP/1.1" 400 2373 "-" "Mozilla/5.0 (compatible; MSIE 9.0; Windows NT 6.1; Trident/5.0)"
1.1.1.1 - - [20/May/2026:18:24:27 +0000] "GET /index.html HTTP/1.1" 200 4196 "-" "Mozilla/5.0 (Macintosh; Intel Mac OS X 10_15_7) AppleWebKit/537.36 (KHTML, like Gecko) Version/16.5 Safari/537.36"
1.1.1.1 - - [20/May/2026:18:24:27 +0000] "GET /assets/css/style.css HTTP/1.1" 200 413 "-" "Mozilla/5.0 (iPhone; CPU iPhone OS 16_5 like Mac OS X) AppleWebKit/605.1.15 (KHTML, like Gecko) Version/16.5 Mobile/15E148 Safari/604.1"
192.168.1.10 - - [20/May/2026:18:26:27 +0000] "GET /assets/js/main.js HTTP/1.1" 200 3664 "-" "Mozilla/5.0 (Macintosh; Intel Mac OS X 10_15_7) AppleWebKit/537.36 (KHTML, like Gecko) Version/16.5 Safari/537.36"
10.0.0.5 - - [20/May/2026:18:26:27 +0000] "GET /index.html HTTP/1.1" 200 4631 "-" "Mozilla/5.0 (Macintosh; Intel Mac OS X 10_15_7) AppleWebKit/537.36 (KHTML, like Gecko) Version/16.5 Safari/537.36"
45.33.22.11 - - [20/May/2026:18:26:27 +0000] "GET /.git HTTP/1.1" 404 2544 "-" "gobuster/3.1.0"
91.214.124.55 - - [20/May/2026:18:26:27 +0000] "GET /../../etc/passwd HTTP/1.1" 400 3295 "-" "Mozilla/5.0 (compatible; MSIE 9.0; Windows NT 6.1; Trident/5.0)"
8.8.8.8 - - [20/May/2026:18:27:27 +0000] "GET /index.html HTTP/1.1" 200 2550 "-" "Mozilla/5.0 (iPhone; CPU iPhone OS 16_5 like Mac OS X) AppleWebKit/605.1.15 (KHTML, like Gecko) Version/16.5 Mobile/15E148 Safari/604.1"
172.16.0.20 - - [20/May/2026:18:27:27 +0000] "GET /blog HTTP/1.1" 200 4480 "-" "Mozilla/5.0 (Macintosh; Intel Mac OS X 10_15_7) AppleWebKit/537.36 (KHTML, like Gecko) Version/16.5 Safari/537.36"
8.8.8.8 - - [20/May/2026:18:27:27 +0000] "GET /about HTTP/1.1" 200 3637 "-" "Mozilla/5.0 (iPhone; CPU iPhone OS 16_5 like Mac OS X) AppleWebKit/605.1.15 (KHTML, like Gecko) Version/16.5 Mobile/15E148 Safari/604.1"
192.168.1.10 - - [20/May/2026:18:27:27 +0000] "GET /services HTTP/1.1" 200 1048 "-" "Mozilla/5.0 (X11; Linux x86_64) AppleWebKit/537.36 (KHTML, like Gecko) Firefox/113.0"
45.33.22.11 - - [20/May/2026:18:27:27 +0000] "GET /backup HTTP/1.1" 404 1165 "-" "gobuster/3.1.0"
172.16.0.20 - - [20/May/2026:18:29:27 +0000] "GET /blog HTTP/1.1" 200 4227 "-" "Mozilla/5.0 (iPhone; CPU iPhone OS 16_5 like Mac OS X) AppleWebKit/605.1.15 (KHTML, like Gecko) Version/16.5 Mobile/15E148 Safari/604.1"
192.168.1.10 - - [20/May/2026:18:29:27 +0000] "GET /assets/js/main.js HTTP/1.1" 200 3379 "-" "Mozilla/5.0 (Windows NT 10.0; Win64; x64) AppleWebKit/537.36 (KHTML, like Gecko) Chrome/114.0.0.0 Safari/537.36"
45.33.22.11 - - [20/May/2026:18:29:27 +0000] "GET /admin HTTP/1.1" 404 2399 "-" "gobuster/3.1.0"
185.220.101.5 - - [20/May/2026:18:29:27 +0000] "GET /api/v1/user/5673 HTTP/1.1" 403 1561 "-" "Mozilla/5.0 (Windows NT 10.0; Win64; x64) AppleWebKit/537.36 (KHTML, like Gecko) Chrome/91.0.4472.124 Safari/537.36"
91.214.124.55 - - [20/May/2026:18:29:27 +0000] "GET /cgi-bin/php.fcgi?%2d%64+%61%6c%6c%6f%77%5f%75%72%6c%5f%69%6e%63%6c%75%64%65%3d%6f%6e HTTP/1.1" 200 4226 "-" "Mozilla/5.0 (compatible; MSIE 9.0; Windows NT 6.1; Trident/5.0)"
192.168.1.10 - - [20/May/2026:18:30:27 +0000] "GET /about HTTP/1.1" 200 3800 "-" "Mozilla/5.0 (iPhone; CPU iPhone OS 16_5 like Mac OS X) AppleWebKit/605.1.15 (KHTML, like Gecko) Version/16.5 Mobile/15E148 Safari/604.1"
8.8.8.8 - - [20/May/2026:18:30:27 +0000] "GET /blog HTTP/1.1" 200 3322 "-" "Mozilla/5.0 (X11; Linux x86_64) AppleWebKit/537.36 (KHTML, like Gecko) Firefox/113.0"
192.168.1.15 - - [20/May/2026:18:30:27 +0000] "GET /blog HTTP/1.1" 200 1364 "-" "Mozilla/5.0 (X11; Linux x86_64) AppleWebKit/537.36 (KHTML, like Gecko) Firefox/113.0"
192.168.1.15 - - [20/May/2026:18:31:27 +0000] "GET /about HTTP/1.1" 200 2872 "-" "Mozilla/5.0 (Windows NT 10.0; Win64; x64) AppleWebKit/537.36 (KHTML, like Gecko) Chrome/114.0.0.0 Safari/537.36"
192.168.1.15 - - [20/May/2026:18:31:27 +0000] "GET /images/logo.png HTTP/1.1" 200 2608 "-" "Mozilla/5.0 (iPhone; CPU iPhone OS 16_5 like Mac OS X) AppleWebKit/605.1.15 (KHTML, like Gecko) Version/16.5 Mobile/15E148 Safari/604.1"
10.0.0.5 - - [20/May/2026:18:31:27 +0000] "GET /services HTTP/1.1" 200 4921 "-" "Mozilla/5.0 (iPhone; CPU iPhone OS 16_5 like Mac OS X) AppleWebKit/605.1.15 (KHTML, like Gecko) Version/16.5 Mobile/15E148 Safari/604.1"
8.8.8.8 - - [20/May/2026:18:31:27 +0000] "GET /images/logo.png HTTP/1.1" 200 267 "-" "Mozilla/5.0 (iPhone; CPU iPhone OS 16_5 like Mac OS X) AppleWebKit/605.1.15 (KHTML, like Gecko) Version/16.5 Mobile/15E148 Safari/604.1"
1.1.1.1 - - [20/May/2026:18:31:27 +0000] "GET / HTTP/1.1" 200 3387 "-" "Mozilla/5.0 (Macintosh; Intel Mac OS X 10_15_7) AppleWebKit/537.36 (KHTML, like Gecko) Version/16.5 Safari/537.36"
192.168.1.15 - - [20/May/2026:18:32:27 +0000] "GET / HTTP/1.1" 200 4828 "-" "Mozilla/5.0 (iPhone; CPU iPhone OS 16_5 like Mac OS X) AppleWebKit/605.1.15 (KHTML, like Gecko) Version/16.5 Mobile/15E148 Safari/604.1"
192.168.1.15 - - [20/May/2026:18:32:27 +0000] "GET / HTTP/1.1" 200 1482 "-" "Mozilla/5.0 (X11; Linux x86_64) AppleWebKit/537.36 (KHTML, like Gecko) Firefox/113.0"
172.16.0.20 - - [20/May/2026:18:32:27 +0000] "GET /about HTTP/1.1" 200 4642 "-" "Mozilla/5.0 (iPhone; CPU iPhone OS 16_5 like Mac OS X) AppleWebKit/605.1.15 (KHTML, like Gecko) Version/16.5 Mobile/15E148 Safari/604.1"
192.168.1.10 - - [20/May/2026:18:32:27 +0000] "GET /images/logo.png HTTP/1.1" 200 3583 "-" "Mozilla/5.0 (X11; Linux x86_64) AppleWebKit/537.36 (KHTML, like Gecko) Firefox/113.0"
8.8.8.8 - - [20/May/2026:18:34:27 +0000] "GET /about HTTP/1.1" 200 2553 "-" "Mozilla/5.0 (X11; Linux x86_64) AppleWebKit/537.36 (KHTML, like Gecko) Firefox/113.0"
1.1.1.1 - - [20/May/2026:18:34:27 +0000] "GET /contact HTTP/1.1" 200 1659 "-" "Mozilla/5.0 (Macintosh; Intel Mac OS X 10_15_7) AppleWebKit/537.36 (KHTML, like Gecko) Version/16.5 Safari/537.36"
172.16.0.20 - - [20/May/2026:18:34:27 +0000] "GET /images/logo.png HTTP/1.1" 200 1590 "-" "Mozilla/5.0 (Windows NT 10.0; Win64; x64) AppleWebKit/537.36 (KHTML, like Gecko) Chrome/114.0.0.0 Safari/537.36"
192.168.1.15 - - [20/May/2026:18:35:27 +0000] "GET /assets/css/style.css HTTP/1.1" 200 3215 "-" "Mozilla/5.0 (iPhone; CPU iPhone OS 16_5 like Mac OS X) AppleWebKit/605.1.15 (KHTML, like Gecko) Version/16.5 Mobile/15E148 Safari/604.1"
172.16.0.20 - - [20/May/2026:18:35:27 +0000] "GET /index.html HTTP/1.1" 200 3207 "-" "Mozilla/5.0 (X11; Linux x86_64) AppleWebKit/537.36 (KHTML, like Gecko) Firefox/113.0"
8.8.8.8 - - [20/May/2026:18:35:27 +0000] "GET /products HTTP/1.1" 200 4263 "-" "Mozilla/5.0 (Macintosh; Intel Mac OS X 10_15_7) AppleWebKit/537.36 (KHTML, like Gecko) Version/16.5 Safari/537.36"
1.1.1.1 - - [20/May/2026:18:35:27 +0000] "GET /about HTTP/1.1" 200 1262 "-" "Mozilla/5.0 (X11; Linux x86_64) AppleWebKit/537.36 (KHTML, like Gecko) Firefox/113.0"
192.168.1.10 - - [20/May/2026:18:37:27 +0000] "GET /about HTTP/1.1" 200 3576 "-" "Mozilla/5.0 (X11; Linux x86_64) AppleWebKit/537.36 (KHTML, like Gecko) Firefox/113.0"
172.16.0.20 - - [20/May/2026:18:37:27 +0000] "GET /contact HTTP/1.1" 200 385 "-" "Mozilla/5.0 (Windows NT 10.0; Win64; x64) AppleWebKit/537.36 (KHTML, like Gecko) Chrome/114.0.0.0 Safari/537.36"
172.16.0.20 - - [20/May/2026:18:38:27 +0000] "GET /services HTTP/1.1" 200 399 "-" "Mozilla/5.0 (iPhone; CPU iPhone OS 16_5 like Mac OS X) AppleWebKit/605.1.15 (KHTML, like Gecko) Version/16.5 Mobile/15E148 Safari/604.1"
192.168.1.15 - - [20/May/2026:18:40:27 +0000] "GET / HTTP/1.1" 200 3813 "-" "Mozilla/5.0 (X11; Linux x86_64) AppleWebKit/537.36 (KHTML, like Gecko) Firefox/113.0"
1.1.1.1 - - [20/May/2026:18:40:27 +0000] "GET /assets/js/main.js HTTP/1.1" 200 1517 "-" "Mozilla/5.0 (iPhone; CPU iPhone OS 16_5 like Mac OS X) AppleWebKit/605.1.15 (KHTML, like Gecko) Version/16.5 Mobile/15E148 Safari/604.1"
1.1.1.1 - - [20/May/2026:18:40:27 +0000] "GET /services HTTP/1.1" 200 3772 "-" "Mozilla/5.0 (iPhone; CPU iPhone OS 16_5 like Mac OS X) AppleWebKit/605.1.15 (KHTML, like Gecko) Version/16.5 Mobile/15E148 Safari/604.1"
192.168.1.15 - - [20/May/2026:18:40:27 +0000] "GET /about HTTP/1.1" 200 1441 "-" "Mozilla/5.0 (Windows NT 10.0; Win64; x64) AppleWebKit/537.36 (KHTML, like Gecko) Chrome/114.0.0.0 Safari/537.36"
192.168.1.10 - - [20/May/2026:18:40:27 +0000] "GET /about HTTP/1.1" 200 3260 "-" "Mozilla/5.0 (iPhone; CPU iPhone OS 16_5 like Mac OS X) AppleWebKit/605.1.15 (KHTML, like Gecko) Version/16.5 Mobile/15E148 Safari/604.1"
172.16.0.20 - - [20/May/2026:18:41:27 +0000] "GET /products HTTP/1.1" 200 1221 "-" "Mozilla/5.0 (Windows NT 10.0; Win64; x64) AppleWebKit/537.36 (KHTML, like Gecko) Chrome/114.0.0.0 Safari/537.36"
172.16.0.20 - - [20/May/2026:18:41:27 +0000] "GET /index.html HTTP/1.1" 200 397 "-" "Mozilla/5.0 (Windows NT 10.0; Win64; x64) AppleWebKit/537.36 (KHTML, like Gecko) Chrome/114.0.0.0 Safari/537.36"
192.168.1.15 - - [20/May/2026:18:41:27 +0000] "GET /services HTTP/1.1" 200 1539 "-" "Mozilla/5.0 (Windows NT 10.0; Win64; x64) AppleWebKit/537.36 (KHTML, like Gecko) Chrome/114.0.0.0 Safari/537.36"
172.16.0.20 - - [20/May/2026:18:41:27 +0000] "GET /about HTTP/1.1" 200 2281 "-" "Mozilla/5.0 (Windows NT 10.0; Win64; x64) AppleWebKit/537.36 (KHTML, like Gecko) Chrome/114.0.0.0 Safari/537.36"
192.168.1.15 - - [20/May/2026:18:42:27 +0000] "GET /index.html HTTP/1.1" 200 1641 "-" "Mozilla/5.0 (X11; Linux x86_64) AppleWebKit/537.36 (KHTML, like Gecko) Firefox/113.0"
192.168.1.10 - - [20/May/2026:18:42:27 +0000] "GET /assets/css/style.css HTTP/1.1" 200 2054 "-" "Mozilla/5.0 (Windows NT 10.0; Win64; x64) AppleWebKit/537.36 (KHTML, like Gecko) Chrome/114.0.0.0 Safari/537.36"
192.168.1.15 - - [20/May/2026:18:42:27 +0000] "GET /index.html HTTP/1.1" 200 1657 "-" "Mozilla/5.0 (Macintosh; Intel Mac OS X 10_15_7) AppleWebKit/537.36 (KHTML, like Gecko) Version/16.5 Safari/537.36"
192.168.1.15 - - [20/May/2026:18:42:27 +0000] "GET /about HTTP/1.1" 200 2348 "-" "Mozilla/5.0 (iPhone; CPU iPhone OS 16_5 like Mac OS X) AppleWebKit/605.1.15 (KHTML, like Gecko) Version/16.5 Mobile/15E148 Safari/604.1"
1.1.1.1 - - [20/May/2026:18:42:27 +0000] "GET /assets/js/main.js HTTP/1.1" 200 381 "-" "Mozilla/5.0 (Windows NT 10.0; Win64; x64) AppleWebKit/537.36 (KHTML, like Gecko) Chrome/114.0.0.0 Safari/537.36"
10.0.0.5 - - [20/May/2026:18:43:27 +0000] "GET /assets/js/main.js HTTP/1.1" 200 2611 "-" "Mozilla/5.0 (Windows NT 10.0; Win64; x64) AppleWebKit/537.36 (KHTML, like Gecko) Chrome/114.0.0.0 Safari/537.36"
1.1.1.1 - - [20/May/2026:18:43:27 +0000] "GET /index.html HTTP/1.1" 200 3646 "-" "Mozilla/5.0 (iPhone; CPU iPhone OS 16_5 like Mac OS X) AppleWebKit/605.1.15 (KHTML, like Gecko) Version/16.5 Mobile/15E148 Safari/604.1"
10.0.0.5 - - [20/May/2026:18:43:27 +0000] "GET /about HTTP/1.1" 200 2215 "-" "Mozilla/5.0 (iPhone; CPU iPhone OS 16_5 like Mac OS X) AppleWebKit/605.1.15 (KHTML, like Gecko) Version/16.5 Mobile/15E148 Safari/604.1"
192.168.1.10 - - [20/May/2026:18:43:27 +0000] "GET /assets/css/style.css HTTP/1.1" 200 2338 "-" "Mozilla/5.0 (X11; Linux x86_64) AppleWebKit/537.36 (KHTML, like Gecko) Firefox/113.0"
192.168.1.10 - - [20/May/2026:18:44:27 +0000] "GET /assets/js/main.js HTTP/1.1" 200 654 "-" "Mozilla/5.0 (Windows NT 10.0; Win64; x64) AppleWebKit/537.36 (KHTML, like Gecko) Chrome/114.0.0.0 Safari/537.36"
8.8.8.8 - - [20/May/2026:18:45:27 +0000] "GET / HTTP/1.1" 200 2066 "-" "Mozilla/5.0 (X11; Linux x86_64) AppleWebKit/537.36 (KHTML, like Gecko) Firefox/113.0"
192.168.1.15 - - [20/May/2026:18:45:27 +0000] "GET / HTTP/1.1" 200 4184 "-" "Mozilla/5.0 (X11; Linux x86_64) AppleWebKit/537.36 (KHTML, like Gecko) Firefox/113.0"
45.33.22.11 - - [20/May/2026:18:45:27 +0000] "GET /admin HTTP/1.1" 404 2851 "-" "gobuster/3.1.0"
8.8.8.8 - - [20/May/2026:18:46:27 +0000] "GET /index.html HTTP/1.1" 200 2626 "-" "Mozilla/5.0 (X11; Linux x86_64) AppleWebKit/537.36 (KHTML, like Gecko) Firefox/113.0"
8.8.8.8 - - [20/May/2026:18:46:27 +0000] "GET /contact HTTP/1.1" 200 357 "-" "Mozilla/5.0 (X11; Linux x86_64) AppleWebKit/537.36 (KHTML, like Gecko) Firefox/113.0"
10.0.0.5 - - [20/May/2026:18:46:27 +0000] "GET /services HTTP/1.1" 200 2891 "-" "Mozilla/5.0 (iPhone; CPU iPhone OS 16_5 like Mac OS X) AppleWebKit/605.1.15 (KHTML, like Gecko) Version/16.5 Mobile/15E148 Safari/604.1"
192.168.1.10 - - [20/May/2026:18:47:27 +0000] "GET /products HTTP/1.1" 200 2191 "-" "Mozilla/5.0 (X11; Linux x86_64) AppleWebKit/537.36 (KHTML, like Gecko) Firefox/113.0"
192.168.1.10 - - [20/May/2026:18:47:27 +0000] "GET /images/logo.png HTTP/1.1" 200 4980 "-" "Mozilla/5.0 (X11; Linux x86_64) AppleWebKit/537.36 (KHTML, like Gecko) Firefox/113.0"
172.16.0.20 - - [20/May/2026:18:47:27 +0000] "GET /services HTTP/1.1" 200 3528 "-" "Mozilla/5.0 (Windows NT 10.0; Win64; x64) AppleWebKit/537.36 (KHTML, like Gecko) Chrome/114.0.0.0 Safari/537.36"
8.8.8.8 - - [20/May/2026:18:48:27 +0000] "GET /products HTTP/1.1" 200 367 "-" "Mozilla/5.0 (Macintosh; Intel Mac OS X 10_15_7) AppleWebKit/537.36 (KHTML, like Gecko) Version/16.5 Safari/537.36"
45.33.22.11 - - [20/May/2026:18:48:27 +0000] "GET /phpmyadmin HTTP/1.1" 404 321 "-" "gobuster/3.1.0"
185.220.101.5 - - [20/May/2026:18:48:27 +0000] "GET /api/v1/user/1701 HTTP/1.1" 403 2042 "-" "Mozilla/5.0 (Windows NT 10.0; Win64; x64) AppleWebKit/537.36 (KHTML, like Gecko) Chrome/91.0.4472.124 Safari/537.36"
185.220.101.5 - - [20/May/2026:18:48:27 +0000] "GET /api/v1/user/9429 HTTP/1.1" 403 4413 "-" "Mozilla/5.0 (Windows NT 10.0; Win64; x64) AppleWebKit/537.36 (KHTML, like Gecko) Chrome/91.0.4472.124 Safari/537.36"
1.1.1.1 - - [20/May/2026:18:49:27 +0000] "GET /contact HTTP/1.1" 200 473 "-" "Mozilla/5.0 (X11; Linux x86_64) AppleWebKit/537.36 (KHTML, like Gecko) Firefox/113.0"
8.8.8.8 - - [20/May/2026:18:49:27 +0000] "GET /assets/css/style.css HTTP/1.1" 200 3037 "-" "Mozilla/5.0 (Macintosh; Intel Mac OS X 10_15_7) AppleWebKit/537.36 (KHTML, like Gecko) Version/16.5 Safari/537.36"
192.168.1.15 - - [20/May/2026:18:49:27 +0000] "GET / HTTP/1.1" 200 687 "-" "Mozilla/5.0 (Macintosh; Intel Mac OS X 10_15_7) AppleWebKit/537.36 (KHTML, like Gecko) Version/16.5 Safari/537.36"
8.8.8.8 - - [20/May/2026:18:49:27 +0000] "GET /images/logo.png HTTP/1.1" 200 4844 "-" "Mozilla/5.0 (Macintosh; Intel Mac OS X 10_15_7) AppleWebKit/537.36 (KHTML, like Gecko) Version/16.5 Safari/537.36"
1.1.1.1 - - [20/May/2026:18:50:27 +0000] "GET /index.html HTTP/1.1" 200 989 "-" "Mozilla/5.0 (Windows NT 10.0; Win64; x64) AppleWebKit/537.36 (KHTML, like Gecko) Chrome/114.0.0.0 Safari/537.36"
10.0.0.5 - - [20/May/2026:18:50:27 +0000] "GET / HTTP/1.1" 200 4140 "-" "Mozilla/5.0 (Windows NT 10.0; Win64; x64) AppleWebKit/537.36 (KHTML, like Gecko) Chrome/114.0.0.0 Safari/537.36"
185.220.101.5 - - [20/May/2026:18:50:27 +0000] "GET /api/v1/user/3304 HTTP/1.1" 403 2660 "-" "Mozilla/5.0 (Windows NT 10.0; Win64; x64) AppleWebKit/537.36 (KHTML, like Gecko) Chrome/91.0.4472.124 Safari/537.36"
192.168.1.10 - - [20/May/2026:18:51:27 +0000] "GET /services HTTP/1.1" 200 605 "-" "Mozilla/5.0 (X11; Linux x86_64) AppleWebKit/537.36 (KHTML, like Gecko) Firefox/113.0"
8.8.8.8 - - [20/May/2026:18:51:27 +0000] "GET /assets/css/style.css HTTP/1.1" 200 3973 "-" "Mozilla/5.0 (X11; Linux x86_64) AppleWebKit/537.36 (KHTML, like Gecko) Firefox/113.0"
192.168.1.10 - - [20/May/2026:18:52:27 +0000] "GET /assets/css/style.css HTTP/1.1" 200 4864 "-" "Mozilla/5.0 (Macintosh; Intel Mac OS X 10_15_7) AppleWebKit/537.36 (KHTML, like Gecko) Version/16.5 Safari/537.36"
172.16.0.20 - - [20/May/2026:18:52:27 +0000] "GET /assets/css/style.css HTTP/1.1" 200 540 "-" "Mozilla/5.0 (Macintosh; Intel Mac OS X 10_15_7) AppleWebKit/537.36 (KHTML, like Gecko) Version/16.5 Safari/537.36"
10.0.0.5 - - [20/May/2026:18:52:27 +0000] "GET /contact HTTP/1.1" 200 4528 "-" "Mozilla/5.0 (X11; Linux x86_64) AppleWebKit/537.36 (KHTML, like Gecko) Firefox/113.0"
8.8.8.8 - - [20/May/2026:18:53:27 +0000] "GET /blog HTTP/1.1" 200 607 "-" "Mozilla/5.0 (X11; Linux x86_64) AppleWebKit/537.36 (KHTML, like Gecko) Firefox/113.0"
10.0.0.5 - - [20/May/2026:18:53:27 +0000] "GET / HTTP/1.1" 200 4672 "-" "Mozilla/5.0 (Macintosh; Intel Mac OS X 10_15_7) AppleWebKit/537.36 (KHTML, like Gecko) Version/16.5 Safari/537.36"
172.16.0.20 - - [20/May/2026:18:53:27 +0000] "GET / HTTP/1.1" 200 3680 "-" "Mozilla/5.0 (Windows NT 10.0; Win64; x64) AppleWebKit/537.36 (KHTML, like Gecko) Chrome/114.0.0.0 Safari/537.36"
91.214.124.55 - - [20/May/2026:18:53:27 +0000] "GET /cgi-bin/php.fcgi?%2d%64+%61%6c%6c%6f%77%5f%75%72%6c%5f%69%6e%63%6c%75%64%65%3d%6f%6e HTTP/1.1" 200 3683 "-" "Mozilla/5.0 (compatible; MSIE 9.0; Windows NT 6.1; Trident/5.0)"
10.0.0.5 - - [20/May/2026:18:54:27 +0000] "GET /products HTTP/1.1" 200 3072 "-" "Mozilla/5.0 (Macintosh; Intel Mac OS X 10_15_7) AppleWebKit/537.36 (KHTML, like Gecko) Version/16.5 Safari/537.36"
185.220.101.5 - - [20/May/2026:18:54:27 +0000] "GET /api/v1/user/3391 HTTP/1.1" 403 985 "-" "Mozilla/5.0 (Windows NT 10.0; Win64; x64) AppleWebKit/537.36 (KHTML, like Gecko) Chrome/91.0.4472.124 Safari/537.36"
8.8.8.8 - - [20/May/2026:18:55:27 +0000] "GET / HTTP/1.1" 200 2391 "-" "Mozilla/5.0 (Macintosh; Intel Mac OS X 10_15_7) AppleWebKit/537.36 (KHTML, like Gecko) Version/16.5 Safari/537.36"
172.16.0.20 - - [20/May/2026:18:55:27 +0000] "GET /assets/js/main.js HTTP/1.1" 200 3805 "-" "Mozilla/5.0 (Macintosh; Intel Mac OS X 10_15_7) AppleWebKit/537.36 (KHTML, like Gecko) Version/16.5 Safari/537.36"
8.8.8.8 - - [20/May/2026:18:55:27 +0000] "GET /services HTTP/1.1" 200 2192 "-" "Mozilla/5.0 (X11; Linux x86_64) AppleWebKit/537.36 (KHTML, like Gecko) Firefox/113.0"
192.168.1.10 - - [20/May/2026:18:55:27 +0000] "GET /images/logo.png HTTP/1.1" 200 1509 "-" "Mozilla/5.0 (Macintosh; Intel Mac OS X 10_15_7) AppleWebKit/537.36 (KHTML, like Gecko) Version/16.5 Safari/537.36"
8.8.8.8 - - [20/May/2026:18:56:27 +0000] "GET /products HTTP/1.1" 200 4238 "-" "Mozilla/5.0 (Macintosh; Intel Mac OS X 10_15_7) AppleWebKit/537.36 (KHTML, like Gecko) Version/16.5 Safari/537.36"
1.1.1.1 - - [20/May/2026:18:57:27 +0000] "GET / HTTP/1.1" 200 2080 "-" "Mozilla/5.0 (X11; Linux x86_64) AppleWebKit/537.36 (KHTML, like Gecko) Firefox/113.0"
10.0.0.5 - - [20/May/2026:18:57:27 +0000] "GET / HTTP/1.1" 200 1210 "-" "Mozilla/5.0 (X11; Linux x86_64) AppleWebKit/537.36 (KHTML, like Gecko) Firefox/113.0"
192.168.1.15 - - [20/May/2026:18:57:27 +0000] "GET /services HTTP/1.1" 200 2451 "-" "Mozilla/5.0 (Macintosh; Intel Mac OS X 10_15_7) AppleWebKit/537.36 (KHTML, like Gecko) Version/16.5 Safari/537.36"
192.168.1.15 - - [20/May/2026:18:57:27 +0000] "GET /assets/css/style.css HTTP/1.1" 200 1738 "-" "Mozilla/5.0 (iPhone; CPU iPhone OS 16_5 like Mac OS X) AppleWebKit/605.1.15 (KHTML, like Gecko) Version/16.5 Mobile/15E148 Safari/604.1"
172.16.0.20 - - [20/May/2026:18:58:27 +0000] "GET /services HTTP/1.1" 200 1475 "-" "Mozilla/5.0 (iPhone; CPU iPhone OS 16_5 like Mac OS X) AppleWebKit/605.1.15 (KHTML, like Gecko) Version/16.5 Mobile/15E148 Safari/604.1"
192.168.1.10 - - [20/May/2026:18:58:27 +0000] "GET / HTTP/1.1" 200 3445 "-" "Mozilla/5.0 (Windows NT 10.0; Win64; x64) AppleWebKit/537.36 (KHTML, like Gecko) Chrome/114.0.0.0 Safari/537.36"
192.168.1.15 - - [20/May/2026:18:59:27 +0000] "GET /about HTTP/1.1" 200 2472 "-" "Mozilla/5.0 (X11; Linux x86_64) AppleWebKit/537.36 (KHTML, like Gecko) Firefox/113.0"
1.1.1.1 - - [20/May/2026:18:59:27 +0000] "GET /assets/js/main.js HTTP/1.1" 200 1790 "-" "Mozilla/5.0 (Windows NT 10.0; Win64; x64) AppleWebKit/537.36 (KHTML, like Gecko) Chrome/114.0.0.0 Safari/537.36"
1.1.1.1 - - [20/May/2026:19:00:27 +0000] "GET /images/logo.png HTTP/1.1" 200 2496 "-" "Mozilla/5.0 (X11; Linux x86_64) AppleWebKit/537.36 (KHTML, like Gecko) Firefox/113.0"
8.8.8.8 - - [20/May/2026:19:00:27 +0000] "GET /about HTTP/1.1" 200 4002 "-" "Mozilla/5.0 (iPhone; CPU iPhone OS 16_5 like Mac OS X) AppleWebKit/605.1.15 (KHTML, like Gecko) Version/16.5 Mobile/15E148 Safari/604.1"
8.8.8.8 - - [20/May/2026:19:00:27 +0000] "GET /contact HTTP/1.1" 200 1704 "-" "Mozilla/5.0 (Macintosh; Intel Mac OS X 10_15_7) AppleWebKit/537.36 (KHTML, like Gecko) Version/16.5 Safari/537.36"
45.33.22.11 - - [20/May/2026:19:00:27 +0000] "GET /admin HTTP/1.1" 404 1828 "-" "gobuster/3.1.0"
8.8.8.8 - - [20/May/2026:19:01:27 +0000] "GET /index.html HTTP/1.1" 200 2426 "-" "Mozilla/5.0 (Macintosh; Intel Mac OS X 10_15_7) AppleWebKit/537.36 (KHTML, like Gecko) Version/16.5 Safari/537.36"
172.16.0.20 - - [20/May/2026:19:02:27 +0000] "GET /blog HTTP/1.1" 200 616 "-" "Mozilla/5.0 (Macintosh; Intel Mac OS X 10_15_7) AppleWebKit/537.36 (KHTML, like Gecko) Version/16.5 Safari/537.36"
192.168.1.10 - - [20/May/2026:19:02:27 +0000] "GET /contact HTTP/1.1" 200 4640 "-" "Mozilla/5.0 (Windows NT 10.0; Win64; x64) AppleWebKit/537.36 (KHTML, like Gecko) Chrome/114.0.0.0 Safari/537.36"
10.0.0.5 - - [20/May/2026:19:02:27 +0000] "GET /contact HTTP/1.1" 200 1846 "-" "Mozilla/5.0 (Windows NT 10.0; Win64; x64) AppleWebKit/537.36 (KHTML, like Gecko) Chrome/114.0.0.0 Safari/537.36"
10.0.0.5 - - [20/May/2026:19:03:27 +0000] "GET /assets/css/style.css HTTP/1.1" 200 3473 "-" "Mozilla/5.0 (Macintosh; Intel Mac OS X 10_15_7) AppleWebKit/537.36 (KHTML, like Gecko) Version/16.5 Safari/537.36"
8.8.8.8 - - [20/May/2026:19:03:27 +0000] "GET /products HTTP/1.1" 200 1664 "-" "Mozilla/5.0 (iPhone; CPU iPhone OS 16_5 like Mac OS X) AppleWebKit/605.1.15 (KHTML, like Gecko) Version/16.5 Mobile/15E148 Safari/604.1"
172.16.0.20 - - [20/May/2026:19:03:27 +0000] "GET /about HTTP/1.1" 200 3282 "-" "Mozilla/5.0 (Windows NT 10.0; Win64; x64) AppleWebKit/537.36 (KHTML, like Gecko) Chrome/114.0.0.0 Safari/537.36"
192.168.1.15 - - [20/May/2026:19:03:27 +0000] "GET /blog HTTP/1.1" 200 1278 "-" "Mozilla/5.0 (Windows NT 10.0; Win64; x64) AppleWebKit/537.36 (KHTML, like Gecko) Chrome/114.0.0.0 Safari/537.36"
185.220.101.5 - - [20/May/2026:19:03:27 +0000] "GET /api/v1/user/2660 HTTP/1.1" 403 2809 "-" "Mozilla/5.0 (Windows NT 10.0; Win64; x64) AppleWebKit/537.36 (KHTML, like Gecko) Chrome/91.0.4472.124 Safari/537.36"
185.220.101.5 - - [20/May/2026:19:03:27 +0000] "GET /api/v1/user/5578 HTTP/1.1" 403 309 "-" "Mozilla/5.0 (Windows NT 10.0; Win64; x64) AppleWebKit/537.36 (KHTML, like Gecko) Chrome/91.0.4472.124 Safari/537.36"
10.0.0.5 - - [20/May/2026:19:04:27 +0000] "GET /assets/css/style.css HTTP/1.1" 200 2486 "-" "Mozilla/5.0 (X11; Linux x86_64) AppleWebKit/537.36 (KHTML, like Gecko) Firefox/113.0"
192.168.1.10 - - [20/May/2026:19:04:27 +0000] "GET /blog HTTP/1.1" 200 1602 "-" "Mozilla/5.0 (Windows NT 10.0; Win64; x64) AppleWebKit/537.36 (KHTML, like Gecko) Chrome/114.0.0.0 Safari/537.36"
8.8.8.8 - - [20/May/2026:19:04:27 +0000] "GET /contact HTTP/1.1" 200 895 "-" "Mozilla/5.0 (iPhone; CPU iPhone OS 16_5 like Mac OS X) AppleWebKit/605.1.15 (KHTML, like Gecko) Version/16.5 Mobile/15E148 Safari/604.1"
192.168.1.10 - - [20/May/2026:19:05:27 +0000] "GET /contact HTTP/1.1" 200 2225 "-" "Mozilla/5.0 (X11; Linux x86_64) AppleWebKit/537.36 (KHTML, like Gecko) Firefox/113.0"
10.0.0.5 - - [20/May/2026:19:05:27 +0000] "GET /blog HTTP/1.1" 200 1194 "-" "Mozilla/5.0 (Macintosh; Intel Mac OS X 10_15_7) AppleWebKit/537.36 (KHTML, like Gecko) Version/16.5 Safari/537.36"
192.168.1.10 - - [20/May/2026:19:06:27 +0000] "GET /index.html HTTP/1.1" 200 3047 "-" "Mozilla/5.0 (X11; Linux x86_64) AppleWebKit/537.36 (KHTML, like Gecko) Firefox/113.0"
192.168.1.10 - - [20/May/2026:19:06:27 +0000] "GET / HTTP/1.1" 200 4330 "-" "Mozilla/5.0 (Macintosh; Intel Mac OS X 10_15_7) AppleWebKit/537.36 (KHTML, like Gecko) Version/16.5 Safari/537.36"
185.220.101.5 - - [20/May/2026:19:07:27 +0000] "GET /api/v1/user/8539 HTTP/1.1" 403 713 "-" "Mozilla/5.0 (Windows NT 10.0; Win64; x64) AppleWebKit/537.36 (KHTML, like Gecko) Chrome/91.0.4472.124 Safari/537.36"
8.8.8.8 - - [20/May/2026:19:08:27 +0000] "GET /index.html HTTP/1.1" 200 1337 "-" "Mozilla/5.0 (Macintosh; Intel Mac OS X 10_15_7) AppleWebKit/537.36 (KHTML, like Gecko) Version/16.5 Safari/537.36"
10.0.0.5 - - [20/May/2026:19:08:27 +0000] "GET /assets/js/main.js HTTP/1.1" 200 487 "-" "Mozilla/5.0 (X11; Linux x86_64) AppleWebKit/537.36 (KHTML, like Gecko) Firefox/113.0"
192.168.1.10 - - [20/May/2026:19:08:27 +0000] "GET / HTTP/1.1" 200 2795 "-" "Mozilla/5.0 (X11; Linux x86_64) AppleWebKit/537.36 (KHTML, like Gecko) Firefox/113.0"
172.16.0.20 - - [20/May/2026:19:08:27 +0000] "GET /services HTTP/1.1" 200 2881 "-" "Mozilla/5.0 (iPhone; CPU iPhone OS 16_5 like Mac OS X) AppleWebKit/605.1.15 (KHTML, like Gecko) Version/16.5 Mobile/15E148 Safari/604.1"
185.220.101.5 - - [20/May/2026:19:09:27 +0000] "GET /api/v1/user/4117 HTTP/1.1" 403 4425 "-" "Mozilla/5.0 (Windows NT 10.0; Win64; x64) AppleWebKit/537.36 (KHTML, like Gecko) Chrome/91.0.4472.124 Safari/537.36"
192.168.1.10 - - [20/May/2026:19:10:27 +0000] "GET /products HTTP/1.1" 200 2396 "-" "Mozilla/5.0 (Windows NT 10.0; Win64; x64) AppleWebKit/537.36 (KHTML, like Gecko) Chrome/114.0.0.0 Safari/537.36"
172.16.0.20 - - [20/May/2026:19:10:27 +0000] "GET / HTTP/1.1" 200 1165 "-" "Mozilla/5.0 (iPhone; CPU iPhone OS 16_5 like Mac OS X) AppleWebKit/605.1.15 (KHTML, like Gecko) Version/16.5 Mobile/15E148 Safari/604.1"
172.16.0.20 - - [20/May/2026:19:10:27 +0000] "GET /images/logo.png HTTP/1.1" 200 3986 "-" "Mozilla/5.0 (iPhone; CPU iPhone OS 16_5 like Mac OS X) AppleWebKit/605.1.15 (KHTML, like Gecko) Version/16.5 Mobile/15E148 Safari/604.1"
8.8.8.8 - - [20/May/2026:19:11:27 +0000] "GET /about HTTP/1.1" 200 1345 "-" "Mozilla/5.0 (Macintosh; Intel Mac OS X 10_15_7) AppleWebKit/537.36 (KHTML, like Gecko) Version/16.5 Safari/537.36"
1.1.1.1 - - [20/May/2026:19:11:27 +0000] "GET /contact HTTP/1.1" 200 2029 "-" "Mozilla/5.0 (iPhone; CPU iPhone OS 16_5 like Mac OS X) AppleWebKit/605.1.15 (KHTML, like Gecko) Version/16.5 Mobile/15E148 Safari/604.1"
45.33.22.11 - - [20/May/2026:19:11:27 +0000] "GET /wp-admin HTTP/1.1" 404 4729 "-" "gobuster/3.1.0"
185.220.101.5 - - [20/May/2026:19:11:27 +0000] "GET /api/v1/user/3349 HTTP/1.1" 403 4934 "-" "Mozilla/5.0 (Windows NT 10.0; Win64; x64) AppleWebKit/537.36 (KHTML, like Gecko) Chrome/91.0.4472.124 Safari/537.36"
172.16.0.20 - - [20/May/2026:19:12:27 +0000] "GET /products HTTP/1.1" 200 4672 "-" "Mozilla/5.0 (X11; Linux x86_64) AppleWebKit/537.36 (KHTML, like Gecko) Firefox/113.0"
1.1.1.1 - - [20/May/2026:19:12:27 +0000] "GET /index.html HTTP/1.1" 200 1890 "-" "Mozilla/5.0 (Windows NT 10.0; Win64; x64) AppleWebKit/537.36 (KHTML, like Gecko) Chrome/114.0.0.0 Safari/537.36"
8.8.8.8 - - [20/May/2026:19:14:27 +0000] "GET / HTTP/1.1" 200 3266 "-" "Mozilla/5.0 (X11; Linux x86_64) AppleWebKit/537.36 (KHTML, like Gecko) Firefox/113.0"
1.1.1.1 - - [20/May/2026:19:14:27 +0000] "GET /assets/css/style.css HTTP/1.1" 200 3069 "-" "Mozilla/5.0 (Macintosh; Intel Mac OS X 10_15_7) AppleWebKit/537.36 (KHTML, like Gecko) Version/16.5 Safari/537.36"
192.168.1.10 - - [20/May/2026:19:15:27 +0000] "GET /assets/css/style.css HTTP/1.1" 200 1699 "-" "Mozilla/5.0 (Windows NT 10.0; Win64; x64) AppleWebKit/537.36 (KHTML, like Gecko) Chrome/114.0.0.0 Safari/537.36"
172.16.0.20 - - [20/May/2026:19:15:27 +0000] "GET /blog HTTP/1.1" 200 1490 "-" "Mozilla/5.0 (Windows NT 10.0; Win64; x64) AppleWebKit/537.36 (KHTML, like Gecko) Chrome/114.0.0.0 Safari/537.36"
192.168.1.15 - - [20/May/2026:19:15:27 +0000] "GET /index.html HTTP/1.1" 200 4728 "-" "Mozilla/5.0 (X11; Linux x86_64) AppleWebKit/537.36 (KHTML, like Gecko) Firefox/113.0"
1.1.1.1 - - [20/May/2026:19:15:27 +0000] "GET /products HTTP/1.1" 200 2910 "-" "Mozilla/5.0 (Macintosh; Intel Mac OS X 10_15_7) AppleWebKit/537.36 (KHTML, like Gecko) Version/16.5 Safari/537.36"
45.33.22.11 - - [20/May/2026:19:15:27 +0000] "GET /backup HTTP/1.1" 404 401 "-" "gobuster/3.1.0"
8.8.8.8 - - [20/May/2026:19:16:27 +0000] "GET /assets/js/main.js HTTP/1.1" 200 2009 "-" "Mozilla/5.0 (X11; Linux x86_64) AppleWebKit/537.36 (KHTML, like Gecko) Firefox/113.0"
192.168.1.10 - - [20/May/2026:19:17:27 +0000] "GET /contact HTTP/1.1" 200 3742 "-" "Mozilla/5.0 (iPhone; CPU iPhone OS 16_5 like Mac OS X) AppleWebKit/605.1.15 (KHTML, like Gecko) Version/16.5 Mobile/15E148 Safari/604.1"
172.16.0.20 - - [20/May/2026:19:17:27 +0000] "GET /assets/js/main.js HTTP/1.1" 200 1248 "-" "Mozilla/5.0 (iPhone; CPU iPhone OS 16_5 like Mac OS X) AppleWebKit/605.1.15 (KHTML, like Gecko) Version/16.5 Mobile/15E148 Safari/604.1"
10.0.0.5 - - [20/May/2026:19:17:27 +0000] "GET /assets/css/style.css HTTP/1.1" 200 1819 "-" "Mozilla/5.0 (Macintosh; Intel Mac OS X 10_15_7) AppleWebKit/537.36 (KHTML, like Gecko) Version/16.5 Safari/537.36"
8.8.8.8 - - [20/May/2026:19:18:27 +0000] "GET / HTTP/1.1" 200 3749 "-" "Mozilla/5.0 (X11; Linux x86_64) AppleWebKit/537.36 (KHTML, like Gecko) Firefox/113.0"
172.16.0.20 - - [20/May/2026:19:18:27 +0000] "GET /blog HTTP/1.1" 200 3377 "-" "Mozilla/5.0 (X11; Linux x86_64) AppleWebKit/537.36 (KHTML, like Gecko) Firefox/113.0"
45.33.22.11 - - [20/May/2026:19:18:27 +0000] "GET /wp-admin HTTP/1.1" 404 959 "-" "gobuster/3.1.0"
172.16.0.20 - - [20/May/2026:19:19:27 +0000] "GET / HTTP/1.1" 200 1244 "-" "Mozilla/5.0 (X11; Linux x86_64) AppleWebKit/537.36 (KHTML, like Gecko) Firefox/113.0"
1.1.1.1 - - [20/May/2026:19:19:27 +0000] "GET /services HTTP/1.1" 200 4768 "-" "Mozilla/5.0 (X11; Linux x86_64) AppleWebKit/537.36 (KHTML, like Gecko) Firefox/113.0"
192.168.1.10 - - [20/May/2026:19:20:27 +0000] "GET /products HTTP/1.1" 200 3423 "-" "Mozilla/5.0 (Windows NT 10.0; Win64; x64) AppleWebKit/537.36 (KHTML, like Gecko) Chrome/114.0.0.0 Safari/537.36"
91.214.124.55 - - [20/May/2026:19:20:27 +0000] "GET /cgi-bin/php.fcgi?%2d%64+%61%6c%6c%6f%77%5f%75%72%6c%5f%69%6e%63%6c%75%64%65%3d%6f%6e HTTP/1.1" 200 3804 "-" "Mozilla/5.0 (compatible; MSIE 9.0; Windows NT 6.1; Trident/5.0)"
185.220.101.5 - - [20/May/2026:19:21:27 +0000] "GET /api/v1/user/3444 HTTP/1.1" 403 4616 "-" "Mozilla/5.0 (Windows NT 10.0; Win64; x64) AppleWebKit/537.36 (KHTML, like Gecko) Chrome/91.0.4472.124 Safari/537.36"
91.214.124.55 - - [20/May/2026:19:21:27 +0000] "GET /../../etc/passwd HTTP/1.1" 400 2966 "-" "Mozilla/5.0 (compatible; MSIE 9.0; Windows NT 6.1; Trident/5.0)"
8.8.8.8 - - [20/May/2026:19:22:27 +0000] "GET /products HTTP/1.1" 200 3039 "-" "Mozilla/5.0 (X11; Linux x86_64) AppleWebKit/537.36 (KHTML, like Gecko) Firefox/113.0"
8.8.8.8 - - [20/May/2026:19:23:27 +0000] "GET /services HTTP/1.1" 200 4480 "-" "Mozilla/5.0 (Macintosh; Intel Mac OS X 10_15_7) AppleWebKit/537.36 (KHTML, like Gecko) Version/16.5 Safari/537.36"
10.0.0.5 - - [20/May/2026:19:23:27 +0000] "GET /index.html HTTP/1.1" 200 1578 "-" "Mozilla/5.0 (X11; Linux x86_64) AppleWebKit/537.36 (KHTML, like Gecko) Firefox/113.0"
8.8.8.8 - - [20/May/2026:19:23:27 +0000] "GET /products HTTP/1.1" 200 3555 "-" "Mozilla/5.0 (Windows NT 10.0; Win64; x64) AppleWebKit/537.36 (KHTML, like Gecko) Chrome/114.0.0.0 Safari/537.36"
10.0.0.5 - - [20/May/2026:19:23:27 +0000] "GET /services HTTP/1.1" 200 2969 "-" "Mozilla/5.0 (iPhone; CPU iPhone OS 16_5 like Mac OS X) AppleWebKit/605.1.15 (KHTML, like Gecko) Version/16.5 Mobile/15E148 Safari/604.1"
45.33.22.11 - - [20/May/2026:19:23:27 +0000] "GET /admin HTTP/1.1" 404 4291 "-" "gobuster/3.1.0"
1.1.1.1 - - [20/May/2026:19:24:27 +0000] "GET /about HTTP/1.1" 200 3487 "-" "Mozilla/5.0 (X11; Linux x86_64) AppleWebKit/537.36 (KHTML, like Gecko) Firefox/113.0"
10.0.0.5 - - [20/May/2026:19:25:27 +0000] "GET /images/logo.png HTTP/1.1" 200 2781 "-" "Mozilla/5.0 (X11; Linux x86_64) AppleWebKit/537.36 (KHTML, like Gecko) Firefox/113.0"
192.168.1.10 - - [20/May/2026:19:25:27 +0000] "GET /products HTTP/1.1" 200 3297 "-" "Mozilla/5.0 (X11; Linux x86_64) AppleWebKit/537.36 (KHTML, like Gecko) Firefox/113.0"
1.1.1.1 - - [20/May/2026:19:25:27 +0000] "GET /services HTTP/1.1" 200 323 "-" "Mozilla/5.0 (iPhone; CPU iPhone OS 16_5 like Mac OS X) AppleWebKit/605.1.15 (KHTML, like Gecko) Version/16.5 Mobile/15E148 Safari/604.1"
8.8.8.8 - - [20/May/2026:19:26:27 +0000] "GET /images/logo.png HTTP/1.1" 200 1949 "-" "Mozilla/5.0 (X11; Linux x86_64) AppleWebKit/537.36 (KHTML, like Gecko) Firefox/113.0"
10.0.0.5 - - [20/May/2026:19:26:27 +0000] "GET / HTTP/1.1" 200 854 "-" "Mozilla/5.0 (X11; Linux x86_64) AppleWebKit/537.36 (KHTML, like Gecko) Firefox/113.0"
192.168.1.15 - - [20/May/2026:19:28:27 +0000] "GET /products HTTP/1.1" 200 2187 "-" "Mozilla/5.0 (Windows NT 10.0; Win64; x64) AppleWebKit/537.36 (KHTML, like Gecko) Chrome/114.0.0.0 Safari/537.36"
10.0.0.5 - - [20/May/2026:19:28:27 +0000] "GET / HTTP/1.1" 200 383 "-" "Mozilla/5.0 (Windows NT 10.0; Win64; x64) AppleWebKit/537.36 (KHTML, like Gecko) Chrome/114.0.0.0 Safari/537.36"
1.1.1.1 - - [20/May/2026:19:28:27 +0000] "GET /about HTTP/1.1" 200 3409 "-" "Mozilla/5.0 (X11; Linux x86_64) AppleWebKit/537.36 (KHTML, like Gecko) Firefox/113.0"
91.214.124.55 - - [20/May/2026:19:28:27 +0000] "GET /index.php?id=1' OR '1'='1 HTTP/1.1" 200 1206 "-" "Mozilla/5.0 (compatible; MSIE 9.0; Windows NT 6.1; Trident/5.0)"
1.1.1.1 - - [20/May/2026:19:29:27 +0000] "GET /products HTTP/1.1" 200 1586 "-" "Mozilla/5.0 (Windows NT 10.0; Win64; x64) AppleWebKit/537.36 (KHTML, like Gecko) Chrome/114.0.0.0 Safari/537.36"
8.8.8.8 - - [20/May/2026:19:29:27 +0000] "GET /contact HTTP/1.1" 200 1987 "-" "Mozilla/5.0 (Windows NT 10.0; Win64; x64) AppleWebKit/537.36 (KHTML, like Gecko) Chrome/114.0.0.0 Safari/537.36"
172.16.0.20 - - [20/May/2026:19:29:27 +0000] "GET /about HTTP/1.1" 200 2546 "-" "Mozilla/5.0 (Macintosh; Intel Mac OS X 10_15_7) AppleWebKit/537.36 (KHTML, like Gecko) Version/16.5 Safari/537.36"
10.0.0.5 - - [20/May/2026:19:30:27 +0000] "GET /blog HTTP/1.1" 200 1866 "-" "Mozilla/5.0 (X11; Linux x86_64) AppleWebKit/537.36 (KHTML, like Gecko) Firefox/113.0"
10.0.0.5 - - [20/May/2026:19:30:27 +0000] "GET / HTTP/1.1" 200 1036 "-" "Mozilla/5.0 (Macintosh; Intel Mac OS X 10_15_7) AppleWebKit/537.36 (KHTML, like Gecko) Version/16.5 Safari/537.36"
192.168.1.10 - - [20/May/2026:19:31:27 +0000] "GET / HTTP/1.1" 200 716 "-" "Mozilla/5.0 (Macintosh; Intel Mac OS X 10_15_7) AppleWebKit/537.36 (KHTML, like Gecko) Version/16.5 Safari/537.36"
10.0.0.5 - - [20/May/2026:19:31:27 +0000] "GET /services HTTP/1.1" 200 1857 "-" "Mozilla/5.0 (Windows NT 10.0; Win64; x64) AppleWebKit/537.36 (KHTML, like Gecko) Chrome/114.0.0.0 Safari/537.36"
1.1.1.1 - - [20/May/2026:19:31:27 +0000] "GET /images/logo.png HTTP/1.1" 200 1516 "-" "Mozilla/5.0 (X11; Linux x86_64) AppleWebKit/537.36 (KHTML, like Gecko) Firefox/113.0"
1.1.1.1 - - [20/May/2026:19:32:27 +0000] "GET /images/logo.png HTTP/1.1" 200 2972 "-" "Mozilla/5.0 (X11; Linux x86_64) AppleWebKit/537.36 (KHTML, like Gecko) Firefox/113.0"
