192.168.1.10 - - [21/May/2026:03:10:27 +0000] "GET /blog HTTP/1.1" 200 3882 "-" "Mozilla/5.0 (Windows NT 10.0; Win64; x64) AppleWebKit/537.36 (KHTML, like Gecko) Chrome/114.0.0.0 Safari/537.36"
8.8.8.8 - - [21/May/2026:03:10:27 +0000] "GET /contact HTTP/1.1" 200 3147 "-" "Mozilla/5.0 (Macintosh; Intel Mac OS X 10_15_7) AppleWebKit/537.36 (KHTML, like Gecko) Version/16.5 Safari/537.36"
8.8.8.8 - - [21/May/2026:03:10:27 +0000] "GET /assets/js/main.js HTTP/1.1" 200 4876 "-" "Mozilla/5.0 (X11; Linux x86_64) AppleWebKit/537.36 (KHTML, like Gecko) Firefox/113.0"
192.168.1.10 - - [21/May/2026:03:10:27 +0000] "GET /assets/js/main.js HTTP/1.1" 200 2267 "-" "Mozilla/5.0 (iPhone; CPU iPhone OS 16_5 like Mac OS X) AppleWebKit/605.1.15 (KHTML, like Gecko) Version/16.5 Mobile/15E148 Safari/604.1"
10.0.0.5 - - [21/May/2026:03:10:27 +0000] "GET /images/logo.png HTTP/1.1" 200 212 "-" "Mozilla/5.0 (iPhone; CPU iPhone OS 16_5 like Mac OS X) AppleWebKit/605.1.15 (KHTML, like Gecko) Version/16.5 Mobile/15E148 Safari/604.1"
8.8.8.8 - - [21/May/2026:03:10:27 +0000] "GET /assets/js/main.js HTTP/1.1" 200 3876 "-" "Mozilla/5.0 (Windows NT 10.0; Win64; x64) AppleWebKit/537.36 (KHTML, like Gecko) Chrome/114.0.0.0 Safari/537.36"
45.33.22.11 - - [21/May/2026:03:10:27 +0000] "GET /phpmyadmin HTTP/1.1" 404 1874 "-" "gobuster/3.1.0"
8.8.8.8 - - [21/May/2026:03:12:27 +0000] "GET /index.html HTTP/1.1" 200 2020 "-" "Mozilla/5.0 (Windows NT 10.0; Win64; x64) AppleWebKit/537.36 (KHTML, like Gecko) Chrome/114.0.0.0 Safari/537.36"
172.16.0.20 - - [21/May/2026:03:12:27 +0000] "GET /assets/css/style.css HTTP/1.1" 200 847 "-" "Mozilla/5.0 (Macintosh; Intel Mac OS X 10_15_7) AppleWebKit/537.36 (KHTML, like Gecko) Version/16.5 Safari/537.36"
192.168.1.15 - - [21/May/2026:03:12:27 +0000] "GET /contact HTTP/1.1" 200 434 "-" "Mozilla/5.0 (iPhone; CPU iPhone OS 16_5 like Mac OS X) AppleWebKit/605.1.15 (KHTML, like Gecko) Version/16.5 Mobile/15E148 Safari/604.1"
172.16.0.20 - - [21/May/2026:03:12:27 +0000] "GET /products HTTP/1.1" 200 2239 "-" "Mozilla/5.0 (X11; Linux x86_64) AppleWebKit/537.36 (KHTML, like Gecko) Firefox/113.0"
172.16.0.20 - - [21/May/2026:03:12:27 +0000] "GET /assets/css/style.css HTTP/1.1" 200 4886 "-" "Mozilla/5.0 (Windows NT 10.0; Win64; x64) AppleWebKit/537.36 (KHTML, like Gecko) Chrome/114.0.0.0 Safari/537.36"
10.0.0.5 - - [21/May/2026:03:13:27 +0000] "GET /products HTTP/1.1" 200 2318 "-" "Mozilla/5.0 (Macintosh; Intel Mac OS X 10_15_7) AppleWebKit/537.36 (KHTML, like Gecko) Version/16.5 Safari/537.36"
10.0.0.5 - - [21/May/2026:03:13:27 +0000] "GET /services HTTP/1.1" 200 2958 "-" "Mozilla/5.0 (iPhone; CPU iPhone OS 16_5 like Mac OS X) AppleWebKit/605.1.15 (KHTML, like Gecko) Version/16.5 Mobile/15E148 Safari/604.1"
192.168.1.10 - - [21/May/2026:03:13:27 +0000] "GET /contact HTTP/1.1" 200 207 "-" "Mozilla/5.0 (iPhone; CPU iPhone OS 16_5 like Mac OS X) AppleWebKit/605.1.15 (KHTML, like Gecko) Version/16.5 Mobile/15E148 Safari/604.1"
192.168.1.10 - - [21/May/2026:03:13:27 +0000] "GET /assets/js/main.js HTTP/1.1" 200 3740 "-" "Mozilla/5.0 (Macintosh; Intel Mac OS X 10_15_7) AppleWebKit/537.36 (KHTML, like Gecko) Version/16.5 Safari/537.36"
45.33.22.11 - - [21/May/2026:03:13:27 +0000] "GET /admin HTTP/1.1" 404 3141 "-" "gobuster/3.1.0"
45.33.22.11 - - [21/May/2026:03:14:27 +0000] "GET /.git HTTP/1.1" 404 1297 "-" "gobuster/3.1.0"
91.214.124.55 - - [21/May/2026:03:14:27 +0000] "GET /index.php?id=1' OR '1'='1 HTTP/1.1" 200 3675 "-" "Mozilla/5.0 (compatible; MSIE 9.0; Windows NT 6.1; Trident/5.0)"
10.0.0.5 - - [21/May/2026:03:17:27 +0000] "GET / HTTP/1.1" 200 2932 "-" "Mozilla/5.0 (Windows NT 10.0; Win64; x64) AppleWebKit/537.36 (KHTML, like Gecko) Chrome/114.0.0.0 Safari/537.36"
1.1.1.1 - - [21/May/2026:03:17:27 +0000] "GET /about HTTP/1.1" 200 3149 "-" "Mozilla/5.0 (Macintosh; Intel Mac OS X 10_15_7) AppleWebKit/537.36 (KHTML, like Gecko) Version/16.5 Safari/537.36"
1.1.1.1 - - [21/May/2026:03:18:27 +0000] "GET /contact HTTP/1.1" 200 2935 "-" "Mozilla/5.0 (Windows NT 10.0; Win64; x64) AppleWebKit/537.36 (KHTML, like Gecko) Chrome/114.0.0.0 Safari/537.36"
45.33.22.11 - - [21/May/2026:03:18:27 +0000] "GET /.env HTTP/1.1" 404 1136 "-" "gobuster/3.1.0"
172.16.0.20 - - [21/May/2026:03:19:27 +0000] "GET /contact HTTP/1.1" 200 474 "-" "Mozilla/5.0 (iPhone; CPU iPhone OS 16_5 like Mac OS X) AppleWebKit/605.1.15 (KHTML, like Gecko) Version/16.5 Mobile/15E148 Safari/604.1"
192.168.1.10 - - [21/May/2026:03:19:27 +0000] "GET /services HTTP/1.1" 200 281 "-" "Mozilla/5.0 (X11; Linux x86_64) AppleWebKit/537.36 (KHTML, like Gecko) Firefox/113.0"
185.220.101.5 - - [21/May/2026:03:19:27 +0000] "GET /api/v1/user/5113 HTTP/1.1" 403 4111 "-" "Mozilla/5.0 (Windows NT 10.0; Win64; x64) AppleWebKit/537.36 (KHTML, like Gecko) Chrome/91.0.4472.124 Safari/537.36"
192.168.1.10 - - [21/May/2026:03:20:27 +0000] "GET /assets/js/main.js HTTP/1.1" 200 3321 "-" "Mozilla/5.0 (X11; Linux x86_64) AppleWebKit/537.36 (KHTML, like Gecko) Firefox/113.0"
192.168.1.15 - - [21/May/2026:03:20:27 +0000] "GET /images/logo.png HTTP/1.1" 200 1988 "-" "Mozilla/5.0 (Windows NT 10.0; Win64; x64) AppleWebKit/537.36 (KHTML, like Gecko) Chrome/114.0.0.0 Safari/537.36"
1.1.1.1 - - [21/May/2026:03:21:27 +0000] "GET /services HTTP/1.1" 200 1203 "-" "Mozilla/5.0 (iPhone; CPU iPhone OS 16_5 like Mac OS X) AppleWebKit/605.1.15 (KHTML, like Gecko) Version/16.5 Mobile/15E148 Safari/604.1"
1.1.1.1 - - [21/May/2026:03:21:27 +0000] "GET /services HTTP/1.1" 200 4980 "-" "Mozilla/5.0 (iPhone; CPU iPhone OS 16_5 like Mac OS X) AppleWebKit/605.1.15 (KHTML, like Gecko) Version/16.5 Mobile/15E148 Safari/604.1"
45.33.22.11 - - [21/May/2026:03:21:27 +0000] "GET /.git HTTP/1.1" 404 469 "-" "gobuster/3.1.0"
192.168.1.10 - - [21/May/2026:03:22:27 +0000] "GET /about HTTP/1.1" 200 583 "-" "Mozilla/5.0 (Windows NT 10.0; Win64; x64) AppleWebKit/537.36 (KHTML, like Gecko) Chrome/114.0.0.0 Safari/537.36"
8.8.8.8 - - [21/May/2026:03:22:27 +0000] "GET /contact HTTP/1.1" 200 2515 "-" "Mozilla/5.0 (Windows NT 10.0; Win64; x64) AppleWebKit/537.36 (KHTML, like Gecko) Chrome/114.0.0.0 Safari/537.36"
45.33.22.11 - - [21/May/2026:03:22:27 +0000] "GET /.git HTTP/1.1" 404 3757 "-" "gobuster/3.1.0"
172.16.0.20 - - [21/May/2026:03:23:27 +0000] "GET /assets/js/main.js HTTP/1.1" 200 4486 "-" "Mozilla/5.0 (X11; Linux x86_64) AppleWebKit/537.36 (KHTML, like Gecko) Firefox/113.0"
10.0.0.5 - - [21/May/2026:03:23:27 +0000] "GET /images/logo.png HTTP/1.1" 200 808 "-" "Mozilla/5.0 (iPhone; CPU iPhone OS 16_5 like Mac OS X) AppleWebKit/605.1.15 (KHTML, like Gecko) Version/16.5 Mobile/15E148 Safari/604.1"
8.8.8.8 - - [21/May/2026:03:23:27 +0000] "GET /index.html HTTP/1.1" 200 4555 "-" "Mozilla/5.0 (iPhone; CPU iPhone OS 16_5 like Mac OS X) AppleWebKit/605.1.15 (KHTML, like Gecko) Version/16.5 Mobile/15E148 Safari/604.1"
185.220.101.5 - - [21/May/2026:03:23:27 +0000] "GET /api/v1/user/1906 HTTP/1.1" 403 3486 "-" "Mozilla/5.0 (Windows NT 10.0; Win64; x64) AppleWebKit/537.36 (KHTML, like Gecko) Chrome/91.0.4472.124 Safari/537.36"
185.220.101.5 - - [21/May/2026:03:23:27 +0000] "GET /api/v1/user/8631 HTTP/1.1" 403 3155 "-" "Mozilla/5.0 (Windows NT 10.0; Win64; x64) AppleWebKit/537.36 (KHTML, like Gecko) Chrome/91.0.4472.124 Safari/537.36"
192.168.1.10 - - [21/May/2026:03:24:27 +0000] "GET /about HTTP/1.1" 200 1348 "-" "Mozilla/5.0 (X11; Linux x86_64) AppleWebKit/537.36 (KHTML, like Gecko) Firefox/113.0"
8.8.8.8 - - [21/May/2026:03:24:27 +0000] "GET / HTTP/1.1" 200 2988 "-" "Mozilla/5.0 (iPhone; CPU iPhone OS 16_5 like Mac OS X) AppleWebKit/605.1.15 (KHTML, like Gecko) Version/16.5 Mobile/15E148 Safari/604.1"
45.33.22.11 - - [21/May/2026:03:24:27 +0000] "GET /.git HTTP/1.1" 404 821 "-" "gobuster/3.1.0"
172.16.0.20 - - [21/May/2026:03:25:27 +0000] "GET /services HTTP/1.1" 200 4974 "-" "Mozilla/5.0 (Windows NT 10.0; Win64; x64) AppleWebKit/537.36 (KHTML, like Gecko) Chrome/114.0.0.0 Safari/537.36"
10.0.0.5 - - [21/May/2026:03:25:27 +0000] "GET /index.html HTTP/1.1" 200 1259 "-" "Mozilla/5.0 (Macintosh; Intel Mac OS X 10_15_7) AppleWebKit/537.36 (KHTML, like Gecko) Version/16.5 Safari/537.36"
192.168.1.15 - - [21/May/2026:03:25:27 +0000] "GET /contact HTTP/1.1" 200 3862 "-" "Mozilla/5.0 (Windows NT 10.0; Win64; x64) AppleWebKit/537.36 (KHTML, like Gecko) Chrome/114.0.0.0 Safari/537.36"
1.1.1.1 - - [21/May/2026:03:25:27 +0000] "GET /blog HTTP/1.1" 200 1648 "-" "Mozilla/5.0 (Macintosh; Intel Mac OS X 10_15_7) AppleWebKit/537.36 (KHTML, like Gecko) Version/16.5 Safari/537.36"
185.220.101.5 - - [21/May/2026:03:25:27 +0000] "GET /api/v1/user/9235 HTTP/1.1" 403 2005 "-" "Mozilla/5.0 (Windows NT 10.0; Win64; x64) AppleWebKit/537.36 (KHTML, like Gecko) Chrome/91.0.4472.124 Safari/537.36"
91.214.124.55 - - [21/May/2026:03:25:27 +0000] "GET /../../etc/passwd HTTP/1.1" 400 571 "-" "Mozilla/5.0 (compatible; MSIE 9.0; Windows NT 6.1; Trident/5.0)"
185.220.101.5 - - [21/May/2026:03:26:27 +0000] "GET /api/v1/user/5349 HTTP/1.1" 403 3862 "-" "Mozilla/5.0 (Windows NT 10.0; Win64; x64) AppleWebKit/537.36 (KHTML, like Gecko) Chrome/91.0.4472.124 Safari/537.36"
192.168.1.15 - - [21/May/2026:03:27:27 +0000] "GET /contact HTTP/1.1" 200 3814 "-" "Mozilla/5.0 (Macintosh; Intel Mac OS X 10_15_7) AppleWebKit/537.36 (KHTML, like Gecko) Version/16.5 Safari/537.36"
1.1.1.1 - - [21/May/2026:03:27:27 +0000] "GET /images/logo.png HTTP/1.1" 200 947 "-" "Mozilla/5.0 (X11; Linux x86_64) AppleWebKit/537.36 (KHTML, like Gecko) Firefox/113.0"
45.33.22.11 - - [21/May/2026:03:27:27 +0000] "GET /wp-admin HTTP/1.1" 404 3854 "-" "gobuster/3.1.0"
192.168.1.10 - - [21/May/2026:03:28:27 +0000] "GET /index.html HTTP/1.1" 200 4618 "-" "Mozilla/5.0 (Windows NT 10.0; Win64; x64) AppleWebKit/537.36 (KHTML, like Gecko) Chrome/114.0.0.0 Safari/537.36"
1.1.1.1 - - [21/May/2026:03:28:27 +0000] "GET /contact HTTP/1.1" 200 1255 "-" "Mozilla/5.0 (iPhone; CPU iPhone OS 16_5 like Mac OS X) AppleWebKit/605.1.15 (KHTML, like Gecko) Version/16.5 Mobile/15E148 Safari/604.1"
172.16.0.20 - - [21/May/2026:03:29:27 +0000] "GET /assets/css/style.css HTTP/1.1" 200 1530 "-" "Mozilla/5.0 (Windows NT 10.0; Win64; x64) AppleWebKit/537.36 (KHTML, like Gecko) Chrome/114.0.0.0 Safari/537.36"
91.214.124.55 - - [21/May/2026:03:30:27 +0000] "GET /../../etc/passwd HTTP/1.1" 400 1690 "-" "Mozilla/5.0 (compatible; MSIE 9.0; Windows NT 6.1; Trident/5.0)"
8.8.8.8 - - [21/May/2026:03:32:27 +0000] "GET / HTTP/1.1" 200 552 "-" "Mozilla/5.0 (X11; Linux x86_64) AppleWebKit/537.36 (KHTML, like Gecko) Firefox/113.0"
10.0.0.5 - - [21/May/2026:03:32:27 +0000] "GET /index.html HTTP/1.1" 200 3063 "-" "Mozilla/5.0 (Macintosh; Intel Mac OS X 10_15_7) AppleWebKit/537.36 (KHTML, like Gecko) Version/16.5 Safari/537.36"
185.220.101.5 - - [21/May/2026:03:32:27 +0000] "GET /api/v1/user/9887 HTTP/1.1" 403 672 "-" "Mozilla/5.0 (Windows NT 10.0; Win64; x64) AppleWebKit/537.36 (KHTML, like Gecko) Chrome/91.0.4472.124 Safari/537.36"
192.168.1.15 - - [21/May/2026:03:33:27 +0000] "GET /products HTTP/1.1" 200 1321 "-" "Mozilla/5.0 (X11; Linux x86_64) AppleWebKit/537.36 (KHTML, like Gecko) Firefox/113.0"
45.33.22.11 - - [21/May/2026:03:33:27 +0000] "GET /.env HTTP/1.1" 404 1658 "-" "gobuster/3.1.0"
185.220.101.5 - - [21/May/2026:03:33:27 +0000] "GET /api/v1/user/4614 HTTP/1.1" 403 3099 "-" "Mozilla/5.0 (Windows NT 10.0; Win64; x64) AppleWebKit/537.36 (KHTML, like Gecko) Chrome/91.0.4472.124 Safari/537.36"
1.1.1.1 - - [21/May/2026:03:34:27 +0000] "GET /services HTTP/1.1" 200 2940 "-" "Mozilla/5.0 (iPhone; CPU iPhone OS 16_5 like Mac OS X) AppleWebKit/605.1.15 (KHTML, like Gecko) Version/16.5 Mobile/15E148 Safari/604.1"
8.8.8.8 - - [21/May/2026:03:34:27 +0000] "GET /about HTTP/1.1" 200 2670 "-" "Mozilla/5.0 (Windows NT 10.0; Win64; x64) AppleWebKit/537.36 (KHTML, like Gecko) Chrome/114.0.0.0 Safari/537.36"
192.168.1.10 - - [21/May/2026:03:34:27 +0000] "GET /assets/js/main.js HTTP/1.1" 200 4775 "-" "Mozilla/5.0 (X11; Linux x86_64) AppleWebKit/537.36 (KHTML, like Gecko) Firefox/113.0"
10.0.0.5 - - [21/May/2026:03:34:27 +0000] "GET /assets/css/style.css HTTP/1.1" 200 355 "-" "Mozilla/5.0 (Windows NT 10.0; Win64; x64) AppleWebKit/537.36 (KHTML, like Gecko) Chrome/114.0.0.0 Safari/537.36"
1.1.1.1 - - [21/May/2026:03:34:27 +0000] "GET /index.html HTTP/1.1" 200 1372 "-" "Mozilla/5.0 (X11; Linux x86_64) AppleWebKit/537.36 (KHTML, like Gecko) Firefox/113.0"
91.214.124.55 - - [21/May/2026:03:34:27 +0000] "GET /../../etc/passwd HTTP/1.1" 400 209 "-" "Mozilla/5.0 (compatible; MSIE 9.0; Windows NT 6.1; Trident/5.0)"
192.168.1.10 - - [21/May/2026:03:35:27 +0000] "GET /contact HTTP/1.1" 200 3879 "-" "Mozilla/5.0 (Macintosh; Intel Mac OS X 10_15_7) AppleWebKit/537.36 (KHTML, like Gecko) Version/16.5 Safari/537.36"
10.0.0.5 - - [21/May/2026:03:36:27 +0000] "GET /blog HTTP/1.1" 200 1043 "-" "Mozilla/5.0 (X11; Linux x86_64) AppleWebKit/537.36 (KHTML, like Gecko) Firefox/113.0"
172.16.0.20 - - [21/May/2026:03:36:27 +0000] "GET /about HTTP/1.1" 200 4648 "-" "Mozilla/5.0 (X11; Linux x86_64) AppleWebKit/537.36 (KHTML, like Gecko) Firefox/113.0"
1.1.1.1 - - [21/May/2026:03:36:27 +0000] "GET /about HTTP/1.1" 200 4468 "-" "Mozilla/5.0 (X11; Linux x86_64) AppleWebKit/537.36 (KHTML, like Gecko) Firefox/113.0"
192.168.1.15 - - [21/May/2026:03:36:27 +0000] "GET /index.html HTTP/1.1" 200 2509 "-" "Mozilla/5.0 (X11; Linux x86_64) AppleWebKit/537.36 (KHTML, like Gecko) Firefox/113.0"
8.8.8.8 - - [21/May/2026:03:36:27 +0000] "GET /assets/js/main.js HTTP/1.1" 200 637 "-" "Mozilla/5.0 (Macintosh; Intel Mac OS X 10_15_7) AppleWebKit/537.36 (KHTML, like Gecko) Version/16.5 Safari/537.36"
8.8.8.8 - - [21/May/2026:03:37:27 +0000] "GET /about HTTP/1.1" 200 2269 "-" "Mozilla/5.0 (Windows NT 10.0; Win64; x64) AppleWebKit/537.36 (KHTML, like Gecko) Chrome/114.0.0.0 Safari/537.36"
8.8.8.8 - - [21/May/2026:03:37:27 +0000] "GET /services HTTP/1.1" 200 2402 "-" "Mozilla/5.0 (iPhone; CPU iPhone OS 16_5 like Mac OS X) AppleWebKit/605.1.15 (KHTML, like Gecko) Version/16.5 Mobile/15E148 Safari/604.1"
192.168.1.10 - - [21/May/2026:03:37:27 +0000] "GET /images/logo.png HTTP/1.1" 200 3637 "-" "Mozilla/5.0 (X11; Linux x86_64) AppleWebKit/537.36 (KHTML, like Gecko) Firefox/113.0"
172.16.0.20 - - [21/May/2026:03:37:27 +0000] "GET /assets/css/style.css HTTP/1.1" 200 3098 "-" "Mozilla/5.0 (Windows NT 10.0; Win64; x64) AppleWebKit/537.36 (KHTML, like Gecko) Chrome/114.0.0.0 Safari/537.36"
172.16.0.20 - - [21/May/2026:03:37:27 +0000] "GET /products HTTP/1.1" 200 1177 "-" "Mozilla/5.0 (Windows NT 10.0; Win64; x64) AppleWebKit/537.36 (KHTML, like Gecko) Chrome/114.0.0.0 Safari/537.36"
192.168.1.10 - - [21/May/2026:03:38:27 +0000] "GET /about HTTP/1.1" 200 3841 "-" "Mozilla/5.0 (Windows NT 10.0; Win64; x64) AppleWebKit/537.36 (KHTML, like Gecko) Chrome/114.0.0.0 Safari/537.36"
10.0.0.5 - - [21/May/2026:03:38:27 +0000] "GET /assets/js/main.js HTTP/1.1" 200 1400 "-" "Mozilla/5.0 (Macintosh; Intel Mac OS X 10_15_7) AppleWebKit/537.36 (KHTML, like Gecko) Version/16.5 Safari/537.36"
10.0.0.5 - - [21/May/2026:03:38:27 +0000] "GET /about HTTP/1.1" 200 1102 "-" "Mozilla/5.0 (iPhone; CPU iPhone OS 16_5 like Mac OS X) AppleWebKit/605.1.15 (KHTML, like Gecko) Version/16.5 Mobile/15E148 Safari/604.1"
10.0.0.5 - - [21/May/2026:03:39:27 +0000] "GET /services HTTP/1.1" 200 775 "-" "Mozilla/5.0 (X11; Linux x86_64) AppleWebKit/537.36 (KHTML, like Gecko) Firefox/113.0"
10.0.0.5 - - [21/May/2026:03:40:27 +0000] "GET /products HTTP/1.1" 200 1208 "-" "Mozilla/5.0 (iPhone; CPU iPhone OS 16_5 like Mac OS X) AppleWebKit/605.1.15 (KHTML, like Gecko) Version/16.5 Mobile/15E148 Safari/604.1"
10.0.0.5 - - [21/May/2026:03:40:27 +0000] "GET /products HTTP/1.1" 200 1965 "-" "Mozilla/5.0 (X11; Linux x86_64) AppleWebKit/537.36 (KHTML, like Gecko) Firefox/113.0"
10.0.0.5 - - [21/May/2026:03:40:27 +0000] "GET /index.html HTTP/1.1" 200 2735 "-" "Mozilla/5.0 (Macintosh; Intel Mac OS X 10_15_7) AppleWebKit/537.36 (KHTML, like Gecko) Version/16.5 Safari/537.36"
1.1.1.1 - - [21/May/2026:03:40:27 +0000] "GET / HTTP/1.1" 200 386 "-" "Mozilla/5.0 (Macintosh; Intel Mac OS X 10_15_7) AppleWebKit/537.36 (KHTML, like Gecko) Version/16.5 Safari/537.36"
172.16.0.20 - - [21/May/2026:03:41:27 +0000] "GET /products HTTP/1.1" 200 1137 "-" "Mozilla/5.0 (Windows NT 10.0; Win64; x64) AppleWebKit/537.36 (KHTML, like Gecko) Chrome/114.0.0.0 Safari/537.36"
1.1.1.1 - - [21/May/2026:03:41:27 +0000] "GET /services HTTP/1.1" 200 4687 "-" "Mozilla/5.0 (X11; Linux x86_64) AppleWebKit/537.36 (KHTML, like Gecko) Firefox/113.0"
185.220.101.5 - - [21/May/2026:03:41:27 +0000] "GET /api/v1/user/6424 HTTP/1.1" 403 3237 "-" "Mozilla/5.0 (Windows NT 10.0; Win64; x64) AppleWebKit/537.36 (KHTML, like Gecko) Chrome/91.0.4472.124 Safari/537.36"
172.16.0.20 - - [21/May/2026:03:42:27 +0000] "GET /index.html HTTP/1.1" 200 853 "-" "Mozilla/5.0 (X11; Linux x86_64) AppleWebKit/537.36 (KHTML, like Gecko) Firefox/113.0"
1.1.1.1 - - [21/May/2026:03:42:27 +0000] "GET /services HTTP/1.1" 200 1699 "-" "Mozilla/5.0 (Windows NT 10.0; Win64; x64) AppleWebKit/537.36 (KHTML, like Gecko) Chrome/114.0.0.0 Safari/537.36"
172.16.0.20 - - [21/May/2026:03:42:27 +0000] "GET /blog HTTP/1.1" 200 1791 "-" "Mozilla/5.0 (X11; Linux x86_64) AppleWebKit/537.36 (KHTML, like Gecko) Firefox/113.0"
192.168.1.15 - - [21/May/2026:03:42:27 +0000] "GET /products HTTP/1.1" 200 2346 "-" "Mozilla/5.0 (Windows NT 10.0; Win64; x64) AppleWebKit/537.36 (KHTML, like Gecko) Chrome/114.0.0.0 Safari/537.36"
192.168.1.15 - - [21/May/2026:03:42:27 +0000] "GET /about HTTP/1.1" 200 4116 "-" "Mozilla/5.0 (X11; Linux x86_64) AppleWebKit/537.36 (KHTML, like Gecko) Firefox/113.0"
10.0.0.5 - - [21/May/2026:03:42:27 +0000] "GET /services HTTP/1.1" 200 972 "-" "Mozilla/5.0 (iPhone; CPU iPhone OS 16_5 like Mac OS X) AppleWebKit/605.1.15 (KHTML, like Gecko) Version/16.5 Mobile/15E148 Safari/604.1"
192.168.1.10 - - [21/May/2026:03:42:27 +0000] "GET /images/logo.png HTTP/1.1" 200 4845 "-" "Mozilla/5.0 (X11; Linux x86_64) AppleWebKit/537.36 (KHTML, like Gecko) Firefox/113.0"
192.168.1.15 - - [21/May/2026:03:42:27 +0000] "GET /blog HTTP/1.1" 200 2984 "-" "Mozilla/5.0 (Windows NT 10.0; Win64; x64) AppleWebKit/537.36 (KHTML, like Gecko) Chrome/114.0.0.0 Safari/537.36"
192.168.1.10 - - [21/May/2026:03:43:27 +0000] "GET /contact HTTP/1.1" 200 727 "-" "Mozilla/5.0 (iPhone; CPU iPhone OS 16_5 like Mac OS X) AppleWebKit/605.1.15 (KHTML, like Gecko) Version/16.5 Mobile/15E148 Safari/604.1"
172.16.0.20 - - [21/May/2026:03:43:27 +0000] "GET /products HTTP/1.1" 200 1790 "-" "Mozilla/5.0 (X11; Linux x86_64) AppleWebKit/537.36 (KHTML, like Gecko) Firefox/113.0"
1.1.1.1 - - [21/May/2026:03:43:27 +0000] "GET /images/logo.png HTTP/1.1" 200 262 "-" "Mozilla/5.0 (X11; Linux x86_64) AppleWebKit/537.36 (KHTML, like Gecko) Firefox/113.0"
8.8.8.8 - - [21/May/2026:03:43:27 +0000] "GET /images/logo.png HTTP/1.1" 200 4089 "-" "Mozilla/5.0 (Macintosh; Intel Mac OS X 10_15_7) AppleWebKit/537.36 (KHTML, like Gecko) Version/16.5 Safari/537.36"
1.1.1.1 - - [21/May/2026:03:43:27 +0000] "GET /blog HTTP/1.1" 200 2972 "-" "Mozilla/5.0 (X11; Linux x86_64) AppleWebKit/537.36 (KHTML, like Gecko) Firefox/113.0"
8.8.8.8 - - [21/May/2026:03:44:27 +0000] "GET /blog HTTP/1.1" 200 3800 "-" "Mozilla/5.0 (iPhone; CPU iPhone OS 16_5 like Mac OS X) AppleWebKit/605.1.15 (KHTML, like Gecko) Version/16.5 Mobile/15E148 Safari/604.1"
91.214.124.55 - - [21/May/2026:03:44:27 +0000] "GET /../../etc/passwd HTTP/1.1" 400 2384 "-" "Mozilla/5.0 (compatible; MSIE 9.0; Windows NT 6.1; Trident/5.0)"
172.16.0.20 - - [21/May/2026:03:45:27 +0000] "GET /assets/css/style.css HTTP/1.1" 200 2880 "-" "Mozilla/5.0 (iPhone; CPU iPhone OS 16_5 like Mac OS X) AppleWebKit/605.1.15 (KHTML, like Gecko) Version/16.5 Mobile/15E148 Safari/604.1"
172.16.0.20 - - [21/May/2026:03:46:27 +0000] "GET /about HTTP/1.1" 200 4537 "-" "Mozilla/5.0 (Windows NT 10.0; Win64; x64) AppleWebKit/537.36 (KHTML, like Gecko) Chrome/114.0.0.0 Safari/537.36"
1.1.1.1 - - [21/May/2026:03:46:27 +0000] "GET /images/logo.png HTTP/1.1" 200 467 "-" "Mozilla/5.0 (Windows NT 10.0; Win64; x64) AppleWebKit/537.36 (KHTML, like Gecko) Chrome/114.0.0.0 Safari/537.36"
91.214.124.55 - - [21/May/2026:03:46:27 +0000] "GET /?q=UNION SELECT NULL,NULL,NULL-- HTTP/1.1" 200 598 "-" "Mozilla/5.0 (compatible; MSIE 9.0; Windows NT 6.1; Trident/5.0)"
192.168.1.10 - - [21/May/2026:03:47:27 +0000] "GET /index.html HTTP/1.1" 200 1121 "-" "Mozilla/5.0 (X11; Linux x86_64) AppleWebKit/537.36 (KHTML, like Gecko) Firefox/113.0"
172.16.0.20 - - [21/May/2026:03:47:27 +0000] "GET / HTTP/1.1" 200 712 "-" "Mozilla/5.0 (X11; Linux x86_64) AppleWebKit/537.36 (KHTML, like Gecko) Firefox/113.0"
185.220.101.5 - - [21/May/2026:03:47:27 +0000] "GET /api/v1/user/5951 HTTP/1.1" 403 2303 "-" "Mozilla/5.0 (Windows NT 10.0; Win64; x64) AppleWebKit/537.36 (KHTML, like Gecko) Chrome/91.0.4472.124 Safari/537.36"
185.220.101.5 - - [21/May/2026:03:48:27 +0000] "GET /api/v1/user/7212 HTTP/1.1" 403 2839 "-" "Mozilla/5.0 (Windows NT 10.0; Win64; x64) AppleWebKit/537.36 (KHTML, like Gecko) Chrome/91.0.4472.124 Safari/537.36"
8.8.8.8 - - [21/May/2026:03:49:27 +0000] "GET /index.html HTTP/1.1" 200 4387 "-" "Mozilla/5.0 (Macintosh; Intel Mac OS X 10_15_7) AppleWebKit/537.36 (KHTML, like Gecko) Version/16.5 Safari/537.36"
10.0.0.5 - - [21/May/2026:03:50:27 +0000] "GET /images/logo.png HTTP/1.1" 200 2710 "-" "Mozilla/5.0 (iPhone; CPU iPhone OS 16_5 like Mac OS X) AppleWebKit/605.1.15 (KHTML, like Gecko) Version/16.5 Mobile/15E148 Safari/604.1"
45.33.22.11 - - [21/May/2026:03:50:27 +0000] "GET /config HTTP/1.1" 404 1712 "-" "gobuster/3.1.0"
192.168.1.10 - - [21/May/2026:03:51:27 +0000] "GET /images/logo.png HTTP/1.1" 200 3588 "-" "Mozilla/5.0 (Windows NT 10.0; Win64; x64) AppleWebKit/537.36 (KHTML, like Gecko) Chrome/114.0.0.0 Safari/537.36"
172.16.0.20 - - [21/May/2026:03:51:27 +0000] "GET /products HTTP/1.1" 200 324 "-" "Mozilla/5.0 (Macintosh; Intel Mac OS X 10_15_7) AppleWebKit/537.36 (KHTML, like Gecko) Version/16.5 Safari/537.36"
192.168.1.15 - - [21/May/2026:03:51:27 +0000] "GET /contact HTTP/1.1" 200 3764 "-" "Mozilla/5.0 (X11; Linux x86_64) AppleWebKit/537.36 (KHTML, like Gecko) Firefox/113.0"
1.1.1.1 - - [21/May/2026:03:51:27 +0000] "GET /about HTTP/1.1" 200 1563 "-" "Mozilla/5.0 (Macintosh; Intel Mac OS X 10_15_7) AppleWebKit/537.36 (KHTML, like Gecko) Version/16.5 Safari/537.36"
172.16.0.20 - - [21/May/2026:03:51:27 +0000] "GET /assets/css/style.css HTTP/1.1" 200 1797 "-" "Mozilla/5.0 (Macintosh; Intel Mac OS X 10_15_7) AppleWebKit/537.36 (KHTML, like Gecko) Version/16.5 Safari/537.36"
172.16.0.20 - - [21/May/2026:03:51:27 +0000] "GET /contact HTTP/1.1" 200 1701 "-" "Mozilla/5.0 (Macintosh; Intel Mac OS X 10_15_7) AppleWebKit/537.36 (KHTML, like Gecko) Version/16.5 Safari/537.36"
172.16.0.20 - - [21/May/2026:03:51:27 +0000] "GET / HTTP/1.1" 200 2548 "-" "Mozilla/5.0 (Macintosh; Intel Mac OS X 10_15_7) AppleWebKit/537.36 (KHTML, like Gecko) Version/16.5 Safari/537.36"
1.1.1.1 - - [21/May/2026:03:51:27 +0000] "GET /images/logo.png HTTP/1.1" 200 4146 "-" "Mozilla/5.0 (iPhone; CPU iPhone OS 16_5 like Mac OS X) AppleWebKit/605.1.15 (KHTML, like Gecko) Version/16.5 Mobile/15E148 Safari/604.1"
192.168.1.10 - - [21/May/2026:03:52:27 +0000] "GET /contact HTTP/1.1" 200 1717 "-" "Mozilla/5.0 (X11; Linux x86_64) AppleWebKit/537.36 (KHTML, like Gecko) Firefox/113.0"
172.16.0.20 - - [21/May/2026:03:53:27 +0000] "GET /blog HTTP/1.1" 200 430 "-" "Mozilla/5.0 (Windows NT 10.0; Win64; x64) AppleWebKit/537.36 (KHTML, like Gecko) Chrome/114.0.0.0 Safari/537.36"
172.16.0.20 - - [21/May/2026:03:54:27 +0000] "GET /assets/css/style.css HTTP/1.1" 200 1955 "-" "Mozilla/5.0 (iPhone; CPU iPhone OS 16_5 like Mac OS X) AppleWebKit/605.1.15 (KHTML, like Gecko) Version/16.5 Mobile/15E148 Safari/604.1"
192.168.1.10 - - [21/May/2026:03:54:27 +0000] "GET / HTTP/1.1" 200 1029 "-" "Mozilla/5.0 (X11; Linux x86_64) AppleWebKit/537.36 (KHTML, like Gecko) Firefox/113.0"
8.8.8.8 - - [21/May/2026:03:54:27 +0000] "GET / HTTP/1.1" 200 2349 "-" "Mozilla/5.0 (iPhone; CPU iPhone OS 16_5 like Mac OS X) AppleWebKit/605.1.15 (KHTML, like Gecko) Version/16.5 Mobile/15E148 Safari/604.1"
91.214.124.55 - - [21/May/2026:03:54:27 +0000] "GET /etc/passwd HTTP/1.1" 400 1725 "-" "Mozilla/5.0 (compatible; MSIE 9.0; Windows NT 6.1; Trident/5.0)"
45.33.22.11 - - [21/May/2026:03:55:27 +0000] "GET /phpmyadmin HTTP/1.1" 404 2805 "-" "gobuster/3.1.0"
192.168.1.15 - - [21/May/2026:03:56:27 +0000] "GET /assets/js/main.js HTTP/1.1" 200 4915 "-" "Mozilla/5.0 (iPhone; CPU iPhone OS 16_5 like Mac OS X) AppleWebKit/605.1.15 (KHTML, like Gecko) Version/16.5 Mobile/15E148 Safari/604.1"
192.168.1.10 - - [21/May/2026:03:56:27 +0000] "GET /products HTTP/1.1" 200 3973 "-" "Mozilla/5.0 (X11; Linux x86_64) AppleWebKit/537.36 (KHTML, like Gecko) Firefox/113.0"
1.1.1.1 - - [21/May/2026:03:57:27 +0000] "GET /about HTTP/1.1" 200 1606 "-" "Mozilla/5.0 (Macintosh; Intel Mac OS X 10_15_7) AppleWebKit/537.36 (KHTML, like Gecko) Version/16.5 Safari/537.36"
172.16.0.20 - - [21/May/2026:03:57:27 +0000] "GET /assets/js/main.js HTTP/1.1" 200 4765 "-" "Mozilla/5.0 (Macintosh; Intel Mac OS X 10_15_7) AppleWebKit/537.36 (KHTML, like Gecko) Version/16.5 Safari/537.36"
8.8.8.8 - - [21/May/2026:03:57:27 +0000] "GET /index.html HTTP/1.1" 200 3040 "-" "Mozilla/5.0 (X11; Linux x86_64) AppleWebKit/537.36 (KHTML, like Gecko) Firefox/113.0"
1.1.1.1 - - [21/May/2026:03:57:27 +0000] "GET /contact HTTP/1.1" 200 3501 "-" "Mozilla/5.0 (iPhone; CPU iPhone OS 16_5 like Mac OS X) AppleWebKit/605.1.15 (KHTML, like Gecko) Version/16.5 Mobile/15E148 Safari/604.1"
10.0.0.5 - - [21/May/2026:03:58:27 +0000] "GET / HTTP/1.1" 200 4607 "-" "Mozilla/5.0 (iPhone; CPU iPhone OS 16_5 like Mac OS X) AppleWebKit/605.1.15 (KHTML, like Gecko) Version/16.5 Mobile/15E148 Safari/604.1"
8.8.8.8 - - [21/May/2026:03:58:27 +0000] "GET /blog HTTP/1.1" 200 3797 "-" "Mozilla/5.0 (iPhone; CPU iPhone OS 16_5 like Mac OS X) AppleWebKit/605.1.15 (KHTML, like Gecko) Version/16.5 Mobile/15E148 Safari/604.1"
192.168.1.10 - - [21/May/2026:03:58:27 +0000] "GET /about HTTP/1.1" 200 3293 "-" "Mozilla/5.0 (X11; Linux x86_64) AppleWebKit/537.36 (KHTML, like Gecko) Firefox/113.0"
10.0.0.5 - - [21/May/2026:03:58:27 +0000] "GET /assets/js/main.js HTTP/1.1" 200 4325 "-" "Mozilla/5.0 (Windows NT 10.0; Win64; x64) AppleWebKit/537.36 (KHTML, like Gecko) Chrome/114.0.0.0 Safari/537.36"
172.16.0.20 - - [21/May/2026:03:58:27 +0000] "GET /contact HTTP/1.1" 200 1611 "-" "Mozilla/5.0 (iPhone; CPU iPhone OS 16_5 like Mac OS X) AppleWebKit/605.1.15 (KHTML, like Gecko) Version/16.5 Mobile/15E148 Safari/604.1"
192.168.1.10 - - [21/May/2026:03:59:27 +0000] "GET /images/logo.png HTTP/1.1" 200 1260 "-" "Mozilla/5.0 (Macintosh; Intel Mac OS X 10_15_7) AppleWebKit/537.36 (KHTML, like Gecko) Version/16.5 Safari/537.36"
1.1.1.1 - - [21/May/2026:03:59:27 +0000] "GET /about HTTP/1.1" 200 3055 "-" "Mozilla/5.0 (iPhone; CPU iPhone OS 16_5 like Mac OS X) AppleWebKit/605.1.15 (KHTML, like Gecko) Version/16.5 Mobile/15E148 Safari/604.1"
192.168.1.15 - - [21/May/2026:03:59:27 +0000] "GET / HTTP/1.1" 200 2491 "-" "Mozilla/5.0 (Macintosh; Intel Mac OS X 10_15_7) AppleWebKit/537.36 (KHTML, like Gecko) Version/16.5 Safari/537.36"
10.0.0.5 - - [21/May/2026:04:00:27 +0000] "GET /assets/js/main.js HTTP/1.1" 200 3014 "-" "Mozilla/5.0 (Macintosh; Intel Mac OS X 10_15_7) AppleWebKit/537.36 (KHTML, like Gecko) Version/16.5 Safari/537.36"
192.168.1.15 - - [21/May/2026:04:00:27 +0000] "GET /contact HTTP/1.1" 200 4931 "-" "Mozilla/5.0 (Macintosh; Intel Mac OS X 10_15_7) AppleWebKit/537.36 (KHTML, like Gecko) Version/16.5 Safari/537.36"
185.220.101.5 - - [21/May/2026:04:00:27 +0000] "GET /api/v1/user/6221 HTTP/1.1" 403 1505 "-" "Mozilla/5.0 (Windows NT 10.0; Win64; x64) AppleWebKit/537.36 (KHTML, like Gecko) Chrome/91.0.4472.124 Safari/537.36"
172.16.0.20 - - [21/May/2026:04:01:27 +0000] "GET / HTTP/1.1" 200 1500 "-" "Mozilla/5.0 (Macintosh; Intel Mac OS X 10_15_7) AppleWebKit/537.36 (KHTML, like Gecko) Version/16.5 Safari/537.36"
185.220.101.5 - - [21/May/2026:04:02:27 +0000] "GET /api/v1/user/9384 HTTP/1.1" 403 2812 "-" "Mozilla/5.0 (Windows NT 10.0; Win64; x64) AppleWebKit/537.36 (KHTML, like Gecko) Chrome/91.0.4472.124 Safari/537.36"
172.16.0.20 - - [21/May/2026:04:03:27 +0000] "GET /contact HTTP/1.1" 200 370 "-" "Mozilla/5.0 (Macintosh; Intel Mac OS X 10_15_7) AppleWebKit/537.36 (KHTML, like Gecko) Version/16.5 Safari/537.36"
192.168.1.10 - - [21/May/2026:04:03:27 +0000] "GET /assets/js/main.js HTTP/1.1" 200 3284 "-" "Mozilla/5.0 (Windows NT 10.0; Win64; x64) AppleWebKit/537.36 (KHTML, like Gecko) Chrome/114.0.0.0 Safari/537.36"
8.8.8.8 - - [21/May/2026:04:03:27 +0000] "GET /blog HTTP/1.1" 200 902 "-" "Mozilla/5.0 (X11; Linux x86_64) AppleWebKit/537.36 (KHTML, like Gecko) Firefox/113.0"
185.220.101.5 - - [21/May/2026:04:03:27 +0000] "GET /api/v1/user/2380 HTTP/1.1" 403 2705 "-" "Mozilla/5.0 (Windows NT 10.0; Win64; x64) AppleWebKit/537.36 (KHTML, like Gecko) Chrome/91.0.4472.124 Safari/537.36"
192.168.1.10 - - [21/May/2026:04:04:27 +0000] "GET /assets/js/main.js HTTP/1.1" 200 3225 "-" "Mozilla/5.0 (Macintosh; Intel Mac OS X 10_15_7) AppleWebKit/537.36 (KHTML, like Gecko) Version/16.5 Safari/537.36"
192.168.1.10 - - [21/May/2026:04:04:27 +0000] "GET /assets/css/style.css HTTP/1.1" 200 3496 "-" "Mozilla/5.0 (Macintosh; Intel Mac OS X 10_15_7) AppleWebKit/537.36 (KHTML, like Gecko) Version/16.5 Safari/537.36"
192.168.1.15 - - [21/May/2026:04:04:27 +0000] "GET /about HTTP/1.1" 200 2552 "-" "Mozilla/5.0 (Windows NT 10.0; Win64; x64) AppleWebKit/537.36 (KHTML, like Gecko) Chrome/114.0.0.0 Safari/537.36"
185.220.101.5 - - [21/May/2026:04:04:27 +0000] "GET /api/v1/user/7455 HTTP/1.1" 403 2064 "-" "Mozilla/5.0 (Windows NT 10.0; Win64; x64) AppleWebKit/537.36 (KHTML, like Gecko) Chrome/91.0.4472.124 Safari/537.36"
10.0.0.5 - - [21/May/2026:04:06:27 +0000] "GET /blog HTTP/1.1" 200 4341 "-" "Mozilla/5.0 (iPhone; CPU iPhone OS 16_5 like Mac OS X) AppleWebKit/605.1.15 (KHTML, like Gecko) Version/16.5 Mobile/15E148 Safari/604.1"
192.168.1.10 - - [21/May/2026:04:06:27 +0000] "GET /index.html HTTP/1.1" 200 3858 "-" "Mozilla/5.0 (X11; Linux x86_64) AppleWebKit/537.36 (KHTML, like Gecko) Firefox/113.0"
192.168.1.10 - - [21/May/2026:04:06:27 +0000] "GET /assets/css/style.css HTTP/1.1" 200 710 "-" "Mozilla/5.0 (Macintosh; Intel Mac OS X 10_15_7) AppleWebKit/537.36 (KHTML, like Gecko) Version/16.5 Safari/537.36"
192.168.1.15 - - [21/May/2026:04:07:27 +0000] "GET /blog HTTP/1.1" 200 3145 "-" "Mozilla/5.0 (Windows NT 10.0; Win64; x64) AppleWebKit/537.36 (KHTML, like Gecko) Chrome/114.0.0.0 Safari/537.36"
192.168.1.15 - - [21/May/2026:04:07:27 +0000] "GET /index.html HTTP/1.1" 200 3279 "-" "Mozilla/5.0 (X11; Linux x86_64) AppleWebKit/537.36 (KHTML, like Gecko) Firefox/113.0"
172.16.0.20 - - [21/May/2026:04:07:27 +0000] "GET /assets/js/main.js HTTP/1.1" 200 4598 "-" "Mozilla/5.0 (X11; Linux x86_64) AppleWebKit/537.36 (KHTML, like Gecko) Firefox/113.0"
192.168.1.15 - - [21/May/2026:04:07:27 +0000] "GET /products HTTP/1.1" 200 481 "-" "Mozilla/5.0 (Windows NT 10.0; Win64; x64) AppleWebKit/537.36 (KHTML, like Gecko) Chrome/114.0.0.0 Safari/537.36"
45.33.22.11 - - [21/May/2026:04:07:27 +0000] "GET /admin HTTP/1.1" 404 4702 "-" "gobuster/3.1.0"
172.16.0.20 - - [21/May/2026:04:08:27 +0000] "GET /images/logo.png HTTP/1.1" 200 1339 "-" "Mozilla/5.0 (Macintosh; Intel Mac OS X 10_15_7) AppleWebKit/537.36 (KHTML, like Gecko) Version/16.5 Safari/537.36"
192.168.1.10 - - [21/May/2026:04:08:27 +0000] "GET /index.html HTTP/1.1" 200 779 "-" "Mozilla/5.0 (iPhone; CPU iPhone OS 16_5 like Mac OS X) AppleWebKit/605.1.15 (KHTML, like Gecko) Version/16.5 Mobile/15E148 Safari/604.1"
172.16.0.20 - - [21/May/2026:04:08:27 +0000] "GET /blog HTTP/1.1" 200 3228 "-" "Mozilla/5.0 (iPhone; CPU iPhone OS 16_5 like Mac OS X) AppleWebKit/605.1.15 (KHTML, like Gecko) Version/16.5 Mobile/15E148 Safari/604.1"
172.16.0.20 - - [21/May/2026:04:08:27 +0000] "GET /images/logo.png HTTP/1.1" 200 264 "-" "Mozilla/5.0 (Windows NT 10.0; Win64; x64) AppleWebKit/537.36 (KHTML, like Gecko) Chrome/114.0.0.0 Safari/537.36"
185.220.101.5 - - [21/May/2026:04:08:27 +0000] "GET /api/v1/user/9434 HTTP/1.1" 403 580 "-" "Mozilla/5.0 (Windows NT 10.0; Win64; x64) AppleWebKit/537.36 (KHTML, like Gecko) Chrome/91.0.4472.124 Safari/537.36"
10.0.0.5 - - [21/May/2026:04:09:27 +0000] "GET /products HTTP/1.1" 200 3721 "-" "Mozilla/5.0 (iPhone; CPU iPhone OS 16_5 like Mac OS X) AppleWebKit/605.1.15 (KHTML, like Gecko) Version/16.5 Mobile/15E148 Safari/604.1"
172.16.0.20 - - [21/May/2026:04:09:27 +0000] "GET / HTTP/1.1" 200 4399 "-" "Mozilla/5.0 (X11; Linux x86_64) AppleWebKit/537.36 (KHTML, like Gecko) Firefox/113.0"
8.8.8.8 - - [21/May/2026:04:10:27 +0000] "GET /about HTTP/1.1" 200 4503 "-" "Mozilla/5.0 (iPhone; CPU iPhone OS 16_5 like Mac OS X) AppleWebKit/605.1.15 (KHTML, like Gecko) Version/16.5 Mobile/15E148 Safari/604.1"
8.8.8.8 - - [21/May/2026:04:10:27 +0000] "GET /blog HTTP/1.1" 200 3158 "-" "Mozilla/5.0 (Windows NT 10.0; Win64; x64) AppleWebKit/537.36 (KHTML, like Gecko) Chrome/114.0.0.0 Safari/537.36"
1.1.1.1 - - [21/May/2026:04:10:27 +0000] "GET /services HTTP/1.1" 200 4124 "-" "Mozilla/5.0 (iPhone; CPU iPhone OS 16_5 like Mac OS X) AppleWebKit/605.1.15 (KHTML, like Gecko) Version/16.5 Mobile/15E148 Safari/604.1"
45.33.22.11 - - [21/May/2026:04:10:27 +0000] "GET /phpmyadmin HTTP/1.1" 404 1564 "-" "gobuster/3.1.0"
185.220.101.5 - - [21/May/2026:04:11:27 +0000] "GET /api/v1/user/7099 HTTP/1.1" 403 2569 "-" "Mozilla/5.0 (Windows NT 10.0; Win64; x64) AppleWebKit/537.36 (KHTML, like Gecko) Chrome/91.0.4472.124 Safari/537.36"
172.16.0.20 - - [21/May/2026:04:12:27 +0000] "GET / HTTP/1.1" 200 916 "-" "Mozilla/5.0 (iPhone; CPU iPhone OS 16_5 like Mac OS X) AppleWebKit/605.1.15 (KHTML, like Gecko) Version/16.5 Mobile/15E148 Safari/604.1"
8.8.8.8 - - [21/May/2026:04:14:27 +0000] "GET /images/logo.png HTTP/1.1" 200 433 "-" "Mozilla/5.0 (Macintosh; Intel Mac OS X 10_15_7) AppleWebKit/537.36 (KHTML, like Gecko) Version/16.5 Safari/537.36"
192.168.1.10 - - [21/May/2026:04:14:27 +0000] "GET / HTTP/1.1" 200 207 "-" "Mozilla/5.0 (Macintosh; Intel Mac OS X 10_15_7) AppleWebKit/537.36 (KHTML, like Gecko) Version/16.5 Safari/537.36"
192.168.1.15 - - [21/May/2026:04:14:27 +0000] "GET /about HTTP/1.1" 200 2479 "-" "Mozilla/5.0 (iPhone; CPU iPhone OS 16_5 like Mac OS X) AppleWebKit/605.1.15 (KHTML, like Gecko) Version/16.5 Mobile/15E148 Safari/604.1"
10.0.0.5 - - [21/May/2026:04:14:27 +0000] "GET /images/logo.png HTTP/1.1" 200 3835 "-" "Mozilla/5.0 (Macintosh; Intel Mac OS X 10_15_7) AppleWebKit/537.36 (KHTML, like Gecko) Version/16.5 Safari/537.36"
192.168.1.15 - - [21/May/2026:04:14:27 +0000] "GET /services HTTP/1.1" 200 4165 "-" "Mozilla/5.0 (X11; Linux x86_64) AppleWebKit/537.36 (KHTML, like Gecko) Firefox/113.0"
1.1.1.1 - - [21/May/2026:04:14:27 +0000] "GET /images/logo.png HTTP/1.1" 200 3942 "-" "Mozilla/5.0 (iPhone; CPU iPhone OS 16_5 like Mac OS X) AppleWebKit/605.1.15 (KHTML, like Gecko) Version/16.5 Mobile/15E148 Safari/604.1"
172.16.0.20 - - [21/May/2026:04:15:27 +0000] "GET /services HTTP/1.1" 200 1541 "-" "Mozilla/5.0 (X11; Linux x86_64) AppleWebKit/537.36 (KHTML, like Gecko) Firefox/113.0"
192.168.1.15 - - [21/May/2026:04:17:27 +0000] "GET /about HTTP/1.1" 200 907 "-" "Mozilla/5.0 (Windows NT 10.0; Win64; x64) AppleWebKit/537.36 (KHTML, like Gecko) Chrome/114.0.0.0 Safari/537.36"
1.1.1.1 - - [21/May/2026:04:17:27 +0000] "GET /contact HTTP/1.1" 200 3781 "-" "Mozilla/5.0 (Windows NT 10.0; Win64; x64) AppleWebKit/537.36 (KHTML, like Gecko) Chrome/114.0.0.0 Safari/537.36"
8.8.8.8 - - [21/May/2026:04:18:27 +0000] "GET /index.html HTTP/1.1" 200 1791 "-" "Mozilla/5.0 (Windows NT 10.0; Win64; x64) AppleWebKit/537.36 (KHTML, like Gecko) Chrome/114.0.0.0 Safari/537.36"
1.1.1.1 - - [21/May/2026:04:20:27 +0000] "GET /blog HTTP/1.1" 200 4602 "-" "Mozilla/5.0 (X11; Linux x86_64) AppleWebKit/537.36 (KHTML, like Gecko) Firefox/113.0"
45.33.22.11 - - [21/May/2026:04:20:27 +0000] "GET /phpmyadmin HTTP/1.1" 404 2763 "-" "gobuster/3.1.0"
45.33.22.11 - - [21/May/2026:04:20:27 +0000] "GET /backup HTTP/1.1" 404 4082 "-" "gobuster/3.1.0"
172.16.0.20 - - [21/May/2026:04:21:27 +0000] "GET /about HTTP/1.1" 200 800 "-" "Mozilla/5.0 (X11; Linux x86_64) AppleWebKit/537.36 (KHTML, like Gecko) Firefox/113.0"
185.220.101.5 - - [21/May/2026:04:21:27 +0000] "GET /api/v1/user/8561 HTTP/1.1" 403 360 "-" "Mozilla/5.0 (Windows NT 10.0; Win64; x64) AppleWebKit/537.36 (KHTML, like Gecko) Chrome/91.0.4472.124 Safari/537.36"
172.16.0.20 - - [21/May/2026:04:22:27 +0000] "GET /assets/js/main.js HTTP/1.1" 200 3465 "-" "Mozilla/5.0 (X11; Linux x86_64) AppleWebKit/537.36 (KHTML, like Gecko) Firefox/113.0"
172.16.0.20 - - [21/May/2026:04:22:27 +0000] "GET /assets/css/style.css HTTP/1.1" 200 4614 "-" "Mozilla/5.0 (iPhone; CPU iPhone OS 16_5 like Mac OS X) AppleWebKit/605.1.15 (KHTML, like Gecko) Version/16.5 Mobile/15E148 Safari/604.1"
172.16.0.20 - - [21/May/2026:04:23:27 +0000] "GET /services HTTP/1.1" 200 3269 "-" "Mozilla/5.0 (X11; Linux x86_64) AppleWebKit/537.36 (KHTML, like Gecko) Firefox/113.0"
45.33.22.11 - - [21/May/2026:04:23:27 +0000] "GET /config HTTP/1.1" 404 3637 "-" "gobuster/3.1.0"
185.220.101.5 - - [21/May/2026:04:25:27 +0000] "GET /api/v1/user/4123 HTTP/1.1" 403 4272 "-" "Mozilla/5.0 (Windows NT 10.0; Win64; x64) AppleWebKit/537.36 (KHTML, like Gecko) Chrome/91.0.4472.124 Safari/537.36"
8.8.8.8 - - [21/May/2026:04:26:27 +0000] "GET /blog HTTP/1.1" 200 462 "-" "Mozilla/5.0 (iPhone; CPU iPhone OS 16_5 like Mac OS X) AppleWebKit/605.1.15 (KHTML, like Gecko) Version/16.5 Mobile/15E148 Safari/604.1"
8.8.8.8 - - [21/May/2026:04:26:27 +0000] "GET /products HTTP/1.1" 200 4433 "-" "Mozilla/5.0 (iPhone; CPU iPhone OS 16_5 like Mac OS X) AppleWebKit/605.1.15 (KHTML, like Gecko) Version/16.5 Mobile/15E148 Safari/604.1"
1.1.1.1 - - [21/May/2026:04:26:27 +0000] "GET /services HTTP/1.1" 200 1968 "-" "Mozilla/5.0 (iPhone; CPU iPhone OS 16_5 like Mac OS X) AppleWebKit/605.1.15 (KHTML, like Gecko) Version/16.5 Mobile/15E148 Safari/604.1"
172.16.0.20 - - [21/May/2026:04:26:27 +0000] "GET /products HTTP/1.1" 200 4756 "-" "Mozilla/5.0 (Macintosh; Intel Mac OS X 10_15_7) AppleWebKit/537.36 (KHTML, like Gecko) Version/16.5 Safari/537.36"
192.168.1.10 - - [21/May/2026:04:27:27 +0000] "GET /assets/js/main.js HTTP/1.1" 200 2704 "-" "Mozilla/5.0 (X11; Linux x86_64) AppleWebKit/537.36 (KHTML, like Gecko) Firefox/113.0"
1.1.1.1 - - [21/May/2026:04:27:27 +0000] "GET /services HTTP/1.1" 200 1488 "-" "Mozilla/5.0 (Windows NT 10.0; Win64; x64) AppleWebKit/537.36 (KHTML, like Gecko) Chrome/114.0.0.0 Safari/537.36"
8.8.8.8 - - [21/May/2026:04:27:27 +0000] "GET /contact HTTP/1.1" 200 2131 "-" "Mozilla/5.0 (X11; Linux x86_64) AppleWebKit/537.36 (KHTML, like Gecko) Firefox/113.0"
10.0.0.5 - - [21/May/2026:04:28:27 +0000] "GET / HTTP/1.1" 200 822 "-" "Mozilla/5.0 (iPhone; CPU iPhone OS 16_5 like Mac OS X) AppleWebKit/605.1.15 (KHTML, like Gecko) Version/16.5 Mobile/15E148 Safari/604.1"
185.220.101.5 - - [21/May/2026:04:28:27 +0000] "GET /api/v1/user/4178 HTTP/1.1" 403 4147 "-" "Mozilla/5.0 (Windows NT 10.0; Win64; x64) AppleWebKit/537.36 (KHTML, like Gecko) Chrome/91.0.4472.124 Safari/537.36"
192.168.1.15 - - [21/May/2026:04:29:27 +0000] "GET /assets/js/main.js HTTP/1.1" 200 3452 "-" "Mozilla/5.0 (iPhone; CPU iPhone OS 16_5 like Mac OS X) AppleWebKit/605.1.15 (KHTML, like Gecko) Version/16.5 Mobile/15E148 Safari/604.1"
192.168.1.15 - - [21/May/2026:04:29:27 +0000] "GET /images/logo.png HTTP/1.1" 200 658 "-" "Mozilla/5.0 (iPhone; CPU iPhone OS 16_5 like Mac OS X) AppleWebKit/605.1.15 (KHTML, like Gecko) Version/16.5 Mobile/15E148 Safari/604.1"
10.0.0.5 - - [21/May/2026:04:29:27 +0000] "GET /index.html HTTP/1.1" 200 2328 "-" "Mozilla/5.0 (Macintosh; Intel Mac OS X 10_15_7) AppleWebKit/537.36 (KHTML, like Gecko) Version/16.5 Safari/537.36"
10.0.0.5 - - [21/May/2026:04:30:27 +0000] "GET /services HTTP/1.1" 200 1363 "-" "Mozilla/5.0 (iPhone; CPU iPhone OS 16_5 like Mac OS X) AppleWebKit/605.1.15 (KHTML, like Gecko) Version/16.5 Mobile/15E148 Safari/604.1"
8.8.8.8 - - [21/May/2026:04:31:27 +0000] "GET /services HTTP/1.1" 200 4479 "-" "Mozilla/5.0 (Macintosh; Intel Mac OS X 10_15_7) AppleWebKit/537.36 (KHTML, like Gecko) Version/16.5 Safari/537.36"
45.33.22.11 - - [21/May/2026:04:31:27 +0000] "GET /phpmyadmin HTTP/1.1" 404 3968 "-" "gobuster/3.1.0"
172.16.0.20 - - [21/May/2026:04:32:27 +0000] "GET /assets/js/main.js HTTP/1.1" 200 1623 "-" "Mozilla/5.0 (iPhone; CPU iPhone OS 16_5 like Mac OS X) AppleWebKit/605.1.15 (KHTML, like Gecko) Version/16.5 Mobile/15E148 Safari/604.1"
192.168.1.15 - - [21/May/2026:04:33:27 +0000] "GET /assets/js/main.js HTTP/1.1" 200 2667 "-" "Mozilla/5.0 (iPhone; CPU iPhone OS 16_5 like Mac OS X) AppleWebKit/605.1.15 (KHTML, like Gecko) Version/16.5 Mobile/15E148 Safari/604.1"
8.8.8.8 - - [21/May/2026:04:33:27 +0000] "GET /contact HTTP/1.1" 200 1462 "-" "Mozilla/5.0 (iPhone; CPU iPhone OS 16_5 like Mac OS X) AppleWebKit/605.1.15 (KHTML, like Gecko) Version/16.5 Mobile/15E148 Safari/604.1"
185.220.101.5 - - [21/May/2026:04:33:27 +0000] "GET /api/v1/user/6715 HTTP/1.1" 403 3183 "-" "Mozilla/5.0 (Windows NT 10.0; Win64; x64) AppleWebKit/537.36 (KHTML, like Gecko) Chrome/91.0.4472.124 Safari/537.36"
10.0.0.5 - - [21/May/2026:04:34:27 +0000] "GET /about HTTP/1.1" 200 457 "-" "Mozilla/5.0 (iPhone; CPU iPhone OS 16_5 like Mac OS X) AppleWebKit/605.1.15 (KHTML, like Gecko) Version/16.5 Mobile/15E148 Safari/604.1"
192.168.1.10 - - [21/May/2026:04:34:27 +0000] "GET /assets/css/style.css HTTP/1.1" 200 2301 "-" "Mozilla/5.0 (Macintosh; Intel Mac OS X 10_15_7) AppleWebKit/537.36 (KHTML, like Gecko) Version/16.5 Safari/537.36"
10.0.0.5 - - [21/May/2026:04:34:27 +0000] "GET /assets/js/main.js HTTP/1.1" 200 3257 "-" "Mozilla/5.0 (iPhone; CPU iPhone OS 16_5 like Mac OS X) AppleWebKit/605.1.15 (KHTML, like Gecko) Version/16.5 Mobile/15E148 Safari/604.1"
172.16.0.20 - - [21/May/2026:04:34:27 +0000] "GET / HTTP/1.1" 200 339 "-" "Mozilla/5.0 (Macintosh; Intel Mac OS X 10_15_7) AppleWebKit/537.36 (KHTML, like Gecko) Version/16.5 Safari/537.36"
45.33.22.11 - - [21/May/2026:04:34:27 +0000] "GET /.env HTTP/1.1" 404 3038 "-" "gobuster/3.1.0"
91.214.124.55 - - [21/May/2026:04:34:27 +0000] "GET /?q=UNION SELECT NULL,NULL,NULL-- HTTP/1.1" 200 3773 "-" "Mozilla/5.0 (compatible; MSIE 9.0; Windows NT 6.1; Trident/5.0)"
10.0.0.5 - - [21/May/2026:04:35:27 +0000] "GET /about HTTP/1.1" 200 822 "-" "Mozilla/5.0 (Windows NT 10.0; Win64; x64) AppleWebKit/537.36 (KHTML, like Gecko) Chrome/114.0.0.0 Safari/537.36"
192.168.1.15 - - [21/May/2026:04:35:27 +0000] "GET /assets/css/style.css HTTP/1.1" 200 1610 "-" "Mozilla/5.0 (iPhone; CPU iPhone OS 16_5 like Mac OS X) AppleWebKit/605.1.15 (KHTML, like Gecko) Version/16.5 Mobile/15E148 Safari/604.1"
192.168.1.10 - - [21/May/2026:04:35:27 +0000] "GET /services HTTP/1.1" 200 4098 "-" "Mozilla/5.0 (iPhone; CPU iPhone OS 16_5 like Mac OS X) AppleWebKit/605.1.15 (KHTML, like Gecko) Version/16.5 Mobile/15E148 Safari/604.1"
91.214.124.55 - - [21/May/2026:04:35:27 +0000] "GET /../../etc/passwd HTTP/1.1" 400 1700 "-" "Mozilla/5.0 (compatible; MSIE 9.0; Windows NT 6.1; Trident/5.0)"
10.0.0.5 - - [21/May/2026:04:36:27 +0000] "GET /images/logo.png HTTP/1.1" 200 4103 "-" "Mozilla/5.0 (Macintosh; Intel Mac OS X 10_15_7) AppleWebKit/537.36 (KHTML, like Gecko) Version/16.5 Safari/537.36"
45.33.22.11 - - [21/May/2026:04:36:27 +0000] "GET /.env HTTP/1.1" 404 293 "-" "gobuster/3.1.0"
192.168.1.15 - - [21/May/2026:04:38:27 +0000] "GET /index.html HTTP/1.1" 200 3238 "-" "Mozilla/5.0 (iPhone; CPU iPhone OS 16_5 like Mac OS X) AppleWebKit/605.1.15 (KHTML, like Gecko) Version/16.5 Mobile/15E148 Safari/604.1"
1.1.1.1 - - [21/May/2026:04:38:27 +0000] "GET /index.html HTTP/1.1" 200 1930 "-" "Mozilla/5.0 (Macintosh; Intel Mac OS X 10_15_7) AppleWebKit/537.36 (KHTML, like Gecko) Version/16.5 Safari/537.36"
192.168.1.10 - - [21/May/2026:04:38:27 +0000] "GET /assets/css/style.css HTTP/1.1" 200 1558 "-" "Mozilla/5.0 (Windows NT 10.0; Win64; x64) AppleWebKit/537.36 (KHTML, like Gecko) Chrome/114.0.0.0 Safari/537.36"
192.168.1.15 - - [21/May/2026:04:39:27 +0000] "GET /assets/css/style.css HTTP/1.1" 200 3183 "-" "Mozilla/5.0 (iPhone; CPU iPhone OS 16_5 like Mac OS X) AppleWebKit/605.1.15 (KHTML, like Gecko) Version/16.5 Mobile/15E148 Safari/604.1"
10.0.0.5 - - [21/May/2026:04:39:27 +0000] "GET /assets/css/style.css HTTP/1.1" 200 2047 "-" "Mozilla/5.0 (Macintosh; Intel Mac OS X 10_15_7) AppleWebKit/537.36 (KHTML, like Gecko) Version/16.5 Safari/537.36"
185.220.101.5 - - [21/May/2026:04:39:27 +0000] "GET /api/v1/user/5348 HTTP/1.1" 403 2053 "-" "Mozilla/5.0 (Windows NT 10.0; Win64; x64) AppleWebKit/537.36 (KHTML, like Gecko) Chrome/91.0.4472.124 Safari/537.36"
172.16.0.20 - - [21/May/2026:04:41:27 +0000] "GET /assets/js/main.js HTTP/1.1" 200 1011 "-" "Mozilla/5.0 (iPhone; CPU iPhone OS 16_5 like Mac OS X) AppleWebKit/605.1.15 (KHTML, like Gecko) Version/16.5 Mobile/15E148 Safari/604.1"
91.214.124.55 - - [21/May/2026:04:41:27 +0000] "GET /cgi-bin/php.fcgi?%2d%64+%61%6c%6c%6f%77%5f%75%72%6c%5f%69%6e%63%6c%75%64%65%3d%6f%6e HTTP/1.1" 200 2854 "-" "Mozilla/5.0 (compatible; MSIE 9.0; Windows NT 6.1; Trident/5.0)"
91.214.124.55 - - [21/May/2026:04:41:27 +0000] "GET /cgi-bin/php.fcgi?%2d%64+%61%6c%6c%6f%77%5f%75%72%6c%5f%69%6e%63%6c%75%64%65%3d%6f%6e HTTP/1.1" 200 2204 "-" "Mozilla/5.0 (compatible; MSIE 9.0; Windows NT 6.1; Trident/5.0)"
192.168.1.10 - - [21/May/2026:04:42:27 +0000] "GET /contact HTTP/1.1" 200 4676 "-" "Mozilla/5.0 (Windows NT 10.0; Win64; x64) AppleWebKit/537.36 (KHTML, like Gecko) Chrome/114.0.0.0 Safari/537.36"
8.8.8.8 - - [21/May/2026:04:43:27 +0000] "GET /products HTTP/1.1" 200 2835 "-" "Mozilla/5.0 (Windows NT 10.0; Win64; x64) AppleWebKit/537.36 (KHTML, like Gecko) Chrome/114.0.0.0 Safari/537.36"
1.1.1.1 - - [21/May/2026:04:43:27 +0000] "GET /assets/css/style.css HTTP/1.1" 200 1846 "-" "Mozilla/5.0 (Windows NT 10.0; Win64; x64) AppleWebKit/537.36 (KHTML, like Gecko) Chrome/114.0.0.0 Safari/537.36"
1.1.1.1 - - [21/May/2026:04:43:27 +0000] "GET /index.html HTTP/1.1" 200 4906 "-" "Mozilla/5.0 (Macintosh; Intel Mac OS X 10_15_7) AppleWebKit/537.36 (KHTML, like Gecko) Version/16.5 Safari/537.36"
192.168.1.10 - - [21/May/2026:04:43:27 +0000] "GET /about HTTP/1.1" 200 2528 "-" "Mozilla/5.0 (Macintosh; Intel Mac OS X 10_15_7) AppleWebKit/537.36 (KHTML, like Gecko) Version/16.5 Safari/537.36"
10.0.0.5 - - [21/May/2026:04:44:27 +0000] "GET /blog HTTP/1.1" 200 1461 "-" "Mozilla/5.0 (Windows NT 10.0; Win64; x64) AppleWebKit/537.36 (KHTML, like Gecko) Chrome/114.0.0.0 Safari/537.36"
192.168.1.10 - - [21/May/2026:04:44:27 +0000] "GET /assets/css/style.css HTTP/1.1" 200 1908 "-" "Mozilla/5.0 (iPhone; CPU iPhone OS 16_5 like Mac OS X) AppleWebKit/605.1.15 (KHTML, like Gecko) Version/16.5 Mobile/15E148 Safari/604.1"
1.1.1.1 - - [21/May/2026:04:44:27 +0000] "GET /blog HTTP/1.1" 200 2395 "-" "Mozilla/5.0 (Macintosh; Intel Mac OS X 10_15_7) AppleWebKit/537.36 (KHTML, like Gecko) Version/16.5 Safari/537.36"
185.220.101.5 - - [21/May/2026:04:44:27 +0000] "GET /api/v1/user/6455 HTTP/1.1" 403 4797 "-" "Mozilla/5.0 (Windows NT 10.0; Win64; x64) AppleWebKit/537.36 (KHTML, like Gecko) Chrome/91.0.4472.124 Safari/537.36"
172.16.0.20 - - [21/May/2026:04:45:27 +0000] "GET /contact HTTP/1.1" 200 3433 "-" "Mozilla/5.0 (iPhone; CPU iPhone OS 16_5 like Mac OS X) AppleWebKit/605.1.15 (KHTML, like Gecko) Version/16.5 Mobile/15E148 Safari/604.1"
45.33.22.11 - - [21/May/2026:04:45:27 +0000] "GET /config HTTP/1.1" 404 665 "-" "gobuster/3.1.0"
192.168.1.10 - - [21/May/2026:04:46:27 +0000] "GET /assets/css/style.css HTTP/1.1" 200 1512 "-" "Mozilla/5.0 (iPhone; CPU iPhone OS 16_5 like Mac OS X) AppleWebKit/605.1.15 (KHTML, like Gecko) Version/16.5 Mobile/15E148 Safari/604.1"
1.1.1.1 - - [21/May/2026:04:46:27 +0000] "GET /contact HTTP/1.1" 200 2294 "-" "Mozilla/5.0 (Macintosh; Intel Mac OS X 10_15_7) AppleWebKit/537.36 (KHTML, like Gecko) Version/16.5 Safari/537.36"
185.220.101.5 - - [21/May/2026:04:46:27 +0000] "GET /api/v1/user/7375 HTTP/1.1" 403 3058 "-" "Mozilla/5.0 (Windows NT 10.0; Win64; x64) AppleWebKit/537.36 (KHTML, like Gecko) Chrome/91.0.4472.124 Safari/537.36"
192.168.1.10 - - [21/May/2026:04:47:27 +0000] "GET /services HTTP/1.1" 200 880 "-" "Mozilla/5.0 (X11; Linux x86_64) AppleWebKit/537.36 (KHTML, like Gecko) Firefox/113.0"
10.0.0.5 - - [21/May/2026:04:47:27 +0000] "GET /products HTTP/1.1" 200 3931 "-" "Mozilla/5.0 (iPhone; CPU iPhone OS 16_5 like Mac OS X) AppleWebKit/605.1.15 (KHTML, like Gecko)