91.214.124.55 - - [20/May/2026:22:35:27 +0000] "GET /?q=UNION SELECT NULL,NULL,NULL-- HTTP/1.1" 200 3999 "-" "Mozilla/5.0 (compatible; MSIE 9.0; Windows NT 6.1; Trident/5.0)"
8.8.8.8 - - [20/May/2026:22:36:27 +0000] "GET /images/logo.png HTTP/1.1" 200 3461 "-" "Mozilla/5.0 (Windows NT 10.0; Win64; x64) AppleWebKit/537.36 (KHTML, like Gecko) Chrome/114.0.0.0 Safari/537.36"
10.0.0.5 - - [20/May/2026:22:36:27 +0000] "GET /services HTTP/1.1" 200 1567 "-" "Mozilla/5.0 (X11; Linux x86_64) AppleWebKit/537.36 (KHTML, like Gecko) Firefox/113.0"
192.168.1.10 - - [20/May/2026:22:37:27 +0000] "GET / HTTP/1.1" 200 2816 "-" "Mozilla/5.0 (Macintosh; Intel Mac OS X 10_15_7) AppleWebKit/537.36 (KHTML, like Gecko) Version/16.5 Safari/537.36"
192.168.1.10 - - [20/May/2026:22:37:27 +0000] "GET /assets/js/main.js HTTP/1.1" 200 4595 "-" "Mozilla/5.0 (X11; Linux x86_64) AppleWebKit/537.36 (KHTML, like Gecko) Firefox/113.0"
10.0.0.5 - - [20/May/2026:22:37:27 +0000] "GET /about HTTP/1.1" 200 3801 "-" "Mozilla/5.0 (Windows NT 10.0; Win64; x64) AppleWebKit/537.36 (KHTML, like Gecko) Chrome/114.0.0.0 Safari/537.36"
1.1.1.1 - - [20/May/2026:22:37:27 +0000] "GET /blog HTTP/1.1" 200 3532 "-" "Mozilla/5.0 (Macintosh; Intel Mac OS X 10_15_7) AppleWebKit/537.36 (KHTML, like Gecko) Version/16.5 Safari/537.36"
1.1.1.1 - - [20/May/2026:22:37:27 +0000] "GET /products HTTP/1.1" 200 2188 "-" "Mozilla/5.0 (X11; Linux x86_64) AppleWebKit/537.36 (KHTML, like Gecko) Firefox/113.0"
91.214.124.55 - - [20/May/2026:22:37:27 +0000] "GET /etc/passwd HTTP/1.1" 400 3007 "-" "Mozilla/5.0 (compatible; MSIE 9.0; Windows NT 6.1; Trident/5.0)"
10.0.0.5 - - [20/May/2026:22:38:27 +0000] "GET /blog HTTP/1.1" 200 3465 "-" "Mozilla/5.0 (Windows NT 10.0; Win64; x64) AppleWebKit/537.36 (KHTML, like Gecko) Chrome/114.0.0.0 Safari/537.36"
192.168.1.15 - - [20/May/2026:22:38:27 +0000] "GET /products HTTP/1.1" 200 1925 "-" "Mozilla/5.0 (X11; Linux x86_64) AppleWebKit/537.36 (KHTML, like Gecko) Firefox/113.0"
91.214.124.55 - - [20/May/2026:22:38:27 +0000] "GET /index.php?id=1' OR '1'='1 HTTP/1.1" 200 4690 "-" "Mozilla/5.0 (compatible; MSIE 9.0; Windows NT 6.1; Trident/5.0)"
45.33.22.11 - - [20/May/2026:22:39:27 +0000] "GET /.git HTTP/1.1" 404 3111 "-" "gobuster/3.1.0"
192.168.1.15 - - [20/May/2026:22:40:27 +0000] "GET / HTTP/1.1" 200 4342 "-" "Mozilla/5.0 (X11; Linux x86_64) AppleWebKit/537.36 (KHTML, like Gecko) Firefox/113.0"
10.0.0.5 - - [20/May/2026:22:40:27 +0000] "GET /about HTTP/1.1" 200 2958 "-" "Mozilla/5.0 (X11; Linux x86_64) AppleWebKit/537.36 (KHTML, like Gecko) Firefox/113.0"
1.1.1.1 - - [20/May/2026:22:41:27 +0000] "GET / HTTP/1.1" 200 3792 "-" "Mozilla/5.0 (X11; Linux x86_64) AppleWebKit/537.36 (KHTML, like Gecko) Firefox/113.0"
192.168.1.10 - - [20/May/2026:22:41:27 +0000] "GET / HTTP/1.1" 200 3095 "-" "Mozilla/5.0 (iPhone; CPU iPhone OS 16_5 like Mac OS X) AppleWebKit/605.1.15 (KHTML, like Gecko) Version/16.5 Mobile/15E148 Safari/604.1"
192.168.1.10 - - [20/May/2026:22:41:27 +0000] "GET /blog HTTP/1.1" 200 3334 "-" "Mozilla/5.0 (X11; Linux x86_64) AppleWebKit/537.36 (KHTML, like Gecko) Firefox/113.0"
8.8.8.8 - - [20/May/2026:22:42:27 +0000] "GET / HTTP/1.1" 200 2159 "-" "Mozilla/5.0 (Macintosh; Intel Mac OS X 10_15_7) AppleWebKit/537.36 (KHTML, like Gecko) Version/16.5 Safari/537.36"
172.16.0.20 - - [20/May/2026:22:42:27 +0000] "GET /blog HTTP/1.1" 200 2271 "-" "Mozilla/5.0 (iPhone; CPU iPhone OS 16_5 like Mac OS X) AppleWebKit/605.1.15 (KHTML, like Gecko) Version/16.5 Mobile/15E148 Safari/604.1"
192.168.1.15 - - [20/May/2026:22:42:27 +0000] "GET /assets/css/style.css HTTP/1.1" 200 3527 "-" "Mozilla/5.0 (iPhone; CPU iPhone OS 16_5 like Mac OS X) AppleWebKit/605.1.15 (KHTML, like Gecko) Version/16.5 Mobile/15E148 Safari/604.1"
10.0.0.5 - - [20/May/2026:22:42:27 +0000] "GET /assets/css/style.css HTTP/1.1" 200 4210 "-" "Mozilla/5.0 (Windows NT 10.0; Win64; x64) AppleWebKit/537.36 (KHTML, like Gecko) Chrome/114.0.0.0 Safari/537.36"
192.168.1.10 - - [20/May/2026:22:42:27 +0000] "GET /assets/css/style.css HTTP/1.1" 200 1351 "-" "Mozilla/5.0 (Macintosh; Intel Mac OS X 10_15_7) AppleWebKit/537.36 (KHTML, like Gecko) Version/16.5 Safari/537.36"
192.168.1.10 - - [20/May/2026:22:42:27 +0000] "GET /contact HTTP/1.1" 200 3253 "-" "Mozilla/5.0 (iPhone; CPU iPhone OS 16_5 like Mac OS X) AppleWebKit/605.1.15 (KHTML, like Gecko) Version/16.5 Mobile/15E148 Safari/604.1"
172.16.0.20 - - [20/May/2026:22:43:27 +0000] "GET /products HTTP/1.1" 200 1053 "-" "Mozilla/5.0 (X11; Linux x86_64) AppleWebKit/537.36 (KHTML, like Gecko) Firefox/113.0"
8.8.8.8 - - [20/May/2026:22:43:27 +0000] "GET /blog HTTP/1.1" 200 1400 "-" "Mozilla/5.0 (Windows NT 10.0; Win64; x64) AppleWebKit/537.36 (KHTML, like Gecko) Chrome/114.0.0.0 Safari/537.36"
192.168.1.10 - - [20/May/2026:22:43:27 +0000] "GET /products HTTP/1.1" 200 2516 "-" "Mozilla/5.0 (Macintosh; Intel Mac OS X 10_15_7) AppleWebKit/537.36 (KHTML, like Gecko) Version/16.5 Safari/537.36"
192.168.1.10 - - [20/May/2026:22:45:27 +0000] "GET /products HTTP/1.1" 200 3363 "-" "Mozilla/5.0 (X11; Linux x86_64) AppleWebKit/537.36 (KHTML, like Gecko) Firefox/113.0"
91.214.124.55 - - [20/May/2026:22:45:27 +0000] "GET /../../etc/passwd HTTP/1.1" 400 1881 "-" "Mozilla/5.0 (compatible; MSIE 9.0; Windows NT 6.1; Trident/5.0)"
1.1.1.1 - - [20/May/2026:22:46:27 +0000] "GET / HTTP/1.1" 200 2626 "-" "Mozilla/5.0 (Macintosh; Intel Mac OS X 10_15_7) AppleWebKit/537.36 (KHTML, like Gecko) Version/16.5 Safari/537.36"
192.168.1.10 - - [20/May/2026:22:46:27 +0000] "GET /images/logo.png HTTP/1.1" 200 560 "-" "Mozilla/5.0 (X11; Linux x86_64) AppleWebKit/537.36 (KHTML, like Gecko) Firefox/113.0"
8.8.8.8 - - [20/May/2026:22:46:27 +0000] "GET /images/logo.png HTTP/1.1" 200 4085 "-" "Mozilla/5.0 (Windows NT 10.0; Win64; x64) AppleWebKit/537.36 (KHTML, like Gecko) Chrome/114.0.0.0 Safari/537.36"
172.16.0.20 - - [20/May/2026:22:47:27 +0000] "GET /contact HTTP/1.1" 200 1258 "-" "Mozilla/5.0 (Macintosh; Intel Mac OS X 10_15_7) AppleWebKit/537.36 (KHTML, like Gecko) Version/16.5 Safari/537.36"
192.168.1.15 - - [20/May/2026:22:47:27 +0000] "GET /about HTTP/1.1" 200 1905 "-" "Mozilla/5.0 (iPhone; CPU iPhone OS 16_5 like Mac OS X) AppleWebKit/605.1.15 (KHTML, like Gecko) Version/16.5 Mobile/15E148 Safari/604.1"
8.8.8.8 - - [20/May/2026:22:47:27 +0000] "GET /products HTTP/1.1" 200 4533 "-" "Mozilla/5.0 (Windows NT 10.0; Win64; x64) AppleWebKit/537.36 (KHTML, like Gecko) Chrome/114.0.0.0 Safari/537.36"
10.0.0.5 - - [20/May/2026:22:47:27 +0000] "GET /index.html HTTP/1.1" 200 2482 "-" "Mozilla/5.0 (Macintosh; Intel Mac OS X 10_15_7) AppleWebKit/537.36 (KHTML, like Gecko) Version/16.5 Safari/537.36"
185.220.101.5 - - [20/May/2026:22:47:27 +0000] "GET /api/v1/user/8593 HTTP/1.1" 403 1726 "-" "Mozilla/5.0 (Windows NT 10.0; Win64; x64) AppleWebKit/537.36 (KHTML, like Gecko) Chrome/91.0.4472.124 Safari/537.36"
91.214.124.55 - - [20/May/2026:22:47:27 +0000] "GET /etc/passwd HTTP/1.1" 400 4565 "-" "Mozilla/5.0 (compatible; MSIE 9.0; Windows NT 6.1; Trident/5.0)"
192.168.1.10 - - [20/May/2026:22:49:27 +0000] "GET /assets/css/style.css HTTP/1.1" 200 1045 "-" "Mozilla/5.0 (Windows NT 10.0; Win64; x64) AppleWebKit/537.36 (KHTML, like Gecko) Chrome/114.0.0.0 Safari/537.36"
10.0.0.5 - - [20/May/2026:22:49:27 +0000] "GET /images/logo.png HTTP/1.1" 200 1380 "-" "Mozilla/5.0 (Macintosh; Intel Mac OS X 10_15_7) AppleWebKit/537.36 (KHTML, like Gecko) Version/16.5 Safari/537.36"
1.1.1.1 - - [20/May/2026:22:50:27 +0000] "GET /assets/css/style.css HTTP/1.1" 200 1379 "-" "Mozilla/5.0 (Macintosh; Intel Mac OS X 10_15_7) AppleWebKit/537.36 (KHTML, like Gecko) Version/16.5 Safari/537.36"
192.168.1.10 - - [20/May/2026:22:50:27 +0000] "GET / HTTP/1.1" 200 2481 "-" "Mozilla/5.0 (Macintosh; Intel Mac OS X 10_15_7) AppleWebKit/537.36 (KHTML, like Gecko) Version/16.5 Safari/537.36"
1.1.1.1 - - [20/May/2026:22:51:27 +0000] "GET /index.html HTTP/1.1" 200 487 "-" "Mozilla/5.0 (X11; Linux x86_64) AppleWebKit/537.36 (KHTML, like Gecko) Firefox/113.0"
192.168.1.10 - - [20/May/2026:22:52:27 +0000] "GET /about HTTP/1.1" 200 682 "-" "Mozilla/5.0 (X11; Linux x86_64) AppleWebKit/537.36 (KHTML, like Gecko) Firefox/113.0"
192.168.1.15 - - [20/May/2026:22:54:27 +0000] "GET /contact HTTP/1.1" 200 1509 "-" "Mozilla/5.0 (Windows NT 10.0; Win64; x64) AppleWebKit/537.36 (KHTML, like Gecko) Chrome/114.0.0.0 Safari/537.36"
192.168.1.15 - - [20/May/2026:22:54:27 +0000] "GET /assets/css/style.css HTTP/1.1" 200 2637 "-" "Mozilla/5.0 (Windows NT 10.0; Win64; x64) AppleWebKit/537.36 (KHTML, like Gecko) Chrome/114.0.0.0 Safari/537.36"
10.0.0.5 - - [20/May/2026:22:55:27 +0000] "GET / HTTP/1.1" 200 4446 "-" "Mozilla/5.0 (Windows NT 10.0; Win64; x64) AppleWebKit/537.36 (KHTML, like Gecko) Chrome/114.0.0.0 Safari/537.36"
8.8.8.8 - - [20/May/2026:22:55:27 +0000] "GET /about HTTP/1.1" 200 889 "-" "Mozilla/5.0 (Windows NT 10.0; Win64; x64) AppleWebKit/537.36 (KHTML, like Gecko) Chrome/114.0.0.0 Safari/537.36"
10.0.0.5 - - [20/May/2026:22:55:27 +0000] "GET /blog HTTP/1.1" 200 3046 "-" "Mozilla/5.0 (Macintosh; Intel Mac OS X 10_15_7) AppleWebKit/537.36 (KHTML, like Gecko) Version/16.5 Safari/537.36"
192.168.1.15 - - [20/May/2026:22:55:27 +0000] "GET /contact HTTP/1.1" 200 1796 "-" "Mozilla/5.0 (X11; Linux x86_64) AppleWebKit/537.36 (KHTML, like Gecko) Firefox/113.0"
45.33.22.11 - - [20/May/2026:22:55:27 +0000] "GET /admin HTTP/1.1" 404 2641 "-" "gobuster/3.1.0"
1.1.1.1 - - [20/May/2026:22:56:27 +0000] "GET /about HTTP/1.1" 200 2631 "-" "Mozilla/5.0 (X11; Linux x86_64) AppleWebKit/537.36 (KHTML, like Gecko) Firefox/113.0"
185.220.101.5 - - [20/May/2026:22:56:27 +0000] "GET /api/v1/user/9793 HTTP/1.1" 403 3646 "-" "Mozilla/5.0 (Windows NT 10.0; Win64; x64) AppleWebKit/537.36 (KHTML, like Gecko) Chrome/91.0.4472.124 Safari/537.36"
172.16.0.20 - - [20/May/2026:22:57:27 +0000] "GET /services HTTP/1.1" 200 842 "-" "Mozilla/5.0 (iPhone; CPU iPhone OS 16_5 like Mac OS X) AppleWebKit/605.1.15 (KHTML, like Gecko) Version/16.5 Mobile/15E148 Safari/604.1"
45.33.22.11 - - [20/May/2026:22:57:27 +0000] "GET /.git HTTP/1.1" 404 4751 "-" "gobuster/3.1.0"
192.168.1.10 - - [20/May/2026:22:58:27 +0000] "GET /blog HTTP/1.1" 200 3236 "-" "Mozilla/5.0 (X11; Linux x86_64) AppleWebKit/537.36 (KHTML, like Gecko) Firefox/113.0"
185.220.101.5 - - [20/May/2026:22:58:27 +0000] "GET /api/v1/user/9413 HTTP/1.1" 403 2595 "-" "Mozilla/5.0 (Windows NT 10.0; Win64; x64) AppleWebKit/537.36 (KHTML, like Gecko) Chrome/91.0.4472.124 Safari/537.36"
91.214.124.55 - - [20/May/2026:22:58:27 +0000] "GET /etc/passwd HTTP/1.1" 400 3358 "-" "Mozilla/5.0 (compatible; MSIE 9.0; Windows NT 6.1; Trident/5.0)"
192.168.1.10 - - [20/May/2026:22:59:27 +0000] "GET /about HTTP/1.1" 200 419 "-" "Mozilla/5.0 (Macintosh; Intel Mac OS X 10_15_7) AppleWebKit/537.36 (KHTML, like Gecko) Version/16.5 Safari/537.36"
8.8.8.8 - - [20/May/2026:22:59:27 +0000] "GET /images/logo.png HTTP/1.1" 200 4383 "-" "Mozilla/5.0 (X11; Linux x86_64) AppleWebKit/537.36 (KHTML, like Gecko) Firefox/113.0"
192.168.1.15 - - [20/May/2026:22:59:27 +0000] "GET /products HTTP/1.1" 200 2428 "-" "Mozilla/5.0 (X11; Linux x86_64) AppleWebKit/537.36 (KHTML, like Gecko) Firefox/113.0"
8.8.8.8 - - [20/May/2026:23:00:27 +0000] "GET / HTTP/1.1" 200 3090 "-" "Mozilla/5.0 (iPhone; CPU iPhone OS 16_5 like Mac OS X) AppleWebKit/605.1.15 (KHTML, like Gecko) Version/16.5 Mobile/15E148 Safari/604.1"
10.0.0.5 - - [20/May/2026:23:01:27 +0000] "GET /index.html HTTP/1.1" 200 421 "-" "Mozilla/5.0 (Macintosh; Intel Mac OS X 10_15_7) AppleWebKit/537.36 (KHTML, like Gecko) Version/16.5 Safari/537.36"
192.168.1.15 - - [20/May/2026:23:01:27 +0000] "GET /blog HTTP/1.1" 200 712 "-" "Mozilla/5.0 (Macintosh; Intel Mac OS X 10_15_7) AppleWebKit/537.36 (KHTML, like Gecko) Version/16.5 Safari/537.36"
10.0.0.5 - - [20/May/2026:23:02:27 +0000] "GET /assets/css/style.css HTTP/1.1" 200 3272 "-" "Mozilla/5.0 (Macintosh; Intel Mac OS X 10_15_7) AppleWebKit/537.36 (KHTML, like Gecko) Version/16.5 Safari/537.36"
192.168.1.15 - - [20/May/2026:23:02:27 +0000] "GET /images/logo.png HTTP/1.1" 200 966 "-" "Mozilla/5.0 (Macintosh; Intel Mac OS X 10_15_7) AppleWebKit/537.36 (KHTML, like Gecko) Version/16.5 Safari/537.36"
192.168.1.10 - - [20/May/2026:23:02:27 +0000] "GET /contact HTTP/1.1" 200 2768 "-" "Mozilla/5.0 (Macintosh; Intel Mac OS X 10_15_7) AppleWebKit/537.36 (KHTML, like Gecko) Version/16.5 Safari/537.36"
1.1.1.1 - - [20/May/2026:23:02:27 +0000] "GET / HTTP/1.1" 200 246 "-" "Mozilla/5.0 (iPhone; CPU iPhone OS 16_5 like Mac OS X) AppleWebKit/605.1.15 (KHTML, like Gecko) Version/16.5 Mobile/15E148 Safari/604.1"
1.1.1.1 - - [20/May/2026:23:03:27 +0000] "GET /contact HTTP/1.1" 200 4280 "-" "Mozilla/5.0 (iPhone; CPU iPhone OS 16_5 like Mac OS X) AppleWebKit/605.1.15 (KHTML, like Gecko) Version/16.5 Mobile/15E148 Safari/604.1"
192.168.1.10 - - [20/May/2026:23:03:27 +0000] "GET /contact HTTP/1.1" 200 1761 "-" "Mozilla/5.0 (X11; Linux x86_64) AppleWebKit/537.36 (KHTML, like Gecko) Firefox/113.0"
8.8.8.8 - - [20/May/2026:23:03:27 +0000] "GET /services HTTP/1.1" 200 1956 "-" "Mozilla/5.0 (Macintosh; Intel Mac OS X 10_15_7) AppleWebKit/537.36 (KHTML, like Gecko) Version/16.5 Safari/537.36"
45.33.22.11 - - [20/May/2026:23:03:27 +0000] "GET /admin HTTP/1.1" 404 3371 "-" "gobuster/3.1.0"
192.168.1.15 - - [20/May/2026:23:05:27 +0000] "GET /services HTTP/1.1" 200 1184 "-" "Mozilla/5.0 (Macintosh; Intel Mac OS X 10_15_7) AppleWebKit/537.36 (KHTML, like Gecko) Version/16.5 Safari/537.36"
192.168.1.10 - - [20/May/2026:23:05:27 +0000] "GET /services HTTP/1.1" 200 3141 "-" "Mozilla/5.0 (X11; Linux x86_64) AppleWebKit/537.36 (KHTML, like Gecko) Firefox/113.0"
192.168.1.15 - - [20/May/2026:23:05:27 +0000] "GET /about HTTP/1.1" 200 4335 "-" "Mozilla/5.0 (Windows NT 10.0; Win64; x64) AppleWebKit/537.36 (KHTML, like Gecko) Chrome/114.0.0.0 Safari/537.36"
192.168.1.10 - - [20/May/2026:23:05:27 +0000] "GET /contact HTTP/1.1" 200 2253 "-" "Mozilla/5.0 (Macintosh; Intel Mac OS X 10_15_7) AppleWebKit/537.36 (KHTML, like Gecko) Version/16.5 Safari/537.36"
192.168.1.10 - - [20/May/2026:23:06:27 +0000] "GET /assets/css/style.css HTTP/1.1" 200 1244 "-" "Mozilla/5.0 (Windows NT 10.0; Win64; x64) AppleWebKit/537.36 (KHTML, like Gecko) Chrome/114.0.0.0 Safari/537.36"
172.16.0.20 - - [20/May/2026:23:06:27 +0000] "GET /services HTTP/1.1" 200 3258 "-" "Mozilla/5.0 (Windows NT 10.0; Win64; x64) AppleWebKit/537.36 (KHTML, like Gecko) Chrome/114.0.0.0 Safari/537.36"
10.0.0.5 - - [20/May/2026:23:07:27 +0000] "GET /assets/css/style.css HTTP/1.1" 200 1435 "-" "Mozilla/5.0 (Windows NT 10.0; Win64; x64) AppleWebKit/537.36 (KHTML, like Gecko) Chrome/114.0.0.0 Safari/537.36"
10.0.0.5 - - [20/May/2026:23:08:27 +0000] "GET /assets/js/main.js HTTP/1.1" 200 2126 "-" "Mozilla/5.0 (iPhone; CPU iPhone OS 16_5 like Mac OS X) AppleWebKit/605.1.15 (KHTML, like Gecko) Version/16.5 Mobile/15E148 Safari/604.1"
45.33.22.11 - - [20/May/2026:23:08:27 +0000] "GET /db HTTP/1.1" 404 3627 "-" "gobuster/3.1.0"
1.1.1.1 - - [20/May/2026:23:09:27 +0000] "GET /index.html HTTP/1.1" 200 4580 "-" "Mozilla/5.0 (iPhone; CPU iPhone OS 16_5 like Mac OS X) AppleWebKit/605.1.15 (KHTML, like Gecko) Version/16.5 Mobile/15E148 Safari/604.1"
8.8.8.8 - - [20/May/2026:23:09:27 +0000] "GET /about HTTP/1.1" 200 2443 "-" "Mozilla/5.0 (X11; Linux x86_64) AppleWebKit/537.36 (KHTML, like Gecko) Firefox/113.0"
192.168.1.15 - - [20/May/2026:23:09:27 +0000] "GET /contact HTTP/1.1" 200 3233 "-" "Mozilla/5.0 (Macintosh; Intel Mac OS X 10_15_7) AppleWebKit/537.36 (KHTML, like Gecko) Version/16.5 Safari/537.36"
45.33.22.11 - - [20/May/2026:23:09:27 +0000] "GET /.env HTTP/1.1" 404 4985 "-" "gobuster/3.1.0"
192.168.1.10 - - [20/May/2026:23:10:27 +0000] "GET /services HTTP/1.1" 200 4900 "-" "Mozilla/5.0 (Windows NT 10.0; Win64; x64) AppleWebKit/537.36 (KHTML, like Gecko) Chrome/114.0.0.0 Safari/537.36"
8.8.8.8 - - [20/May/2026:23:10:27 +0000] "GET / HTTP/1.1" 200 2795 "-" "Mozilla/5.0 (X11; Linux x86_64) AppleWebKit/537.36 (KHTML, like Gecko) Firefox/113.0"
10.0.0.5 - - [20/May/2026:23:10:27 +0000] "GET /about HTTP/1.1" 200 4634 "-" "Mozilla/5.0 (X11; Linux x86_64) AppleWebKit/537.36 (KHTML, like Gecko) Firefox/113.0"
10.0.0.5 - - [20/May/2026:23:11:27 +0000] "GET /assets/css/style.css HTTP/1.1" 200 935 "-" "Mozilla/5.0 (X11; Linux x86_64) AppleWebKit/537.36 (KHTML, like Gecko) Firefox/113.0"
192.168.1.10 - - [20/May/2026:23:11:27 +0000] "GET / HTTP/1.1" 200 3560 "-" "Mozilla/5.0 (Windows NT 10.0; Win64; x64) AppleWebKit/537.36 (KHTML, like Gecko) Chrome/114.0.0.0 Safari/537.36"
1.1.1.1 - - [20/May/2026:23:11:27 +0000] "GET /index.html HTTP/1.1" 200 328 "-" "Mozilla/5.0 (Macintosh; Intel Mac OS X 10_15_7) AppleWebKit/537.36 (KHTML, like Gecko) Version/16.5 Safari/537.36"
91.214.124.55 - - [20/May/2026:23:11:27 +0000] "GET /../../etc/passwd HTTP/1.1" 400 4689 "-" "Mozilla/5.0 (compatible; MSIE 9.0; Windows NT 6.1; Trident/5.0)"
172.16.0.20 - - [20/May/2026:23:12:27 +0000] "GET /assets/css/style.css HTTP/1.1" 200 2906 "-" "Mozilla/5.0 (Macintosh; Intel Mac OS X 10_15_7) AppleWebKit/537.36 (KHTML, like Gecko) Version/16.5 Safari/537.36"
8.8.8.8 - - [20/May/2026:23:13:27 +0000] "GET /products HTTP/1.1" 200 3378 "-" "Mozilla/5.0 (Macintosh; Intel Mac OS X 10_15_7) AppleWebKit/537.36 (KHTML, like Gecko) Version/16.5 Safari/537.36"
192.168.1.10 - - [20/May/2026:23:13:27 +0000] "GET /assets/css/style.css HTTP/1.1" 200 2068 "-" "Mozilla/5.0 (X11; Linux x86_64) AppleWebKit/537.36 (KHTML, like Gecko) Firefox/113.0"
192.168.1.15 - - [20/May/2026:23:13:27 +0000] "GET /contact HTTP/1.1" 200 1024 "-" "Mozilla/5.0 (Macintosh; Intel Mac OS X 10_15_7) AppleWebKit/537.36 (KHTML, like Gecko) Version/16.5 Safari/537.36"
8.8.8.8 - - [20/May/2026:23:13:27 +0000] "GET /assets/js/main.js HTTP/1.1" 200 419 "-" "Mozilla/5.0 (Macintosh; Intel Mac OS X 10_15_7) AppleWebKit/537.36 (KHTML, like Gecko) Version/16.5 Safari/537.36"
8.8.8.8 - - [20/May/2026:23:15:27 +0000] "GET /assets/css/style.css HTTP/1.1" 200 2334 "-" "Mozilla/5.0 (iPhone; CPU iPhone OS 16_5 like Mac OS X) AppleWebKit/605.1.15 (KHTML, like Gecko) Version/16.5 Mobile/15E148 Safari/604.1"
192.168.1.15 - - [20/May/2026:23:15:27 +0000] "GET /contact HTTP/1.1" 200 320 "-" "Mozilla/5.0 (Macintosh; Intel Mac OS X 10_15_7) AppleWebKit/537.36 (KHTML, like Gecko) Version/16.5 Safari/537.36"
8.8.8.8 - - [20/May/2026:23:15:27 +0000] "GET /products HTTP/1.1" 200 1989 "-" "Mozilla/5.0 (Windows NT 10.0; Win64; x64) AppleWebKit/537.36 (KHTML, like Gecko) Chrome/114.0.0.0 Safari/537.36"
10.0.0.5 - - [20/May/2026:23:17:27 +0000] "GET /assets/css/style.css HTTP/1.1" 200 765 "-" "Mozilla/5.0 (Macintosh; Intel Mac OS X 10_15_7) AppleWebKit/537.36 (KHTML, like Gecko) Version/16.5 Safari/537.36"
8.8.8.8 - - [20/May/2026:23:17:27 +0000] "GET /contact HTTP/1.1" 200 2838 "-" "Mozilla/5.0 (iPhone; CPU iPhone OS 16_5 like Mac OS X) AppleWebKit/605.1.15 (KHTML, like Gecko) Version/16.5 Mobile/15E148 Safari/604.1"
45.33.22.11 - - [20/May/2026:23:17:27 +0000] "GET /db HTTP/1.1" 404 2078 "-" "gobuster/3.1.0"
91.214.124.55 - - [20/May/2026:23:17:27 +0000] "GET /etc/passwd HTTP/1.1" 400 3952 "-" "Mozilla/5.0 (compatible; MSIE 9.0; Windows NT 6.1; Trident/5.0)"
1.1.1.1 - - [20/May/2026:23:18:27 +0000] "GET /images/logo.png HTTP/1.1" 200 3872 "-" "Mozilla/5.0 (iPhone; CPU iPhone OS 16_5 like Mac OS X) AppleWebKit/605.1.15 (KHTML, like Gecko) Version/16.5 Mobile/15E148 Safari/604.1"
192.168.1.10 - - [20/May/2026:23:18:27 +0000] "GET / HTTP/1.1" 200 4387 "-" "Mozilla/5.0 (iPhone; CPU iPhone OS 16_5 like Mac OS X) AppleWebKit/605.1.15 (KHTML, like Gecko) Version/16.5 Mobile/15E148 Safari/604.1"
172.16.0.20 - - [20/May/2026:23:18:27 +0000] "GET /assets/js/main.js HTTP/1.1" 200 840 "-" "Mozilla/5.0 (iPhone; CPU iPhone OS 16_5 like Mac OS X) AppleWebKit/605.1.15 (KHTML, like Gecko) Version/16.5 Mobile/15E148 Safari/604.1"
8.8.8.8 - - [20/May/2026:23:18:27 +0000] "GET / HTTP/1.1" 200 3543 "-" "Mozilla/5.0 (X11; Linux x86_64) AppleWebKit/537.36 (KHTML, like Gecko) Firefox/113.0"
192.168.1.15 - - [20/May/2026:23:18:27 +0000] "GET /images/logo.png HTTP/1.1" 200 2767 "-" "Mozilla/5.0 (iPhone; CPU iPhone OS 16_5 like Mac OS X) AppleWebKit/605.1.15 (KHTML, like Gecko) Version/16.5 Mobile/15E148 Safari/604.1"
10.0.0.5 - - [20/May/2026:23:18:27 +0000] "GET /about HTTP/1.1" 200 2216 "-" "Mozilla/5.0 (Macintosh; Intel Mac OS X 10_15_7) AppleWebKit/537.36 (KHTML, like Gecko) Version/16.5 Safari/537.36"
45.33.22.11 - - [20/May/2026:23:18:27 +0000] "GET /backup HTTP/1.1" 404 2721 "-" "gobuster/3.1.0"
45.33.22.11 - - [20/May/2026:23:18:27 +0000] "GET /config HTTP/1.1" 404 701 "-" "gobuster/3.1.0"
192.168.1.15 - - [20/May/2026:23:19:27 +0000] "GET /images/logo.png HTTP/1.1" 200 406 "-" "Mozilla/5.0 (iPhone; CPU iPhone OS 16_5 like Mac OS X) AppleWebKit/605.1.15 (KHTML, like Gecko) Version/16.5 Mobile/15E148 Safari/604.1"
8.8.8.8 - - [20/May/2026:23:20:27 +0000] "GET /assets/js/main.js HTTP/1.1" 200 2041 "-" "Mozilla/5.0 (X11; Linux x86_64) AppleWebKit/537.36 (KHTML, like Gecko) Firefox/113.0"
10.0.0.5 - - [20/May/2026:23:20:27 +0000] "GET /index.html HTTP/1.1" 200 3447 "-" "Mozilla/5.0 (Windows NT 10.0; Win64; x64) AppleWebKit/537.36 (KHTML, like Gecko) Chrome/114.0.0.0 Safari/537.36"
45.33.22.11 - - [20/May/2026:23:20:27 +0000] "GET /config HTTP/1.1" 404 1203 "-" "gobuster/3.1.0"
185.220.101.5 - - [20/May/2026:23:20:27 +0000] "GET /api/v1/user/3958 HTTP/1.1" 403 211 "-" "Mozilla/5.0 (Windows NT 10.0; Win64; x64) AppleWebKit/537.36 (KHTML, like Gecko) Chrome/91.0.4472.124 Safari/537.36"
8.8.8.8 - - [20/May/2026:23:21:27 +0000] "GET /contact HTTP/1.1" 200 847 "-" "Mozilla/5.0 (iPhone; CPU iPhone OS 16_5 like Mac OS X) AppleWebKit/605.1.15 (KHTML, like Gecko) Version/16.5 Mobile/15E148 Safari/604.1"
1.1.1.1 - - [20/May/2026:23:21:27 +0000] "GET /products HTTP/1.1" 200 4822 "-" "Mozilla/5.0 (iPhone; CPU iPhone OS 16_5 like Mac OS X) AppleWebKit/605.1.15 (KHTML, like Gecko) Version/16.5 Mobile/15E148 Safari/604.1"
10.0.0.5 - - [20/May/2026:23:22:27 +0000] "GET /assets/css/style.css HTTP/1.1" 200 3054 "-" "Mozilla/5.0 (Macintosh; Intel Mac OS X 10_15_7) AppleWebKit/537.36 (KHTML, like Gecko) Version/16.5 Safari/537.36"
192.168.1.15 - - [20/May/2026:23:22:27 +0000] "GET /services HTTP/1.1" 200 3747 "-" "Mozilla/5.0 (Macintosh; Intel Mac OS X 10_15_7) AppleWebKit/537.36 (KHTML, like Gecko) Version/16.5 Safari/537.36"
192.168.1.10 - - [20/May/2026:23:22:27 +0000] "GET /index.html HTTP/1.1" 200 4918 "-" "Mozilla/5.0 (Macintosh; Intel Mac OS X 10_15_7) AppleWebKit/537.36 (KHTML, like Gecko) Version/16.5 Safari/537.36"
185.220.101.5 - - [20/May/2026:23:22:27 +0000] "GET /api/v1/user/7655 HTTP/1.1" 403 1219 "-" "Mozilla/5.0 (Windows NT 10.0; Win64; x64) AppleWebKit/537.36 (KHTML, like Gecko) Chrome/91.0.4472.124 Safari/537.36"
10.0.0.5 - - [20/May/2026:23:23:27 +0000] "GET /contact HTTP/1.1" 200 3482 "-" "Mozilla/5.0 (Windows NT 10.0; Win64; x64) AppleWebKit/537.36 (KHTML, like Gecko) Chrome/114.0.0.0 Safari/537.36"
10.0.0.5 - - [20/May/2026:23:23:27 +0000] "GET /assets/css/style.css HTTP/1.1" 200 4993 "-" "Mozilla/5.0 (X11; Linux x86_64) AppleWebKit/537.36 (KHTML, like Gecko) Firefox/113.0"
192.168.1.10 - - [20/May/2026:23:23:27 +0000] "GET /assets/js/main.js HTTP/1.1" 200 4388 "-" "Mozilla/5.0 (iPhone; CPU iPhone OS 16_5 like Mac OS X) AppleWebKit/605.1.15 (KHTML, like Gecko) Version/16.5 Mobile/15E148 Safari/604.1"
10.0.0.5 - - [20/May/2026:23:23:27 +0000] "GET / HTTP/1.1" 200 2422 "-" "Mozilla/5.0 (Windows NT 10.0; Win64; x64) AppleWebKit/537.36 (KHTML, like Gecko) Chrome/114.0.0.0 Safari/537.36"
192.168.1.10 - - [20/May/2026:23:23:27 +0000] "GET / HTTP/1.1" 200 297 "-" "Mozilla/5.0 (X11; Linux x86_64) AppleWebKit/537.36 (KHTML, like Gecko) Firefox/113.0"
172.16.0.20 - - [20/May/2026:23:24:27 +0000] "GET /assets/js/main.js HTTP/1.1" 200 3801 "-" "Mozilla/5.0 (iPhone; CPU iPhone OS 16_5 like Mac OS X) AppleWebKit/605.1.15 (KHTML, like Gecko) Version/16.5 Mobile/15E148 Safari/604.1"
192.168.1.15 - - [20/May/2026:23:24:27 +0000] "GET /services HTTP/1.1" 200 3700 "-" "Mozilla/5.0 (Windows NT 10.0; Win64; x64) AppleWebKit/537.36 (KHTML, like Gecko) Chrome/114.0.0.0 Safari/537.36"
172.16.0.20 - - [20/May/2026:23:25:27 +0000] "GET /index.html HTTP/1.1" 200 3545 "-" "Mozilla/5.0 (X11; Linux x86_64) AppleWebKit/537.36 (KHTML, like Gecko) Firefox/113.0"
1.1.1.1 - - [20/May/2026:23:25:27 +0000] "GET /index.html HTTP/1.1" 200 2637 "-" "Mozilla/5.0 (Macintosh; Intel Mac OS X 10_15_7) AppleWebKit/537.36 (KHTML, like Gecko) Version/16.5 Safari/537.36"
185.220.101.5 - - [20/May/2026:23:25:27 +0000] "GET /api/v1/user/3547 HTTP/1.1" 403 276 "-" "Mozilla/5.0 (Windows NT 10.0; Win64; x64) AppleWebKit/537.36 (KHTML, like Gecko) Chrome/91.0.4472.124 Safari/537.36"
192.168.1.10 - - [20/May/2026:23:26:27 +0000] "GET / HTTP/1.1" 200 2539 "-" "Mozilla/5.0 (iPhone; CPU iPhone OS 16_5 like Mac OS X) AppleWebKit/605.1.15 (KHTML, like Gecko) Version/16.5 Mobile/15E148 Safari/604.1"
1.1.1.1 - - [20/May/2026:23:26:27 +0000] "GET /images/logo.png HTTP/1.1" 200 424 "-" "Mozilla/5.0 (Windows NT 10.0; Win64; x64) AppleWebKit/537.36 (KHTML, like Gecko) Chrome/114.0.0.0 Safari/537.36"
8.8.8.8 - - [20/May/2026:23:26:27 +0000] "GET / HTTP/1.1" 200 2557 "-" "Mozilla/5.0 (iPhone; CPU iPhone OS 16_5 like Mac OS X) AppleWebKit/605.1.15 (KHTML, like Gecko) Version/16.5 Mobile/15E148 Safari/604.1"
185.220.101.5 - - [20/May/2026:23:26:27 +0000] "GET /api/v1/user/5693 HTTP/1.1" 403 2690 "-" "Mozilla/5.0 (Windows NT 10.0; Win64; x64) AppleWebKit/537.36 (KHTML, like Gecko) Chrome/91.0.4472.124 Safari/537.36"
192.168.1.10 - - [20/May/2026:23:27:27 +0000] "GET / HTTP/1.1" 200 2996 "-" "Mozilla/5.0 (Macintosh; Intel Mac OS X 10_15_7) AppleWebKit/537.36 (KHTML, like Gecko) Version/16.5 Safari/537.36"
192.168.1.10 - - [20/May/2026:23:27:27 +0000] "GET / HTTP/1.1" 200 4958 "-" "Mozilla/5.0 (Macintosh; Intel Mac OS X 10_15_7) AppleWebKit/537.36 (KHTML, like Gecko) Version/16.5 Safari/537.36"
192.168.1.15 - - [20/May/2026:23:27:27 +0000] "GET /assets/css/style.css HTTP/1.1" 200 3709 "-" "Mozilla/5.0 (X11; Linux x86_64) AppleWebKit/537.36 (KHTML, like Gecko) Firefox/113.0"
172.16.0.20 - - [20/May/2026:23:28:27 +0000] "GET / HTTP/1.1" 200 1426 "-" "Mozilla/5.0 (Windows NT 10.0; Win64; x64) AppleWebKit/537.36 (KHTML, like Gecko) Chrome/114.0.0.0 Safari/537.36"
192.168.1.10 - - [20/May/2026:23:29:27 +0000] "GET /contact HTTP/1.1" 200 4883 "-" "Mozilla/5.0 (X11; Linux x86_64) AppleWebKit/537.36 (KHTML, like Gecko) Firefox/113.0"
1.1.1.1 - - [20/May/2026:23:29:27 +0000] "GET / HTTP/1.1" 200 3559 "-" "Mozilla/5.0 (Macintosh; Intel Mac OS X 10_15_7) AppleWebKit/537.36 (KHTML, like Gecko) Version/16.5 Safari/537.36"
192.168.1.10 - - [20/May/2026:23:30:27 +0000] "GET /services HTTP/1.1" 200 2348 "-" "Mozilla/5.0 (Windows NT 10.0; Win64; x64) AppleWebKit/537.36 (KHTML, like Gecko) Chrome/114.0.0.0 Safari/537.36"
1.1.1.1 - - [20/May/2026:23:30:27 +0000] "GET /index.html HTTP/1.1" 200 3248 "-" "Mozilla/5.0 (Macintosh; Intel Mac OS X 10_15_7) AppleWebKit/537.36 (KHTML, like Gecko) Version/16.5 Safari/537.36"
185.220.101.5 - - [20/May/2026:23:30:27 +0000] "GET /api/v1/user/1112 HTTP/1.1" 403 1779 "-" "Mozilla/5.0 (Windows NT 10.0; Win64; x64) AppleWebKit/537.36 (KHTML, like Gecko) Chrome/91.0.4472.124 Safari/537.36"
172.16.0.20 - - [20/May/2026:23:31:27 +0000] "GET /contact HTTP/1.1" 200 1207 "-" "Mozilla/5.0 (X11; Linux x86_64) AppleWebKit/537.36 (KHTML, like Gecko) Firefox/113.0"
192.168.1.10 - - [20/May/2026:23:31:27 +0000] "GET /about HTTP/1.1" 200 4478 "-" "Mozilla/5.0 (Windows NT 10.0; Win64; x64) AppleWebKit/537.36 (KHTML, like Gecko) Chrome/114.0.0.0 Safari/537.36"
8.8.8.8 - - [20/May/2026:23:31:27 +0000] "GET /products HTTP/1.1" 200 794 "-" "Mozilla/5.0 (Windows NT 10.0; Win64; x64) AppleWebKit/537.36 (KHTML, like Gecko) Chrome/114.0.0.0 Safari/537.36"
45.33.22.11 - - [20/May/2026:23:31:27 +0000] "GET /db HTTP/1.1" 404 2299 "-" "gobuster/3.1.0"
8.8.8.8 - - [20/May/2026:23:32:27 +0000] "GET /blog HTTP/1.1" 200 1739 "-" "Mozilla/5.0 (Macintosh; Intel Mac OS X 10_15_7) AppleWebKit/537.36 (KHTML, like Gecko) Version/16.5 Safari/537.36"
45.33.22.11 - - [20/May/2026:23:32:27 +0000] "GET /db HTTP/1.1" 404 2772 "-" "gobuster/3.1.0"
185.220.101.5 - - [20/May/2026:23:32:27 +0000] "GET /api/v1/user/3949 HTTP/1.1" 403 3001 "-" "Mozilla/5.0 (Windows NT 10.0; Win64; x64) AppleWebKit/537.36 (KHTML, like Gecko) Chrome/91.0.4472.124 Safari/537.36"
10.0.0.5 - - [20/May/2026:23:33:27 +0000] "GET /services HTTP/1.1" 200 4580 "-" "Mozilla/5.0 (iPhone; CPU iPhone OS 16_5 like Mac OS X) AppleWebKit/605.1.15 (KHTML, like Gecko) Version/16.5 Mobile/15E148 Safari/604.1"
1.1.1.1 - - [20/May/2026:23:33:27 +0000] "GET /about HTTP/1.1" 200 4786 "-" "Mozilla/5.0 (X11; Linux x86_64) AppleWebKit/537.36 (KHTML, like Gecko) Firefox/113.0"
192.168.1.15 - - [20/May/2026:23:33:27 +0000] "GET /assets/css/style.css HTTP/1.1" 200 4181 "-" "Mozilla/5.0 (Macintosh; Intel Mac OS X 10_15_7) AppleWebKit/537.36 (KHTML, like Gecko) Version/16.5 Safari/537.36"
192.168.1.10 - - [20/May/2026:23:33:27 +0000] "GET / HTTP/1.1" 200 874 "-" "Mozilla/5.0 (X11; Linux x86_64) AppleWebKit/537.36 (KHTML, like Gecko) Firefox/113.0"
45.33.22.11 - - [20/May/2026:23:33:27 +0000] "GET /backup HTTP/1.1" 404 4419 "-" "gobuster/3.1.0"
185.220.101.5 - - [20/May/2026:23:33:27 +0000] "GET /api/v1/user/8285 HTTP/1.1" 403 4417 "-" "Mozilla/5.0 (Windows NT 10.0; Win64; x64) AppleWebKit/537.36 (KHTML, like Gecko) Chrome/91.0.4472.124 Safari/537.36"
8.8.8.8 - - [20/May/2026:23:34:27 +0000] "GET /services HTTP/1.1" 200 4691 "-" "Mozilla/5.0 (iPhone; CPU iPhone OS 16_5 like Mac OS X) AppleWebKit/605.1.15 (KHTML, like Gecko) Version/16.5 Mobile/15E148 Safari/604.1"
172.16.0.20 - - [20/May/2026:23:34:27 +0000] "GET /images/logo.png HTTP/1.1" 200 4397 "-" "Mozilla/5.0 (Macintosh; Intel Mac OS X 10_15_7) AppleWebKit/537.36 (KHTML, like Gecko) Version/16.5 Safari/537.36"
192.168.1.15 - - [20/May/2026:23:34:27 +0000] "GET /assets/js/main.js HTTP/1.1" 200 4775 "-" "Mozilla/5.0 (Windows NT 10.0; Win64; x64) AppleWebKit/537.36 (KHTML, like Gecko) Chrome/114.0.0.0 Safari/537.36"
45.33.22.11 - - [20/May/2026:23:34:27 +0000] "GET /admin HTTP/1.1" 404 2618 "-" "gobuster/3.1.0"
185.220.101.5 - - [20/May/2026:23:34:27 +0000] "GET /api/v1/user/1002 HTTP/1.1" 403 4993 "-" "Mozilla/5.0 (Windows NT 10.0; Win64; x64) AppleWebKit/537.36 (KHTML, like Gecko) Chrome/91.0.4472.124 Safari/537.36"
1.1.1.1 - - [20/May/2026:23:35:27 +0000] "GET /images/logo.png HTTP/1.1" 200 2293 "-" "Mozilla/5.0 (iPhone; CPU iPhone OS 16_5 like Mac OS X) AppleWebKit/605.1.15 (KHTML, like Gecko) Version/16.5 Mobile/15E148 Safari/604.1"
192.168.1.15 - - [20/May/2026:23:35:27 +0000] "GET /blog HTTP/1.1" 200 1161 "-" "Mozilla/5.0 (Macintosh; Intel Mac OS X 10_15_7) AppleWebKit/537.36 (KHTML, like Gecko) Version/16.5 Safari/537.36"
10.0.0.5 - - [20/May/2026:23:35:27 +0000] "GET /index.html HTTP/1.1" 200 1334 "-" "Mozilla/5.0 (iPhone; CPU iPhone OS 16_5 like Mac OS X) AppleWebKit/605.1.15 (KHTML, like Gecko) Version/16.5 Mobile/15E148 Safari/604.1"
8.8.8.8 - - [20/May/2026:23:36:27 +0000] "GET /assets/js/main.js HTTP/1.1" 200 1643 "-" "Mozilla/5.0 (iPhone; CPU iPhone OS 16_5 like Mac OS X) AppleWebKit/605.1.15 (KHTML, like Gecko) Version/16.5 Mobile/15E148 Safari/604.1"
192.168.1.10 - - [20/May/2026:23:36:27 +0000] "GET / HTTP/1.1" 200 2466 "-" "Mozilla/5.0 (Windows NT 10.0; Win64; x64) AppleWebKit/537.36 (KHTML, like Gecko) Chrome/114.0.0.0 Safari/537.36"
8.8.8.8 - - [20/May/2026:23:36:27 +0000] "GET /products HTTP/1.1" 200 2870 "-" "Mozilla/5.0 (iPhone; CPU iPhone OS 16_5 like Mac OS X) AppleWebKit/605.1.15 (KHTML, like Gecko) Version/16.5 Mobile/15E148 Safari/604.1"
8.8.8.8 - - [20/May/2026:23:36:27 +0000] "GET /assets/js/main.js HTTP/1.1" 200 2141 "-" "Mozilla/5.0 (X11; Linux x86_64) AppleWebKit/537.36 (KHTML, like Gecko) Firefox/113.0"
192.168.1.10 - - [20/May/2026:23:37:27 +0000] "GET /blog HTTP/1.1" 200 3504 "-" "Mozilla/5.0 (Macintosh; Intel Mac OS X 10_15_7) AppleWebKit/537.36 (KHTML, like Gecko) Version/16.5 Safari/537.36"
1.1.1.1 - - [20/May/2026:23:37:27 +0000] "GET /services HTTP/1.1" 200 4204 "-" "Mozilla/5.0 (Windows NT 10.0; Win64; x64) AppleWebKit/537.36 (KHTML, like Gecko) Chrome/114.0.0.0 Safari/537.36"
45.33.22.11 - - [20/May/2026:23:37:27 +0000] "GET /db HTTP/1.1" 404 4020 "-" "gobuster/3.1.0"
192.168.1.15 - - [20/May/2026:23:38:27 +0000] "GET /images/logo.png HTTP/1.1" 200 3029 "-" "Mozilla/5.0 (Windows NT 10.0; Win64; x64) AppleWebKit/537.36 (KHTML, like Gecko) Chrome/114.0.0.0 Safari/537.36"
192.168.1.10 - - [20/May/2026:23:38:27 +0000] "GET /services HTTP/1.1" 200 4008 "-" "Mozilla/5.0 (Windows NT 10.0; Win64; x64) AppleWebKit/537.36 (KHTML, like Gecko) Chrome/114.0.0.0 Safari/537.36"
185.220.101.5 - - [20/May/2026:23:39:27 +0000] "GET /api/v1/user/5210 HTTP/1.1" 403 1614 "-" "Mozilla/5.0 (Windows NT 10.0; Win64; x64) AppleWebKit/537.36 (KHTML, like Gecko) Chrome/91.0.4472.124 Safari/537.36"
172.16.0.20 - - [20/May/2026:23:40:27 +0000] "GET / HTTP/1.1" 200 3746 "-" "Mozilla/5.0 (Windows NT 10.0; Win64; x64) AppleWebKit/537.36 (KHTML, like Gecko) Chrome/114.0.0.0 Safari/537.36"
172.16.0.20 - - [20/May/2026:23:40:27 +0000] "GET /blog HTTP/1.1" 200 1103 "-" "Mozilla/5.0 (X11; Linux x86_64) AppleWebKit/537.36 (KHTML, like Gecko) Firefox/113.0"
45.33.22.11 - - [20/May/2026:23:40:27 +0000] "GET /.git HTTP/1.1" 404 2576 "-" "gobuster/3.1.0"
45.33.22.11 - - [20/May/2026:23:40:27 +0000] "GET /admin HTTP/1.1" 404 4695 "-" "gobuster/3.1.0"
8.8.8.8 - - [20/May/2026:23:41:27 +0000] "GET / HTTP/1.1" 200 3633 "-" "Mozilla/5.0 (Macintosh; Intel Mac OS X 10_15_7) AppleWebKit/537.36 (KHTML, like Gecko) Version/16.5 Safari/537.36"
192.168.1.15 - - [20/May/2026:23:41:27 +0000] "GET /index.html HTTP/1.1" 200 4701 "-" "Mozilla/5.0 (Windows NT 10.0; Win64; x64) AppleWebKit/537.36 (KHTML, like Gecko) Chrome/114.0.0.0 Safari/537.36"
172.16.0.20 - - [20/May/2026:23:42:27 +0000] "GET /services HTTP/1.1" 200 2181 "-" "Mozilla/5.0 (Macintosh; Intel Mac OS X 10_15_7) AppleWebKit/537.36 (KHTML, like Gecko) Version/16.5 Safari/537.36"
91.214.124.55 - - [20/May/2026:23:42:27 +0000] "GET /cgi-bin/php.fcgi?%2d%64+%61%6c%6c%6f%77%5f%75%72%6c%5f%69%6e%63%6c%75%64%65%3d%6f%6e HTTP/1.1" 200 2588 "-" "Mozilla/5.0 (compatible; MSIE 9.0; Windows NT 6.1; Trident/5.0)"
10.0.0.5 - - [20/May/2026:23:43:27 +0000] "GET /about HTTP/1.1" 200 3871 "-" "Mozilla/5.0 (Windows NT 10.0; Win64; x64) AppleWebKit/537.36 (KHTML, like Gecko) Chrome/114.0.0.0 Safari/537.36"
10.0.0.5 - - [20/May/2026:23:43:27 +0000] "GET /about HTTP/1.1" 200 549 "-" "Mozilla/5.0 (iPhone; CPU iPhone OS 16_5 like Mac OS X) AppleWebKit/605.1.15 (KHTML, like Gecko) Version/16.5 Mobile/15E148 Safari/604.1"
192.168.1.15 - - [20/May/2026:23:43:27 +0000] "GET /blog HTTP/1.1" 200 455 "-" "Mozilla/5.0 (Macintosh; Intel Mac OS X 10_15_7) AppleWebKit/537.36 (KHTML, like Gecko) Version/16.5 Safari/537.36"
8.8.8.8 - - [20/May/2026:23:44:27 +0000] "GET /index.html HTTP/1.1" 200 1408 "-" "Mozilla/5.0 (iPhone; CPU iPhone OS 16_5 like Mac OS X) AppleWebKit/605.1.15 (KHTML, like Gecko) Version/16.5 Mobile/15E148 Safari/604.1"
192.168.1.10 - - [20/May/2026:23:44:27 +0000] "GET /services HTTP/1.1" 200 990 "-" "Mozilla/5.0 (Windows NT 10.0; Win64; x64) AppleWebKit/537.36 (KHTML, like Gecko) Chrome/114.0.0.0 Safari/537.36"
192.168.1.15 - - [20/May/2026:23:44:27 +0000] "GET /assets/css/style.css HTTP/1.1" 200 4304 "-" "Mozilla/5.0 (X11; Linux x86_64) AppleWebKit/537.36 (KHTML, like Gecko) Firefox/113.0"
8.8.8.8 - - [20/May/2026:23:44:27 +0000] "GET /blog HTTP/1.1" 200 4914 "-" "Mozilla/5.0 (X11; Linux x86_64) AppleWebKit/537.36 (KHTML, like Gecko) Firefox/113.0"
10.0.0.5 - - [20/May/2026:23:44:27 +0000] "GET /about HTTP/1.1" 200 2086 "-" "Mozilla/5.0 (Macintosh; Intel Mac OS X 10_15_7) AppleWebKit/537.36 (KHTML, like Gecko) Version/16.5 Safari/537.36"
45.33.22.11 - - [20/May/2026:23:44:27 +0000] "GET /.env HTTP/1.1" 404 4001 "-" "gobuster/3.1.0"
172.16.0.20 - - [20/May/2026:23:45:27 +0000] "GET / HTTP/1.1" 200 2997 "-" "Mozilla/5.0 (Macintosh; Intel Mac OS X 10_15_7) AppleWebKit/537.36 (KHTML, like Gecko) Version/16.5 Safari/537.36"
192.168.1.10 - - [20/May/2026:23:45:27 +0000] "GET /blog HTTP/1.1" 200 2411 "-" "Mozilla/5.0 (Windows NT 10.0; Win64; x64) AppleWebKit/537.36 (KHTML, like Gecko) Chrome/114.0.0.0 Safari/537.36"
192.168.1.10 - - [20/May/2026:23:45:27 +0000] "GET /products HTTP/1.1" 200 4579 "-" "Mozilla/5.0 (Macintosh; Intel Mac OS X 10_15_7) AppleWebKit/537.36 (KHTML, like Gecko) Version/16.5 Safari/537.36"
1.1.1.1 - - [20/May/2026:23:45:27 +0000] "GET /products HTTP/1.1" 200 4653 "-" "Mozilla/5.0 (Macintosh; Intel Mac OS X 10_15_7) AppleWebKit/537.36 (KHTML, like Gecko) Version/16.5 Safari/537.36"
185.220.101.5 - - [20/May/2026:23:45:27 +0000] "GET /api/v1/user/6614 HTTP/1.1" 403 2574 "-" "Mozilla/5.0 (Windows NT 10.0; Win64; x64) AppleWebKit/537.36 (KHTML, like Gecko) Chrome/91.0.4472.124 Safari/537.36"
192.168.1.15 - - [20/May/2026:23:46:27 +0000] "GET /blog HTTP/1.1" 200 1355 "-" "Mozilla/5.0 (X11; Linux x86_64) AppleWebKit/537.36 (KHTML, like Gecko) Firefox/113.0"
192.168.1.10 - - [20/May/2026:23:46:27 +0000] "GET /about HTTP/1.1" 200 1175 "-" "Mozilla/5.0 (Windows NT 10.0; Win64; x64) AppleWebKit/537.36 (KHTML, like Gecko) Chrome/114.0.0.0 Safari/537.36"
10.0.0.5 - - [20/May/2026:23:46:27 +0000] "GET / HTTP/1.1" 200 1122 "-" "Mozilla/5.0 (iPhone; CPU iPhone OS 16_5 like Mac OS X) AppleWebKit/605.1.15 (KHTML, like Gecko) Version/16.5 Mobile/15E148 Safari/604.1"
8.8.8.8 - - [20/May/2026:23:46:27 +0000] "GET /images/logo.png HTTP/1.1" 200 3229 "-" "Mozilla/5.0 (Macintosh; Intel Mac OS X 10_15_7) AppleWebKit/537.36 (KHTML, like Gecko) Version/16.5 Safari/537.36"
45.33.22.11 - - [20/May/2026:23:46:27 +0000] "GET /wp-admin HTTP/1.1" 404 3373 "-" "gobuster/3.1.0"
10.0.0.5 - - [20/May/2026:23:47:27 +0000] "GET /images/logo.png HTTP/1.1" 200 1220 "-" "Mozilla/5.0 (Macintosh; Intel Mac OS X 10_15_7) AppleWebKit/537.36 (KHTML, like Gecko) Version/16.5 Safari/537.36"
192.168.1.15 - - [20/May/2026:23:47:27 +0000] "GET /assets/css/style.css HTTP/1.1" 200 3483 "-" "Mozilla/5.0 (iPhone; CPU iPhone OS 16_5 like Mac OS X) AppleWebKit/605.1.15 (KHTML, like Gecko) Version/16.5 Mobile/15E148 Safari/604.1"
10.0.0.5 - - [20/May/2026:23:47:27 +0000] "GET /blog HTTP/1.1" 200 963 "-" "Mozilla/5.0 (X11; Linux x86_64) AppleWebKit/537.36 (KHTML, like Gecko) Firefox/113.0"
192.168.1.15 - - [20/May/2026:23:47:27 +0000] "GET /images/logo.png HTTP/1.1" 200 3743 "-" "Mozilla/5.0 (X11; Linux x86_64) AppleWebKit/537.36 (KHTML, like Gecko) Firefox/113.0"
45.33.22.11 - - [20/May/2026:23:47:27 +0000] "GET /admin HTTP/1.1" 404 557 "-" "gobuster/3.1.0"
10.0.0.5 - - [20/May/2026:23:48:27 +0000] "GET /products HTTP/1.1" 200 4205 "-" "Mozilla/5.0 (iPhone; CPU iPhone OS 16_5 like Mac OS X) AppleWebKit/605.1.15 (KHTML, like Gecko) Version/16.5 Mobile/15E148 Safari/604.1"
192.168.1.10 - - [20/May/2026:23:48:27 +0000] "GET /products HTTP/1.1" 200 3921 "-" "Mozilla/5.0 (Windows NT 10.0; Win64; x64) AppleWebKit/537.36 (KHTML, like Gecko) Chrome/114.0.0.0 Safari/537.36"
192.168.1.10 - - [20/May/2026:23:48:27 +0000] "GET /index.html HTTP/1.1" 200 1969 "-" "Mozilla/5.0 (iPhone; CPU iPhone OS 16_5 like Mac OS X) AppleWebKit/605.1.15 (KHTML, like Gecko) Version/16.5 Mobile/15E148 Safari/604.1"
8.8.8.8 - - [20/May/2026:23:48:27 +0000] "GET /about HTTP/1.1" 200 1097 "-" "Mozilla/5.0 (Windows NT 10.0; Win64; x64) AppleWebKit/537.36 (KHTML, like Gecko) Chrome/114.0.0.0 Safari/537.36"
1.1.1.1 - - [20/May/2026:23:49:27 +0000] "GET /products HTTP/1.1" 200 2726 "-" "Mozilla/5.0 (iPhone; CPU iPhone OS 16_5 like Mac OS X) AppleWebKit/605.1.15 (KHTML, like Gecko) Version/16.5 Mobile/15E148 Safari/604.1"
192.168.1.10 - - [20/May/2026:23:50:27 +0000] "GET /assets/js/main.js HTTP/1.1" 200 2775 "-" "Mozilla/5.0 (X11; Linux x86_64) AppleWebKit/537.36 (KHTML, like Gecko) Firefox/113.0"
45.33.22.11 - - [20/May/2026:23:51:27 +0000] "GET /.git HTTP/1.1" 404 2548 "-" "gobuster/3.1.0"
172.16.0.20 - - [20/May/2026:23:53:27 +0000] "GET /products HTTP/1.1" 200 4949 "-" "Mozilla/5.0 (X11; Linux x86_64) AppleWebKit/537.36 (KHTML, like Gecko) Firefox/113.0"
185.220.101.5 - - [20/May/2026:23:53:27 +0000] "GET /api/v1/user/5409 HTTP/1.1" 403 421 "-" "Mozilla/5.0 (Windows NT 10.0; Win64; x64) AppleWebKit/537.36 (KHTML, like Gecko) Chrome/91.0.4472.124 Safari/537.36"
91.214.124.55 - - [20/May/2026:23:53:27 +0000] "GET /?q=UNION SELECT NULL,NULL,NULL-- HTTP/1.1" 200 4014 "-" "Mozilla/5.0 (compatible; MSIE 9.0; Windows NT 6.1; Trident/5.0)"
192.168.1.15 - - [20/May/2026:23:54:27 +0000] "GET /assets/js/main.js HTTP/1.1" 200 2894 "-" "Mozilla/5.0 (iPhone; CPU iPhone OS 16_5 like Mac OS X) AppleWebKit/605.1.15 (KHTML, like Gecko) Version/16.5 Mobile/15E148 Safari/604.1"
192.168.1.15 - - [20/May/2026:23:54:27 +0000] "GET /images/logo.png HTTP/1.1" 200 929 "-" "Mozilla/5.0 (iPhone; CPU iPhone OS 16_5 like Mac OS X) AppleWebKit/605.1.15 (KHTML, like Gecko) Version/16.5 Mobile/15E148 Safari/604.1"
8.8.8.8 - - [20/May/2026:23:54:27 +0000] "GET /contact HTTP/1.1" 200 2349 "-" "Mozilla/5.0 (Macintosh; Intel Mac OS X 10_15_7) AppleWebKit/537.36 (KHTML, like Gecko) Version/16.5 Safari/537.36"
10.0.0.5 - - [20/May/2026:23:54:27 +0000] "GET /assets/css/style.css HTTP/1.1" 200 3096 "-" "Mozilla/5.0 (X11; Linux x86_64) AppleWebKit/537.36 (KHTML, like Gecko) Firefox/113.0"
192.168.1.15 - - [20/May/2026:23:54:27 +0000] "GET /images/logo.png HTTP/1.1" 200 3329 "-" "Mozilla/5.0 (Macintosh; Intel Mac OS X 10_15_7) AppleWebKit/537.36 (KHTML, like Gecko) Version/16.5 Safari/537.36"
192.168.1.10 - - [20/May/2026:23:55:27 +0000] "GET /index.html HTTP/1.1" 200 2786 "-" "Mozilla/5.0 (iPhone; CPU iPhone OS 16_5 like Mac OS X) AppleWebKit/605.1.15 (KHTML, like Gecko) Version/16.5 Mobile/15E148 Safari/604.1"
192.168.1.10 - - [20/May/2026:23:55:27 +0000] "GET /services HTTP/1.1" 200 3697 "-" "Mozilla/5.0 (X11; Linux x86_64) AppleWebKit/537.36 (KHTML, like Gecko) Firefox/113.0"
1.1.1.1 - - [20/May/2026:23:56:27 +0000] "GET /images/logo.png HTTP/1.1" 200 2150 "-" "Mozilla/5.0 (Windows NT 10.0; Win64; x64) AppleWebKit/537.36 (KHTML, like Gecko) Chrome/114.0.0.0 Safari/537.36"
192.168.1.10 - - [20/May/2026:23:56:27 +0000] "GET /products HTTP/1.1" 200 2918 "-" "Mozilla/5.0 (iPhone; CPU iPhone OS 16_5 like Mac OS X) AppleWebKit/605.1.15 (KHTML, like Gecko) Version/16.5 Mobile/15E148 Safari/604.1"
192.168.1.10 - - [20/May/2026:23:56:27 +0000] "GET /contact HTTP/1.1" 200 4244 "-" "Mozilla/5.0 (Windows NT 10.0; Win64; x64) AppleWebKit/537.36 (KHTML, like Gecko) Chrome/114.0.0.0 Safari/537.36"
1.1.1.1 - - [20/May/2026:23:56:27 +0000] "GET /about HTTP/1.1" 200 541 "-" "Mozilla/5.0 (Macintosh; Intel Mac OS X 10_15_7) AppleWebKit/537.36 (KHTML, like Gecko) Version/16.5 Safari/537.36"
10.0.0.5 - - [20/May/2026:23:57:27 +0000] "GET /assets/css/style.css HTTP/1.1" 200 4009 "-" "Mozilla/5.0 (iPhone; CPU iPhone OS 16_5 like Mac OS X) AppleWebKit/605.1.15 (KHTML, like Gecko) Version/16.5 Mobile/15E148 Safari/604.1"
192.168.1.15 - - [20/May/2026:23:57:27 +0000] "GET /index.html HTTP/1.1" 200 4662 "-" "Mozilla/5.0 (iPhone; CPU iPhone OS 16_5 like Mac OS X) AppleWebKit/605.1.15 (KHTML, like Gecko) Version/16.5 Mobile/15E148 Safari/604.1"
10.0.0.5 - - [20/May/2026:23:57:27 +0000] "GET /blog HTTP/1.1" 200 3853 "-" "Mozilla/5.0 (X11; Linux x86_64) AppleWebKit/537.36 (KHTML, like Gecko) Firefox/113.0"
192.168.1.15 - - [20/May/2026:23:57:27 +0000] "GET /index.html HTTP/1.1" 200 2098 "-" "Mozilla/5.0 (Windows NT 10.0; Win64; x64) AppleWebKit/537.36 (KHTML, like Gecko) Chrome/114.0.0.0 Safari/537.36"
8.8.8.8 - - [20/May/2026:23:57:27 +0000] "GET / HTTP/1.1" 200 1761 "-" "Mozilla/5.0 (Windows NT 10.0; Win64; x64) AppleWebKit/537.36 (KHTML, like Gecko) Chrome/114.0.0.0 Safari/537.36"
10.0.0.5 - - [20/May/2026:23:57:27 +0000] "GET /blog HTTP/1.1" 200 2968 "-" "Mozilla/5.0 (iPhone; CPU iPhone OS 16_5 like Mac OS X) AppleWebKit/605.1.15 (KHTML, like Gecko) Version/16.5 Mobile/15E148 Safari/604.1"
45.33.22.11 - - [20/May/2026:23:57:27 +0000] "GET /phpmyadmin HTTP/1.1" 404 4532 "-" "gobuster/3.1.0"
8.8.8.8 - - [20/May/2026:23:58:27 +0000] "GET /about HTTP/1.1" 200 344 "-" "Mozilla/5.0 (Windows NT 10.0; Win64; x64) AppleWebKit/537.36 (KHTML, like Gecko) Chrome/114.0.0.0 Safari/537.36"
10.0.0.5 - - [20/May/2026:23:58:27 +0000] "GET /images/logo.png HTTP/1.1" 200 2813 "-" "Mozilla/5.0 (Windows NT 10.0; Win64; x64) AppleWebKit/537.36 (KHTML, like Gecko) Chrome/114.0.0.0 Safari/537.36"
1.1.1.1 - - [20/May/2026:23:58:27 +0000] "GET /about HTTP/1.1" 200 1677 "-" "Mozilla/5.0 (iPhone; CPU iPhone OS 16_5 like Mac OS X) AppleWebKit/605.1.15 (KHTML, like Gecko) Version/16.5 Mobile/15E148 Safari/604.1"
192.168.1.15 - - [20/May/2026:23:58:27 +0000] "GET /contact HTTP/1.1" 200 1073 "-" "Mozilla/5.0 (Windows NT 10.0; Win64; x64) AppleWebKit/537.36 (KHTML, like Gecko) Chrome/114.0.0.0 Safari/537.36"
1.1.1.1 - - [20/May/2026:23:59:27 +0000] "GET /blog HTTP/1.1" 200 2498 "-" "Mozilla/5.0 (Windows NT 10.0; Win64; x64) AppleWebKit/537.36 (KHTML, like Gecko) Chrome/114.0.0.0 Safari/537.36"
192.168.1.10 - - [20/May/2026:23:59:27 +0000] "GET /assets/js/main.js HTTP/1.1" 200 333 "-" "Mozilla/5.0 (X11; Linux x86_64) AppleWebKit/537.36 (KHTML, like Gecko) Firefox/113.0"
192.168.1.10 - - [20/May/2026:23:59:27 +0000] "GET /index.html HTTP/1.1" 200 2275 "-" "Mozilla/5.0 (iPhone; CPU iPhone OS 16_5 like Mac OS X) AppleWebKit/605.1.15 (KHTML, like Gecko) Version/16.5 Mobile/15E148 Safari/604.1"
192.168.1.10 - - [20/May/2026:23:59:27 +0000] "GET /about HTTP/1.1" 200 3409 "-" "Mozilla/5.0 (Windows NT 10.0; Win64; x64) AppleWebKit/537.36 (KHTML, like Gecko) Chrome/114.0.0.0 Safari/537.36"
91.214.124.55 - - [20/May/2026:23:59:27 +0000] "GET /index.php?id=1' OR '1'='1 HTTP/1.1" 200 931 "-" "Mozilla/5.0 (compatible; MSIE 9.0; Windows NT 6.1; Trident/5.0)"
192.168.1.10 - - [21/May/2026:00:01:27 +0000] "GET /contact HTTP/1.1" 200 1282 "-" "Mozilla/5.0 (Macintosh; Intel Mac OS X 10_15_7) AppleWebKit/537.36 (KHTML, like Gecko) Version/16.5 Safari/537.36"
10.0.0.5 - - [21/May/2026:00:01:27 +0000] "GET /assets/css/style.css HTTP/1.1" 200 3765 "-" "Mozilla/5.0 (iPhone; CPU iPhone OS 16_5 like Mac OS X) AppleWebKit/605.1.15 (KHTML, like Gecko) Version/16.5 Mobile/15E148 Safari/604.1"
192.168.1.10 - - [21/May/2026:00:01:27 +0000] "GET /assets/js/main.js HTTP/1.1" 200 2098 "-" "Mozilla/5.0 (iPhone; CPU iPhone OS 16_5 like Mac OS X) AppleWebKit/605.1.15 (KHTML, like Gecko) Version/16.5 Mobile/15E148 Safari/604.1"
172.16.0.20 - - [21/May/2026:00:01:27 +0000] "GET /index.html HTTP/1.1" 200 3077 "-" "Mozilla/5.0 (Macintosh; Intel Mac OS X 10_15_7) AppleWebKit/537.36 (KHTML, like Gecko) Version/16.5 Safari/537.36"
10.0.0.5 - - [21/May/2026:00:01:27 +0000] "GET /blog HTTP/1.1" 200 1740 "-" "Mozilla/5.0 (iPhone; CPU iPhone OS 16_5 like Mac OS X) AppleWebKit/605.1.15 (KHTML, like Gecko) Version/16.5 Mobile/15E148 Safari/604.1"
45.33.22.11 - - [21/May/2026:00:01:27 +0000] "GET /config HTTP/1.1" 404 1413 "-" "gobuster/3.1.0"
192.168.1.10 - - [21/May/2026:00:03:27 +0000] "GET /images/logo.png HTTP/1.1" 200 3308 "-" "Mozilla/5.0 (Windows NT 10.0; Win64; x64) AppleWebKit/537.36 (KHTML, like Gecko) Chrome/114.0.0.0 Safari/537.36"
8.8.8.8 - - [21/May/2026:00:04:27 +0000] "GET /assets/js/main.js HTTP/1.1" 200 2645 "-" "Mozilla/5.0 (X11; Linux x86_64) AppleWebKit/537.36 (KHTML, like Gecko) Firefox/113.0"
192.168.1.10 - - [21/May/2026:00:04:27 +0000] "GET /assets/css/style.css HTTP/1.1" 200 2590 "-" "Mozilla/5.0 (Macintosh; Intel Mac OS X 10_15_7) AppleWebKit/537.36 (KHTML, like Gecko) Version/16.5 Safari/537.36"
192.168.1.10 - - [21/May/2026:00:04:27 +0000] "GET / HTTP/1.1" 200 2006 "-" "Mozilla/5.0 (X11; Linux x86_64) AppleWebKit/537.36 (KHTML, like Gecko) Firefox/113.0"
192.168.1.15 - - [21/May/2026:00:04:27 +0000] "GET /services HTTP/1.1" 200 1554 "-" "Mozilla/5.0 (Macintosh; Intel Mac OS X 10_15_7) AppleWebKit/537.36 (KHTML, like Gecko) Version/16.5 Safari/537.36"
45.33.22.11 - - [21/May/2026:00:06:27 +0000] "GET /admin HTTP/1.1" 404 294 "-" "gobuster/3.1.0"
185.220.101.5 - - [21/May/2026:00:06:27 +0000] "GET /api/v1/user/8472 HTTP/1.1" 403 2394 "-" "Mozilla/5.0 (Windows NT 10.0; Win64; x64) AppleWebKit/537.36 (KHTML, like Gecko) Chrome/91.0.4472.124 Safari/537.36"
91.214.124.55 - - [21/May/2026:00:06:27 +0000] "GET /../../etc/passwd HTTP/1.1" 400 4435 "-" "Mozilla/5.0 (compatible; MSIE 9.0; Windows NT 6.1; Trident/5.0)"
192.168.1.10 - - [21/May/2026:00:07:27 +0000] "GET /products HTTP/1.1" 200 1835 "-" "Mozilla/5.0 (iPhone; CPU iPhone OS 16_5 like Mac OS X) AppleWebKit/605.1.15 (KHTML, like Gecko) Version/16.5 Mobile/15E148 Safari/604.1"
10.0.0.5 - - [21/May/2026:00:07:27 +0000] "GET /contact HTTP/1.1" 200 2391 "-" "Mozilla/5.0 (Macintosh; Intel Mac OS X 10_15_7) AppleWebKit/537.36 (KHTML, like Gecko) Version/16.5 Safari/537.36"
192.168.1.15 - - [21/May/2026:00:07:27 +0000] "GET /products HTTP/1.1" 200 2110 "-" "Mozilla/5.0 (Windows NT 10.0; Win64; x64) AppleWebKit/537.36 (KHTML, like Gecko) Chrome/114.0.0.0 Safari/537.36"
8.8.8.8 - - [21/May/2026:00:07:27 +0000] "GET /assets/js/main.js HTTP/1.1" 200 4497 "-" "Mozilla/5.0 (X11; Linux x86_64) AppleWebKit/537.36 (KHTML, like Gecko) Firefox/113.0"
10.0.0.5 - - [21/May/2026:00:08:27 +0000] "GET /assets/css/style.css HTTP/1.1" 200 3805 "-" "Mozilla/5.0 (iPhone; CPU iPhone OS 16_5 like Mac OS X) AppleWebKit/605.1.15 (KHTML, like Gecko) Version/16.5 Mobile/15E148 Safari/604.1"
8.8.8.8 - - [21/May/2026:00:08:27 +0000] "GET /assets/js/main.js HTTP/1.1" 200 1243 "-" "Mozilla/5.0 (Macintosh; Intel Mac OS X 10_15_7) AppleWebKit/537.36 (KHTML, like Gecko) Version/16.5 Safari/537.36"
192.168.1.10 - - [21/May/2026:00:09:27 +0000] "GET / HTTP/1.1" 200 3671 "-" "Mozilla/5.0 (X11; Linux x86_64) AppleWebKit/537.36 (KHTML, like Gecko) Firefox/113.0"
