185.178.208.190 - - [20/May/2026:14:36:41 +0000] "GET /images/logo.png HTTP/1.1" 200 4715 "-" "Mozilla/5.0 (Windows NT 10.0; Win64; x64) AppleWebKit/537.36 (KHTML, like Gecko) Chrome/114.0.0.0 Safari/537.36"
188.114.97.12 - - [20/May/2026:14:36:41 +0000] "GET /index.html HTTP/1.1" 200 2676 "-" "Mozilla/5.0 (Windows NT 10.0; Win64; x64) AppleWebKit/537.36 (KHTML, like Gecko) Chrome/114.0.0.0 Safari/537.36"
37.140.192.155 - - [20/May/2026:14:36:41 +0000] "GET /assets/css/style.css HTTP/1.1" 200 4501 "-" "Mozilla/5.0 (Windows NT 10.0; Win64; x64) AppleWebKit/537.36 (KHTML, like Gecko) Chrome/114.0.0.0 Safari/537.36"
185.178.208.190 - - [20/May/2026:14:37:41 +0000] "GET /index.html HTTP/1.1" 200 3027 "-" "Mozilla/5.0 (X11; Linux x86_64) AppleWebKit/537.36 (KHTML, like Gecko) Firefox/113.0"
37.140.192.155 - - [20/May/2026:14:37:41 +0000] "GET / HTTP/1.1" 200 4991 "-" "Mozilla/5.0 (Windows NT 10.0; Win64; x64) AppleWebKit/537.36 (KHTML, like Gecko) Chrome/114.0.0.0 Safari/537.36"
188.114.97.12 - - [20/May/2026:14:37:41 +0000] "GET / HTTP/1.1" 200 1627 "-" "Mozilla/5.0 (Macintosh; Intel Mac OS X 10_15_7) AppleWebKit/537.36 (KHTML, like Gecko) Version/16.5 Safari/537.36"
185.178.208.190 - - [20/May/2026:14:37:41 +0000] "GET /assets/js/main.js HTTP/1.1" 200 2090 "-" "Mozilla/5.0 (Windows NT 10.0; Win64; x64) AppleWebKit/537.36 (KHTML, like Gecko) Chrome/114.0.0.0 Safari/537.36"
188.114.97.12 - - [20/May/2026:14:38:41 +0000] "GET /about HTTP/1.1" 200 4207 "-" "Mozilla/5.0 (X11; Linux x86_64) AppleWebKit/537.36 (KHTML, like Gecko) Firefox/113.0"
82.202.160.44 - - [20/May/2026:14:38:41 +0000] "GET / HTTP/1.1" 200 3340 "-" "Mozilla/5.0 (X11; Linux x86_64) AppleWebKit/537.36 (KHTML, like Gecko) Firefox/113.0"
95.161.220.15 - - [20/May/2026:14:38:41 +0000] "GET /contact HTTP/1.1" 200 1080 "-" "Mozilla/5.0 (iPhone; CPU iPhone OS 16_5 like Mac OS X) AppleWebKit/605.1.15 (KHTML, like Gecko) Version/16.5 Mobile/15E148 Safari/604.1"
95.161.220.15 - - [20/May/2026:14:38:41 +0000] "GET /assets/js/main.js HTTP/1.1" 200 2138 "-" "Mozilla/5.0 (X11; Linux x86_64) AppleWebKit/537.36 (KHTML, like Gecko) Firefox/113.0"
212.193.134.20 - - [20/May/2026:14:38:41 +0000] "GET /products HTTP/1.1" 200 715 "-" "Mozilla/5.0 (iPhone; CPU iPhone OS 16_5 like Mac OS X) AppleWebKit/605.1.15 (KHTML, like Gecko) Version/16.5 Mobile/15E148 Safari/604.1"
185.156.177.214 - - [20/May/2026:14:38:41 +0000] "GET /etc/passwd HTTP/1.1" 400 662 "-" "Mozilla/5.0 (compatible; MSIE 9.0; Windows NT 6.1; Trident/5.0)"
37.140.192.155 - - [20/May/2026:14:39:41 +0000] "GET /products HTTP/1.1" 200 4369 "-" "Mozilla/5.0 (X11; Linux x86_64) AppleWebKit/537.36 (KHTML, like Gecko) Firefox/113.0"
37.140.192.155 - - [20/May/2026:14:39:41 +0000] "GET /about HTTP/1.1" 200 1125 "-" "Mozilla/5.0 (Macintosh; Intel Mac OS X 10_15_7) AppleWebKit/537.36 (KHTML, like Gecko) Version/16.5 Safari/537.36"
82.202.160.44 - - [20/May/2026:14:39:41 +0000] "GET /blog HTTP/1.1" 200 264 "-" "Mozilla/5.0 (iPhone; CPU iPhone OS 16_5 like Mac OS X) AppleWebKit/605.1.15 (KHTML, like Gecko) Version/16.5 Mobile/15E148 Safari/604.1"
185.178.208.190 - - [20/May/2026:14:39:41 +0000] "GET /assets/js/main.js HTTP/1.1" 200 4666 "-" "Mozilla/5.0 (X11; Linux x86_64) AppleWebKit/537.36 (KHTML, like Gecko) Firefox/113.0"
95.161.220.15 - - [20/May/2026:14:40:41 +0000] "GET /images/logo.png HTTP/1.1" 200 1573 "-" "Mozilla/5.0 (X11; Linux x86_64) AppleWebKit/537.36 (KHTML, like Gecko) Firefox/113.0"
37.140.192.155 - - [20/May/2026:14:40:41 +0000] "GET /blog HTTP/1.1" 200 1157 "-" "Mozilla/5.0 (iPhone; CPU iPhone OS 16_5 like Mac OS X) AppleWebKit/605.1.15 (KHTML, like Gecko) Version/16.5 Mobile/15E148 Safari/604.1"
95.161.220.15 - - [20/May/2026:14:40:41 +0000] "GET /assets/css/style.css HTTP/1.1" 200 2691 "-" "Mozilla/5.0 (Windows NT 10.0; Win64; x64) AppleWebKit/537.36 (KHTML, like Gecko) Chrome/114.0.0.0 Safari/537.36"
37.140.192.155 - - [20/May/2026:14:40:41 +0000] "GET / HTTP/1.1" 200 4255 "-" "Mozilla/5.0 (Macintosh; Intel Mac OS X 10_15_7) AppleWebKit/537.36 (KHTML, like Gecko) Version/16.5 Safari/537.36"
95.161.220.15 - - [20/May/2026:14:40:41 +0000] "GET /index.html HTTP/1.1" 200 3287 "-" "Mozilla/5.0 (Windows NT 10.0; Win64; x64) AppleWebKit/537.36 (KHTML, like Gecko) Chrome/114.0.0.0 Safari/537.36"
82.202.160.44 - - [20/May/2026:14:41:41 +0000] "GET /services HTTP/1.1" 200 3895 "-" "Mozilla/5.0 (Windows NT 10.0; Win64; x64) AppleWebKit/537.36 (KHTML, like Gecko) Chrome/114.0.0.0 Safari/537.36"
37.140.192.155 - - [20/May/2026:14:41:41 +0000] "GET /index.html HTTP/1.1" 200 2371 "-" "Mozilla/5.0 (X11; Linux x86_64) AppleWebKit/537.36 (KHTML, like Gecko) Firefox/113.0"
212.193.134.20 - - [20/May/2026:14:41:41 +0000] "GET /services HTTP/1.1" 200 4657 "-" "Mozilla/5.0 (Macintosh; Intel Mac OS X 10_15_7) AppleWebKit/537.36 (KHTML, like Gecko) Version/16.5 Safari/537.36"
185.178.208.190 - - [20/May/2026:14:41:41 +0000] "GET /services HTTP/1.1" 200 4485 "-" "Mozilla/5.0 (iPhone; CPU iPhone OS 16_5 like Mac OS X) AppleWebKit/605.1.15 (KHTML, like Gecko) Version/16.5 Mobile/15E148 Safari/604.1"
212.193.134.20 - - [20/May/2026:14:41:41 +0000] "GET /about HTTP/1.1" 200 484 "-" "Mozilla/5.0 (Macintosh; Intel Mac OS X 10_15_7) AppleWebKit/537.36 (KHTML, like Gecko) Version/16.5 Safari/537.36"
193.106.191.22 - - [20/May/2026:14:41:41 +0000] "GET /.env HTTP/1.1" 404 1888 "-" "gobuster/3.1.0"
193.106.191.22 - - [20/May/2026:14:41:41 +0000] "GET /.env HTTP/1.1" 404 4092 "-" "gobuster/3.1.0"
37.140.192.155 - - [20/May/2026:14:42:41 +0000] "GET /index.html HTTP/1.1" 200 3022 "-" "Mozilla/5.0 (Windows NT 10.0; Win64; x64) AppleWebKit/537.36 (KHTML, like Gecko) Chrome/114.0.0.0 Safari/537.36"
185.178.208.190 - - [20/May/2026:14:43:41 +0000] "GET /index.html HTTP/1.1" 200 1107 "-" "Mozilla/5.0 (Macintosh; Intel Mac OS X 10_15_7) AppleWebKit/537.36 (KHTML, like Gecko) Version/16.5 Safari/537.36"
95.161.220.15 - - [20/May/2026:14:43:41 +0000] "GET /contact HTTP/1.1" 200 4363 "-" "Mozilla/5.0 (Windows NT 10.0; Win64; x64) AppleWebKit/537.36 (KHTML, like Gecko) Chrome/114.0.0.0 Safari/537.36"
185.156.177.214 - - [20/May/2026:14:43:41 +0000] "GET /?q=UNION SELECT NULL,NULL,NULL-- HTTP/1.1" 200 1379 "-" "Mozilla/5.0 (compatible; MSIE 9.0; Windows NT 6.1; Trident/5.0)"
188.114.97.12 - - [20/May/2026:14:44:41 +0000] "GET /contact HTTP/1.1" 200 4607 "-" "Mozilla/5.0 (Windows NT 10.0; Win64; x64) AppleWebKit/537.36 (KHTML, like Gecko) Chrome/114.0.0.0 Safari/537.36"
95.161.220.15 - - [20/May/2026:14:44:41 +0000] "GET /contact HTTP/1.1" 200 1483 "-" "Mozilla/5.0 (Windows NT 10.0; Win64; x64) AppleWebKit/537.36 (KHTML, like Gecko) Chrome/114.0.0.0 Safari/537.36"
185.178.208.190 - - [20/May/2026:14:44:41 +0000] "GET /about HTTP/1.1" 200 1816 "-" "Mozilla/5.0 (Macintosh; Intel Mac OS X 10_15_7) AppleWebKit/537.36 (KHTML, like Gecko) Version/16.5 Safari/537.36"
193.106.191.22 - - [20/May/2026:14:44:41 +0000] "GET /wp-admin HTTP/1.1" 404 4974 "-" "gobuster/3.1.0"
185.178.208.190 - - [20/May/2026:14:45:41 +0000] "GET /about HTTP/1.1" 200 368 "-" "Mozilla/5.0 (Macintosh; Intel Mac OS X 10_15_7) AppleWebKit/537.36 (KHTML, like Gecko) Version/16.5 Safari/537.36"
212.193.134.20 - - [20/May/2026:14:45:41 +0000] "GET /about HTTP/1.1" 200 4957 "-" "Mozilla/5.0 (Windows NT 10.0; Win64; x64) AppleWebKit/537.36 (KHTML, like Gecko) Chrome/114.0.0.0 Safari/537.36"
82.202.160.44 - - [20/May/2026:14:46:41 +0000] "GET /about HTTP/1.1" 200 1892 "-" "Mozilla/5.0 (Windows NT 10.0; Win64; x64) AppleWebKit/537.36 (KHTML, like Gecko) Chrome/114.0.0.0 Safari/537.36"
193.106.191.22 - - [20/May/2026:14:46:41 +0000] "GET /config HTTP/1.1" 404 2259 "-" "gobuster/3.1.0"
95.161.220.15 - - [20/May/2026:14:47:41 +0000] "GET / HTTP/1.1" 200 2588 "-" "Mozilla/5.0 (Macintosh; Intel Mac OS X 10_15_7) AppleWebKit/537.36 (KHTML, like Gecko) Version/16.5 Safari/537.36"
82.202.160.44 - - [20/May/2026:14:47:41 +0000] "GET /blog HTTP/1.1" 200 1967 "-" "Mozilla/5.0 (X11; Linux x86_64) AppleWebKit/537.36 (KHTML, like Gecko) Firefox/113.0"
37.140.192.155 - - [20/May/2026:14:47:41 +0000] "GET /blog HTTP/1.1" 200 4626 "-" "Mozilla/5.0 (Macintosh; Intel Mac OS X 10_15_7) AppleWebKit/537.36 (KHTML, like Gecko) Version/16.5 Safari/537.36"
82.202.160.44 - - [20/May/2026:14:47:41 +0000] "GET /assets/css/style.css HTTP/1.1" 200 812 "-" "Mozilla/5.0 (Windows NT 10.0; Win64; x64) AppleWebKit/537.36 (KHTML, like Gecko) Chrome/114.0.0.0 Safari/537.36"
45.146.164.110 - - [20/May/2026:14:47:41 +0000] "GET /api/v1/user/5882 HTTP/1.1" 403 1731 "-" "Mozilla/5.0 (Windows NT 10.0; Win64; x64) AppleWebKit/537.36 (KHTML, like Gecko) Chrome/91.0.4472.124 Safari/537.36"
82.202.160.44 - - [20/May/2026:14:48:41 +0000] "GET /blog HTTP/1.1" 200 1360 "-" "Mozilla/5.0 (Windows NT 10.0; Win64; x64) AppleWebKit/537.36 (KHTML, like Gecko) Chrome/114.0.0.0 Safari/537.36"
82.202.160.44 - - [20/May/2026:14:48:41 +0000] "GET / HTTP/1.1" 200 4148 "-" "Mozilla/5.0 (X11; Linux x86_64) AppleWebKit/537.36 (KHTML, like Gecko) Firefox/113.0"
193.106.191.22 - - [20/May/2026:14:48:41 +0000] "GET /.git HTTP/1.1" 404 2312 "-" "gobuster/3.1.0"
45.146.164.110 - - [20/May/2026:14:49:41 +0000] "GET /api/v1/user/7308 HTTP/1.1" 403 1657 "-" "Mozilla/5.0 (Windows NT 10.0; Win64; x64) AppleWebKit/537.36 (KHTML, like Gecko) Chrome/91.0.4472.124 Safari/537.36"
185.156.177.214 - - [20/May/2026:14:49:41 +0000] "GET /etc/passwd HTTP/1.1" 400 4159 "-" "Mozilla/5.0 (compatible; MSIE 9.0; Windows NT 6.1; Trident/5.0)"
82.202.160.44 - - [20/May/2026:14:50:41 +0000] "GET /services HTTP/1.1" 200 2943 "-" "Mozilla/5.0 (Windows NT 10.0; Win64; x64) AppleWebKit/537.36 (KHTML, like Gecko) Chrome/114.0.0.0 Safari/537.36"
37.140.192.155 - - [20/May/2026:14:50:41 +0000] "GET / HTTP/1.1" 200 2955 "-" "Mozilla/5.0 (Windows NT 10.0; Win64; x64) AppleWebKit/537.36 (KHTML, like Gecko) Chrome/114.0.0.0 Safari/537.36"
212.193.134.20 - - [20/May/2026:14:50:41 +0000] "GET /assets/js/main.js HTTP/1.1" 200 2567 "-" "Mozilla/5.0 (iPhone; CPU iPhone OS 16_5 like Mac OS X) AppleWebKit/605.1.15 (KHTML, like Gecko) Version/16.5 Mobile/15E148 Safari/604.1"
45.146.164.110 - - [20/May/2026:14:50:41 +0000] "GET /api/v1/user/1008 HTTP/1.1" 403 3386 "-" "Mozilla/5.0 (Windows NT 10.0; Win64; x64) AppleWebKit/537.36 (KHTML, like Gecko) Chrome/91.0.4472.124 Safari/537.36"
37.140.192.155 - - [20/May/2026:14:51:41 +0000] "GET /index.html HTTP/1.1" 200 4210 "-" "Mozilla/5.0 (Windows NT 10.0; Win64; x64) AppleWebKit/537.36 (KHTML, like Gecko) Chrome/114.0.0.0 Safari/537.36"
37.140.192.155 - - [20/May/2026:14:51:41 +0000] "GET /index.html HTTP/1.1" 200 409 "-" "Mozilla/5.0 (iPhone; CPU iPhone OS 16_5 like Mac OS X) AppleWebKit/605.1.15 (KHTML, like Gecko) Version/16.5 Mobile/15E148 Safari/604.1"
82.202.160.44 - - [20/May/2026:14:51:41 +0000] "GET /services HTTP/1.1" 200 4948 "-" "Mozilla/5.0 (X11; Linux x86_64) AppleWebKit/537.36 (KHTML, like Gecko) Firefox/113.0"
188.114.97.12 - - [20/May/2026:14:51:41 +0000] "GET /services HTTP/1.1" 200 3572 "-" "Mozilla/5.0 (X11; Linux x86_64) AppleWebKit/537.36 (KHTML, like Gecko) Firefox/113.0"
82.202.160.44 - - [20/May/2026:14:52:41 +0000] "GET /images/logo.png HTTP/1.1" 200 4993 "-" "Mozilla/5.0 (X11; Linux x86_64) AppleWebKit/537.36 (KHTML, like Gecko) Firefox/113.0"
82.202.160.44 - - [20/May/2026:14:52:41 +0000] "GET /assets/js/main.js HTTP/1.1" 200 3830 "-" "Mozilla/5.0 (Macintosh; Intel Mac OS X 10_15_7) AppleWebKit/537.36 (KHTML, like Gecko) Version/16.5 Safari/537.36"
185.178.208.190 - - [20/May/2026:14:52:41 +0000] "GET /contact HTTP/1.1" 200 4299 "-" "Mozilla/5.0 (X11; Linux x86_64) AppleWebKit/537.36 (KHTML, like Gecko) Firefox/113.0"
95.161.220.15 - - [20/May/2026:14:52:41 +0000] "GET / HTTP/1.1" 200 4036 "-" "Mozilla/5.0 (X11; Linux x86_64) AppleWebKit/537.36 (KHTML, like Gecko) Firefox/113.0"
45.146.164.110 - - [20/May/2026:14:52:41 +0000] "GET /api/v1/user/4340 HTTP/1.1" 403 2802 "-" "Mozilla/5.0 (Windows NT 10.0; Win64; x64) AppleWebKit/537.36 (KHTML, like Gecko) Chrome/91.0.4472.124 Safari/537.36"
45.146.164.110 - - [20/May/2026:14:52:41 +0000] "GET /api/v1/user/7679 HTTP/1.1" 403 1514 "-" "Mozilla/5.0 (Windows NT 10.0; Win64; x64) AppleWebKit/537.36 (KHTML, like Gecko) Chrome/91.0.4472.124 Safari/537.36"
45.146.164.110 - - [20/May/2026:14:52:41 +0000] "GET /api/v1/user/5831 HTTP/1.1" 403 471 "-" "Mozilla/5.0 (Windows NT 10.0; Win64; x64) AppleWebKit/537.36 (KHTML, like Gecko) Chrome/91.0.4472.124 Safari/537.36"
185.178.208.190 - - [20/May/2026:14:53:41 +0000] "GET /products HTTP/1.1" 200 4897 "-" "Mozilla/5.0 (Windows NT 10.0; Win64; x64) AppleWebKit/537.36 (KHTML, like Gecko) Chrome/114.0.0.0 Safari/537.36"
185.178.208.190 - - [20/May/2026:14:53:41 +0000] "GET /index.html HTTP/1.1" 200 4220 "-" "Mozilla/5.0 (Windows NT 10.0; Win64; x64) AppleWebKit/537.36 (KHTML, like Gecko) Chrome/114.0.0.0 Safari/537.36"
212.193.134.20 - - [20/May/2026:14:53:41 +0000] "GET /services HTTP/1.1" 200 2958 "-" "Mozilla/5.0 (X11; Linux x86_64) AppleWebKit/537.36 (KHTML, like Gecko) Firefox/113.0"
212.193.134.20 - - [20/May/2026:14:53:41 +0000] "GET /services HTTP/1.1" 200 1586 "-" "Mozilla/5.0 (Windows NT 10.0; Win64; x64) AppleWebKit/537.36 (KHTML, like Gecko) Chrome/114.0.0.0 Safari/537.36"
37.140.192.155 - - [20/May/2026:14:53:41 +0000] "GET /images/logo.png HTTP/1.1" 200 283 "-" "Mozilla/5.0 (Windows NT 10.0; Win64; x64) AppleWebKit/537.36 (KHTML, like Gecko) Chrome/114.0.0.0 Safari/537.36"
45.146.164.110 - - [20/May/2026:14:53:41 +0000] "GET /api/v1/user/3720 HTTP/1.1" 403 4667 "-" "Mozilla/5.0 (Windows NT 10.0; Win64; x64) AppleWebKit/537.36 (KHTML, like Gecko) Chrome/91.0.4472.124 Safari/537.36"
185.178.208.190 - - [20/May/2026:14:54:41 +0000] "GET /products HTTP/1.1" 200 3986 "-" "Mozilla/5.0 (Macintosh; Intel Mac OS X 10_15_7) AppleWebKit/537.36 (KHTML, like Gecko) Version/16.5 Safari/537.36"
95.161.220.15 - - [20/May/2026:14:54:41 +0000] "GET /images/logo.png HTTP/1.1" 200 2478 "-" "Mozilla/5.0 (X11; Linux x86_64) AppleWebKit/537.36 (KHTML, like Gecko) Firefox/113.0"
82.202.160.44 - - [20/May/2026:14:55:41 +0000] "GET /blog HTTP/1.1" 200 3253 "-" "Mozilla/5.0 (iPhone; CPU iPhone OS 16_5 like Mac OS X) AppleWebKit/605.1.15 (KHTML, like Gecko) Version/16.5 Mobile/15E148 Safari/604.1"
185.178.208.190 - - [20/May/2026:14:55:41 +0000] "GET /assets/js/main.js HTTP/1.1" 200 3143 "-" "Mozilla/5.0 (Macintosh; Intel Mac OS X 10_15_7) AppleWebKit/537.36 (KHTML, like Gecko) Version/16.5 Safari/537.36"
37.140.192.155 - - [20/May/2026:14:55:41 +0000] "GET / HTTP/1.1" 200 785 "-" "Mozilla/5.0 (Windows NT 10.0; Win64; x64) AppleWebKit/537.36 (KHTML, like Gecko) Chrome/114.0.0.0 Safari/537.36"
188.114.97.12 - - [20/May/2026:14:55:41 +0000] "GET /blog HTTP/1.1" 200 1153 "-" "Mozilla/5.0 (iPhone; CPU iPhone OS 16_5 like Mac OS X) AppleWebKit/605.1.15 (KHTML, like Gecko) Version/16.5 Mobile/15E148 Safari/604.1"
212.193.134.20 - - [20/May/2026:14:55:41 +0000] "GET /products HTTP/1.1" 200 3468 "-" "Mozilla/5.0 (iPhone; CPU iPhone OS 16_5 like Mac OS X) AppleWebKit/605.1.15 (KHTML, like Gecko) Version/16.5 Mobile/15E148 Safari/604.1"
45.146.164.110 - - [20/May/2026:14:55:41 +0000] "GET /api/v1/user/9269 HTTP/1.1" 403 717 "-" "Mozilla/5.0 (Windows NT 10.0; Win64; x64) AppleWebKit/537.36 (KHTML, like Gecko) Chrome/91.0.4472.124 Safari/537.36"
185.156.177.214 - - [20/May/2026:14:55:41 +0000] "GET /cgi-bin/php.fcgi?%2d%64+%61%6c%6c%6f%77%5f%75%72%6c%5f%69%6e%63%6c%75%64%65%3d%6f%6e HTTP/1.1" 200 3039 "-" "Mozilla/5.0 (compatible; MSIE 9.0; Windows NT 6.1; Trident/5.0)"
37.140.192.155 - - [20/May/2026:14:56:41 +0000] "GET /index.html HTTP/1.1" 200 1239 "-" "Mozilla/5.0 (iPhone; CPU iPhone OS 16_5 like Mac OS X) AppleWebKit/605.1.15 (KHTML, like Gecko) Version/16.5 Mobile/15E148 Safari/604.1"
185.178.208.190 - - [20/May/2026:14:56:41 +0000] "GET / HTTP/1.1" 200 1912 "-" "Mozilla/5.0 (X11; Linux x86_64) AppleWebKit/537.36 (KHTML, like Gecko) Firefox/113.0"
188.114.97.12 - - [20/May/2026:14:56:41 +0000] "GET /products HTTP/1.1" 200 2204 "-" "Mozilla/5.0 (Windows NT 10.0; Win64; x64) AppleWebKit/537.36 (KHTML, like Gecko) Chrome/114.0.0.0 Safari/537.36"
95.161.220.15 - - [20/May/2026:14:56:41 +0000] "GET /contact HTTP/1.1" 200 1131 "-" "Mozilla/5.0 (Windows NT 10.0; Win64; x64) AppleWebKit/537.36 (KHTML, like Gecko) Chrome/114.0.0.0 Safari/537.36"
82.202.160.44 - - [20/May/2026:14:56:41 +0000] "GET / HTTP/1.1" 200 2356 "-" "Mozilla/5.0 (X11; Linux x86_64) AppleWebKit/537.36 (KHTML, like Gecko) Firefox/113.0"
193.106.191.22 - - [20/May/2026:14:57:41 +0000] "GET /.git HTTP/1.1" 404 3625 "-" "gobuster/3.1.0"
212.193.134.20 - - [20/May/2026:14:58:41 +0000] "GET /services HTTP/1.1" 200 3779 "-" "Mozilla/5.0 (Macintosh; Intel Mac OS X 10_15_7) AppleWebKit/537.36 (KHTML, like Gecko) Version/16.5 Safari/537.36"
193.106.191.22 - - [20/May/2026:14:58:41 +0000] "GET /.git HTTP/1.1" 404 4311 "-" "gobuster/3.1.0"
37.140.192.155 - - [20/May/2026:14:59:41 +0000] "GET /assets/js/main.js HTTP/1.1" 200 1870 "-" "Mozilla/5.0 (X11; Linux x86_64) AppleWebKit/537.36 (KHTML, like Gecko) Firefox/113.0"
95.161.220.15 - - [20/May/2026:14:59:41 +0000] "GET /index.html HTTP/1.1" 200 3938 "-" "Mozilla/5.0 (iPhone; CPU iPhone OS 16_5 like Mac OS X) AppleWebKit/605.1.15 (KHTML, like Gecko) Version/16.5 Mobile/15E148 Safari/604.1"
185.178.208.190 - - [20/May/2026:14:59:41 +0000] "GET /about HTTP/1.1" 200 1528 "-" "Mozilla/5.0 (X11; Linux x86_64) AppleWebKit/537.36 (KHTML, like Gecko) Firefox/113.0"
95.161.220.15 - - [20/May/2026:14:59:41 +0000] "GET /about HTTP/1.1" 200 4088 "-" "Mozilla/5.0 (Windows NT 10.0; Win64; x64) AppleWebKit/537.36 (KHTML, like Gecko) Chrome/114.0.0.0 Safari/537.36"
37.140.192.155 - - [20/May/2026:14:59:41 +0000] "GET /contact HTTP/1.1" 200 659 "-" "Mozilla/5.0 (Windows NT 10.0; Win64; x64) AppleWebKit/537.36 (KHTML, like Gecko) Chrome/114.0.0.0 Safari/537.36"
193.106.191.22 - - [20/May/2026:14:59:41 +0000] "GET /phpmyadmin HTTP/1.1" 404 3085 "-" "gobuster/3.1.0"
193.106.191.22 - - [20/May/2026:14:59:41 +0000] "GET /db HTTP/1.1" 404 2375 "-" "gobuster/3.1.0"
45.146.164.110 - - [20/May/2026:14:59:41 +0000] "GET /api/v1/user/7181 HTTP/1.1" 403 2410 "-" "Mozilla/5.0 (Windows NT 10.0; Win64; x64) AppleWebKit/537.36 (KHTML, like Gecko) Chrome/91.0.4472.124 Safari/537.36"
185.156.177.214 - - [20/May/2026:14:59:41 +0000] "GET /cgi-bin/php.fcgi?%2d%64+%61%6c%6c%6f%77%5f%75%72%6c%5f%69%6e%63%6c%75%64%65%3d%6f%6e HTTP/1.1" 200 1845 "-" "Mozilla/5.0 (compatible; MSIE 9.0; Windows NT 6.1; Trident/5.0)"
185.178.208.190 - - [20/May/2026:15:00:41 +0000] "GET /services HTTP/1.1" 200 1832 "-" "Mozilla/5.0 (Macintosh; Intel Mac OS X 10_15_7) AppleWebKit/537.36 (KHTML, like Gecko) Version/16.5 Safari/537.36"
82.202.160.44 - - [20/May/2026:15:00:41 +0000] "GET /index.html HTTP/1.1" 200 1700 "-" "Mozilla/5.0 (X11; Linux x86_64) AppleWebKit/537.36 (KHTML, like Gecko) Firefox/113.0"
82.202.160.44 - - [20/May/2026:15:00:41 +0000] "GET /blog HTTP/1.1" 200 3003 "-" "Mozilla/5.0 (Windows NT 10.0; Win64; x64) AppleWebKit/537.36 (KHTML, like Gecko) Chrome/114.0.0.0 Safari/537.36"
185.156.177.214 - - [20/May/2026:15:00:41 +0000] "GET /cgi-bin/php.fcgi?%2d%64+%61%6c%6c%6f%77%5f%75%72%6c%5f%69%6e%63%6c%75%64%65%3d%6f%6e HTTP/1.1" 200 4560 "-" "Mozilla/5.0 (compatible; MSIE 9.0; Windows NT 6.1; Trident/5.0)"
188.114.97.12 - - [20/May/2026:15:01:41 +0000] "GET / HTTP/1.1" 200 2024 "-" "Mozilla/5.0 (Windows NT 10.0; Win64; x64) AppleWebKit/537.36 (KHTML, like Gecko) Chrome/114.0.0.0 Safari/537.36"
82.202.160.44 - - [20/May/2026:15:01:41 +0000] "GET /products HTTP/1.1" 200 3545 "-" "Mozilla/5.0 (X11; Linux x86_64) AppleWebKit/537.36 (KHTML, like Gecko) Firefox/113.0"
82.202.160.44 - - [20/May/2026:15:01:41 +0000] "GET /assets/css/style.css HTTP/1.1" 200 805 "-" "Mozilla/5.0 (X11; Linux x86_64) AppleWebKit/537.36 (KHTML, like Gecko) Firefox/113.0"
212.193.134.20 - - [20/May/2026:15:01:41 +0000] "GET /assets/css/style.css HTTP/1.1" 200 2617 "-" "Mozilla/5.0 (Macintosh; Intel Mac OS X 10_15_7) AppleWebKit/537.36 (KHTML, like Gecko) Version/16.5 Safari/537.36"
95.161.220.15 - - [20/May/2026:15:02:41 +0000] "GET /services HTTP/1.1" 200 4342 "-" "Mozilla/5.0 (iPhone; CPU iPhone OS 16_5 like Mac OS X) AppleWebKit/605.1.15 (KHTML, like Gecko) Version/16.5 Mobile/15E148 Safari/604.1"
185.178.208.190 - - [20/May/2026:15:02:41 +0000] "GET /assets/js/main.js HTTP/1.1" 200 3731 "-" "Mozilla/5.0 (iPhone; CPU iPhone OS 16_5 like Mac OS X) AppleWebKit/605.1.15 (KHTML, like Gecko) Version/16.5 Mobile/15E148 Safari/604.1"
188.114.97.12 - - [20/May/2026:15:02:41 +0000] "GET /products HTTP/1.1" 200 1559 "-" "Mozilla/5.0 (Windows NT 10.0; Win64; x64) AppleWebKit/537.36 (KHTML, like Gecko) Chrome/114.0.0.0 Safari/537.36"
82.202.160.44 - - [20/May/2026:15:02:41 +0000] "GET /images/logo.png HTTP/1.1" 200 3774 "-" "Mozilla/5.0 (Macintosh; Intel Mac OS X 10_15_7) AppleWebKit/537.36 (KHTML, like Gecko) Version/16.5 Safari/537.36"
95.161.220.15 - - [20/May/2026:15:02:41 +0000] "GET / HTTP/1.1" 200 360 "-" "Mozilla/5.0 (Macintosh; Intel Mac OS X 10_15_7) AppleWebKit/537.36 (KHTML, like Gecko) Version/16.5 Safari/537.36"
212.193.134.20 - - [20/May/2026:15:02:41 +0000] "GET /images/logo.png HTTP/1.1" 200 1810 "-" "Mozilla/5.0 (X11; Linux x86_64) AppleWebKit/537.36 (KHTML, like Gecko) Firefox/113.0"
45.146.164.110 - - [20/May/2026:15:02:41 +0000] "GET /api/v1/user/1831 HTTP/1.1" 403 2290 "-" "Mozilla/5.0 (Windows NT 10.0; Win64; x64) AppleWebKit/537.36 (KHTML, like Gecko) Chrome/91.0.4472.124 Safari/537.36"
188.114.97.12 - - [20/May/2026:15:03:41 +0000] "GET /about HTTP/1.1" 200 4095 "-" "Mozilla/5.0 (Windows NT 10.0; Win64; x64) AppleWebKit/537.36 (KHTML, like Gecko) Chrome/114.0.0.0 Safari/537.36"
82.202.160.44 - - [20/May/2026:15:03:41 +0000] "GET /blog HTTP/1.1" 200 303 "-" "Mozilla/5.0 (iPhone; CPU iPhone OS 16_5 like Mac OS X) AppleWebKit/605.1.15 (KHTML, like Gecko) Version/16.5 Mobile/15E148 Safari/604.1"
95.161.220.15 - - [20/May/2026:15:03:41 +0000] "GET /contact HTTP/1.1" 200 4520 "-" "Mozilla/5.0 (X11; Linux x86_64) AppleWebKit/537.36 (KHTML, like Gecko) Firefox/113.0"
212.193.134.20 - - [20/May/2026:15:04:41 +0000] "GET / HTTP/1.1" 200 257 "-" "Mozilla/5.0 (iPhone; CPU iPhone OS 16_5 like Mac OS X) AppleWebKit/605.1.15 (KHTML, like Gecko) Version/16.5 Mobile/15E148 Safari/604.1"
212.193.134.20 - - [20/May/2026:15:04:41 +0000] "GET /images/logo.png HTTP/1.1" 200 2413 "-" "Mozilla/5.0 (X11; Linux x86_64) AppleWebKit/537.36 (KHTML, like Gecko) Firefox/113.0"
37.140.192.155 - - [20/May/2026:15:04:41 +0000] "GET /services HTTP/1.1" 200 4484 "-" "Mozilla/5.0 (Windows NT 10.0; Win64; x64) AppleWebKit/537.36 (KHTML, like Gecko) Chrome/114.0.0.0 Safari/537.36"
188.114.97.12 - - [20/May/2026:15:04:41 +0000] "GET / HTTP/1.1" 200 1440 "-" "Mozilla/5.0 (iPhone; CPU iPhone OS 16_5 like Mac OS X) AppleWebKit/605.1.15 (KHTML, like Gecko) Version/16.5 Mobile/15E148 Safari/604.1"
212.193.134.20 - - [20/May/2026:15:04:41 +0000] "GET /assets/js/main.js HTTP/1.1" 200 2577 "-" "Mozilla/5.0 (X11; Linux x86_64) AppleWebKit/537.36 (KHTML, like Gecko) Firefox/113.0"
95.161.220.15 - - [20/May/2026:15:04:41 +0000] "GET /services HTTP/1.1" 200 2234 "-" "Mozilla/5.0 (Windows NT 10.0; Win64; x64) AppleWebKit/537.36 (KHTML, like Gecko) Chrome/114.0.0.0 Safari/537.36"
188.114.97.12 - - [20/May/2026:15:04:41 +0000] "GET /assets/js/main.js HTTP/1.1" 200 1437 "-" "Mozilla/5.0 (Windows NT 10.0; Win64; x64) AppleWebKit/537.36 (KHTML, like Gecko) Chrome/114.0.0.0 Safari/537.36"
193.106.191.22 - - [20/May/2026:15:04:41 +0000] "GET /wp-admin HTTP/1.1" 404 1841 "-" "gobuster/3.1.0"
212.193.134.20 - - [20/May/2026:15:05:41 +0000] "GET /blog HTTP/1.1" 200 3833 "-" "Mozilla/5.0 (iPhone; CPU iPhone OS 16_5 like Mac OS X) AppleWebKit/605.1.15 (KHTML, like Gecko) Version/16.5 Mobile/15E148 Safari/604.1"
37.140.192.155 - - [20/May/2026:15:05:41 +0000] "GET /about HTTP/1.1" 200 1774 "-" "Mozilla/5.0 (iPhone; CPU iPhone OS 16_5 like Mac OS X) AppleWebKit/605.1.15 (KHTML, like Gecko) Version/16.5 Mobile/15E148 Safari/604.1"
185.178.208.190 - - [20/May/2026:15:05:41 +0000] "GET /services HTTP/1.1" 200 4224 "-" "Mozilla/5.0 (Windows NT 10.0; Win64; x64) AppleWebKit/537.36 (KHTML, like Gecko) Chrome/114.0.0.0 Safari/537.36"
193.106.191.22 - - [20/May/2026:15:05:41 +0000] "GET /backup HTTP/1.1" 404 2114 "-" "gobuster/3.1.0"
37.140.192.155 - - [20/May/2026:15:06:41 +0000] "GET / HTTP/1.1" 200 975 "-" "Mozilla/5.0 (Windows NT 10.0; Win64; x64) AppleWebKit/537.36 (KHTML, like Gecko) Chrome/114.0.0.0 Safari/537.36"
185.178.208.190 - - [20/May/2026:15:06:41 +0000] "GET /images/logo.png HTTP/1.1" 200 3830 "-" "Mozilla/5.0 (Macintosh; Intel Mac OS X 10_15_7) AppleWebKit/537.36 (KHTML, like Gecko) Version/16.5 Safari/537.36"
95.161.220.15 - - [20/May/2026:15:06:41 +0000] "GET /products HTTP/1.1" 200 3568 "-" "Mozilla/5.0 (iPhone; CPU iPhone OS 16_5 like Mac OS X) AppleWebKit/605.1.15 (KHTML, like Gecko) Version/16.5 Mobile/15E148 Safari/604.1"
188.114.97.12 - - [20/May/2026:15:06:41 +0000] "GET /images/logo.png HTTP/1.1" 200 3012 "-" "Mozilla/5.0 (Macintosh; Intel Mac OS X 10_15_7) AppleWebKit/537.36 (KHTML, like Gecko) Version/16.5 Safari/537.36"
193.106.191.22 - - [20/May/2026:15:06:41 +0000] "GET /config HTTP/1.1" 404 771 "-" "gobuster/3.1.0"
193.106.191.22 - - [20/May/2026:15:06:41 +0000] "GET /config HTTP/1.1" 404 3853 "-" "gobuster/3.1.0"
193.106.191.22 - - [20/May/2026:15:06:41 +0000] "GET /wp-admin HTTP/1.1" 404 3002 "-" "gobuster/3.1.0"
188.114.97.12 - - [20/May/2026:15:07:41 +0000] "GET /contact HTTP/1.1" 200 4760 "-" "Mozilla/5.0 (X11; Linux x86_64) AppleWebKit/537.36 (KHTML, like Gecko) Firefox/113.0"
188.114.97.12 - - [20/May/2026:15:07:41 +0000] "GET /index.html HTTP/1.1" 200 1874 "-" "Mozilla/5.0 (X11; Linux x86_64) AppleWebKit/537.36 (KHTML, like Gecko) Firefox/113.0"
212.193.134.20 - - [20/May/2026:15:07:41 +0000] "GET /products HTTP/1.1" 200 284 "-" "Mozilla/5.0 (Windows NT 10.0; Win64; x64) AppleWebKit/537.36 (KHTML, like Gecko) Chrome/114.0.0.0 Safari/537.36"
212.193.134.20 - - [20/May/2026:15:07:41 +0000] "GET /about HTTP/1.1" 200 3330 "-" "Mozilla/5.0 (Windows NT 10.0; Win64; x64) AppleWebKit/537.36 (KHTML, like Gecko) Chrome/114.0.0.0 Safari/537.36"
193.106.191.22 - - [20/May/2026:15:07:41 +0000] "GET /backup HTTP/1.1" 404 615 "-" "gobuster/3.1.0"
185.156.177.214 - - [20/May/2026:15:07:41 +0000] "GET /etc/passwd HTTP/1.1" 400 2373 "-" "Mozilla/5.0 (compatible; MSIE 9.0; Windows NT 6.1; Trident/5.0)"
188.114.97.12 - - [20/May/2026:15:08:41 +0000] "GET / HTTP/1.1" 200 1674 "-" "Mozilla/5.0 (Windows NT 10.0; Win64; x64) AppleWebKit/537.36 (KHTML, like Gecko) Chrome/114.0.0.0 Safari/537.36"
37.140.192.155 - - [20/May/2026:15:08:41 +0000] "GET /assets/css/style.css HTTP/1.1" 200 2025 "-" "Mozilla/5.0 (X11; Linux x86_64) AppleWebKit/537.36 (KHTML, like Gecko) Firefox/113.0"
82.202.160.44 - - [20/May/2026:15:08:41 +0000] "GET /index.html HTTP/1.1" 200 2160 "-" "Mozilla/5.0 (X11; Linux x86_64) AppleWebKit/537.36 (KHTML, like Gecko) Firefox/113.0"
45.146.164.110 - - [20/May/2026:15:08:41 +0000] "GET /api/v1/user/7446 HTTP/1.1" 403 3728 "-" "Mozilla/5.0 (Windows NT 10.0; Win64; x64) AppleWebKit/537.36 (KHTML, like Gecko) Chrome/91.0.4472.124 Safari/537.36"
185.156.177.214 - - [20/May/2026:15:08:41 +0000] "GET /?q=UNION SELECT NULL,NULL,NULL-- HTTP/1.1" 200 3427 "-" "Mozilla/5.0 (compatible; MSIE 9.0; Windows NT 6.1; Trident/5.0)"
185.156.177.214 - - [20/May/2026:15:08:41 +0000] "GET /cgi-bin/php.fcgi?%2d%64+%61%6c%6c%6f%77%5f%75%72%6c%5f%69%6e%63%6c%75%64%65%3d%6f%6e HTTP/1.1" 200 1654 "-" "Mozilla/5.0 (compatible; MSIE 9.0; Windows NT 6.1; Trident/5.0)"
82.202.160.44 - - [20/May/2026:15:09:41 +0000] "GET /contact HTTP/1.1" 200 4712 "-" "Mozilla/5.0 (Windows NT 10.0; Win64; x64) AppleWebKit/537.36 (KHTML, like Gecko) Chrome/114.0.0.0 Safari/537.36"
82.202.160.44 - - [20/May/2026:15:09:41 +0000] "GET /assets/js/main.js HTTP/1.1" 200 3993 "-" "Mozilla/5.0 (X11; Linux x86_64) AppleWebKit/537.36 (KHTML, like Gecko) Firefox/113.0"
188.114.97.12 - - [20/May/2026:15:09:41 +0000] "GET /contact HTTP/1.1" 200 372 "-" "Mozilla/5.0 (iPhone; CPU iPhone OS 16_5 like Mac OS X) AppleWebKit/605.1.15 (KHTML, like Gecko) Version/16.5 Mobile/15E148 Safari/604.1"
185.178.208.190 - - [20/May/2026:15:09:41 +0000] "GET /index.html HTTP/1.1" 200 4533 "-" "Mozilla/5.0 (Windows NT 10.0; Win64; x64) AppleWebKit/537.36 (KHTML, like Gecko) Chrome/114.0.0.0 Safari/537.36"
82.202.160.44 - - [20/May/2026:15:10:41 +0000] "GET /contact HTTP/1.1" 200 2565 "-" "Mozilla/5.0 (X11; Linux x86_64) AppleWebKit/537.36 (KHTML, like Gecko) Firefox/113.0"
82.202.160.44 - - [20/May/2026:15:10:41 +0000] "GET /contact HTTP/1.1" 200 3309 "-" "Mozilla/5.0 (Macintosh; Intel Mac OS X 10_15_7) AppleWebKit/537.36 (KHTML, like Gecko) Version/16.5 Safari/537.36"
185.178.208.190 - - [20/May/2026:15:10:41 +0000] "GET /images/logo.png HTTP/1.1" 200 1575 "-" "Mozilla/5.0 (iPhone; CPU iPhone OS 16_5 like Mac OS X) AppleWebKit/605.1.15 (KHTML, like Gecko) Version/16.5 Mobile/15E148 Safari/604.1"
193.106.191.22 - - [20/May/2026:15:10:41 +0000] "GET /phpmyadmin HTTP/1.1" 404 2052 "-" "gobuster/3.1.0"
193.106.191.22 - - [20/May/2026:15:10:41 +0000] "GET /phpmyadmin HTTP/1.1" 404 3079 "-" "gobuster/3.1.0"
185.156.177.214 - - [20/May/2026:15:10:41 +0000] "GET /../../etc/passwd HTTP/1.1" 400 3160 "-" "Mozilla/5.0 (compatible; MSIE 9.0; Windows NT 6.1; Trident/5.0)"
188.114.97.12 - - [20/May/2026:15:11:41 +0000] "GET /index.html HTTP/1.1" 200 1850 "-" "Mozilla/5.0 (Macintosh; Intel Mac OS X 10_15_7) AppleWebKit/537.36 (KHTML, like Gecko) Version/16.5 Safari/537.36"
82.202.160.44 - - [20/May/2026:15:11:41 +0000] "GET /index.html HTTP/1.1" 200 2799 "-" "Mozilla/5.0 (iPhone; CPU iPhone OS 16_5 like Mac OS X) AppleWebKit/605.1.15 (KHTML, like Gecko) Version/16.5 Mobile/15E148 Safari/604.1"
95.161.220.15 - - [20/May/2026:15:11:41 +0000] "GET /about HTTP/1.1" 200 2424 "-" "Mozilla/5.0 (iPhone; CPU iPhone OS 16_5 like Mac OS X) AppleWebKit/605.1.15 (KHTML, like Gecko) Version/16.5 Mobile/15E148 Safari/604.1"
95.161.220.15 - - [20/May/2026:15:12:41 +0000] "GET /assets/js/main.js HTTP/1.1" 200 1849 "-" "Mozilla/5.0 (iPhone; CPU iPhone OS 16_5 like Mac OS X) AppleWebKit/605.1.15 (KHTML, like Gecko) Version/16.5 Mobile/15E148 Safari/604.1"
212.193.134.20 - - [20/May/2026:15:12:41 +0000] "GET /about HTTP/1.1" 200 3349 "-" "Mozilla/5.0 (X11; Linux x86_64) AppleWebKit/537.36 (KHTML, like Gecko) Firefox/113.0"
188.114.97.12 - - [20/May/2026:15:12:41 +0000] "GET /about HTTP/1.1" 200 880 "-" "Mozilla/5.0 (iPhone; CPU iPhone OS 16_5 like Mac OS X) AppleWebKit/605.1.15 (KHTML, like Gecko) Version/16.5 Mobile/15E148 Safari/604.1"
185.178.208.190 - - [20/May/2026:15:12:41 +0000] "GET / HTTP/1.1" 200 2613 "-" "Mozilla/5.0 (X11; Linux x86_64) AppleWebKit/537.36 (KHTML, like Gecko) Firefox/113.0"
82.202.160.44 - - [20/May/2026:15:13:41 +0000] "GET /index.html HTTP/1.1" 200 561 "-" "Mozilla/5.0 (iPhone; CPU iPhone OS 16_5 like Mac OS X) AppleWebKit/605.1.15 (KHTML, like Gecko) Version/16.5 Mobile/15E148 Safari/604.1"
95.161.220.15 - - [20/May/2026:15:13:41 +0000] "GET /contact HTTP/1.1" 200 3107 "-" "Mozilla/5.0 (X11; Linux x86_64) AppleWebKit/537.36 (KHTML, like Gecko) Firefox/113.0"
212.193.134.20 - - [20/May/2026:15:13:41 +0000] "GET /assets/js/main.js HTTP/1.1" 200 3219 "-" "Mozilla/5.0 (Macintosh; Intel Mac OS X 10_15_7) AppleWebKit/537.36 (KHTML, like Gecko) Version/16.5 Safari/537.36"
37.140.192.155 - - [20/May/2026:15:13:41 +0000] "GET /services HTTP/1.1" 200 710 "-" "Mozilla/5.0 (Macintosh; Intel Mac OS X 10_15_7) AppleWebKit/537.36 (KHTML, like Gecko) Version/16.5 Safari/537.36"
82.202.160.44 - - [20/May/2026:15:13:41 +0000] "GET /about HTTP/1.1" 200 4937 "-" "Mozilla/5.0 (X11; Linux x86_64) AppleWebKit/537.36 (KHTML, like Gecko) Firefox/113.0"
82.202.160.44 - - [20/May/2026:15:13:41 +0000] "GET /assets/css/style.css HTTP/1.1" 200 4767 "-" "Mozilla/5.0 (Windows NT 10.0; Win64; x64) AppleWebKit/537.36 (KHTML, like Gecko) Chrome/114.0.0.0 Safari/537.36"
185.178.208.190 - - [20/May/2026:15:13:41 +0000] "GET /assets/js/main.js HTTP/1.1" 200 3424 "-" "Mozilla/5.0 (iPhone; CPU iPhone OS 16_5 like Mac OS X) AppleWebKit/605.1.15 (KHTML, like Gecko) Version/16.5 Mobile/15E148 Safari/604.1"
185.178.208.190 - - [20/May/2026:15:14:41 +0000] "GET /assets/css/style.css HTTP/1.1" 200 517 "-" "Mozilla/5.0 (Macintosh; Intel Mac OS X 10_15_7) AppleWebKit/537.36 (KHTML, like Gecko) Version/16.5 Safari/537.36"
82.202.160.44 - - [20/May/2026:15:14:41 +0000] "GET /products HTTP/1.1" 200 1272 "-" "Mozilla/5.0 (iPhone; CPU iPhone OS 16_5 like Mac OS X) AppleWebKit/605.1.15 (KHTML, like Gecko) Version/16.5 Mobile/15E148 Safari/604.1"
95.161.220.15 - - [20/May/2026:15:14:41 +0000] "GET /about HTTP/1.1" 200 423 "-" "Mozilla/5.0 (Macintosh; Intel Mac OS X 10_15_7) AppleWebKit/537.36 (KHTML, like Gecko) Version/16.5 Safari/537.36"
37.140.192.155 - - [20/May/2026:15:14:41 +0000] "GET /assets/js/main.js HTTP/1.1" 200 1284 "-" "Mozilla/5.0 (X11; Linux x86_64) AppleWebKit/537.36 (KHTML, like Gecko) Firefox/113.0"
82.202.160.44 - - [20/May/2026:15:16:41 +0000] "GET /index.html HTTP/1.1" 200 223 "-" "Mozilla/5.0 (X11; Linux x86_64) AppleWebKit/537.36 (KHTML, like Gecko) Firefox/113.0"
95.161.220.15 - - [20/May/2026:15:16:41 +0000] "GET /assets/css/style.css HTTP/1.1" 200 847 "-" "Mozilla/5.0 (X11; Linux x86_64) AppleWebKit/537.36 (KHTML, like Gecko) Firefox/113.0"
185.178.208.190 - - [20/May/2026:15:16:41 +0000] "GET /images/logo.png HTTP/1.1" 200 648 "-" "Mozilla/5.0 (iPhone; CPU iPhone OS 16_5 like Mac OS X) AppleWebKit/605.1.15 (KHTML, like Gecko) Version/16.5 Mobile/15E148 Safari/604.1"
82.202.160.44 - - [20/May/2026:15:16:41 +0000] "GET /blog HTTP/1.1" 200 4143 "-" "Mozilla/5.0 (Macintosh; Intel Mac OS X 10_15_7) AppleWebKit/537.36 (KHTML, like Gecko) Version/16.5 Safari/537.36"
95.161.220.15 - - [20/May/2026:15:16:41 +0000] "GET / HTTP/1.1" 200 2081 "-" "Mozilla/5.0 (X11; Linux x86_64) AppleWebKit/537.36 (KHTML, like Gecko) Firefox/113.0"
185.178.208.190 - - [20/May/2026:15:16:41 +0000] "GET /index.html HTTP/1.1" 200 4966 "-" "Mozilla/5.0 (iPhone; CPU iPhone OS 16_5 like Mac OS X) AppleWebKit/605.1.15 (KHTML, like Gecko) Version/16.5 Mobile/15E148 Safari/604.1"
45.146.164.110 - - [20/May/2026:15:16:41 +0000] "GET /api/v1/user/2813 HTTP/1.1" 403 3036 "-" "Mozilla/5.0 (Windows NT 10.0; Win64; x64) AppleWebKit/537.36 (KHTML, like Gecko) Chrome/91.0.4472.124 Safari/537.36"
212.193.134.20 - - [20/May/2026:15:17:41 +0000] "GET /assets/js/main.js HTTP/1.1" 200 2451 "-" "Mozilla/5.0 (Windows NT 10.0; Win64; x64) AppleWebKit/537.36 (KHTML, like Gecko) Chrome/114.0.0.0 Safari/537.36"
185.156.177.214 - - [20/May/2026:15:17:41 +0000] "GET /etc/passwd HTTP/1.1" 400 1434 "-" "Mozilla/5.0 (compatible; MSIE 9.0; Windows NT 6.1; Trident/5.0)"
37.140.192.155 - - [20/May/2026:15:18:41 +0000] "GET /assets/css/style.css HTTP/1.1" 200 2241 "-" "Mozilla/5.0 (Macintosh; Intel Mac OS X 10_15_7) AppleWebKit/537.36 (KHTML, like Gecko) Version/16.5 Safari/537.36"
95.161.220.15 - - [20/May/2026:15:18:41 +0000] "GET /images/logo.png HTTP/1.1" 200 4433 "-" "Mozilla/5.0 (Macintosh; Intel Mac OS X 10_15_7) AppleWebKit/537.36 (KHTML, like Gecko) Version/16.5 Safari/537.36"
188.114.97.12 - - [20/May/2026:15:18:41 +0000] "GET /blog HTTP/1.1" 200 4284 "-" "Mozilla/5.0 (Macintosh; Intel Mac OS X 10_15_7) AppleWebKit/537.36 (KHTML, like Gecko) Version/16.5 Safari/537.36"
188.114.97.12 - - [20/May/2026:15:18:41 +0000] "GET / HTTP/1.1" 200 678 "-" "Mozilla/5.0 (iPhone; CPU iPhone OS 16_5 like Mac OS X) AppleWebKit/605.1.15 (KHTML, like Gecko) Version/16.5 Mobile/15E148 Safari/604.1"
212.193.134.20 - - [20/May/2026:15:18:41 +0000] "GET /blog HTTP/1.1" 200 3599 "-" "Mozilla/5.0 (iPhone; CPU iPhone OS 16_5 like Mac OS X) AppleWebKit/605.1.15 (KHTML, like Gecko) Version/16.5 Mobile/15E148 Safari/604.1"
45.146.164.110 - - [20/May/2026:15:18:41 +0000] "GET /api/v1/user/6777 HTTP/1.1" 403 1292 "-" "Mozilla/5.0 (Windows NT 10.0; Win64; x64) AppleWebKit/537.36 (KHTML, like Gecko) Chrome/91.0.4472.124 Safari/537.36"
193.106.191.22 - - [20/May/2026:15:19:41 +0000] "GET /phpmyadmin HTTP/1.1" 404 2483 "-" "gobuster/3.1.0"
193.106.191.22 - - [20/May/2026:15:19:41 +0000] "GET /.env HTTP/1.1" 404 4087 "-" "gobuster/3.1.0"
45.146.164.110 - - [20/May/2026:15:19:41 +0000] "GET /api/v1/user/8422 HTTP/1.1" 403 758 "-" "Mozilla/5.0 (Windows NT 10.0; Win64; x64) AppleWebKit/537.36 (KHTML, like Gecko) Chrome/91.0.4472.124 Safari/537.36"
188.114.97.12 - - [20/May/2026:15:20:41 +0000] "GET /index.html HTTP/1.1" 200 3671 "-" "Mozilla/5.0 (Macintosh; Intel Mac OS X 10_15_7) AppleWebKit/537.36 (KHTML, like Gecko) Version/16.5 Safari/537.36"
188.114.97.12 - - [20/May/2026:15:20:41 +0000] "GET / HTTP/1.1" 200 4864 "-" "Mozilla/5.0 (X11; Linux x86_64) AppleWebKit/537.36 (KHTML, like Gecko) Firefox/113.0"
185.178.208.190 - - [20/May/2026:15:20:41 +0000] "GET /products HTTP/1.1" 200 459 "-" "Mozilla/5.0 (iPhone; CPU iPhone OS 16_5 like Mac OS X) AppleWebKit/605.1.15 (KHTML, like Gecko) Version/16.5 Mobile/15E148 Safari/604.1"
188.114.97.12 - - [20/May/2026:15:20:41 +0000] "GET /blog HTTP/1.1" 200 3962 "-" "Mozilla/5.0 (Windows NT 10.0; Win64; x64) AppleWebKit/537.36 (KHTML, like Gecko) Chrome/114.0.0.0 Safari/537.36"
95.161.220.15 - - [20/May/2026:15:20:41 +0000] "GET /contact HTTP/1.1" 200 3297 "-" "Mozilla/5.0 (iPhone; CPU iPhone OS 16_5 like Mac OS X) AppleWebKit/605.1.15 (KHTML, like Gecko) Version/16.5 Mobile/15E148 Safari/604.1"
185.178.208.190 - - [20/May/2026:15:20:41 +0000] "GET /products HTTP/1.1" 200 4303 "-" "Mozilla/5.0 (Windows NT 10.0; Win64; x64) AppleWebKit/537.36 (KHTML, like Gecko) Chrome/114.0.0.0 Safari/537.36"
212.193.134.20 - - [20/May/2026:15:21:41 +0000] "GET /index.html HTTP/1.1" 200 3931 "-" "Mozilla/5.0 (X11; Linux x86_64) AppleWebKit/537.36 (KHTML, like Gecko) Firefox/113.0"
188.114.97.12 - - [20/May/2026:15:21:41 +0000] "GET / HTTP/1.1" 200 1600 "-" "Mozilla/5.0 (Macintosh; Intel Mac OS X 10_15_7) AppleWebKit/537.36 (KHTML, like Gecko) Version/16.5 Safari/537.36"
212.193.134.20 - - [20/May/2026:15:22:41 +0000] "GET / HTTP/1.1" 200 1522 "-" "Mozilla/5.0 (iPhone; CPU iPhone OS 16_5 like Mac OS X) AppleWebKit/605.1.15 (KHTML, like Gecko) Version/16.5 Mobile/15E148 Safari/604.1"
45.146.164.110 - - [20/May/2026:15:22:41 +0000] "GET /api/v1/user/6504 HTTP/1.1" 403 2865 "-" "Mozilla/5.0 (Windows NT 10.0; Win64; x64) AppleWebKit/537.36 (KHTML, like Gecko) Chrome/91.0.4472.124 Safari/537.36"
37.140.192.155 - - [20/May/2026:15:23:41 +0000] "GET /about HTTP/1.1" 200 1087 "-" "Mozilla/5.0 (iPhone; CPU iPhone OS 16_5 like Mac OS X) AppleWebKit/605.1.15 (KHTML, like Gecko) Version/16.5 Mobile/15E148 Safari/604.1"
82.202.160.44 - - [20/May/2026:15:23:41 +0000] "GET /assets/js/main.js HTTP/1.1" 200 2898 "-" "Mozilla/5.0 (Windows NT 10.0; Win64; x64) AppleWebKit/537.36 (KHTML, like Gecko) Chrome/114.0.0.0 Safari/537.36"
193.106.191.22 - - [20/May/2026:15:23:41 +0000] "GET /phpmyadmin HTTP/1.1" 404 2133 "-" "gobuster/3.1.0"
193.106.191.22 - - [20/May/2026:15:23:41 +0000] "GET /backup HTTP/1.1" 404 4450 "-" "gobuster/3.1.0"
82.202.160.44 - - [20/May/2026:15:24:41 +0000] "GET /products HTTP/1.1" 200 1192 "-" "Mozilla/5.0 (X11; Linux x86_64) AppleWebKit/537.36 (KHTML, like Gecko) Firefox/113.0"
185.178.208.190 - - [20/May/2026:15:24:41 +0000] "GET /blog HTTP/1.1" 200 4366 "-" "Mozilla/5.0 (Macintosh; Intel Mac OS X 10_15_7) AppleWebKit/537.36 (KHTML, like Gecko) Version/16.5 Safari/537.36"
193.106.191.22 - - [20/May/2026:15:24:41 +0000] "GET /backup HTTP/1.1" 404 3503 "-" "gobuster/3.1.0"
193.106.191.22 - - [20/May/2026:15:24:41 +0000] "GET /.git HTTP/1.1" 404 656 "-" "gobuster/3.1.0"
212.193.134.20 - - [20/May/2026:15:25:41 +0000] "GET /blog HTTP/1.1" 200 2979 "-" "Mozilla/5.0 (Windows NT 10.0; Win64; x64) AppleWebKit/537.36 (KHTML, like Gecko) Chrome/114.0.0.0 Safari/537.36"
212.193.134.20 - - [20/May/2026:15:25:41 +0000] "GET /index.html HTTP/1.1" 200 4003 "-" "Mozilla/5.0 (Macintosh; Intel Mac OS X 10_15_7) AppleWebKit/537.36 (KHTML, like Gecko) Version/16.5 Safari/537.36"
188.114.97.12 - - [20/May/2026:15:25:41 +0000] "GET /index.html HTTP/1.1" 200 984 "-" "Mozilla/5.0 (X11; Linux x86_64) AppleWebKit/537.36 (KHTML, like Gecko) Firefox/113.0"
37.140.192.155 - - [20/May/2026:15:25:41 +0000] "GET /assets/js/main.js HTTP/1.1" 200 912 "-" "Mozilla/5.0 (Windows NT 10.0; Win64; x64) AppleWebKit/537.36 (KHTML, like Gecko) Chrome/114.0.0.0 Safari/537.36"
37.140.192.155 - - [20/May/2026:15:25:41 +0000] "GET /products HTTP/1.1" 200 1068 "-" "Mozilla/5.0 (Macintosh; Intel Mac OS X 10_15_7) AppleWebKit/537.36 (KHTML, like Gecko) Version/16.5 Safari/537.36"
185.156.177.214 - - [20/May/2026:15:25:41 +0000] "GET /index.php?id=1' OR '1'='1 HTTP/1.1" 200 3297 "-" "Mozilla/5.0 (compatible; MSIE 9.0; Windows NT 6.1; Trident/5.0)"
185.178.208.190 - - [20/May/2026:15:26:41 +0000] "GET /products HTTP/1.1" 200 419 "-" "Mozilla/5.0 (Windows NT 10.0; Win64; x64) AppleWebKit/537.36 (KHTML, like Gecko) Chrome/114.0.0.0 Safari/537.36"
82.202.160.44 - - [20/May/2026:15:26:41 +0000] "GET /services HTTP/1.1" 200 2433 "-" "Mozilla/5.0 (Windows NT 10.0; Win64; x64) AppleWebKit/537.36 (KHTML, like Gecko) Chrome/114.0.0.0 Safari/537.36"
212.193.134.20 - - [20/May/2026:15:26:41 +0000] "GET /assets/css/style.css HTTP/1.1" 200 1996 "-" "Mozilla/5.0 (X11; Linux x86_64) AppleWebKit/537.36 (KHTML, like Gecko) Firefox/113.0"
212.193.134.20 - - [20/May/2026:15:26:41 +0000] "GET /services HTTP/1.1" 200 2691 "-" "Mozilla/5.0 (iPhone; CPU iPhone OS 16_5 like Mac OS X) AppleWebKit/605.1.15 (KHTML, like Gecko) Version/16.5 Mobile/15E148 Safari/604.1"
82.202.160.44 - - [20/May/2026:15:27:41 +0000] "GET /blog HTTP/1.1" 200 4170 "-" "Mozilla/5.0 (Windows NT 10.0; Win64; x64) AppleWebKit/537.36 (KHTML, like Gecko) Chrome/114.0.0.0 Safari/537.36"
188.114.97.12 - - [20/May/2026:15:28:41 +0000] "GET /images/logo.png HTTP/1.1" 200 3877 "-" "Mozilla/5.0 (Windows NT 10.0; Win64; x64) AppleWebKit/537.36 (KHTML, like Gecko) Chrome/114.0.0.0 Safari/537.36"
188.114.97.12 - - [20/May/2026:15:28:41 +0000] "GET /index.html HTTP/1.1" 200 3105 "-" "Mozilla/5.0 (Macintosh; Intel Mac OS X 10_15_7) AppleWebKit/537.36 (KHTML, like Gecko) Version/16.5 Safari/537.36"
185.178.208.190 - - [20/May/2026:15:28:41 +0000] "GET /index.html HTTP/1.1" 200 4924 "-" "Mozilla/5.0 (Windows NT 10.0; Win64; x64) AppleWebKit/537.36 (KHTML, like Gecko) Chrome/114.0.0.0 Safari/537.36"
45.146.164.110 - - [20/May/2026:15:28:41 +0000] "GET /api/v1/user/1484 HTTP/1.1" 403 1076 "-" "Mozilla/5.0 (Windows NT 10.0; Win64; x64) AppleWebKit/537.36 (KHTML, like Gecko) Chrome/91.0.4472.124 Safari/537.36"
185.178.208.190 - - [20/May/2026:15:29:41 +0000] "GET /products HTTP/1.1" 200 810 "-" "Mozilla/5.0 (Macintosh; Intel Mac OS X 10_15_7) AppleWebKit/537.36 (KHTML, like Gecko) Version/16.5 Safari/537.36"
37.140.192.155 - - [20/May/2026:15:29:41 +0000] "GET /services HTTP/1.1" 200 1924 "-" "Mozilla/5.0 (iPhone; CPU iPhone OS 16_5 like Mac OS X) AppleWebKit/605.1.15 (KHTML, like Gecko) Version/16.5 Mobile/15E148 Safari/604.1"
193.106.191.22 - - [20/May/2026:15:29:41 +0000] "GET /backup HTTP/1.1" 404 1266 "-" "gobuster/3.1.0"
45.146.164.110 - - [20/May/2026:15:29:41 +0000] "GET /api/v1/user/7208 HTTP/1.1" 403 3093 "-" "Mozilla/5.0 (Windows NT 10.0; Win64; x64) AppleWebKit/537.36 (KHTML, like Gecko) Chrome/91.0.4472.124 Safari/537.36"
82.202.160.44 - - [20/May/2026:15:30:41 +0000] "GET /assets/css/style.css HTTP/1.1" 200 859 "-" "Mozilla/5.0 (X11; Linux x86_64) AppleWebKit/537.36 (KHTML, like Gecko) Firefox/113.0"
188.114.97.12 - - [20/May/2026:15:30:41 +0000] "GET /services HTTP/1.1" 200 4572 "-" "Mozilla/5.0 (iPhone; CPU iPhone OS 16_5 like Mac OS X) AppleWebKit/605.1.15 (KHTML, like Gecko) Version/16.5 Mobile/15E148 Safari/604.1"
188.114.97.12 - - [20/May/2026:15:30:41 +0000] "GET /products HTTP/1.1" 200 1099 "-" "Mozilla/5.0 (Macintosh; Intel Mac OS X 10_15_7) AppleWebKit/537.36 (KHTML, like Gecko) Version/16.5 Safari/537.36"
45.146.164.110 - - [20/May/2026:15:30:41 +0000] "GET /api/v1/user/8192 HTTP/1.1" 403 793 "-" "Mozilla/5.0 (Windows NT 10.0; Win64; x64) AppleWebKit/537.36 (KHTML, like Gecko) Chrome/91.0.4472.124 Safari/537.36"
82.202.160.44 - - [20/May/2026:15:31:41 +0000] "GET /services HTTP/1.1" 200 530 "-" "Mozilla/5.0 (Macintosh; Intel Mac OS X 10_15_7) AppleWebKit/537.36 (KHTML, like Gecko) Version/16.5 Safari/537.36"
95.161.220.15 - - [20/May/2026:15:31:41 +0000] "GET /contact HTTP/1.1" 200 1426 "-" "Mozilla/5.0 (X11; Linux x86_64) AppleWebKit/537.36 (KHTML, like Gecko) Firefox/113.0"
37.140.192.155 - - [20/May/2026:15:31:41 +0000] "GET /assets/css/style.css HTTP/1.1" 200 1260 "-" "Mozilla/5.0 (Macintosh; Intel Mac OS X 10_15_7) AppleWebKit/537.36 (KHTML, like Gecko) Version/16.5 Safari/537.36"
185.178.208.190 - - [20/May/2026:15:32:41 +0000] "GET / HTTP/1.1" 200 4941 "-" "Mozilla/5.0 (Windows NT 10.0; Win64; x64) AppleWebKit/537.36 (KHTML, like Gecko) Chrome/114.0.0.0 Safari/537.36"
188.114.97.12 - - [20/May/2026:15:33:41 +0000] "GET /contact HTTP/1.1" 200 1848 "-" "Mozilla/5.0 (X11; Linux x86_64) AppleWebKit/537.36 (KHTML, like Gecko) Firefox/113.0"
212.193.134.20 - - [20/May/2026:15:33:41 +0000] "GET /assets/js/main.js HTTP/1.1" 200 1316 "-" "Mozilla/5.0 (iPhone; CPU iPhone OS 16_5 like Mac OS X) AppleWebKit/605.1.15 (KHTML, like Gecko) Version/16.5 Mobile/15E148 Safari/604.1"
45.146.164.110 - - [20/May/2026:15:33:41 +0000] "GET /api/v1/user/6307 HTTP/1.1" 403 1631 "-" "Mozilla/5.0 (Windows NT 10.0; Win64; x64) AppleWebKit/537.36 (KHTML, like Gecko) Chrome/91.0.4472.124 Safari/537.36"
185.178.208.190 - - [20/May/2026:15:34:41 +0000] "GET /contact HTTP/1.1" 200 4176 "-" "Mozilla/5.0 (X11; Linux x86_64) AppleWebKit/537.36 (KHTML, like Gecko) Firefox/113.0"
82.202.160.44 - - [20/May/2026:15:34:41 +0000] "GET /products HTTP/1.1" 200 493 "-" "Mozilla/5.0 (Macintosh; Intel Mac OS X 10_15_7) AppleWebKit/537.36 (KHTML, like Gecko) Version/16.5 Safari/537.36"
82.202.160.44 - - [20/May/2026:15:34:41 +0000] "GET /index.html HTTP/1.1" 200 3028 "-" "Mozilla/5.0 (Windows NT 10.0; Win64; x64) AppleWebKit/537.36 (KHTML, like Gecko) Chrome/114.0.0.0 Safari/537.36"
45.146.164.110 - - [20/May/2026:15:34:41 +0000] "GET /api/v1/user/3793 HTTP/1.1" 403 4917 "-" "Mozilla/5.0 (Windows NT 10.0; Win64; x64) AppleWebKit/537.36 (KHTML, like Gecko) Chrome/91.0.4472.124 Safari/537.36"
212.193.134.20 - - [20/May/2026:15:35:41 +0000] "GET /assets/js/main.js HTTP/1.1" 200 1358 "-" "Mozilla/5.0 (iPhone; CPU iPhone OS 16_5 like Mac OS X) AppleWebKit/605.1.15 (KHTML, like Gecko) Version/16.5 Mobile/15E148 Safari/604.1"
188.114.97.12 - - [20/May/2026:15:35:41 +0000] "GET /services HTTP/1.1" 200 2006 "-" "Mozilla/5.0 (iPhone; CPU iPhone OS 16_5 like Mac OS X) AppleWebKit/605.1.15 (KHTML, like Gecko) Version/16.5 Mobile/15E148 Safari/604.1"
185.178.208.190 - - [20/May/2026:15:35:41 +0000] "GET / HTTP/1.1" 200 1100 "-" "Mozilla/5.0 (Macintosh; Intel Mac OS X 10_15_7) AppleWebKit/537.36 (KHTML, like Gecko) Version/16.5 Safari/537.36"
37.140.192.155 - - [20/May/2026:15:35:41 +0000] "GET /blog HTTP/1.1" 200 3124 "-" "Mozilla/5.0 (iPhone; CPU iPhone OS 16_5 like Mac OS X) AppleWebKit/605.1.15 (KHTML, like Gecko) Version/16.5 Mobile/15E148 Safari/604.1"
188.114.97.12 - - [20/May/2026:15:36:41 +0000] "GET /contact HTTP/1.1" 200 4334 "-" "Mozilla/5.0 (X11; Linux x86_64) AppleWebKit/537.36 (KHTML, like Gecko) Firefox/113.0"
37.140.192.155 - - [20/May/2026:15:36:41 +0000] "GET /index.html HTTP/1.1" 200 2085 "-" "Mozilla/5.0 (X11; Linux x86_64) AppleWebKit/537.36 (KHTML, like Gecko) Firefox/113.0"
82.202.160.44 - - [20/May/2026:15:36:41 +0000] "GET /blog HTTP/1.1" 200 614 "-" "Mozilla/5.0 (Macintosh; Intel Mac OS X 10_15_7) AppleWebKit/537.36 (KHTML, like Gecko) Version/16.5 Safari/537.36"
95.161.220.15 - - [20/May/2026:15:36:41 +0000] "GET /assets/css/style.css HTTP/1.1" 200 4915 "-" "Mozilla/5.0 (iPhone; CPU iPhone OS 16_5 like Mac OS X) AppleWebKit/605.1.15 (KHTML, like Gecko) Version/16.5 Mobile/15E148 Safari/604.1"
95.161.220.15 - - [20/May/2026:15:36:41 +0000] "GET /contact HTTP/1.1" 200 2750 "-" "Mozilla/5.0 (X11; Linux x86_64) AppleWebKit/537.36 (KHTML, like Gecko) Firefox/113.0"
95.161.220.15 - - [20/May/2026:15:36:41 +0000] "GET /products HTTP/1.1" 200 1361 "-" "Mozilla/5.0 (X11; Linux x86_64) AppleWebKit/537.36 (KHTML, like Gecko) Firefox/113.0"
37.140.192.155 - - [20/May/2026:15:36:41 +0000] "GET /index.html HTTP/1.1" 200 4308 "-" "Mozilla/5.0 (iPhone; CPU iPhone OS 16_5 like Mac OS X) AppleWebKit/605.1.15 (KHTML, like Gecko) Version/16.5 Mobile/15E148 Safari/604.1"
212.193.134.20 - - [20/May/2026:15:36:41 +0000] "GET /images/logo.png HTTP/1.1" 200 1471 "-" "Mozilla/5.0 (X11; Linux x86_64) AppleWebKit/537.36 (KHTML, like Gecko) Firefox/113.0"
212.193.134.20 - - [20/May/2026:15:36:41 +0000] "GET /contact HTTP/1.1" 200 4005 "-" "Mozilla/5.0 (iPhone; CPU iPhone OS 16_5 like Mac OS X) AppleWebKit/605.1.15 (KHTML, like Gecko) Version/16.5 Mobile/15E148 Safari/604.1"
95.161.220.15 - - [20/May/2026:15:37:41 +0000] "GET /contact HTTP/1.1" 200 3523 "-" "Mozilla/5.0 (Macintosh; Intel Mac OS X 10_15_7) AppleWebKit/537.36 (KHTML, like Gecko) Version/16.5 Safari/537.36"
95.161.220.15 - - [20/May/2026:15:37:41 +0000] "GET /blog HTTP/1.1" 200 778 "-" "Mozilla/5.0 (Macintosh; Intel Mac OS X 10_15_7) AppleWebKit/537.36 (KHTML, like Gecko) Version/16.5 Safari/537.36"
185.178.208.190 - - [20/May/2026:15:37:41 +0000] "GET /contact HTTP/1.1" 200 4659 "-" "Mozilla/5.0 (Macintosh; Intel Mac OS X 10_15_7) AppleWebKit/537.36 (KHTML, like Gecko) Version/16.5 Safari/537.36"
185.178.208.190 - - [20/May/2026:15:37:41 +0000] "GET /assets/js/main.js HTTP/1.1" 200 4193 "-" "Mozilla/5.0 (X11; Linux x86_64) AppleWebKit/537.36 (KHTML, like Gecko) Firefox/113.0"
