95.161.220.15 - - [20/May/2026:16:37:41 +0000] "GET /assets/js/main.js HTTP/1.1" 200 2304 "-" "Mozilla/5.0 (X11; Linux x86_64) AppleWebKit/537.36 (KHTML, like Gecko) Firefox/113.0"
37.140.192.155 - - [20/May/2026:16:37:41 +0000] "GET /about HTTP/1.1" 200 1007 "-" "Mozilla/5.0 (Macintosh; Intel Mac OS X 10_15_7) AppleWebKit/537.36 (KHTML, like Gecko) Version/16.5 Safari/537.36"
37.140.192.155 - - [20/May/2026:16:37:41 +0000] "GET / HTTP/1.1" 200 585 "-" "Mozilla/5.0 (X11; Linux x86_64) AppleWebKit/537.36 (KHTML, like Gecko) Firefox/113.0"
193.106.191.22 - - [20/May/2026:16:37:41 +0000] "GET /phpmyadmin HTTP/1.1" 404 3869 "-" "gobuster/3.1.0"
45.146.164.110 - - [20/May/2026:16:37:41 +0000] "GET /api/v1/user/9423 HTTP/1.1" 403 668 "-" "Mozilla/5.0 (Windows NT 10.0; Win64; x64) AppleWebKit/537.36 (KHTML, like Gecko) Chrome/91.0.4472.124 Safari/537.36"
212.193.134.20 - - [20/May/2026:16:38:41 +0000] "GET /index.html HTTP/1.1" 200 1456 "-" "Mozilla/5.0 (Macintosh; Intel Mac OS X 10_15_7) AppleWebKit/537.36 (KHTML, like Gecko) Version/16.5 Safari/537.36"
37.140.192.155 - - [20/May/2026:16:38:41 +0000] "GET / HTTP/1.1" 200 2058 "-" "Mozilla/5.0 (Macintosh; Intel Mac OS X 10_15_7) AppleWebKit/537.36 (KHTML, like Gecko) Version/16.5 Safari/537.36"
185.178.208.190 - - [20/May/2026:16:38:41 +0000] "GET / HTTP/1.1" 200 3218 "-" "Mozilla/5.0 (iPhone; CPU iPhone OS 16_5 like Mac OS X) AppleWebKit/605.1.15 (KHTML, like Gecko) Version/16.5 Mobile/15E148 Safari/604.1"
185.178.208.190 - - [20/May/2026:16:38:41 +0000] "GET /blog HTTP/1.1" 200 3021 "-" "Mozilla/5.0 (X11; Linux x86_64) AppleWebKit/537.36 (KHTML, like Gecko) Firefox/113.0"
82.202.160.44 - - [20/May/2026:16:38:41 +0000] "GET /about HTTP/1.1" 200 2311 "-" "Mozilla/5.0 (Windows NT 10.0; Win64; x64) AppleWebKit/537.36 (KHTML, like Gecko) Chrome/114.0.0.0 Safari/537.36"
185.178.208.190 - - [20/May/2026:16:38:41 +0000] "GET /blog HTTP/1.1" 200 2578 "-" "Mozilla/5.0 (Windows NT 10.0; Win64; x64) AppleWebKit/537.36 (KHTML, like Gecko) Chrome/114.0.0.0 Safari/537.36"
95.161.220.15 - - [20/May/2026:16:38:41 +0000] "GET /services HTTP/1.1" 200 452 "-" "Mozilla/5.0 (Windows NT 10.0; Win64; x64) AppleWebKit/537.36 (KHTML, like Gecko) Chrome/114.0.0.0 Safari/537.36"
185.178.208.190 - - [20/May/2026:16:38:41 +0000] "GET / HTTP/1.1" 200 2897 "-" "Mozilla/5.0 (Macintosh; Intel Mac OS X 10_15_7) AppleWebKit/537.36 (KHTML, like Gecko) Version/16.5 Safari/537.36"
45.146.164.110 - - [20/May/2026:16:38:41 +0000] "GET /api/v1/user/9162 HTTP/1.1" 403 2441 "-" "Mozilla/5.0 (Windows NT 10.0; Win64; x64) AppleWebKit/537.36 (KHTML, like Gecko) Chrome/91.0.4472.124 Safari/537.36"
185.178.208.190 - - [20/May/2026:16:39:41 +0000] "GET /index.html HTTP/1.1" 200 1973 "-" "Mozilla/5.0 (Macintosh; Intel Mac OS X 10_15_7) AppleWebKit/537.36 (KHTML, like Gecko) Version/16.5 Safari/537.36"
193.106.191.22 - - [20/May/2026:16:39:41 +0000] "GET /.git HTTP/1.1" 404 2434 "-" "gobuster/3.1.0"
188.114.97.12 - - [20/May/2026:16:40:41 +0000] "GET /about HTTP/1.1" 200 3382 "-" "Mozilla/5.0 (Macintosh; Intel Mac OS X 10_15_7) AppleWebKit/537.36 (KHTML, like Gecko) Version/16.5 Safari/537.36"
37.140.192.155 - - [20/May/2026:16:40:41 +0000] "GET /index.html HTTP/1.1" 200 2874 "-" "Mozilla/5.0 (Macintosh; Intel Mac OS X 10_15_7) AppleWebKit/537.36 (KHTML, like Gecko) Version/16.5 Safari/537.36"
185.178.208.190 - - [20/May/2026:16:40:41 +0000] "GET /images/logo.png HTTP/1.1" 200 3695 "-" "Mozilla/5.0 (Windows NT 10.0; Win64; x64) AppleWebKit/537.36 (KHTML, like Gecko) Chrome/114.0.0.0 Safari/537.36"
188.114.97.12 - - [20/May/2026:16:40:41 +0000] "GET /assets/css/style.css HTTP/1.1" 200 1156 "-" "Mozilla/5.0 (iPhone; CPU iPhone OS 16_5 like Mac OS X) AppleWebKit/605.1.15 (KHTML, like Gecko) Version/16.5 Mobile/15E148 Safari/604.1"
82.202.160.44 - - [20/May/2026:16:40:41 +0000] "GET /assets/js/main.js HTTP/1.1" 200 3940 "-" "Mozilla/5.0 (iPhone; CPU iPhone OS 16_5 like Mac OS X) AppleWebKit/605.1.15 (KHTML, like Gecko) Version/16.5 Mobile/15E148 Safari/604.1"
193.106.191.22 - - [20/May/2026:16:40:41 +0000] "GET /phpmyadmin HTTP/1.1" 404 4654 "-" "gobuster/3.1.0"
45.146.164.110 - - [20/May/2026:16:40:41 +0000] "GET /api/v1/user/9556 HTTP/1.1" 403 4863 "-" "Mozilla/5.0 (Windows NT 10.0; Win64; x64) AppleWebKit/537.36 (KHTML, like Gecko) Chrome/91.0.4472.124 Safari/537.36"
185.156.177.214 - - [20/May/2026:16:40:41 +0000] "GET /?q=UNION SELECT NULL,NULL,NULL-- HTTP/1.1" 200 2559 "-" "Mozilla/5.0 (compatible; MSIE 9.0; Windows NT 6.1; Trident/5.0)"
37.140.192.155 - - [20/May/2026:16:41:41 +0000] "GET /blog HTTP/1.1" 200 2529 "-" "Mozilla/5.0 (Windows NT 10.0; Win64; x64) AppleWebKit/537.36 (KHTML, like Gecko) Chrome/114.0.0.0 Safari/537.36"
37.140.192.155 - - [20/May/2026:16:41:41 +0000] "GET /index.html HTTP/1.1" 200 2964 "-" "Mozilla/5.0 (X11; Linux x86_64) AppleWebKit/537.36 (KHTML, like Gecko) Firefox/113.0"
95.161.220.15 - - [20/May/2026:16:41:41 +0000] "GET /assets/css/style.css HTTP/1.1" 200 724 "-" "Mozilla/5.0 (Macintosh; Intel Mac OS X 10_15_7) AppleWebKit/537.36 (KHTML, like Gecko) Version/16.5 Safari/537.36"
212.193.134.20 - - [20/May/2026:16:42:41 +0000] "GET /images/logo.png HTTP/1.1" 200 4747 "-" "Mozilla/5.0 (Macintosh; Intel Mac OS X 10_15_7) AppleWebKit/537.36 (KHTML, like Gecko) Version/16.5 Safari/537.36"
212.193.134.20 - - [20/May/2026:16:42:41 +0000] "GET /about HTTP/1.1" 200 3851 "-" "Mozilla/5.0 (X11; Linux x86_64) AppleWebKit/537.36 (KHTML, like Gecko) Firefox/113.0"
95.161.220.15 - - [20/May/2026:16:42:41 +0000] "GET /products HTTP/1.1" 200 3028 "-" "Mozilla/5.0 (X11; Linux x86_64) AppleWebKit/537.36 (KHTML, like Gecko) Firefox/113.0"
45.146.164.110 - - [20/May/2026:16:42:41 +0000] "GET /api/v1/user/7379 HTTP/1.1" 403 4784 "-" "Mozilla/5.0 (Windows NT 10.0; Win64; x64) AppleWebKit/537.36 (KHTML, like Gecko) Chrome/91.0.4472.124 Safari/537.36"
82.202.160.44 - - [20/May/2026:16:43:41 +0000] "GET /blog HTTP/1.1" 200 4048 "-" "Mozilla/5.0 (Macintosh; Intel Mac OS X 10_15_7) AppleWebKit/537.36 (KHTML, like Gecko) Version/16.5 Safari/537.36"
212.193.134.20 - - [20/May/2026:16:43:41 +0000] "GET /blog HTTP/1.1" 200 3738 "-" "Mozilla/5.0 (Macintosh; Intel Mac OS X 10_15_7) AppleWebKit/537.36 (KHTML, like Gecko) Version/16.5 Safari/537.36"
188.114.97.12 - - [20/May/2026:16:43:41 +0000] "GET /assets/js/main.js HTTP/1.1" 200 965 "-" "Mozilla/5.0 (X11; Linux x86_64) AppleWebKit/537.36 (KHTML, like Gecko) Firefox/113.0"
193.106.191.22 - - [20/May/2026:16:43:41 +0000] "GET /config HTTP/1.1" 404 1786 "-" "gobuster/3.1.0"
82.202.160.44 - - [20/May/2026:16:44:41 +0000] "GET /services HTTP/1.1" 200 1869 "-" "Mozilla/5.0 (Macintosh; Intel Mac OS X 10_15_7) AppleWebKit/537.36 (KHTML, like Gecko) Version/16.5 Safari/537.36"
185.178.208.190 - - [20/May/2026:16:44:41 +0000] "GET /about HTTP/1.1" 200 1334 "-" "Mozilla/5.0 (iPhone; CPU iPhone OS 16_5 like Mac OS X) AppleWebKit/605.1.15 (KHTML, like Gecko) Version/16.5 Mobile/15E148 Safari/604.1"
185.178.208.190 - - [20/May/2026:16:44:41 +0000] "GET /products HTTP/1.1" 200 702 "-" "Mozilla/5.0 (X11; Linux x86_64) AppleWebKit/537.36 (KHTML, like Gecko) Firefox/113.0"
193.106.191.22 - - [20/May/2026:16:44:41 +0000] "GET /config HTTP/1.1" 404 3462 "-" "gobuster/3.1.0"
188.114.97.12 - - [20/May/2026:16:45:41 +0000] "GET /assets/css/style.css HTTP/1.1" 200 1812 "-" "Mozilla/5.0 (iPhone; CPU iPhone OS 16_5 like Mac OS X) AppleWebKit/605.1.15 (KHTML, like Gecko) Version/16.5 Mobile/15E148 Safari/604.1"
188.114.97.12 - - [20/May/2026:16:45:41 +0000] "GET /contact HTTP/1.1" 200 2492 "-" "Mozilla/5.0 (X11; Linux x86_64) AppleWebKit/537.36 (KHTML, like Gecko) Firefox/113.0"
82.202.160.44 - - [20/May/2026:16:45:41 +0000] "GET /services HTTP/1.1" 200 2795 "-" "Mozilla/5.0 (Windows NT 10.0; Win64; x64) AppleWebKit/537.36 (KHTML, like Gecko) Chrome/114.0.0.0 Safari/537.36"
188.114.97.12 - - [20/May/2026:16:46:41 +0000] "GET /images/logo.png HTTP/1.1" 200 4350 "-" "Mozilla/5.0 (Macintosh; Intel Mac OS X 10_15_7) AppleWebKit/537.36 (KHTML, like Gecko) Version/16.5 Safari/537.36"
95.161.220.15 - - [20/May/2026:16:46:41 +0000] "GET /services HTTP/1.1" 200 3883 "-" "Mozilla/5.0 (Windows NT 10.0; Win64; x64) AppleWebKit/537.36 (KHTML, like Gecko) Chrome/114.0.0.0 Safari/537.36"
82.202.160.44 - - [20/May/2026:16:46:41 +0000] "GET /assets/css/style.css HTTP/1.1" 200 4770 "-" "Mozilla/5.0 (iPhone; CPU iPhone OS 16_5 like Mac OS X) AppleWebKit/605.1.15 (KHTML, like Gecko) Version/16.5 Mobile/15E148 Safari/604.1"
193.106.191.22 - - [20/May/2026:16:46:41 +0000] "GET /admin HTTP/1.1" 404 3342 "-" "gobuster/3.1.0"
185.178.208.190 - - [20/May/2026:16:47:41 +0000] "GET /contact HTTP/1.1" 200 1767 "-" "Mozilla/5.0 (Macintosh; Intel Mac OS X 10_15_7) AppleWebKit/537.36 (KHTML, like Gecko) Version/16.5 Safari/537.36"
188.114.97.12 - - [20/May/2026:16:47:41 +0000] "GET /contact HTTP/1.1" 200 2396 "-" "Mozilla/5.0 (X11; Linux x86_64) AppleWebKit/537.36 (KHTML, like Gecko) Firefox/113.0"
212.193.134.20 - - [20/May/2026:16:47:41 +0000] "GET /assets/js/main.js HTTP/1.1" 200 1387 "-" "Mozilla/5.0 (Macintosh; Intel Mac OS X 10_15_7) AppleWebKit/537.36 (KHTML, like Gecko) Version/16.5 Safari/537.36"
95.161.220.15 - - [20/May/2026:16:47:41 +0000] "GET /contact HTTP/1.1" 200 2197 "-" "Mozilla/5.0 (X11; Linux x86_64) AppleWebKit/537.36 (KHTML, like Gecko) Firefox/113.0"
185.178.208.190 - - [20/May/2026:16:47:41 +0000] "GET /contact HTTP/1.1" 200 1141 "-" "Mozilla/5.0 (Windows NT 10.0; Win64; x64) AppleWebKit/537.36 (KHTML, like Gecko) Chrome/114.0.0.0 Safari/537.36"
212.193.134.20 - - [20/May/2026:16:47:41 +0000] "GET /blog HTTP/1.1" 200 1542 "-" "Mozilla/5.0 (X11; Linux x86_64) AppleWebKit/537.36 (KHTML, like Gecko) Firefox/113.0"
82.202.160.44 - - [20/May/2026:16:47:41 +0000] "GET /services HTTP/1.1" 200 3601 "-" "Mozilla/5.0 (Macintosh; Intel Mac OS X 10_15_7) AppleWebKit/537.36 (KHTML, like Gecko) Version/16.5 Safari/537.36"
82.202.160.44 - - [20/May/2026:16:47:41 +0000] "GET /products HTTP/1.1" 200 3751 "-" "Mozilla/5.0 (Windows NT 10.0; Win64; x64) AppleWebKit/537.36 (KHTML, like Gecko) Chrome/114.0.0.0 Safari/537.36"
82.202.160.44 - - [20/May/2026:16:47:41 +0000] "GET / HTTP/1.1" 200 4687 "-" "Mozilla/5.0 (X11; Linux x86_64) AppleWebKit/537.36 (KHTML, like Gecko) Firefox/113.0"
193.106.191.22 - - [20/May/2026:16:47:41 +0000] "GET /.git HTTP/1.1" 404 4762 "-" "gobuster/3.1.0"
185.156.177.214 - - [20/May/2026:16:47:41 +0000] "GET /index.php?id=1' OR '1'='1 HTTP/1.1" 200 2450 "-" "Mozilla/5.0 (compatible; MSIE 9.0; Windows NT 6.1; Trident/5.0)"
188.114.97.12 - - [20/May/2026:16:48:41 +0000] "GET /blog HTTP/1.1" 200 2006 "-" "Mozilla/5.0 (Macintosh; Intel Mac OS X 10_15_7) AppleWebKit/537.36 (KHTML, like Gecko) Version/16.5 Safari/537.36"
37.140.192.155 - - [20/May/2026:16:48:41 +0000] "GET / HTTP/1.1" 200 2459 "-" "Mozilla/5.0 (Windows NT 10.0; Win64; x64) AppleWebKit/537.36 (KHTML, like Gecko) Chrome/114.0.0.0 Safari/537.36"
95.161.220.15 - - [20/May/2026:16:48:41 +0000] "GET /assets/css/style.css HTTP/1.1" 200 2853 "-" "Mozilla/5.0 (Windows NT 10.0; Win64; x64) AppleWebKit/537.36 (KHTML, like Gecko) Chrome/114.0.0.0 Safari/537.36"
212.193.134.20 - - [20/May/2026:16:48:41 +0000] "GET /products HTTP/1.1" 200 595 "-" "Mozilla/5.0 (Windows NT 10.0; Win64; x64) AppleWebKit/537.36 (KHTML, like Gecko) Chrome/114.0.0.0 Safari/537.36"
188.114.97.12 - - [20/May/2026:16:48:41 +0000] "GET /index.html HTTP/1.1" 200 4975 "-" "Mozilla/5.0 (X11; Linux x86_64) AppleWebKit/537.36 (KHTML, like Gecko) Firefox/113.0"
82.202.160.44 - - [20/May/2026:16:49:41 +0000] "GET / HTTP/1.1" 200 599 "-" "Mozilla/5.0 (Windows NT 10.0; Win64; x64) AppleWebKit/537.36 (KHTML, like Gecko) Chrome/114.0.0.0 Safari/537.36"
185.178.208.190 - - [20/May/2026:16:49:41 +0000] "GET /assets/js/main.js HTTP/1.1" 200 533 "-" "Mozilla/5.0 (X11; Linux x86_64) AppleWebKit/537.36 (KHTML, like Gecko) Firefox/113.0"
188.114.97.12 - - [20/May/2026:16:49:41 +0000] "GET /images/logo.png HTTP/1.1" 200 3833 "-" "Mozilla/5.0 (Windows NT 10.0; Win64; x64) AppleWebKit/537.36 (KHTML, like Gecko) Chrome/114.0.0.0 Safari/537.36"
37.140.192.155 - - [20/May/2026:16:50:41 +0000] "GET /assets/js/main.js HTTP/1.1" 200 4905 "-" "Mozilla/5.0 (X11; Linux x86_64) AppleWebKit/537.36 (KHTML, like Gecko) Firefox/113.0"
193.106.191.22 - - [20/May/2026:16:50:41 +0000] "GET /backup HTTP/1.1" 404 2416 "-" "gobuster/3.1.0"
193.106.191.22 - - [20/May/2026:16:50:41 +0000] "GET /config HTTP/1.1" 404 1488 "-" "gobuster/3.1.0"
45.146.164.110 - - [20/May/2026:16:50:41 +0000] "GET /api/v1/user/1993 HTTP/1.1" 403 2219 "-" "Mozilla/5.0 (Windows NT 10.0; Win64; x64) AppleWebKit/537.36 (KHTML, like Gecko) Chrome/91.0.4472.124 Safari/537.36"
212.193.134.20 - - [20/May/2026:16:51:41 +0000] "GET /index.html HTTP/1.1" 200 3665 "-" "Mozilla/5.0 (iPhone; CPU iPhone OS 16_5 like Mac OS X) AppleWebKit/605.1.15 (KHTML, like Gecko) Version/16.5 Mobile/15E148 Safari/604.1"
95.161.220.15 - - [20/May/2026:16:51:41 +0000] "GET /index.html HTTP/1.1" 200 4684 "-" "Mozilla/5.0 (Macintosh; Intel Mac OS X 10_15_7) AppleWebKit/537.36 (KHTML, like Gecko) Version/16.5 Safari/537.36"
95.161.220.15 - - [20/May/2026:16:51:41 +0000] "GET /about HTTP/1.1" 200 2284 "-" "Mozilla/5.0 (Windows NT 10.0; Win64; x64) AppleWebKit/537.36 (KHTML, like Gecko) Chrome/114.0.0.0 Safari/537.36"
82.202.160.44 - - [20/May/2026:16:51:41 +0000] "GET /about HTTP/1.1" 200 2742 "-" "Mozilla/5.0 (X11; Linux x86_64) AppleWebKit/537.36 (KHTML, like Gecko) Firefox/113.0"
37.140.192.155 - - [20/May/2026:16:51:41 +0000] "GET /assets/js/main.js HTTP/1.1" 200 1682 "-" "Mozilla/5.0 (Macintosh; Intel Mac OS X 10_15_7) AppleWebKit/537.36 (KHTML, like Gecko) Version/16.5 Safari/537.36"
37.140.192.155 - - [20/May/2026:16:51:41 +0000] "GET / HTTP/1.1" 200 1862 "-" "Mozilla/5.0 (iPhone; CPU iPhone OS 16_5 like Mac OS X) AppleWebKit/605.1.15 (KHTML, like Gecko) Version/16.5 Mobile/15E148 Safari/604.1"
45.146.164.110 - - [20/May/2026:16:51:41 +0000] "GET /api/v1/user/5124 HTTP/1.1" 403 3359 "-" "Mozilla/5.0 (Windows NT 10.0; Win64; x64) AppleWebKit/537.36 (KHTML, like Gecko) Chrome/91.0.4472.124 Safari/537.36"
185.178.208.190 - - [20/May/2026:16:52:41 +0000] "GET /contact HTTP/1.1" 200 2244 "-" "Mozilla/5.0 (X11; Linux x86_64) AppleWebKit/537.36 (KHTML, like Gecko) Firefox/113.0"
188.114.97.12 - - [20/May/2026:16:52:41 +0000] "GET /index.html HTTP/1.1" 200 3159 "-" "Mozilla/5.0 (iPhone; CPU iPhone OS 16_5 like Mac OS X) AppleWebKit/605.1.15 (KHTML, like Gecko) Version/16.5 Mobile/15E148 Safari/604.1"
212.193.134.20 - - [20/May/2026:16:52:41 +0000] "GET /services HTTP/1.1" 200 464 "-" "Mozilla/5.0 (Macintosh; Intel Mac OS X 10_15_7) AppleWebKit/537.36 (KHTML, like Gecko) Version/16.5 Safari/537.36"
95.161.220.15 - - [20/May/2026:16:52:41 +0000] "GET /images/logo.png HTTP/1.1" 200 4035 "-" "Mozilla/5.0 (iPhone; CPU iPhone OS 16_5 like Mac OS X) AppleWebKit/605.1.15 (KHTML, like Gecko) Version/16.5 Mobile/15E148 Safari/604.1"
45.146.164.110 - - [20/May/2026:16:52:41 +0000] "GET /api/v1/user/4335 HTTP/1.1" 403 3193 "-" "Mozilla/5.0 (Windows NT 10.0; Win64; x64) AppleWebKit/537.36 (KHTML, like Gecko) Chrome/91.0.4472.124 Safari/537.36"
37.140.192.155 - - [20/May/2026:16:53:41 +0000] "GET /index.html HTTP/1.1" 200 4643 "-" "Mozilla/5.0 (X11; Linux x86_64) AppleWebKit/537.36 (KHTML, like Gecko) Firefox/113.0"
45.146.164.110 - - [20/May/2026:16:53:41 +0000] "GET /api/v1/user/8616 HTTP/1.1" 403 3267 "-" "Mozilla/5.0 (Windows NT 10.0; Win64; x64) AppleWebKit/537.36 (KHTML, like Gecko) Chrome/91.0.4472.124 Safari/537.36"
185.156.177.214 - - [20/May/2026:16:53:41 +0000] "GET /?q=UNION SELECT NULL,NULL,NULL-- HTTP/1.1" 200 1030 "-" "Mozilla/5.0 (compatible; MSIE 9.0; Windows NT 6.1; Trident/5.0)"
82.202.160.44 - - [20/May/2026:16:54:41 +0000] "GET /index.html HTTP/1.1" 200 4429 "-" "Mozilla/5.0 (Windows NT 10.0; Win64; x64) AppleWebKit/537.36 (KHTML, like Gecko) Chrome/114.0.0.0 Safari/537.36"
185.178.208.190 - - [20/May/2026:16:54:41 +0000] "GET /assets/js/main.js HTTP/1.1" 200 3142 "-" "Mozilla/5.0 (X11; Linux x86_64) AppleWebKit/537.36 (KHTML, like Gecko) Firefox/113.0"
212.193.134.20 - - [20/May/2026:16:54:41 +0000] "GET /about HTTP/1.1" 200 1549 "-" "Mozilla/5.0 (Windows NT 10.0; Win64; x64) AppleWebKit/537.36 (KHTML, like Gecko) Chrome/114.0.0.0 Safari/537.36"
185.178.208.190 - - [20/May/2026:16:54:41 +0000] "GET /index.html HTTP/1.1" 200 3859 "-" "Mozilla/5.0 (iPhone; CPU iPhone OS 16_5 like Mac OS X) AppleWebKit/605.1.15 (KHTML, like Gecko) Version/16.5 Mobile/15E148 Safari/604.1"
37.140.192.155 - - [20/May/2026:16:54:41 +0000] "GET /images/logo.png HTTP/1.1" 200 2979 "-" "Mozilla/5.0 (X11; Linux x86_64) AppleWebKit/537.36 (KHTML, like Gecko) Firefox/113.0"
82.202.160.44 - - [20/May/2026:16:55:41 +0000] "GET /assets/css/style.css HTTP/1.1" 200 1170 "-" "Mozilla/5.0 (Macintosh; Intel Mac OS X 10_15_7) AppleWebKit/537.36 (KHTML, like Gecko) Version/16.5 Safari/537.36"
37.140.192.155 - - [20/May/2026:16:55:41 +0000] "GET /assets/css/style.css HTTP/1.1" 200 258 "-" "Mozilla/5.0 (Windows NT 10.0; Win64; x64) AppleWebKit/537.36 (KHTML, like Gecko) Chrome/114.0.0.0 Safari/537.36"
193.106.191.22 - - [20/May/2026:16:55:41 +0000] "GET /.git HTTP/1.1" 404 4402 "-" "gobuster/3.1.0"
185.178.208.190 - - [20/May/2026:16:57:41 +0000] "GET /images/logo.png HTTP/1.1" 200 4471 "-" "Mozilla/5.0 (Windows NT 10.0; Win64; x64) AppleWebKit/537.36 (KHTML, like Gecko) Chrome/114.0.0.0 Safari/537.36"
185.178.208.190 - - [20/May/2026:16:57:41 +0000] "GET /blog HTTP/1.1" 200 3531 "-" "Mozilla/5.0 (X11; Linux x86_64) AppleWebKit/537.36 (KHTML, like Gecko) Firefox/113.0"
185.178.208.190 - - [20/May/2026:16:57:41 +0000] "GET / HTTP/1.1" 200 4649 "-" "Mozilla/5.0 (iPhone; CPU iPhone OS 16_5 like Mac OS X) AppleWebKit/605.1.15 (KHTML, like Gecko) Version/16.5 Mobile/15E148 Safari/604.1"
193.106.191.22 - - [20/May/2026:16:57:41 +0000] "GET /phpmyadmin HTTP/1.1" 404 4662 "-" "gobuster/3.1.0"
185.156.177.214 - - [20/May/2026:16:57:41 +0000] "GET /etc/passwd HTTP/1.1" 400 3829 "-" "Mozilla/5.0 (compatible; MSIE 9.0; Windows NT 6.1; Trident/5.0)"
82.202.160.44 - - [20/May/2026:16:58:41 +0000] "GET /about HTTP/1.1" 200 777 "-" "Mozilla/5.0 (X11; Linux x86_64) AppleWebKit/537.36 (KHTML, like Gecko) Firefox/113.0"
212.193.134.20 - - [20/May/2026:16:58:41 +0000] "GET /assets/css/style.css HTTP/1.1" 200 4976 "-" "Mozilla/5.0 (iPhone; CPU iPhone OS 16_5 like Mac OS X) AppleWebKit/605.1.15 (KHTML, like Gecko) Version/16.5 Mobile/15E148 Safari/604.1"
185.178.208.190 - - [20/May/2026:16:58:41 +0000] "GET /assets/css/style.css HTTP/1.1" 200 4756 "-" "Mozilla/5.0 (X11; Linux x86_64) AppleWebKit/537.36 (KHTML, like Gecko) Firefox/113.0"
193.106.191.22 - - [20/May/2026:16:58:41 +0000] "GET /config HTTP/1.1" 404 1450 "-" "gobuster/3.1.0"
45.146.164.110 - - [20/May/2026:16:58:41 +0000] "GET /api/v1/user/1416 HTTP/1.1" 403 3760 "-" "Mozilla/5.0 (Windows NT 10.0; Win64; x64) AppleWebKit/537.36 (KHTML, like Gecko) Chrome/91.0.4472.124 Safari/537.36"
185.156.177.214 - - [20/May/2026:16:58:41 +0000] "GET /cgi-bin/php.fcgi?%2d%64+%61%6c%6c%6f%77%5f%75%72%6c%5f%69%6e%63%6c%75%64%65%3d%6f%6e HTTP/1.1" 200 334 "-" "Mozilla/5.0 (compatible; MSIE 9.0; Windows NT 6.1; Trident/5.0)"
95.161.220.15 - - [20/May/2026:16:59:41 +0000] "GET /about HTTP/1.1" 200 4206 "-" "Mozilla/5.0 (iPhone; CPU iPhone OS 16_5 like Mac OS X) AppleWebKit/605.1.15 (KHTML, like Gecko) Version/16.5 Mobile/15E148 Safari/604.1"
188.114.97.12 - - [20/May/2026:16:59:41 +0000] "GET /assets/js/main.js HTTP/1.1" 200 1565 "-" "Mozilla/5.0 (iPhone; CPU iPhone OS 16_5 like Mac OS X) AppleWebKit/605.1.15 (KHTML, like Gecko) Version/16.5 Mobile/15E148 Safari/604.1"
188.114.97.12 - - [20/May/2026:16:59:41 +0000] "GET /products HTTP/1.1" 200 3173 "-" "Mozilla/5.0 (Macintosh; Intel Mac OS X 10_15_7) AppleWebKit/537.36 (KHTML, like Gecko) Version/16.5 Safari/537.36"
37.140.192.155 - - [20/May/2026:16:59:41 +0000] "GET /contact HTTP/1.1" 200 1607 "-" "Mozilla/5.0 (Macintosh; Intel Mac OS X 10_15_7) AppleWebKit/537.36 (KHTML, like Gecko) Version/16.5 Safari/537.36"
82.202.160.44 - - [20/May/2026:17:00:41 +0000] "GET /index.html HTTP/1.1" 200 2638 "-" "Mozilla/5.0 (X11; Linux x86_64) AppleWebKit/537.36 (KHTML, like Gecko) Firefox/113.0"
95.161.220.15 - - [20/May/2026:17:00:41 +0000] "GET /about HTTP/1.1" 200 1489 "-" "Mozilla/5.0 (Windows NT 10.0; Win64; x64) AppleWebKit/537.36 (KHTML, like Gecko) Chrome/114.0.0.0 Safari/537.36"
37.140.192.155 - - [20/May/2026:17:00:41 +0000] "GET /about HTTP/1.1" 200 3338 "-" "Mozilla/5.0 (X11; Linux x86_64) AppleWebKit/537.36 (KHTML, like Gecko) Firefox/113.0"
37.140.192.155 - - [20/May/2026:17:00:41 +0000] "GET /images/logo.png HTTP/1.1" 200 4843 "-" "Mozilla/5.0 (Windows NT 10.0; Win64; x64) AppleWebKit/537.36 (KHTML, like Gecko) Chrome/114.0.0.0 Safari/537.36"
193.106.191.22 - - [20/May/2026:17:00:41 +0000] "GET /phpmyadmin HTTP/1.1" 404 1227 "-" "gobuster/3.1.0"
185.178.208.190 - - [20/May/2026:17:01:41 +0000] "GET /services HTTP/1.1" 200 1083 "-" "Mozilla/5.0 (Windows NT 10.0; Win64; x64) AppleWebKit/537.36 (KHTML, like Gecko) Chrome/114.0.0.0 Safari/537.36"
185.178.208.190 - - [20/May/2026:17:02:41 +0000] "GET /services HTTP/1.1" 200 855 "-" "Mozilla/5.0 (X11; Linux x86_64) AppleWebKit/537.36 (KHTML, like Gecko) Firefox/113.0"
95.161.220.15 - - [20/May/2026:17:02:41 +0000] "GET /products HTTP/1.1" 200 1569 "-" "Mozilla/5.0 (iPhone; CPU iPhone OS 16_5 like Mac OS X) AppleWebKit/605.1.15 (KHTML, like Gecko) Version/16.5 Mobile/15E148 Safari/604.1"
95.161.220.15 - - [20/May/2026:17:02:41 +0000] "GET /services HTTP/1.1" 200 1770 "-" "Mozilla/5.0 (Macintosh; Intel Mac OS X 10_15_7) AppleWebKit/537.36 (KHTML, like Gecko) Version/16.5 Safari/537.36"
185.156.177.214 - - [20/May/2026:17:02:41 +0000] "GET /index.php?id=1' OR '1'='1 HTTP/1.1" 200 2350 "-" "Mozilla/5.0 (compatible; MSIE 9.0; Windows NT 6.1; Trident/5.0)"
37.140.192.155 - - [20/May/2026:17:03:41 +0000] "GET /blog HTTP/1.1" 200 2092 "-" "Mozilla/5.0 (iPhone; CPU iPhone OS 16_5 like Mac OS X) AppleWebKit/605.1.15 (KHTML, like Gecko) Version/16.5 Mobile/15E148 Safari/604.1"
95.161.220.15 - - [20/May/2026:17:03:41 +0000] "GET /contact HTTP/1.1" 200 1563 "-" "Mozilla/5.0 (Macintosh; Intel Mac OS X 10_15_7) AppleWebKit/537.36 (KHTML, like Gecko) Version/16.5 Safari/537.36"
193.106.191.22 - - [20/May/2026:17:03:41 +0000] "GET /config HTTP/1.1" 404 1092 "-" "gobuster/3.1.0"
45.146.164.110 - - [20/May/2026:17:03:41 +0000] "GET /api/v1/user/5634 HTTP/1.1" 403 1246 "-" "Mozilla/5.0 (Windows NT 10.0; Win64; x64) AppleWebKit/537.36 (KHTML, like Gecko) Chrome/91.0.4472.124 Safari/537.36"
45.146.164.110 - - [20/May/2026:17:03:41 +0000] "GET /api/v1/user/7160 HTTP/1.1" 403 4626 "-" "Mozilla/5.0 (Windows NT 10.0; Win64; x64) AppleWebKit/537.36 (KHTML, like Gecko) Chrome/91.0.4472.124 Safari/537.36"
212.193.134.20 - - [20/May/2026:17:04:41 +0000] "GET /images/logo.png HTTP/1.1" 200 3553 "-" "Mozilla/5.0 (X11; Linux x86_64) AppleWebKit/537.36 (KHTML, like Gecko) Firefox/113.0"
82.202.160.44 - - [20/May/2026:17:04:41 +0000] "GET /products HTTP/1.1" 200 3745 "-" "Mozilla/5.0 (Macintosh; Intel Mac OS X 10_15_7) AppleWebKit/537.36 (KHTML, like Gecko) Version/16.5 Safari/537.36"
185.178.208.190 - - [20/May/2026:17:04:41 +0000] "GET /contact HTTP/1.1" 200 1579 "-" "Mozilla/5.0 (iPhone; CPU iPhone OS 16_5 like Mac OS X) AppleWebKit/605.1.15 (KHTML, like Gecko) Version/16.5 Mobile/15E148 Safari/604.1"
185.178.208.190 - - [20/May/2026:17:04:41 +0000] "GET /products HTTP/1.1" 200 3219 "-" "Mozilla/5.0 (Macintosh; Intel Mac OS X 10_15_7) AppleWebKit/537.36 (KHTML, like Gecko) Version/16.5 Safari/537.36"
82.202.160.44 - - [20/May/2026:17:04:41 +0000] "GET /assets/js/main.js HTTP/1.1" 200 4032 "-" "Mozilla/5.0 (Windows NT 10.0; Win64; x64) AppleWebKit/537.36 (KHTML, like Gecko) Chrome/114.0.0.0 Safari/537.36"
45.146.164.110 - - [20/May/2026:17:04:41 +0000] "GET /api/v1/user/9811 HTTP/1.1" 403 2337 "-" "Mozilla/5.0 (Windows NT 10.0; Win64; x64) AppleWebKit/537.36 (KHTML, like Gecko) Chrome/91.0.4472.124 Safari/537.36"
185.156.177.214 - - [20/May/2026:17:04:41 +0000] "GET /etc/passwd HTTP/1.1" 400 900 "-" "Mozilla/5.0 (compatible; MSIE 9.0; Windows NT 6.1; Trident/5.0)"
185.156.177.214 - - [20/May/2026:17:05:41 +0000] "GET /cgi-bin/php.fcgi?%2d%64+%61%6c%6c%6f%77%5f%75%72%6c%5f%69%6e%63%6c%75%64%65%3d%6f%6e HTTP/1.1" 200 1914 "-" "Mozilla/5.0 (compatible; MSIE 9.0; Windows NT 6.1; Trident/5.0)"
37.140.192.155 - - [20/May/2026:17:06:41 +0000] "GET /about HTTP/1.1" 200 3659 "-" "Mozilla/5.0 (iPhone; CPU iPhone OS 16_5 like Mac OS X) AppleWebKit/605.1.15 (KHTML, like Gecko) Version/16.5 Mobile/15E148 Safari/604.1"
185.178.208.190 - - [20/May/2026:17:06:41 +0000] "GET /blog HTTP/1.1" 200 727 "-" "Mozilla/5.0 (Windows NT 10.0; Win64; x64) AppleWebKit/537.36 (KHTML, like Gecko) Chrome/114.0.0.0 Safari/537.36"
185.178.208.190 - - [20/May/2026:17:07:41 +0000] "GET /about HTTP/1.1" 200 4213 "-" "Mozilla/5.0 (iPhone; CPU iPhone OS 16_5 like Mac OS X) AppleWebKit/605.1.15 (KHTML, like Gecko) Version/16.5 Mobile/15E148 Safari/604.1"
185.156.177.214 - - [20/May/2026:17:07:41 +0000] "GET /cgi-bin/php.fcgi?%2d%64+%61%6c%6c%6f%77%5f%75%72%6c%5f%69%6e%63%6c%75%64%65%3d%6f%6e HTTP/1.1" 200 1796 "-" "Mozilla/5.0 (compatible; MSIE 9.0; Windows NT 6.1; Trident/5.0)"
185.178.208.190 - - [20/May/2026:17:08:41 +0000] "GET /contact HTTP/1.1" 200 4978 "-" "Mozilla/5.0 (X11; Linux x86_64) AppleWebKit/537.36 (KHTML, like Gecko) Firefox/113.0"
82.202.160.44 - - [20/May/2026:17:08:41 +0000] "GET /index.html HTTP/1.1" 200 4140 "-" "Mozilla/5.0 (Windows NT 10.0; Win64; x64) AppleWebKit/537.36 (KHTML, like Gecko) Chrome/114.0.0.0 Safari/537.36"
185.156.177.214 - - [20/May/2026:17:08:41 +0000] "GET /cgi-bin/php.fcgi?%2d%64+%61%6c%6c%6f%77%5f%75%72%6c%5f%69%6e%63%6c%75%64%65%3d%6f%6e HTTP/1.1" 200 4805 "-" "Mozilla/5.0 (compatible; MSIE 9.0; Windows NT 6.1; Trident/5.0)"
185.178.208.190 - - [20/May/2026:17:09:41 +0000] "GET / HTTP/1.1" 200 3138 "-" "Mozilla/5.0 (X11; Linux x86_64) AppleWebKit/537.36 (KHTML, like Gecko) Firefox/113.0"
193.106.191.22 - - [20/May/2026:17:09:41 +0000] "GET /backup HTTP/1.1" 404 3267 "-" "gobuster/3.1.0"
188.114.97.12 - - [20/May/2026:17:10:41 +0000] "GET /assets/css/style.css HTTP/1.1" 200 3488 "-" "Mozilla/5.0 (X11; Linux x86_64) AppleWebKit/537.36 (KHTML, like Gecko) Firefox/113.0"
212.193.134.20 - - [20/May/2026:17:10:41 +0000] "GET /contact HTTP/1.1" 200 1048 "-" "Mozilla/5.0 (X11; Linux x86_64) AppleWebKit/537.36 (KHTML, like Gecko) Firefox/113.0"
82.202.160.44 - - [20/May/2026:17:11:41 +0000] "GET /assets/css/style.css HTTP/1.1" 200 281 "-" "Mozilla/5.0 (iPhone; CPU iPhone OS 16_5 like Mac OS X) AppleWebKit/605.1.15 (KHTML, like Gecko) Version/16.5 Mobile/15E148 Safari/604.1"
95.161.220.15 - - [20/May/2026:17:11:41 +0000] "GET / HTTP/1.1" 200 2011 "-" "Mozilla/5.0 (iPhone; CPU iPhone OS 16_5 like Mac OS X) AppleWebKit/605.1.15 (KHTML, like Gecko) Version/16.5 Mobile/15E148 Safari/604.1"
37.140.192.155 - - [20/May/2026:17:11:41 +0000] "GET / HTTP/1.1" 200 1222 "-" "Mozilla/5.0 (Windows NT 10.0; Win64; x64) AppleWebKit/537.36 (KHTML, like Gecko) Chrome/114.0.0.0 Safari/537.36"
212.193.134.20 - - [20/May/2026:17:11:41 +0000] "GET /blog HTTP/1.1" 200 2260 "-" "Mozilla/5.0 (X11; Linux x86_64) AppleWebKit/537.36 (KHTML, like Gecko) Firefox/113.0"
82.202.160.44 - - [20/May/2026:17:11:41 +0000] "GET / HTTP/1.1" 200 1010 "-" "Mozilla/5.0 (X11; Linux x86_64) AppleWebKit/537.36 (KHTML, like Gecko) Firefox/113.0"
212.193.134.20 - - [20/May/2026:17:11:41 +0000] "GET /products HTTP/1.1" 200 3047 "-" "Mozilla/5.0 (X11; Linux x86_64) AppleWebKit/537.36 (KHTML, like Gecko) Firefox/113.0"
188.114.97.12 - - [20/May/2026:17:11:41 +0000] "GET /services HTTP/1.1" 200 4025 "-" "Mozilla/5.0 (iPhone; CPU iPhone OS 16_5 like Mac OS X) AppleWebKit/605.1.15 (KHTML, like Gecko) Version/16.5 Mobile/15E148 Safari/604.1"
193.106.191.22 - - [20/May/2026:17:11:41 +0000] "GET /db HTTP/1.1" 404 4578 "-" "gobuster/3.1.0"
185.178.208.190 - - [20/May/2026:17:12:41 +0000] "GET /assets/js/main.js HTTP/1.1" 200 3577 "-" "Mozilla/5.0 (iPhone; CPU iPhone OS 16_5 like Mac OS X) AppleWebKit/605.1.15 (KHTML, like Gecko) Version/16.5 Mobile/15E148 Safari/604.1"
45.146.164.110 - - [20/May/2026:17:12:41 +0000] "GET /api/v1/user/5551 HTTP/1.1" 403 1400 "-" "Mozilla/5.0 (Windows NT 10.0; Win64; x64) AppleWebKit/537.36 (KHTML, like Gecko) Chrome/91.0.4472.124 Safari/537.36"
95.161.220.15 - - [20/May/2026:17:13:41 +0000] "GET /services HTTP/1.1" 200 3643 "-" "Mozilla/5.0 (X11; Linux x86_64) AppleWebKit/537.36 (KHTML, like Gecko) Firefox/113.0"
82.202.160.44 - - [20/May/2026:17:13:41 +0000] "GET /index.html HTTP/1.1" 200 4179 "-" "Mozilla/5.0 (iPhone; CPU iPhone OS 16_5 like Mac OS X) AppleWebKit/605.1.15 (KHTML, like Gecko) Version/16.5 Mobile/15E148 Safari/604.1"
37.140.192.155 - - [20/May/2026:17:13:41 +0000] "GET /images/logo.png HTTP/1.1" 200 4765 "-" "Mozilla/5.0 (Macintosh; Intel Mac OS X 10_15_7) AppleWebKit/537.36 (KHTML, like Gecko) Version/16.5 Safari/537.36"
193.106.191.22 - - [20/May/2026:17:13:41 +0000] "GET /backup HTTP/1.1" 404 3700 "-" "gobuster/3.1.0"
185.156.177.214 - - [20/May/2026:17:13:41 +0000] "GET /etc/passwd HTTP/1.1" 400 2581 "-" "Mozilla/5.0 (compatible; MSIE 9.0; Windows NT 6.1; Trident/5.0)"
82.202.160.44 - - [20/May/2026:17:14:41 +0000] "GET /blog HTTP/1.1" 200 2933 "-" "Mozilla/5.0 (Windows NT 10.0; Win64; x64) AppleWebKit/537.36 (KHTML, like Gecko) Chrome/114.0.0.0 Safari/537.36"
188.114.97.12 - - [20/May/2026:17:14:41 +0000] "GET /services HTTP/1.1" 200 4951 "-" "Mozilla/5.0 (Macintosh; Intel Mac OS X 10_15_7) AppleWebKit/537.36 (KHTML, like Gecko) Version/16.5 Safari/537.36"
37.140.192.155 - - [20/May/2026:17:14:41 +0000] "GET /assets/js/main.js HTTP/1.1" 200 4295 "-" "Mozilla/5.0 (Windows NT 10.0; Win64; x64) AppleWebKit/537.36 (KHTML, like Gecko) Chrome/114.0.0.0 Safari/537.36"
45.146.164.110 - - [20/May/2026:17:14:41 +0000] "GET /api/v1/user/2455 HTTP/1.1" 403 639 "-" "Mozilla/5.0 (Windows NT 10.0; Win64; x64) AppleWebKit/537.36 (KHTML, like Gecko) Chrome/91.0.4472.124 Safari/537.36"
82.202.160.44 - - [20/May/2026:17:15:41 +0000] "GET /blog HTTP/1.1" 200 3575 "-" "Mozilla/5.0 (X11; Linux x86_64) AppleWebKit/537.36 (KHTML, like Gecko) Firefox/113.0"
188.114.97.12 - - [20/May/2026:17:15:41 +0000] "GET / HTTP/1.1" 200 1730 "-" "Mozilla/5.0 (Macintosh; Intel Mac OS X 10_15_7) AppleWebKit/537.36 (KHTML, like Gecko) Version/16.5 Safari/537.36"
37.140.192.155 - - [20/May/2026:17:15:41 +0000] "GET /products HTTP/1.1" 200 355 "-" "Mozilla/5.0 (X11; Linux x86_64) AppleWebKit/537.36 (KHTML, like Gecko) Firefox/113.0"
37.140.192.155 - - [20/May/2026:17:15:41 +0000] "GET /blog HTTP/1.1" 200 2597 "-" "Mozilla/5.0 (Windows NT 10.0; Win64; x64) AppleWebKit/537.36 (KHTML, like Gecko) Chrome/114.0.0.0 Safari/537.36"
95.161.220.15 - - [20/May/2026:17:16:41 +0000] "GET /about HTTP/1.1" 200 3399 "-" "Mozilla/5.0 (iPhone; CPU iPhone OS 16_5 like Mac OS X) AppleWebKit/605.1.15 (KHTML, like Gecko) Version/16.5 Mobile/15E148 Safari/604.1"
82.202.160.44 - - [20/May/2026:17:16:41 +0000] "GET /assets/css/style.css HTTP/1.1" 200 4049 "-" "Mozilla/5.0 (Windows NT 10.0; Win64; x64) AppleWebKit/537.36 (KHTML, like Gecko) Chrome/114.0.0.0 Safari/537.36"
188.114.97.12 - - [20/May/2026:17:16:41 +0000] "GET /products HTTP/1.1" 200 1090 "-" "Mozilla/5.0 (Macintosh; Intel Mac OS X 10_15_7) AppleWebKit/537.36 (KHTML, like Gecko) Version/16.5 Safari/537.36"
193.106.191.22 - - [20/May/2026:17:16:41 +0000] "GET /backup HTTP/1.1" 404 4695 "-" "gobuster/3.1.0"
82.202.160.44 - - [20/May/2026:17:17:41 +0000] "GET /images/logo.png HTTP/1.1" 200 4662 "-" "Mozilla/5.0 (Windows NT 10.0; Win64; x64) AppleWebKit/537.36 (KHTML, like Gecko) Chrome/114.0.0.0 Safari/537.36"
37.140.192.155 - - [20/May/2026:17:17:41 +0000] "GET /assets/css/style.css HTTP/1.1" 200 3221 "-" "Mozilla/5.0 (Macintosh; Intel Mac OS X 10_15_7) AppleWebKit/537.36 (KHTML, like Gecko) Version/16.5 Safari/537.36"
212.193.134.20 - - [20/May/2026:17:17:41 +0000] "GET /assets/css/style.css HTTP/1.1" 200 4770 "-" "Mozilla/5.0 (X11; Linux x86_64) AppleWebKit/537.36 (KHTML, like Gecko) Firefox/113.0"
212.193.134.20 - - [20/May/2026:17:18:41 +0000] "GET /assets/css/style.css HTTP/1.1" 200 2013 "-" "Mozilla/5.0 (X11; Linux x86_64) AppleWebKit/537.36 (KHTML, like Gecko) Firefox/113.0"
188.114.97.12 - - [20/May/2026:17:18:41 +0000] "GET /services HTTP/1.1" 200 1725 "-" "Mozilla/5.0 (X11; Linux x86_64) AppleWebKit/537.36 (KHTML, like Gecko) Firefox/113.0"
185.178.208.190 - - [20/May/2026:17:19:41 +0000] "GET /images/logo.png HTTP/1.1" 200 3187 "-" "Mozilla/5.0 (Macintosh; Intel Mac OS X 10_15_7) AppleWebKit/537.36 (KHTML, like Gecko) Version/16.5 Safari/537.36"
95.161.220.15 - - [20/May/2026:17:19:41 +0000] "GET /assets/js/main.js HTTP/1.1" 200 2531 "-" "Mozilla/5.0 (X11; Linux x86_64) AppleWebKit/537.36 (KHTML, like Gecko) Firefox/113.0"
188.114.97.12 - - [20/May/2026:17:20:41 +0000] "GET /products HTTP/1.1" 200 4662 "-" "Mozilla/5.0 (X11; Linux x86_64) AppleWebKit/537.36 (KHTML, like Gecko) Firefox/113.0"
212.193.134.20 - - [20/May/2026:17:20:41 +0000] "GET /index.html HTTP/1.1" 200 2016 "-" "Mozilla/5.0 (iPhone; CPU iPhone OS 16_5 like Mac OS X) AppleWebKit/605.1.15 (KHTML, like Gecko) Version/16.5 Mobile/15E148 Safari/604.1"
95.161.220.15 - - [20/May/2026:17:20:41 +0000] "GET /images/logo.png HTTP/1.1" 200 2323 "-" "Mozilla/5.0 (Windows NT 10.0; Win64; x64) AppleWebKit/537.36 (KHTML, like Gecko) Chrome/114.0.0.0 Safari/537.36"
212.193.134.20 - - [20/May/2026:17:20:41 +0000] "GET /blog HTTP/1.1" 200 859 "-" "Mozilla/5.0 (Macintosh; Intel Mac OS X 10_15_7) AppleWebKit/537.36 (KHTML, like Gecko) Version/16.5 Safari/537.36"
212.193.134.20 - - [20/May/2026:17:20:41 +0000] "GET /index.html HTTP/1.1" 200 2158 "-" "Mozilla/5.0 (Macintosh; Intel Mac OS X 10_15_7) AppleWebKit/537.36 (KHTML, like Gecko) Version/16.5 Safari/537.36"
193.106.191.22 - - [20/May/2026:17:20:41 +0000] "GET /config HTTP/1.1" 404 2638 "-" "gobuster/3.1.0"
37.140.192.155 - - [20/May/2026:17:21:41 +0000] "GET /assets/css/style.css HTTP/1.1" 200 4047 "-" "Mozilla/5.0 (iPhone; CPU iPhone OS 16_5 like Mac OS X) AppleWebKit/605.1.15 (KHTML, like Gecko) Version/16.5 Mobile/15E148 Safari/604.1"
82.202.160.44 - - [20/May/2026:17:21:41 +0000] "GET /about HTTP/1.1" 200 2434 "-" "Mozilla/5.0 (X11; Linux x86_64) AppleWebKit/537.36 (KHTML, like Gecko) Firefox/113.0"
185.178.208.190 - - [20/May/2026:17:21:41 +0000] "GET /index.html HTTP/1.1" 200 3071 "-" "Mozilla/5.0 (X11; Linux x86_64) AppleWebKit/537.36 (KHTML, like Gecko) Firefox/113.0"
212.193.134.20 - - [20/May/2026:17:21:41 +0000] "GET / HTTP/1.1" 200 3283 "-" "Mozilla/5.0 (X11; Linux x86_64) AppleWebKit/537.36 (KHTML, like Gecko) Firefox/113.0"
37.140.192.155 - - [20/May/2026:17:21:41 +0000] "GET /images/logo.png HTTP/1.1" 200 2533 "-" "Mozilla/5.0 (iPhone; CPU iPhone OS 16_5 like Mac OS X) AppleWebKit/605.1.15 (KHTML, like Gecko) Version/16.5 Mobile/15E148 Safari/604.1"
95.161.220.15 - - [20/May/2026:17:21:41 +0000] "GET /assets/js/main.js HTTP/1.1" 200 1876 "-" "Mozilla/5.0 (X11; Linux x86_64) AppleWebKit/537.36 (KHTML, like Gecko) Firefox/113.0"
193.106.191.22 - - [20/May/2026:17:21:41 +0000] "GET /.git HTTP/1.1" 404 2603 "-" "gobuster/3.1.0"
212.193.134.20 - - [20/May/2026:17:22:41 +0000] "GET /assets/js/main.js HTTP/1.1" 200 2354 "-" "Mozilla/5.0 (Macintosh; Intel Mac OS X 10_15_7) AppleWebKit/537.36 (KHTML, like Gecko) Version/16.5 Safari/537.36"
82.202.160.44 - - [20/May/2026:17:22:41 +0000] "GET /index.html HTTP/1.1" 200 2246 "-" "Mozilla/5.0 (Macintosh; Intel Mac OS X 10_15_7) AppleWebKit/537.36 (KHTML, like Gecko) Version/16.5 Safari/537.36"
193.106.191.22 - - [20/May/2026:17:22:41 +0000] "GET /admin HTTP/1.1" 404 2729 "-" "gobuster/3.1.0"
212.193.134.20 - - [20/May/2026:17:23:41 +0000] "GET / HTTP/1.1" 200 337 "-" "Mozilla/5.0 (Macintosh; Intel Mac OS X 10_15_7) AppleWebKit/537.36 (KHTML, like Gecko) Version/16.5 Safari/537.36"
45.146.164.110 - - [20/May/2026:17:23:41 +0000] "GET /api/v1/user/2588 HTTP/1.1" 403 2104 "-" "Mozilla/5.0 (Windows NT 10.0; Win64; x64) AppleWebKit/537.36 (KHTML, like Gecko) Chrome/91.0.4472.124 Safari/537.36"
185.156.177.214 - - [20/May/2026:17:23:41 +0000] "GET /../../etc/passwd HTTP/1.1" 400 961 "-" "Mozilla/5.0 (compatible; MSIE 9.0; Windows NT 6.1; Trident/5.0)"
82.202.160.44 - - [20/May/2026:17:24:41 +0000] "GET /images/logo.png HTTP/1.1" 200 3334 "-" "Mozilla/5.0 (Windows NT 10.0; Win64; x64) AppleWebKit/537.36 (KHTML, like Gecko) Chrome/114.0.0.0 Safari/537.36"
95.161.220.15 - - [20/May/2026:17:24:41 +0000] "GET /images/logo.png HTTP/1.1" 200 2017 "-" "Mozilla/5.0 (Windows NT 10.0; Win64; x64) AppleWebKit/537.36 (KHTML, like Gecko) Chrome/114.0.0.0 Safari/537.36"
185.178.208.190 - - [20/May/2026:17:24:41 +0000] "GET /images/logo.png HTTP/1.1" 200 1567 "-" "Mozilla/5.0 (Windows NT 10.0; Win64; x64) AppleWebKit/537.36 (KHTML, like Gecko) Chrome/114.0.0.0 Safari/537.36"
45.146.164.110 - - [20/May/2026:17:24:41 +0000] "GET /api/v1/user/9788 HTTP/1.1" 403 252 "-" "Mozilla/5.0 (Windows NT 10.0; Win64; x64) AppleWebKit/537.36 (KHTML, like Gecko) Chrome/91.0.4472.124 Safari/537.36"
212.193.134.20 - - [20/May/2026:17:25:41 +0000] "GET /about HTTP/1.1" 200 3539 "-" "Mozilla/5.0 (iPhone; CPU iPhone OS 16_5 like Mac OS X) AppleWebKit/605.1.15 (KHTML, like Gecko) Version/16.5 Mobile/15E148 Safari/604.1"
37.140.192.155 - - [20/May/2026:17:25:41 +0000] "GET /blog HTTP/1.1" 200 2273 "-" "Mozilla/5.0 (Macintosh; Intel Mac OS X 10_15_7) AppleWebKit/537.36 (KHTML, like Gecko) Version/16.5 Safari/537.36"
82.202.160.44 - - [20/May/2026:17:25:41 +0000] "GET /assets/css/style.css HTTP/1.1" 200 4007 "-" "Mozilla/5.0 (iPhone; CPU iPhone OS 16_5 like Mac OS X) AppleWebKit/605.1.15 (KHTML, like Gecko) Version/16.5 Mobile/15E148 Safari/604.1"
212.193.134.20 - - [20/May/2026:17:26:41 +0000] "GET /images/logo.png HTTP/1.1" 200 2959 "-" "Mozilla/5.0 (Windows NT 10.0; Win64; x64) AppleWebKit/537.36 (KHTML, like Gecko) Chrome/114.0.0.0 Safari/537.36"
185.178.208.190 - - [20/May/2026:17:26:41 +0000] "GET /about HTTP/1.1" 200 2173 "-" "Mozilla/5.0 (X11; Linux x86_64) AppleWebKit/537.36 (KHTML, like Gecko) Firefox/113.0"
188.114.97.12 - - [20/May/2026:17:26:41 +0000] "GET /about HTTP/1.1" 200 2438 "-" "Mozilla/5.0 (X11; Linux x86_64) AppleWebKit/537.36 (KHTML, like Gecko) Firefox/113.0"
95.161.220.15 - - [20/May/2026:17:27:41 +0000] "GET /assets/js/main.js HTTP/1.1" 200 2020 "-" "Mozilla/5.0 (Windows NT 10.0; Win64; x64) AppleWebKit/537.36 (KHTML, like Gecko) Chrome/114.0.0.0 Safari/537.36"
95.161.220.15 - - [20/May/2026:17:27:41 +0000] "GET /products HTTP/1.1" 200 4590 "-" "Mozilla/5.0 (iPhone; CPU iPhone OS 16_5 like Mac OS X) AppleWebKit/605.1.15 (KHTML, like Gecko) Version/16.5 Mobile/15E148 Safari/604.1"
193.106.191.22 - - [20/May/2026:17:27:41 +0000] "GET /phpmyadmin HTTP/1.1" 404 698 "-" "gobuster/3.1.0"
185.156.177.214 - - [20/May/2026:17:27:41 +0000] "GET /?q=UNION SELECT NULL,NULL,NULL-- HTTP/1.1" 200 3168 "-" "Mozilla/5.0 (compatible; MSIE 9.0; Windows NT 6.1; Trident/5.0)"
185.156.177.214 - - [20/May/2026:17:27:41 +0000] "GET /index.php?id=1' OR '1'='1 HTTP/1.1" 200 3679 "-" "Mozilla/5.0 (compatible; MSIE 9.0; Windows NT 6.1; Trident/5.0)"
212.193.134.20 - - [20/May/2026:17:28:41 +0000] "GET /contact HTTP/1.1" 200 523 "-" "Mozilla/5.0 (Windows NT 10.0; Win64; x64) AppleWebKit/537.36 (KHTML, like Gecko) Chrome/114.0.0.0 Safari/537.36"
212.193.134.20 - - [20/May/2026:17:28:41 +0000] "GET /services HTTP/1.1" 200 3911 "-" "Mozilla/5.0 (X11; Linux x86_64) AppleWebKit/537.36 (KHTML, like Gecko) Firefox/113.0"
188.114.97.12 - - [20/May/2026:17:28:41 +0000] "GET /assets/js/main.js HTTP/1.1" 200 4360 "-" "Mozilla/5.0 (Windows NT 10.0; Win64; x64) AppleWebKit/537.36 (KHTML, like Gecko) Chrome/114.0.0.0 Safari/537.36"
37.140.192.155 - - [20/May/2026:17:28:41 +0000] "GET /contact HTTP/1.1" 200 1931 "-" "Mozilla/5.0 (iPhone; CPU iPhone OS 16_5 like Mac OS X) AppleWebKit/605.1.15 (KHTML, like Gecko) Version/16.5 Mobile/15E148 Safari/604.1"
95.161.220.15 - - [20/May/2026:17:28:41 +0000] "GET /index.html HTTP/1.1" 200 3773 "-" "Mozilla/5.0 (Windows NT 10.0; Win64; x64) AppleWebKit/537.36 (KHTML, like Gecko) Chrome/114.0.0.0 Safari/537.36"
193.106.191.22 - - [20/May/2026:17:28:41 +0000] "GET /phpmyadmin HTTP/1.1" 404 1323 "-" "gobuster/3.1.0"
193.106.191.22 - - [20/May/2026:17:28:41 +0000] "GET /phpmyadmin HTTP/1.1" 404 3900 "-" "gobuster/3.1.0"
45.146.164.110 - - [20/May/2026:17:28:41 +0000] "GET /api/v1/user/9416 HTTP/1.1" 403 2244 "-" "Mozilla/5.0 (Windows NT 10.0; Win64; x64) AppleWebKit/537.36 (KHTML, like Gecko) Chrome/91.0.4472.124 Safari/537.36"
45.146.164.110 - - [20/May/2026:17:28:41 +0000] "GET /api/v1/user/5786 HTTP/1.1" 403 417 "-" "Mozilla/5.0 (Windows NT 10.0; Win64; x64) AppleWebKit/537.36 (KHTML, like Gecko) Chrome/91.0.4472.124 Safari/537.36"
212.193.134.20 - - [20/May/2026:17:29:41 +0000] "GET /index.html HTTP/1.1" 200 1289 "-" "Mozilla/5.0 (Macintosh; Intel Mac OS X 10_15_7) AppleWebKit/537.36 (KHTML, like Gecko) Version/16.5 Safari/537.36"
185.178.208.190 - - [20/May/2026:17:29:41 +0000] "GET /blog HTTP/1.1" 200 2387 "-" "Mozilla/5.0 (X11; Linux x86_64) AppleWebKit/537.36 (KHTML, like Gecko) Firefox/113.0"
95.161.220.15 - - [20/May/2026:17:29:41 +0000] "GET /images/logo.png HTTP/1.1" 200 1662 "-" "Mozilla/5.0 (iPhone; CPU iPhone OS 16_5 like Mac OS X) AppleWebKit/605.1.15 (KHTML, like Gecko) Version/16.5 Mobile/15E148 Safari/604.1"
82.202.160.44 - - [20/May/2026:17:29:41 +0000] "GET /products HTTP/1.1" 200 2571 "-" "Mozilla/5.0 (iPhone; CPU iPhone OS 16_5 like Mac OS X) AppleWebKit/605.1.15 (KHTML, like Gecko) Version/16.5 Mobile/15E148 Safari/604.1"
188.114.97.12 - - [20/May/2026:17:29:41 +0000] "GET /index.html HTTP/1.1" 200 346 "-" "Mozilla/5.0 (Macintosh; Intel Mac OS X 10_15_7) AppleWebKit/537.36 (KHTML, like Gecko) Version/16.5 Safari/537.36"
45.146.164.110 - - [20/May/2026:17:29:41 +0000] "GET /api/v1/user/2266 HTTP/1.1" 403 4562 "-" "Mozilla/5.0 (Windows NT 10.0; Win64; x64) AppleWebKit/537.36 (KHTML, like Gecko) Chrome/91.0.4472.124 Safari/537.36"
37.140.192.155 - - [20/May/2026:17:30:41 +0000] "GET /images/logo.png HTTP/1.1" 200 3174 "-" "Mozilla/5.0 (iPhone; CPU iPhone OS 16_5 like Mac OS X) AppleWebKit/605.1.15 (KHTML, like Gecko) Version/16.5 Mobile/15E148 Safari/604.1"
37.140.192.155 - - [20/May/2026:17:30:41 +0000] "GET /images/logo.png HTTP/1.1" 200 4857 "-" "Mozilla/5.0 (Macintosh; Intel Mac OS X 10_15_7) AppleWebKit/537.36 (KHTML, like Gecko) Version/16.5 Safari/537.36"
37.140.192.155 - - [20/May/2026:17:30:41 +0000] "GET / HTTP/1.1" 200 717 "-" "Mozilla/5.0 (Windows NT 10.0; Win64; x64) AppleWebKit/537.36 (KHTML, like Gecko) Chrome/114.0.0.0 Safari/537.36"
193.106.191.22 - - [20/May/2026:17:30:41 +0000] "GET /.git HTTP/1.1" 404 1204 "-" "gobuster/3.1.0"
193.106.191.22 - - [20/May/2026:17:30:41 +0000] "GET /phpmyadmin HTTP/1.1" 404 973 "-" "gobuster/3.1.0"
185.156.177.214 - - [20/May/2026:17:30:41 +0000] "GET /cgi-bin/php.fcgi?%2d%64+%61%6c%6c%6f%77%5f%75%72%6c%5f%69%6e%63%6c%75%64%65%3d%6f%6e HTTP/1.1" 200 4129 "-" "Mozilla/5.0 (compatible; MSIE 9.0; Windows NT 6.1; Trident/5.0)"
95.161.220.15 - - [20/May/2026:17:31:41 +0000] "GET /about HTTP/1.1" 200 1454 "-" "Mozilla/5.0 (Windows NT 10.0; Win64; x64) AppleWebKit/537.36 (KHTML, like Gecko) Chrome/114.0.0.0 Safari/537.36"
37.140.192.155 - - [20/May/2026:17:31:41 +0000] "GET /blog HTTP/1.1" 200 3515 "-" "Mozilla/5.0 (X11; Linux x86_64) AppleWebKit/537.36 (KHTML, like Gecko) Firefox/113.0"
45.146.164.110 - - [20/May/2026:17:31:41 +0000] "GET /api/v1/user/7230 HTTP/1.1" 403 4955 "-" "Mozilla/5.0 (Windows NT 10.0; Win64; x64) AppleWebKit/537.36 (KHTML, like Gecko) Chrome/91.0.4472.124 Safari/537.36"
185.156.177.214 - - [20/May/2026:17:31:41 +0000] "GET /cgi-bin/php.fcgi?%2d%64+%61%6c%6c%6f%77%5f%75%72%6c%5f%69%6e%63%6c%75%64%65%3d%6f%6e HTTP/1.1" 200 4825 "-" "Mozilla/5.0 (compatible; MSIE 9.0; Windows NT 6.1; Trident/5.0)"
82.202.160.44 - - [20/May/2026:17:32:41 +0000] "GET /images/logo.png HTTP/1.1" 200 3345 "-" "Mozilla/5.0 (Windows NT 10.0; Win64; x64) AppleWebKit/537.36 (KHTML, like Gecko) Chrome/114.0.0.0 Safari/537.36"
188.114.97.12 - - [20/May/2026:17:32:41 +0000] "GET /blog HTTP/1.1" 200 485 "-" "Mozilla/5.0 (Windows NT 10.0; Win64; x64) AppleWebKit/537.36 (KHTML, like Gecko) Chrome/114.0.0.0 Safari/537.36"
95.161.220.15 - - [20/May/2026:17:32:41 +0000] "GET /assets/js/main.js HTTP/1.1" 200 2912 "-" "Mozilla/5.0 (Macintosh; Intel Mac OS X 10_15_7) AppleWebKit/537.36 (KHTML, like Gecko) Version/16.5 Safari/537.36"
95.161.220.15 - - [20/May/2026:17:32:41 +0000] "GET /services HTTP/1.1" 200 4079 "-" "Mozilla/5.0 (Macintosh; Intel Mac OS X 10_15_7) AppleWebKit/537.36 (KHTML, like Gecko) Version/16.5 Safari/537.36"
95.161.220.15 - - [20/May/2026:17:32:41 +0000] "GET /contact HTTP/1.1" 200 2336 "-" "Mozilla/5.0 (X11; Linux x86_64) AppleWebKit/537.36 (KHTML, like Gecko) Firefox/113.0"
95.161.220.15 - - [20/May/2026:17:32:41 +0000] "GET /blog HTTP/1.1" 200 905 "-" "Mozilla/5.0 (X11; Linux x86_64) AppleWebKit/537.36 (KHTML, like Gecko) Firefox/113.0"
193.106.191.22 - - [20/May/2026:17:32:41 +0000] "GET /.git HTTP/1.1" 404 2137 "-" "gobuster/3.1.0"
45.146.164.110 - - [20/May/2026:17:32:41 +0000] "GET /api/v1/user/7293 HTTP/1.1" 403 1804 "-" "Mozilla/5.0 (Windows NT 10.0; Win64; x64) AppleWebKit/537.36 (KHTML, like Gecko) Chrome/91.0.4472.124 Safari/537.36"
185.156.177.214 - - [20/May/2026:17:32:41 +0000] "GET /cgi-bin/php.fcgi?%2d%64+%61%6c%6c%6f%77%5f%75%72%6c%5f%69%6e%63%6c%75%64%65%3d%6f%6e HTTP/1.1" 200 847 "-" "Mozilla/5.0 (compatible; MSIE 9.0; Windows NT 6.1; Trident/5.0)"
95.161.220.15 - - [20/May/2026:17:33:41 +0000] "GET /assets/js/main.js HTTP/1.1" 200 4377 "-" "Mozilla/5.0 (X11; Linux x86_64) AppleWebKit/537.36 (KHTML, like Gecko) Firefox/113.0"
212.193.134.20 - - [20/May/2026:17:33:41 +0000] "GET /assets/css/style.css HTTP/1.1" 200 885 "-" "Mozilla/5.0 (iPhone; CPU iPhone OS 16_5 like Mac OS X) AppleWebKit/605.1.15 (KHTML, like Gecko) Version/16.5 Mobile/15E148 Safari/604.1"
212.193.134.20 - - [20/May/2026:17:33:41 +0000] "GET /services HTTP/1.1" 200 3566 "-" "Mozilla/5.0 (iPhone; CPU iPhone OS 16_5 like Mac OS X) AppleWebKit/605.1.15 (KHTML, like Gecko) Version/16.5 Mobile/15E148 Safari/604.1"
45.146.164.110 - - [20/May/2026:17:33:41 +0000] "GET /api/v1/user/3939 HTTP/1.1" 403 1245 "-" "Mozilla/5.0 (Windows NT 10.0; Win64; x64) AppleWebKit/537.36 (KHTML, like Gecko) Chrome/91.0.4472.124 Safari/537.36"
45.146.164.110 - - [20/May/2026:17:33:41 +0000] "GET /api/v1/user/4724 HTTP/1.1" 403 3130 "-" "Mozilla/5.0 (Windows NT 10.0; Win64; x64) AppleWebKit/537.36 (KHTML, like Gecko) Chrome/91.0.4472.124 Safari/537.36"
212.193.134.20 - - [20/May/2026:17:34:41 +0000] "GET /blog HTTP/1.1" 200 3071 "-" "Mozilla/5.0 (Macintosh; Intel Mac OS X 10_15_7) AppleWebKit/537.36 (KHTML, like Gecko) Version/16.5 Safari/537.36"
188.114.97.12 - - [20/May/2026:17:34:41 +0000] "GET /blog HTTP/1.1" 200 1045 "-" "Mozilla/5.0 (iPhone; CPU iPhone OS 16_5 like Mac OS X) AppleWebKit/605.1.15 (KHTML, like Gecko) Version/16.5 Mobile/15E148 Safari/604.1"
82.202.160.44 - - [20/May/2026:17:34:41 +0000] "GET /images/logo.png HTTP/1.1" 200 1636 "-" "Mozilla/5.0 (Windows NT 10.0; Win64; x64) AppleWebKit/537.36 (KHTML, like Gecko) Chrome/114.0.0.0 Safari/537.36"
188.114.97.12 - - [20/May/2026:17:34:41 +0000] "GET /images/logo.png HTTP/1.1" 200 1289 "-" "Mozilla/5.0 (X11; Linux x86_64) AppleWebKit/537.36 (KHTML, like Gecko) Firefox/113.0"
212.193.134.20 - - [20/May/2026:17:34:41 +0000] "GET /contact HTTP/1.1" 200 876 "-" "Mozilla/5.0 (iPhone; CPU iPhone OS 16_5 like Mac OS X) AppleWebKit/605.1.15 (KHTML, like Gecko) Version/16.5 Mobile/15E148 Safari/604.1"
188.114.97.12 - - [20/May/2026:17:35:41 +0000] "GET /blog HTTP/1.1" 200 1371 "-" "Mozilla/5.0 (Windows NT 10.0; Win64; x64) AppleWebKit/537.36 (KHTML, like Gecko) Chrome/114.0.0.0 Safari/537.36"
82.202.160.44 - - [20/May/2026:17:35:41 +0000] "GET /assets/css/style.css HTTP/1.1" 200 2775 "-" "Mozilla/5.0 (Windows NT 10.0; Win64; x64) AppleWebKit/537.36 (KHTML, like Gecko) Chrome/114.0.0.0 Safari/537.36"
82.202.160.44 - - [20/May/2026:17:35:41 +0000] "GET / HTTP/1.1" 200 4121 "-" "Mozilla/5.0 (Macintosh; Intel Mac OS X 10_15_7) AppleWebKit/537.36 (KHTML, like Gecko) Version/16.5 Safari/537.36"
37.140.192.155 - - [20/May/2026:17:36:41 +0000] "GET /blog HTTP/1.1" 200 219 "-" "Mozilla/5.0 (Macintosh; Intel Mac OS X 10_15_7) AppleWebKit/537.36 (KHTML, like Gecko) Version/16.5 Safari/537.36"
193.106.191.22 - - [20/May/2026:17:36:41 +0000] "GET /.git HTTP/1.1" 404 2889 "-" "gobuster/3.1.0"
45.146.164.110 - - [20/May/2026:17:36:41 +0000] "GET /api/v1/user/3949 HTTP/1.1" 403 2405 "-" "Mozilla/5.0 (Windows NT 10.0; Win64; x64) AppleWebKit/537.36 (KHTML, like Gecko) Chrome/91.0.4472.124 Safari/537.36"
188.114.97.12 - - [20/May/2026:17:37:41 +0000] "GET /blog HTTP/1.1" 200 2576 "-" "Mozilla/5.0 (iPhone; CPU iPhone OS 16_5 like Mac OS X) AppleWebKit/605.1.15 (KHTML, like Gecko) Version/16.5 Mobile/15E148 Safari/604.1"
82.202.160.44 - - [20/May/2026:17:37:41 +0000] "GET /assets/js/main.js HTTP/1.1" 200 2594 "-" "Mozilla/5.0 (Macintosh; Intel Mac OS X 10_15_7) AppleWebKit/537.36 (KHTML, like Gecko) Version/16.5 Safari/537.36"
95.161.220.15 - - [20/May/2026:17:37:41 +0000] "GET /blog HTTP/1.1" 200 875 "-" "Mozilla/5.0 (X11; Linux x86_64) AppleWebKit/537.36 (KHTML, like Gecko) Firefox/113.0"
45.146.164.110 - - [20/May/2026:17:37:41 +0000] "GET /api/v1/user/3065 HTTP/1.1" 403 2737 "-" "Mozilla/5.0 (Windows NT 10.0; Win64; x64) AppleWebKit/537.36 (KHTML, like Gecko) Chrome/91.0.4472.124 Safari/537.36"
82.202.160.44 - - [20/May/2026:17:38:41 +0000] "GET /images/logo.png HTTP/1.1" 200 3015 "-" "Mozilla/5.0 (Windows NT 10.0; Win64; x64) AppleWebKit/537.36 (KHTML, like Gecko) Chrome/114.0.0.0 Safari/537.36"
