188.114.97.12 - - [20/May/2026:22:30:41 +0000] "GET /index.html HTTP/1.1" 200 834 "-" "Mozilla/5.0 (Macintosh; Intel Mac OS X 10_15_7) AppleWebKit/537.36 (KHTML, like Gecko) Version/16.5 Safari/537.36"
82.202.160.44 - - [20/May/2026:22:30:41 +0000] "GET /services HTTP/1.1" 200 3409 "-" "Mozilla/5.0 (Windows NT 10.0; Win64; x64) AppleWebKit/537.36 (KHTML, like Gecko) Chrome/114.0.0.0 Safari/537.36"
45.146.164.110 - - [20/May/2026:22:30:41 +0000] "GET /api/v1/user/4988 HTTP/1.1" 403 1758 "-" "Mozilla/5.0 (Windows NT 10.0; Win64; x64) AppleWebKit/537.36 (KHTML, like Gecko) Chrome/91.0.4472.124 Safari/537.36"
188.114.97.12 - - [20/May/2026:22:31:41 +0000] "GET /images/logo.png HTTP/1.1" 200 2033 "-" "Mozilla/5.0 (X11; Linux x86_64) AppleWebKit/537.36 (KHTML, like Gecko) Firefox/113.0"
82.202.160.44 - - [20/May/2026:22:31:41 +0000] "GET /products HTTP/1.1" 200 3445 "-" "Mozilla/5.0 (X11; Linux x86_64) AppleWebKit/537.36 (KHTML, like Gecko) Firefox/113.0"
82.202.160.44 - - [20/May/2026:22:31:41 +0000] "GET /about HTTP/1.1" 200 2086 "-" "Mozilla/5.0 (Macintosh; Intel Mac OS X 10_15_7) AppleWebKit/537.36 (KHTML, like Gecko) Version/16.5 Safari/537.36"
37.140.192.155 - - [20/May/2026:22:31:41 +0000] "GET /about HTTP/1.1" 200 4855 "-" "Mozilla/5.0 (iPhone; CPU iPhone OS 16_5 like Mac OS X) AppleWebKit/605.1.15 (KHTML, like Gecko) Version/16.5 Mobile/15E148 Safari/604.1"
212.193.134.20 - - [20/May/2026:22:31:41 +0000] "GET / HTTP/1.1" 200 649 "-" "Mozilla/5.0 (Windows NT 10.0; Win64; x64) AppleWebKit/537.36 (KHTML, like Gecko) Chrome/114.0.0.0 Safari/537.36"
193.106.191.22 - - [20/May/2026:22:31:41 +0000] "GET /admin HTTP/1.1" 404 757 "-" "gobuster/3.1.0"
95.161.220.15 - - [20/May/2026:22:32:41 +0000] "GET /contact HTTP/1.1" 200 1985 "-" "Mozilla/5.0 (iPhone; CPU iPhone OS 16_5 like Mac OS X) AppleWebKit/605.1.15 (KHTML, like Gecko) Version/16.5 Mobile/15E148 Safari/604.1"
95.161.220.15 - - [20/May/2026:22:32:41 +0000] "GET /services HTTP/1.1" 200 931 "-" "Mozilla/5.0 (X11; Linux x86_64) AppleWebKit/537.36 (KHTML, like Gecko) Firefox/113.0"
95.161.220.15 - - [20/May/2026:22:32:41 +0000] "GET /products HTTP/1.1" 200 2111 "-" "Mozilla/5.0 (iPhone; CPU iPhone OS 16_5 like Mac OS X) AppleWebKit/605.1.15 (KHTML, like Gecko) Version/16.5 Mobile/15E148 Safari/604.1"
193.106.191.22 - - [20/May/2026:22:32:41 +0000] "GET /config HTTP/1.1" 404 289 "-" "gobuster/3.1.0"
45.146.164.110 - - [20/May/2026:22:32:41 +0000] "GET /api/v1/user/5368 HTTP/1.1" 403 4305 "-" "Mozilla/5.0 (Windows NT 10.0; Win64; x64) AppleWebKit/537.36 (KHTML, like Gecko) Chrome/91.0.4472.124 Safari/537.36"
37.140.192.155 - - [20/May/2026:22:33:41 +0000] "GET /products HTTP/1.1" 200 375 "-" "Mozilla/5.0 (iPhone; CPU iPhone OS 16_5 like Mac OS X) AppleWebKit/605.1.15 (KHTML, like Gecko) Version/16.5 Mobile/15E148 Safari/604.1"
212.193.134.20 - - [20/May/2026:22:33:41 +0000] "GET /assets/css/style.css HTTP/1.1" 200 1496 "-" "Mozilla/5.0 (Windows NT 10.0; Win64; x64) AppleWebKit/537.36 (KHTML, like Gecko) Chrome/114.0.0.0 Safari/537.36"
95.161.220.15 - - [20/May/2026:22:33:41 +0000] "GET /blog HTTP/1.1" 200 2592 "-" "Mozilla/5.0 (iPhone; CPU iPhone OS 16_5 like Mac OS X) AppleWebKit/605.1.15 (KHTML, like Gecko) Version/16.5 Mobile/15E148 Safari/604.1"
37.140.192.155 - - [20/May/2026:22:33:41 +0000] "GET /services HTTP/1.1" 200 1512 "-" "Mozilla/5.0 (Macintosh; Intel Mac OS X 10_15_7) AppleWebKit/537.36 (KHTML, like Gecko) Version/16.5 Safari/537.36"
185.178.208.190 - - [20/May/2026:22:34:41 +0000] "GET /assets/js/main.js HTTP/1.1" 200 1961 "-" "Mozilla/5.0 (iPhone; CPU iPhone OS 16_5 like Mac OS X) AppleWebKit/605.1.15 (KHTML, like Gecko) Version/16.5 Mobile/15E148 Safari/604.1"
95.161.220.15 - - [20/May/2026:22:34:41 +0000] "GET /products HTTP/1.1" 200 3936 "-" "Mozilla/5.0 (Macintosh; Intel Mac OS X 10_15_7) AppleWebKit/537.36 (KHTML, like Gecko) Version/16.5 Safari/537.36"
82.202.160.44 - - [20/May/2026:22:35:41 +0000] "GET /services HTTP/1.1" 200 970 "-" "Mozilla/5.0 (Windows NT 10.0; Win64; x64) AppleWebKit/537.36 (KHTML, like Gecko) Chrome/114.0.0.0 Safari/537.36"
82.202.160.44 - - [20/May/2026:22:35:41 +0000] "GET /assets/css/style.css HTTP/1.1" 200 992 "-" "Mozilla/5.0 (iPhone; CPU iPhone OS 16_5 like Mac OS X) AppleWebKit/605.1.15 (KHTML, like Gecko) Version/16.5 Mobile/15E148 Safari/604.1"
185.178.208.190 - - [20/May/2026:22:36:41 +0000] "GET /assets/css/style.css HTTP/1.1" 200 3832 "-" "Mozilla/5.0 (Macintosh; Intel Mac OS X 10_15_7) AppleWebKit/537.36 (KHTML, like Gecko) Version/16.5 Safari/537.36"
82.202.160.44 - - [20/May/2026:22:36:41 +0000] "GET /services HTTP/1.1" 200 3810 "-" "Mozilla/5.0 (iPhone; CPU iPhone OS 16_5 like Mac OS X) AppleWebKit/605.1.15 (KHTML, like Gecko) Version/16.5 Mobile/15E148 Safari/604.1"
95.161.220.15 - - [20/May/2026:22:36:41 +0000] "GET / HTTP/1.1" 200 340 "-" "Mozilla/5.0 (Windows NT 10.0; Win64; x64) AppleWebKit/537.36 (KHTML, like Gecko) Chrome/114.0.0.0 Safari/537.36"
95.161.220.15 - - [20/May/2026:22:37:41 +0000] "GET /services HTTP/1.1" 200 3478 "-" "Mozilla/5.0 (X11; Linux x86_64) AppleWebKit/537.36 (KHTML, like Gecko) Firefox/113.0"
188.114.97.12 - - [20/May/2026:22:37:41 +0000] "GET /services HTTP/1.1" 200 1437 "-" "Mozilla/5.0 (X11; Linux x86_64) AppleWebKit/537.36 (KHTML, like Gecko) Firefox/113.0"
82.202.160.44 - - [20/May/2026:22:37:41 +0000] "GET /services HTTP/1.1" 200 1796 "-" "Mozilla/5.0 (Macintosh; Intel Mac OS X 10_15_7) AppleWebKit/537.36 (KHTML, like Gecko) Version/16.5 Safari/537.36"
193.106.191.22 - - [20/May/2026:22:37:41 +0000] "GET /db HTTP/1.1" 404 564 "-" "gobuster/3.1.0"
193.106.191.22 - - [20/May/2026:22:37:41 +0000] "GET /backup HTTP/1.1" 404 4363 "-" "gobuster/3.1.0"
188.114.97.12 - - [20/May/2026:22:38:41 +0000] "GET /products HTTP/1.1" 200 4832 "-" "Mozilla/5.0 (Windows NT 10.0; Win64; x64) AppleWebKit/537.36 (KHTML, like Gecko) Chrome/114.0.0.0 Safari/537.36"
188.114.97.12 - - [20/May/2026:22:39:41 +0000] "GET /assets/js/main.js HTTP/1.1" 200 4484 "-" "Mozilla/5.0 (Windows NT 10.0; Win64; x64) AppleWebKit/537.36 (KHTML, like Gecko) Chrome/114.0.0.0 Safari/537.36"
37.140.192.155 - - [20/May/2026:22:39:41 +0000] "GET /assets/js/main.js HTTP/1.1" 200 870 "-" "Mozilla/5.0 (X11; Linux x86_64) AppleWebKit/537.36 (KHTML, like Gecko) Firefox/113.0"
37.140.192.155 - - [20/May/2026:22:39:41 +0000] "GET /about HTTP/1.1" 200 912 "-" "Mozilla/5.0 (iPhone; CPU iPhone OS 16_5 like Mac OS X) AppleWebKit/605.1.15 (KHTML, like Gecko) Version/16.5 Mobile/15E148 Safari/604.1"
37.140.192.155 - - [20/May/2026:22:40:41 +0000] "GET /products HTTP/1.1" 200 3619 "-" "Mozilla/5.0 (iPhone; CPU iPhone OS 16_5 like Mac OS X) AppleWebKit/605.1.15 (KHTML, like Gecko) Version/16.5 Mobile/15E148 Safari/604.1"
95.161.220.15 - - [20/May/2026:22:40:41 +0000] "GET /services HTTP/1.1" 200 3470 "-" "Mozilla/5.0 (X11; Linux x86_64) AppleWebKit/537.36 (KHTML, like Gecko) Firefox/113.0"
188.114.97.12 - - [20/May/2026:22:40:41 +0000] "GET / HTTP/1.1" 200 3623 "-" "Mozilla/5.0 (iPhone; CPU iPhone OS 16_5 like Mac OS X) AppleWebKit/605.1.15 (KHTML, like Gecko) Version/16.5 Mobile/15E148 Safari/604.1"
82.202.160.44 - - [20/May/2026:22:40:41 +0000] "GET /services HTTP/1.1" 200 2487 "-" "Mozilla/5.0 (Macintosh; Intel Mac OS X 10_15_7) AppleWebKit/537.36 (KHTML, like Gecko) Version/16.5 Safari/537.36"
188.114.97.12 - - [20/May/2026:22:40:41 +0000] "GET /blog HTTP/1.1" 200 1463 "-" "Mozilla/5.0 (X11; Linux x86_64) AppleWebKit/537.36 (KHTML, like Gecko) Firefox/113.0"
95.161.220.15 - - [20/May/2026:22:40:41 +0000] "GET /assets/css/style.css HTTP/1.1" 200 881 "-" "Mozilla/5.0 (Windows NT 10.0; Win64; x64) AppleWebKit/537.36 (KHTML, like Gecko) Chrome/114.0.0.0 Safari/537.36"
185.178.208.190 - - [20/May/2026:22:40:41 +0000] "GET / HTTP/1.1" 200 874 "-" "Mozilla/5.0 (Windows NT 10.0; Win64; x64) AppleWebKit/537.36 (KHTML, like Gecko) Chrome/114.0.0.0 Safari/537.36"
45.146.164.110 - - [20/May/2026:22:40:41 +0000] "GET /api/v1/user/6572 HTTP/1.1" 403 4642 "-" "Mozilla/5.0 (Windows NT 10.0; Win64; x64) AppleWebKit/537.36 (KHTML, like Gecko) Chrome/91.0.4472.124 Safari/537.36"
95.161.220.15 - - [20/May/2026:22:41:41 +0000] "GET /blog HTTP/1.1" 200 4409 "-" "Mozilla/5.0 (iPhone; CPU iPhone OS 16_5 like Mac OS X) AppleWebKit/605.1.15 (KHTML, like Gecko) Version/16.5 Mobile/15E148 Safari/604.1"
185.156.177.214 - - [20/May/2026:22:41:41 +0000] "GET /../../etc/passwd HTTP/1.1" 400 1525 "-" "Mozilla/5.0 (compatible; MSIE 9.0; Windows NT 6.1; Trident/5.0)"
37.140.192.155 - - [20/May/2026:22:42:41 +0000] "GET /services HTTP/1.1" 200 3543 "-" "Mozilla/5.0 (Macintosh; Intel Mac OS X 10_15_7) AppleWebKit/537.36 (KHTML, like Gecko) Version/16.5 Safari/537.36"
82.202.160.44 - - [20/May/2026:22:42:41 +0000] "GET /contact HTTP/1.1" 200 4159 "-" "Mozilla/5.0 (iPhone; CPU iPhone OS 16_5 like Mac OS X) AppleWebKit/605.1.15 (KHTML, like Gecko) Version/16.5 Mobile/15E148 Safari/604.1"
193.106.191.22 - - [20/May/2026:22:42:41 +0000] "GET /wp-admin HTTP/1.1" 404 2535 "-" "gobuster/3.1.0"
37.140.192.155 - - [20/May/2026:22:43:41 +0000] "GET /assets/js/main.js HTTP/1.1" 200 3124 "-" "Mozilla/5.0 (Windows NT 10.0; Win64; x64) AppleWebKit/537.36 (KHTML, like Gecko) Chrome/114.0.0.0 Safari/537.36"
212.193.134.20 - - [20/May/2026:22:43:41 +0000] "GET /products HTTP/1.1" 200 585 "-" "Mozilla/5.0 (X11; Linux x86_64) AppleWebKit/537.36 (KHTML, like Gecko) Firefox/113.0"
37.140.192.155 - - [20/May/2026:22:43:41 +0000] "GET /assets/css/style.css HTTP/1.1" 200 1820 "-" "Mozilla/5.0 (Macintosh; Intel Mac OS X 10_15_7) AppleWebKit/537.36 (KHTML, like Gecko) Version/16.5 Safari/537.36"
212.193.134.20 - - [20/May/2026:22:43:41 +0000] "GET /about HTTP/1.1" 200 807 "-" "Mozilla/5.0 (X11; Linux x86_64) AppleWebKit/537.36 (KHTML, like Gecko) Firefox/113.0"
188.114.97.12 - - [20/May/2026:22:43:41 +0000] "GET /services HTTP/1.1" 200 446 "-" "Mozilla/5.0 (Macintosh; Intel Mac OS X 10_15_7) AppleWebKit/537.36 (KHTML, like Gecko) Version/16.5 Safari/537.36"
37.140.192.155 - - [20/May/2026:22:43:41 +0000] "GET /assets/css/style.css HTTP/1.1" 200 2014 "-" "Mozilla/5.0 (Macintosh; Intel Mac OS X 10_15_7) AppleWebKit/537.36 (KHTML, like Gecko) Version/16.5 Safari/537.36"
82.202.160.44 - - [20/May/2026:22:44:41 +0000] "GET /images/logo.png HTTP/1.1" 200 4508 "-" "Mozilla/5.0 (Windows NT 10.0; Win64; x64) AppleWebKit/537.36 (KHTML, like Gecko) Chrome/114.0.0.0 Safari/537.36"
82.202.160.44 - - [20/May/2026:22:44:41 +0000] "GET /images/logo.png HTTP/1.1" 200 3972 "-" "Mozilla/5.0 (Windows NT 10.0; Win64; x64) AppleWebKit/537.36 (KHTML, like Gecko) Chrome/114.0.0.0 Safari/537.36"
185.156.177.214 - - [20/May/2026:22:44:41 +0000] "GET /../../etc/passwd HTTP/1.1" 400 327 "-" "Mozilla/5.0 (compatible; MSIE 9.0; Windows NT 6.1; Trident/5.0)"
193.106.191.22 - - [20/May/2026:22:45:41 +0000] "GET /admin HTTP/1.1" 404 1895 "-" "gobuster/3.1.0"
45.146.164.110 - - [20/May/2026:22:45:41 +0000] "GET /api/v1/user/6146 HTTP/1.1" 403 1653 "-" "Mozilla/5.0 (Windows NT 10.0; Win64; x64) AppleWebKit/537.36 (KHTML, like Gecko) Chrome/91.0.4472.124 Safari/537.36"
45.146.164.110 - - [20/May/2026:22:45:41 +0000] "GET /api/v1/user/4497 HTTP/1.1" 403 4534 "-" "Mozilla/5.0 (Windows NT 10.0; Win64; x64) AppleWebKit/537.36 (KHTML, like Gecko) Chrome/91.0.4472.124 Safari/537.36"
45.146.164.110 - - [20/May/2026:22:45:41 +0000] "GET /api/v1/user/3354 HTTP/1.1" 403 4750 "-" "Mozilla/5.0 (Windows NT 10.0; Win64; x64) AppleWebKit/537.36 (KHTML, like Gecko) Chrome/91.0.4472.124 Safari/537.36"
212.193.134.20 - - [20/May/2026:22:46:41 +0000] "GET /about HTTP/1.1" 200 4477 "-" "Mozilla/5.0 (X11; Linux x86_64) AppleWebKit/537.36 (KHTML, like Gecko) Firefox/113.0"
185.178.208.190 - - [20/May/2026:22:46:41 +0000] "GET /assets/js/main.js HTTP/1.1" 200 305 "-" "Mozilla/5.0 (X11; Linux x86_64) AppleWebKit/537.36 (KHTML, like Gecko) Firefox/113.0"
185.178.208.190 - - [20/May/2026:22:46:41 +0000] "GET /assets/js/main.js HTTP/1.1" 200 3842 "-" "Mozilla/5.0 (X11; Linux x86_64) AppleWebKit/537.36 (KHTML, like Gecko) Firefox/113.0"
212.193.134.20 - - [20/May/2026:22:46:41 +0000] "GET /blog HTTP/1.1" 200 3208 "-" "Mozilla/5.0 (X11; Linux x86_64) AppleWebKit/537.36 (KHTML, like Gecko) Firefox/113.0"
82.202.160.44 - - [20/May/2026:22:46:41 +0000] "GET /services HTTP/1.1" 200 2687 "-" "Mozilla/5.0 (Windows NT 10.0; Win64; x64) AppleWebKit/537.36 (KHTML, like Gecko) Chrome/114.0.0.0 Safari/537.36"
188.114.97.12 - - [20/May/2026:22:47:41 +0000] "GET /contact HTTP/1.1" 200 561 "-" "Mozilla/5.0 (X11; Linux x86_64) AppleWebKit/537.36 (KHTML, like Gecko) Firefox/113.0"
212.193.134.20 - - [20/May/2026:22:48:41 +0000] "GET / HTTP/1.1" 200 3770 "-" "Mozilla/5.0 (X11; Linux x86_64) AppleWebKit/537.36 (KHTML, like Gecko) Firefox/113.0"
185.178.208.190 - - [20/May/2026:22:48:41 +0000] "GET /index.html HTTP/1.1" 200 746 "-" "Mozilla/5.0 (X11; Linux x86_64) AppleWebKit/537.36 (KHTML, like Gecko) Firefox/113.0"
82.202.160.44 - - [20/May/2026:22:48:41 +0000] "GET /blog HTTP/1.1" 200 2976 "-" "Mozilla/5.0 (iPhone; CPU iPhone OS 16_5 like Mac OS X) AppleWebKit/605.1.15 (KHTML, like Gecko) Version/16.5 Mobile/15E148 Safari/604.1"
193.106.191.22 - - [20/May/2026:22:48:41 +0000] "GET /.git HTTP/1.1" 404 2311 "-" "gobuster/3.1.0"
45.146.164.110 - - [20/May/2026:22:48:41 +0000] "GET /api/v1/user/8822 HTTP/1.1" 403 965 "-" "Mozilla/5.0 (Windows NT 10.0; Win64; x64) AppleWebKit/537.36 (KHTML, like Gecko) Chrome/91.0.4472.124 Safari/537.36"
82.202.160.44 - - [20/May/2026:22:49:41 +0000] "GET / HTTP/1.1" 200 2336 "-" "Mozilla/5.0 (iPhone; CPU iPhone OS 16_5 like Mac OS X) AppleWebKit/605.1.15 (KHTML, like Gecko) Version/16.5 Mobile/15E148 Safari/604.1"
82.202.160.44 - - [20/May/2026:22:49:41 +0000] "GET /index.html HTTP/1.1" 200 561 "-" "Mozilla/5.0 (iPhone; CPU iPhone OS 16_5 like Mac OS X) AppleWebKit/605.1.15 (KHTML, like Gecko) Version/16.5 Mobile/15E148 Safari/604.1"
188.114.97.12 - - [20/May/2026:22:49:41 +0000] "GET /about HTTP/1.1" 200 1323 "-" "Mozilla/5.0 (X11; Linux x86_64) AppleWebKit/537.36 (KHTML, like Gecko) Firefox/113.0"
212.193.134.20 - - [20/May/2026:22:49:41 +0000] "GET / HTTP/1.1" 200 2491 "-" "Mozilla/5.0 (Windows NT 10.0; Win64; x64) AppleWebKit/537.36 (KHTML, like Gecko) Chrome/114.0.0.0 Safari/537.36"
188.114.97.12 - - [20/May/2026:22:49:41 +0000] "GET /blog HTTP/1.1" 200 4819 "-" "Mozilla/5.0 (Windows NT 10.0; Win64; x64) AppleWebKit/537.36 (KHTML, like Gecko) Chrome/114.0.0.0 Safari/537.36"
82.202.160.44 - - [20/May/2026:22:49:41 +0000] "GET /services HTTP/1.1" 200 229 "-" "Mozilla/5.0 (iPhone; CPU iPhone OS 16_5 like Mac OS X) AppleWebKit/605.1.15 (KHTML, like Gecko) Version/16.5 Mobile/15E148 Safari/604.1"
212.193.134.20 - - [20/May/2026:22:49:41 +0000] "GET / HTTP/1.1" 200 4923 "-" "Mozilla/5.0 (X11; Linux x86_64) AppleWebKit/537.36 (KHTML, like Gecko) Firefox/113.0"
193.106.191.22 - - [20/May/2026:22:49:41 +0000] "GET /phpmyadmin HTTP/1.1" 404 512 "-" "gobuster/3.1.0"
95.161.220.15 - - [20/May/2026:22:50:41 +0000] "GET /services HTTP/1.1" 200 2306 "-" "Mozilla/5.0 (Macintosh; Intel Mac OS X 10_15_7) AppleWebKit/537.36 (KHTML, like Gecko) Version/16.5 Safari/537.36"
185.178.208.190 - - [20/May/2026:22:50:41 +0000] "GET / HTTP/1.1" 200 1553 "-" "Mozilla/5.0 (X11; Linux x86_64) AppleWebKit/537.36 (KHTML, like Gecko) Firefox/113.0"
193.106.191.22 - - [20/May/2026:22:50:41 +0000] "GET /backup HTTP/1.1" 404 1675 "-" "gobuster/3.1.0"
193.106.191.22 - - [20/May/2026:22:50:41 +0000] "GET /.git HTTP/1.1" 404 4631 "-" "gobuster/3.1.0"
185.156.177.214 - - [20/May/2026:22:50:41 +0000] "GET /etc/passwd HTTP/1.1" 400 4538 "-" "Mozilla/5.0 (compatible; MSIE 9.0; Windows NT 6.1; Trident/5.0)"
95.161.220.15 - - [20/May/2026:22:51:41 +0000] "GET /contact HTTP/1.1" 200 706 "-" "Mozilla/5.0 (X11; Linux x86_64) AppleWebKit/537.36 (KHTML, like Gecko) Firefox/113.0"
212.193.134.20 - - [20/May/2026:22:51:41 +0000] "GET /blog HTTP/1.1" 200 3119 "-" "Mozilla/5.0 (X11; Linux x86_64) AppleWebKit/537.36 (KHTML, like Gecko) Firefox/113.0"
82.202.160.44 - - [20/May/2026:22:51:41 +0000] "GET /contact HTTP/1.1" 200 4120 "-" "Mozilla/5.0 (Macintosh; Intel Mac OS X 10_15_7) AppleWebKit/537.36 (KHTML, like Gecko) Version/16.5 Safari/537.36"
185.178.208.190 - - [20/May/2026:22:53:41 +0000] "GET / HTTP/1.1" 200 2650 "-" "Mozilla/5.0 (Windows NT 10.0; Win64; x64) AppleWebKit/537.36 (KHTML, like Gecko) Chrome/114.0.0.0 Safari/537.36"
188.114.97.12 - - [20/May/2026:22:53:41 +0000] "GET /index.html HTTP/1.1" 200 4133 "-" "Mozilla/5.0 (Macintosh; Intel Mac OS X 10_15_7) AppleWebKit/537.36 (KHTML, like Gecko) Version/16.5 Safari/537.36"
82.202.160.44 - - [20/May/2026:22:53:41 +0000] "GET /blog HTTP/1.1" 200 2344 "-" "Mozilla/5.0 (Windows NT 10.0; Win64; x64) AppleWebKit/537.36 (KHTML, like Gecko) Chrome/114.0.0.0 Safari/537.36"
45.146.164.110 - - [20/May/2026:22:53:41 +0000] "GET /api/v1/user/1620 HTTP/1.1" 403 4963 "-" "Mozilla/5.0 (Windows NT 10.0; Win64; x64) AppleWebKit/537.36 (KHTML, like Gecko) Chrome/91.0.4472.124 Safari/537.36"
185.178.208.190 - - [20/May/2026:22:54:41 +0000] "GET /images/logo.png HTTP/1.1" 200 4941 "-" "Mozilla/5.0 (X11; Linux x86_64) AppleWebKit/537.36 (KHTML, like Gecko) Firefox/113.0"
95.161.220.15 - - [20/May/2026:22:55:41 +0000] "GET /assets/css/style.css HTTP/1.1" 200 3795 "-" "Mozilla/5.0 (Windows NT 10.0; Win64; x64) AppleWebKit/537.36 (KHTML, like Gecko) Chrome/114.0.0.0 Safari/537.36"
188.114.97.12 - - [20/May/2026:22:55:41 +0000] "GET /index.html HTTP/1.1" 200 3859 "-" "Mozilla/5.0 (Macintosh; Intel Mac OS X 10_15_7) AppleWebKit/537.36 (KHTML, like Gecko) Version/16.5 Safari/537.36"
212.193.134.20 - - [20/May/2026:22:55:41 +0000] "GET /assets/js/main.js HTTP/1.1" 200 1536 "-" "Mozilla/5.0 (iPhone; CPU iPhone OS 16_5 like Mac OS X) AppleWebKit/605.1.15 (KHTML, like Gecko) Version/16.5 Mobile/15E148 Safari/604.1"
193.106.191.22 - - [20/May/2026:22:55:41 +0000] "GET /db HTTP/1.1" 404 2528 "-" "gobuster/3.1.0"
185.156.177.214 - - [20/May/2026:22:55:41 +0000] "GET /?q=UNION SELECT NULL,NULL,NULL-- HTTP/1.1" 200 4924 "-" "Mozilla/5.0 (compatible; MSIE 9.0; Windows NT 6.1; Trident/5.0)"
185.156.177.214 - - [20/May/2026:22:55:41 +0000] "GET /?q=UNION SELECT NULL,NULL,NULL-- HTTP/1.1" 200 3593 "-" "Mozilla/5.0 (compatible; MSIE 9.0; Windows NT 6.1; Trident/5.0)"
185.156.177.214 - - [20/May/2026:22:55:41 +0000] "GET /../../etc/passwd HTTP/1.1" 400 257 "-" "Mozilla/5.0 (compatible; MSIE 9.0; Windows NT 6.1; Trident/5.0)"
95.161.220.15 - - [20/May/2026:22:56:41 +0000] "GET /services HTTP/1.1" 200 1157 "-" "Mozilla/5.0 (X11; Linux x86_64) AppleWebKit/537.36 (KHTML, like Gecko) Firefox/113.0"
185.178.208.190 - - [20/May/2026:22:56:41 +0000] "GET /blog HTTP/1.1" 200 4940 "-" "Mozilla/5.0 (iPhone; CPU iPhone OS 16_5 like Mac OS X) AppleWebKit/605.1.15 (KHTML, like Gecko) Version/16.5 Mobile/15E148 Safari/604.1"
82.202.160.44 - - [20/May/2026:22:56:41 +0000] "GET /blog HTTP/1.1" 200 1524 "-" "Mozilla/5.0 (iPhone; CPU iPhone OS 16_5 like Mac OS X) AppleWebKit/605.1.15 (KHTML, like Gecko) Version/16.5 Mobile/15E148 Safari/604.1"
37.140.192.155 - - [20/May/2026:22:56:41 +0000] "GET /products HTTP/1.1" 200 1106 "-" "Mozilla/5.0 (X11; Linux x86_64) AppleWebKit/537.36 (KHTML, like Gecko) Firefox/113.0"
193.106.191.22 - - [20/May/2026:22:56:41 +0000] "GET /wp-admin HTTP/1.1" 404 4315 "-" "gobuster/3.1.0"
82.202.160.44 - - [20/May/2026:22:57:41 +0000] "GET /about HTTP/1.1" 200 1185 "-" "Mozilla/5.0 (Macintosh; Intel Mac OS X 10_15_7) AppleWebKit/537.36 (KHTML, like Gecko) Version/16.5 Safari/537.36"
95.161.220.15 - - [20/May/2026:22:57:41 +0000] "GET /services HTTP/1.1" 200 1544 "-" "Mozilla/5.0 (X11; Linux x86_64) AppleWebKit/537.36 (KHTML, like Gecko) Firefox/113.0"
185.178.208.190 - - [20/May/2026:22:57:41 +0000] "GET /about HTTP/1.1" 200 2278 "-" "Mozilla/5.0 (Windows NT 10.0; Win64; x64) AppleWebKit/537.36 (KHTML, like Gecko) Chrome/114.0.0.0 Safari/537.36"
185.178.208.190 - - [20/May/2026:22:57:41 +0000] "GET / HTTP/1.1" 200 391 "-" "Mozilla/5.0 (Windows NT 10.0; Win64; x64) AppleWebKit/537.36 (KHTML, like Gecko) Chrome/114.0.0.0 Safari/537.36"
82.202.160.44 - - [20/May/2026:22:57:41 +0000] "GET /assets/js/main.js HTTP/1.1" 200 2850 "-" "Mozilla/5.0 (Macintosh; Intel Mac OS X 10_15_7) AppleWebKit/537.36 (KHTML, like Gecko) Version/16.5 Safari/537.36"
37.140.192.155 - - [20/May/2026:22:58:41 +0000] "GET /assets/js/main.js HTTP/1.1" 200 1586 "-" "Mozilla/5.0 (Macintosh; Intel Mac OS X 10_15_7) AppleWebKit/537.36 (KHTML, like Gecko) Version/16.5 Safari/537.36"
212.193.134.20 - - [20/May/2026:22:58:41 +0000] "GET /assets/css/style.css HTTP/1.1" 200 2152 "-" "Mozilla/5.0 (Macintosh; Intel Mac OS X 10_15_7) AppleWebKit/537.36 (KHTML, like Gecko) Version/16.5 Safari/537.36"
212.193.134.20 - - [20/May/2026:22:58:41 +0000] "GET /contact HTTP/1.1" 200 4689 "-" "Mozilla/5.0 (iPhone; CPU iPhone OS 16_5 like Mac OS X) AppleWebKit/605.1.15 (KHTML, like Gecko) Version/16.5 Mobile/15E148 Safari/604.1"
188.114.97.12 - - [20/May/2026:22:58:41 +0000] "GET /index.html HTTP/1.1" 200 4264 "-" "Mozilla/5.0 (Windows NT 10.0; Win64; x64) AppleWebKit/537.36 (KHTML, like Gecko) Chrome/114.0.0.0 Safari/537.36"
185.178.208.190 - - [20/May/2026:22:58:41 +0000] "GET /images/logo.png HTTP/1.1" 200 2911 "-" "Mozilla/5.0 (Windows NT 10.0; Win64; x64) AppleWebKit/537.36 (KHTML, like Gecko) Chrome/114.0.0.0 Safari/537.36"
45.146.164.110 - - [20/May/2026:22:58:41 +0000] "GET /api/v1/user/3169 HTTP/1.1" 403 315 "-" "Mozilla/5.0 (Windows NT 10.0; Win64; x64) AppleWebKit/537.36 (KHTML, like Gecko) Chrome/91.0.4472.124 Safari/537.36"
185.178.208.190 - - [20/May/2026:22:59:41 +0000] "GET /images/logo.png HTTP/1.1" 200 2217 "-" "Mozilla/5.0 (X11; Linux x86_64) AppleWebKit/537.36 (KHTML, like Gecko) Firefox/113.0"
37.140.192.155 - - [20/May/2026:22:59:41 +0000] "GET /index.html HTTP/1.1" 200 2149 "-" "Mozilla/5.0 (iPhone; CPU iPhone OS 16_5 like Mac OS X) AppleWebKit/605.1.15 (KHTML, like Gecko) Version/16.5 Mobile/15E148 Safari/604.1"
95.161.220.15 - - [20/May/2026:22:59:41 +0000] "GET /contact HTTP/1.1" 200 3376 "-" "Mozilla/5.0 (X11; Linux x86_64) AppleWebKit/537.36 (KHTML, like Gecko) Firefox/113.0"
82.202.160.44 - - [20/May/2026:23:00:41 +0000] "GET /assets/js/main.js HTTP/1.1" 200 658 "-" "Mozilla/5.0 (Macintosh; Intel Mac OS X 10_15_7) AppleWebKit/537.36 (KHTML, like Gecko) Version/16.5 Safari/537.36"
212.193.134.20 - - [20/May/2026:23:00:41 +0000] "GET /assets/js/main.js HTTP/1.1" 200 2538 "-" "Mozilla/5.0 (X11; Linux x86_64) AppleWebKit/537.36 (KHTML, like Gecko) Firefox/113.0"
37.140.192.155 - - [20/May/2026:23:00:41 +0000] "GET /images/logo.png HTTP/1.1" 200 3750 "-" "Mozilla/5.0 (X11; Linux x86_64) AppleWebKit/537.36 (KHTML, like Gecko) Firefox/113.0"
212.193.134.20 - - [20/May/2026:23:00:41 +0000] "GET /assets/js/main.js HTTP/1.1" 200 675 "-" "Mozilla/5.0 (iPhone; CPU iPhone OS 16_5 like Mac OS X) AppleWebKit/605.1.15 (KHTML, like Gecko) Version/16.5 Mobile/15E148 Safari/604.1"
185.156.177.214 - - [20/May/2026:23:00:41 +0000] "GET /../../etc/passwd HTTP/1.1" 400 1910 "-" "Mozilla/5.0 (compatible; MSIE 9.0; Windows NT 6.1; Trident/5.0)"
95.161.220.15 - - [20/May/2026:23:01:41 +0000] "GET /index.html HTTP/1.1" 200 1183 "-" "Mozilla/5.0 (iPhone; CPU iPhone OS 16_5 like Mac OS X) AppleWebKit/605.1.15 (KHTML, like Gecko) Version/16.5 Mobile/15E148 Safari/604.1"
185.178.208.190 - - [20/May/2026:23:01:41 +0000] "GET /services HTTP/1.1" 200 3371 "-" "Mozilla/5.0 (X11; Linux x86_64) AppleWebKit/537.36 (KHTML, like Gecko) Firefox/113.0"
188.114.97.12 - - [20/May/2026:23:02:41 +0000] "GET /assets/css/style.css HTTP/1.1" 200 1290 "-" "Mozilla/5.0 (Windows NT 10.0; Win64; x64) AppleWebKit/537.36 (KHTML, like Gecko) Chrome/114.0.0.0 Safari/537.36"
185.178.208.190 - - [20/May/2026:23:02:41 +0000] "GET /about HTTP/1.1" 200 1389 "-" "Mozilla/5.0 (iPhone; CPU iPhone OS 16_5 like Mac OS X) AppleWebKit/605.1.15 (KHTML, like Gecko) Version/16.5 Mobile/15E148 Safari/604.1"
193.106.191.22 - - [20/May/2026:23:02:41 +0000] "GET /config HTTP/1.1" 404 3784 "-" "gobuster/3.1.0"
185.156.177.214 - - [20/May/2026:23:02:41 +0000] "GET /?q=UNION SELECT NULL,NULL,NULL-- HTTP/1.1" 200 896 "-" "Mozilla/5.0 (compatible; MSIE 9.0; Windows NT 6.1; Trident/5.0)"
188.114.97.12 - - [20/May/2026:23:03:41 +0000] "GET /blog HTTP/1.1" 200 1013 "-" "Mozilla/5.0 (iPhone; CPU iPhone OS 16_5 like Mac OS X) AppleWebKit/605.1.15 (KHTML, like Gecko) Version/16.5 Mobile/15E148 Safari/604.1"
188.114.97.12 - - [20/May/2026:23:03:41 +0000] "GET /blog HTTP/1.1" 200 1181 "-" "Mozilla/5.0 (Windows NT 10.0; Win64; x64) AppleWebKit/537.36 (KHTML, like Gecko) Chrome/114.0.0.0 Safari/537.36"
37.140.192.155 - - [20/May/2026:23:03:41 +0000] "GET / HTTP/1.1" 200 3233 "-" "Mozilla/5.0 (Macintosh; Intel Mac OS X 10_15_7) AppleWebKit/537.36 (KHTML, like Gecko) Version/16.5 Safari/537.36"
193.106.191.22 - - [20/May/2026:23:03:41 +0000] "GET /phpmyadmin HTTP/1.1" 404 828 "-" "gobuster/3.1.0"
193.106.191.22 - - [20/May/2026:23:03:41 +0000] "GET /admin HTTP/1.1" 404 3509 "-" "gobuster/3.1.0"
45.146.164.110 - - [20/May/2026:23:03:41 +0000] "GET /api/v1/user/8163 HTTP/1.1" 403 4340 "-" "Mozilla/5.0 (Windows NT 10.0; Win64; x64) AppleWebKit/537.36 (KHTML, like Gecko) Chrome/91.0.4472.124 Safari/537.36"
185.156.177.214 - - [20/May/2026:23:03:41 +0000] "GET /index.php?id=1' OR '1'='1 HTTP/1.1" 200 2379 "-" "Mozilla/5.0 (compatible; MSIE 9.0; Windows NT 6.1; Trident/5.0)"
185.178.208.190 - - [20/May/2026:23:04:41 +0000] "GET /assets/css/style.css HTTP/1.1" 200 3792 "-" "Mozilla/5.0 (Macintosh; Intel Mac OS X 10_15_7) AppleWebKit/537.36 (KHTML, like Gecko) Version/16.5 Safari/537.36"
37.140.192.155 - - [20/May/2026:23:04:41 +0000] "GET /images/logo.png HTTP/1.1" 200 3732 "-" "Mozilla/5.0 (Windows NT 10.0; Win64; x64) AppleWebKit/537.36 (KHTML, like Gecko) Chrome/114.0.0.0 Safari/537.36"
82.202.160.44 - - [20/May/2026:23:04:41 +0000] "GET / HTTP/1.1" 200 225 "-" "Mozilla/5.0 (Macintosh; Intel Mac OS X 10_15_7) AppleWebKit/537.36 (KHTML, like Gecko) Version/16.5 Safari/537.36"
212.193.134.20 - - [20/May/2026:23:04:41 +0000] "GET /about HTTP/1.1" 200 1449 "-" "Mozilla/5.0 (iPhone; CPU iPhone OS 16_5 like Mac OS X) AppleWebKit/605.1.15 (KHTML, like Gecko) Version/16.5 Mobile/15E148 Safari/604.1"
193.106.191.22 - - [20/May/2026:23:04:41 +0000] "GET /wp-admin HTTP/1.1" 404 4568 "-" "gobuster/3.1.0"
95.161.220.15 - - [20/May/2026:23:05:41 +0000] "GET /assets/css/style.css HTTP/1.1" 200 551 "-" "Mozilla/5.0 (X11; Linux x86_64) AppleWebKit/537.36 (KHTML, like Gecko) Firefox/113.0"
82.202.160.44 - - [20/May/2026:23:05:41 +0000] "GET /index.html HTTP/1.1" 200 3520 "-" "Mozilla/5.0 (X11; Linux x86_64) AppleWebKit/537.36 (KHTML, like Gecko) Firefox/113.0"
82.202.160.44 - - [20/May/2026:23:05:41 +0000] "GET /contact HTTP/1.1" 200 2466 "-" "Mozilla/5.0 (Windows NT 10.0; Win64; x64) AppleWebKit/537.36 (KHTML, like Gecko) Chrome/114.0.0.0 Safari/537.36"
95.161.220.15 - - [20/May/2026:23:05:41 +0000] "GET /assets/css/style.css HTTP/1.1" 200 4104 "-" "Mozilla/5.0 (Macintosh; Intel Mac OS X 10_15_7) AppleWebKit/537.36 (KHTML, like Gecko) Version/16.5 Safari/537.36"
95.161.220.15 - - [20/May/2026:23:05:41 +0000] "GET /about HTTP/1.1" 200 4266 "-" "Mozilla/5.0 (iPhone; CPU iPhone OS 16_5 like Mac OS X) AppleWebKit/605.1.15 (KHTML, like Gecko) Version/16.5 Mobile/15E148 Safari/604.1"
37.140.192.155 - - [20/May/2026:23:06:41 +0000] "GET /images/logo.png HTTP/1.1" 200 934 "-" "Mozilla/5.0 (X11; Linux x86_64) AppleWebKit/537.36 (KHTML, like Gecko) Firefox/113.0"
37.140.192.155 - - [20/May/2026:23:06:41 +0000] "GET /contact HTTP/1.1" 200 388 "-" "Mozilla/5.0 (Windows NT 10.0; Win64; x64) AppleWebKit/537.36 (KHTML, like Gecko) Chrome/114.0.0.0 Safari/537.36"
37.140.192.155 - - [20/May/2026:23:06:41 +0000] "GET /blog HTTP/1.1" 200 4356 "-" "Mozilla/5.0 (X11; Linux x86_64) AppleWebKit/537.36 (KHTML, like Gecko) Firefox/113.0"
193.106.191.22 - - [20/May/2026:23:06:41 +0000] "GET /backup HTTP/1.1" 404 1998 "-" "gobuster/3.1.0"
37.140.192.155 - - [20/May/2026:23:07:41 +0000] "GET /assets/css/style.css HTTP/1.1" 200 1895 "-" "Mozilla/5.0 (X11; Linux x86_64) AppleWebKit/537.36 (KHTML, like Gecko) Firefox/113.0"
95.161.220.15 - - [20/May/2026:23:08:41 +0000] "GET / HTTP/1.1" 200 4320 "-" "Mozilla/5.0 (Windows NT 10.0; Win64; x64) AppleWebKit/537.36 (KHTML, like Gecko) Chrome/114.0.0.0 Safari/537.36"
82.202.160.44 - - [20/May/2026:23:08:41 +0000] "GET /index.html HTTP/1.1" 200 4085 "-" "Mozilla/5.0 (X11; Linux x86_64) AppleWebKit/537.36 (KHTML, like Gecko) Firefox/113.0"
185.178.208.190 - - [20/May/2026:23:08:41 +0000] "GET /about HTTP/1.1" 200 3934 "-" "Mozilla/5.0 (iPhone; CPU iPhone OS 16_5 like Mac OS X) AppleWebKit/605.1.15 (KHTML, like Gecko) Version/16.5 Mobile/15E148 Safari/604.1"
185.178.208.190 - - [20/May/2026:23:08:41 +0000] "GET /services HTTP/1.1" 200 2057 "-" "Mozilla/5.0 (Macintosh; Intel Mac OS X 10_15_7) AppleWebKit/537.36 (KHTML, like Gecko) Version/16.5 Safari/537.36"
95.161.220.15 - - [20/May/2026:23:08:41 +0000] "GET /services HTTP/1.1" 200 3277 "-" "Mozilla/5.0 (iPhone; CPU iPhone OS 16_5 like Mac OS X) AppleWebKit/605.1.15 (KHTML, like Gecko) Version/16.5 Mobile/15E148 Safari/604.1"
45.146.164.110 - - [20/May/2026:23:08:41 +0000] "GET /api/v1/user/5676 HTTP/1.1" 403 1674 "-" "Mozilla/5.0 (Windows NT 10.0; Win64; x64) AppleWebKit/537.36 (KHTML, like Gecko) Chrome/91.0.4472.124 Safari/537.36"
185.156.177.214 - - [20/May/2026:23:08:41 +0000] "GET /?q=UNION SELECT NULL,NULL,NULL-- HTTP/1.1" 200 4668 "-" "Mozilla/5.0 (compatible; MSIE 9.0; Windows NT 6.1; Trident/5.0)"
82.202.160.44 - - [20/May/2026:23:09:41 +0000] "GET /services HTTP/1.1" 200 4959 "-" "Mozilla/5.0 (X11; Linux x86_64) AppleWebKit/537.36 (KHTML, like Gecko) Firefox/113.0"
95.161.220.15 - - [20/May/2026:23:09:41 +0000] "GET / HTTP/1.1" 200 2585 "-" "Mozilla/5.0 (X11; Linux x86_64) AppleWebKit/537.36 (KHTML, like Gecko) Firefox/113.0"
82.202.160.44 - - [20/May/2026:23:09:41 +0000] "GET /assets/css/style.css HTTP/1.1" 200 1143 "-" "Mozilla/5.0 (Macintosh; Intel Mac OS X 10_15_7) AppleWebKit/537.36 (KHTML, like Gecko) Version/16.5 Safari/537.36"
185.178.208.190 - - [20/May/2026:23:09:41 +0000] "GET /index.html HTTP/1.1" 200 3907 "-" "Mozilla/5.0 (Windows NT 10.0; Win64; x64) AppleWebKit/537.36 (KHTML, like Gecko) Chrome/114.0.0.0 Safari/537.36"
193.106.191.22 - - [20/May/2026:23:09:41 +0000] "GET /admin HTTP/1.1" 404 363 "-" "gobuster/3.1.0"
193.106.191.22 - - [20/May/2026:23:09:41 +0000] "GET /wp-admin HTTP/1.1" 404 2519 "-" "gobuster/3.1.0"
193.106.191.22 - - [20/May/2026:23:09:41 +0000] "GET /config HTTP/1.1" 404 2502 "-" "gobuster/3.1.0"
185.156.177.214 - - [20/May/2026:23:09:41 +0000] "GET /etc/passwd HTTP/1.1" 400 3764 "-" "Mozilla/5.0 (compatible; MSIE 9.0; Windows NT 6.1; Trident/5.0)"
82.202.160.44 - - [20/May/2026:23:10:41 +0000] "GET /services HTTP/1.1" 200 2255 "-" "Mozilla/5.0 (Windows NT 10.0; Win64; x64) AppleWebKit/537.36 (KHTML, like Gecko) Chrome/114.0.0.0 Safari/537.36"
212.193.134.20 - - [20/May/2026:23:10:41 +0000] "GET / HTTP/1.1" 200 1392 "-" "Mozilla/5.0 (Windows NT 10.0; Win64; x64) AppleWebKit/537.36 (KHTML, like Gecko) Chrome/114.0.0.0 Safari/537.36"
188.114.97.12 - - [20/May/2026:23:10:41 +0000] "GET /products HTTP/1.1" 200 4530 "-" "Mozilla/5.0 (X11; Linux x86_64) AppleWebKit/537.36 (KHTML, like Gecko) Firefox/113.0"
95.161.220.15 - - [20/May/2026:23:10:41 +0000] "GET /products HTTP/1.1" 200 3753 "-" "Mozilla/5.0 (Macintosh; Intel Mac OS X 10_15_7) AppleWebKit/537.36 (KHTML, like Gecko) Version/16.5 Safari/537.36"
188.114.97.12 - - [20/May/2026:23:11:41 +0000] "GET /assets/js/main.js HTTP/1.1" 200 1685 "-" "Mozilla/5.0 (Windows NT 10.0; Win64; x64) AppleWebKit/537.36 (KHTML, like Gecko) Chrome/114.0.0.0 Safari/537.36"
95.161.220.15 - - [20/May/2026:23:12:41 +0000] "GET /assets/css/style.css HTTP/1.1" 200 1892 "-" "Mozilla/5.0 (Windows NT 10.0; Win64; x64) AppleWebKit/537.36 (KHTML, like Gecko) Chrome/114.0.0.0 Safari/537.36"
185.178.208.190 - - [20/May/2026:23:12:41 +0000] "GET /blog HTTP/1.1" 200 270 "-" "Mozilla/5.0 (Windows NT 10.0; Win64; x64) AppleWebKit/537.36 (KHTML, like Gecko) Chrome/114.0.0.0 Safari/537.36"
212.193.134.20 - - [20/May/2026:23:12:41 +0000] "GET /services HTTP/1.1" 200 1097 "-" "Mozilla/5.0 (Windows NT 10.0; Win64; x64) AppleWebKit/537.36 (KHTML, like Gecko) Chrome/114.0.0.0 Safari/537.36"
37.140.192.155 - - [20/May/2026:23:12:41 +0000] "GET /images/logo.png HTTP/1.1" 200 3706 "-" "Mozilla/5.0 (Windows NT 10.0; Win64; x64) AppleWebKit/537.36 (KHTML, like Gecko) Chrome/114.0.0.0 Safari/537.36"
193.106.191.22 - - [20/May/2026:23:12:41 +0000] "GET /.env HTTP/1.1" 404 4720 "-" "gobuster/3.1.0"
185.178.208.190 - - [20/May/2026:23:13:41 +0000] "GET / HTTP/1.1" 200 3179 "-" "Mozilla/5.0 (iPhone; CPU iPhone OS 16_5 like Mac OS X) AppleWebKit/605.1.15 (KHTML, like Gecko) Version/16.5 Mobile/15E148 Safari/604.1"
95.161.220.15 - - [20/May/2026:23:13:41 +0000] "GET /products HTTP/1.1" 200 2220 "-" "Mozilla/5.0 (Windows NT 10.0; Win64; x64) AppleWebKit/537.36 (KHTML, like Gecko) Chrome/114.0.0.0 Safari/537.36"
193.106.191.22 - - [20/May/2026:23:13:41 +0000] "GET /backup HTTP/1.1" 404 1516 "-" "gobuster/3.1.0"
212.193.134.20 - - [20/May/2026:23:14:41 +0000] "GET /products HTTP/1.1" 200 4191 "-" "Mozilla/5.0 (iPhone; CPU iPhone OS 16_5 like Mac OS X) AppleWebKit/605.1.15 (KHTML, like Gecko) Version/16.5 Mobile/15E148 Safari/604.1"
212.193.134.20 - - [20/May/2026:23:14:41 +0000] "GET /blog HTTP/1.1" 200 3128 "-" "Mozilla/5.0 (Windows NT 10.0; Win64; x64) AppleWebKit/537.36 (KHTML, like Gecko) Chrome/114.0.0.0 Safari/537.36"
37.140.192.155 - - [20/May/2026:23:14:41 +0000] "GET /images/logo.png HTTP/1.1" 200 440 "-" "Mozilla/5.0 (X11; Linux x86_64) AppleWebKit/537.36 (KHTML, like Gecko) Firefox/113.0"
95.161.220.15 - - [20/May/2026:23:15:41 +0000] "GET /contact HTTP/1.1" 200 731 "-" "Mozilla/5.0 (X11; Linux x86_64) AppleWebKit/537.36 (KHTML, like Gecko) Firefox/113.0"
185.178.208.190 - - [20/May/2026:23:15:41 +0000] "GET /assets/css/style.css HTTP/1.1" 200 4797 "-" "Mozilla/5.0 (Macintosh; Intel Mac OS X 10_15_7) AppleWebKit/537.36 (KHTML, like Gecko) Version/16.5 Safari/537.36"
45.146.164.110 - - [20/May/2026:23:15:41 +0000] "GET /api/v1/user/1689 HTTP/1.1" 403 3883 "-" "Mozilla/5.0 (Windows NT 10.0; Win64; x64) AppleWebKit/537.36 (KHTML, like Gecko) Chrome/91.0.4472.124 Safari/537.36"
188.114.97.12 - - [20/May/2026:23:16:41 +0000] "GET / HTTP/1.1" 200 3519 "-" "Mozilla/5.0 (iPhone; CPU iPhone OS 16_5 like Mac OS X) AppleWebKit/605.1.15 (KHTML, like Gecko) Version/16.5 Mobile/15E148 Safari/604.1"
45.146.164.110 - - [20/May/2026:23:16:41 +0000] "GET /api/v1/user/4497 HTTP/1.1" 403 3653 "-" "Mozilla/5.0 (Windows NT 10.0; Win64; x64) AppleWebKit/537.36 (KHTML, like Gecko) Chrome/91.0.4472.124 Safari/537.36"
45.146.164.110 - - [20/May/2026:23:16:41 +0000] "GET /api/v1/user/1456 HTTP/1.1" 403 678 "-" "Mozilla/5.0 (Windows NT 10.0; Win64; x64) AppleWebKit/537.36 (KHTML, like Gecko) Chrome/91.0.4472.124 Safari/537.36"
82.202.160.44 - - [20/May/2026:23:17:41 +0000] "GET /index.html HTTP/1.1" 200 4884 "-" "Mozilla/5.0 (Macintosh; Intel Mac OS X 10_15_7) AppleWebKit/537.36 (KHTML, like Gecko) Version/16.5 Safari/537.36"
188.114.97.12 - - [20/May/2026:23:17:41 +0000] "GET /contact HTTP/1.1" 200 578 "-" "Mozilla/5.0 (Macintosh; Intel Mac OS X 10_15_7) AppleWebKit/537.36 (KHTML, like Gecko) Version/16.5 Safari/537.36"
212.193.134.20 - - [20/May/2026:23:17:41 +0000] "GET /index.html HTTP/1.1" 200 4802 "-" "Mozilla/5.0 (Macintosh; Intel Mac OS X 10_15_7) AppleWebKit/537.36 (KHTML, like Gecko) Version/16.5 Safari/537.36"
82.202.160.44 - - [20/May/2026:23:18:41 +0000] "GET /assets/css/style.css HTTP/1.1" 200 1152 "-" "Mozilla/5.0 (iPhone; CPU iPhone OS 16_5 like Mac OS X) AppleWebKit/605.1.15 (KHTML, like Gecko) Version/16.5 Mobile/15E148 Safari/604.1"
212.193.134.20 - - [20/May/2026:23:19:41 +0000] "GET /contact HTTP/1.1" 200 4786 "-" "Mozilla/5.0 (iPhone; CPU iPhone OS 16_5 like Mac OS X) AppleWebKit/605.1.15 (KHTML, like Gecko) Version/16.5 Mobile/15E148 Safari/604.1"
185.178.208.190 - - [20/May/2026:23:19:41 +0000] "GET /images/logo.png HTTP/1.1" 200 4754 "-" "Mozilla/5.0 (iPhone; CPU iPhone OS 16_5 like Mac OS X) AppleWebKit/605.1.15 (KHTML, like Gecko) Version/16.5 Mobile/15E148 Safari/604.1"
185.178.208.190 - - [20/May/2026:23:19:41 +0000] "GET /assets/css/style.css HTTP/1.1" 200 2613 "-" "Mozilla/5.0 (Macintosh; Intel Mac OS X 10_15_7) AppleWebKit/537.36 (KHTML, like Gecko) Version/16.5 Safari/537.36"
185.178.208.190 - - [20/May/2026:23:19:41 +0000] "GET /contact HTTP/1.1" 200 4321 "-" "Mozilla/5.0 (iPhone; CPU iPhone OS 16_5 like Mac OS X) AppleWebKit/605.1.15 (KHTML, like Gecko) Version/16.5 Mobile/15E148 Safari/604.1"
188.114.97.12 - - [20/May/2026:23:19:41 +0000] "GET /services HTTP/1.1" 200 620 "-" "Mozilla/5.0 (Windows NT 10.0; Win64; x64) AppleWebKit/537.36 (KHTML, like Gecko) Chrome/114.0.0.0 Safari/537.36"
188.114.97.12 - - [20/May/2026:23:19:41 +0000] "GET /assets/js/main.js HTTP/1.1" 200 860 "-" "Mozilla/5.0 (X11; Linux x86_64) AppleWebKit/537.36 (KHTML, like Gecko) Firefox/113.0"
188.114.97.12 - - [20/May/2026:23:19:41 +0000] "GET /contact HTTP/1.1" 200 1227 "-" "Mozilla/5.0 (Windows NT 10.0; Win64; x64) AppleWebKit/537.36 (KHTML, like Gecko) Chrome/114.0.0.0 Safari/537.36"
37.140.192.155 - - [20/May/2026:23:20:41 +0000] "GET /services HTTP/1.1" 200 3501 "-" "Mozilla/5.0 (Macintosh; Intel Mac OS X 10_15_7) AppleWebKit/537.36 (KHTML, like Gecko) Version/16.5 Safari/537.36"
212.193.134.20 - - [20/May/2026:23:20:41 +0000] "GET /assets/css/style.css HTTP/1.1" 200 2512 "-" "Mozilla/5.0 (Windows NT 10.0; Win64; x64) AppleWebKit/537.36 (KHTML, like Gecko) Chrome/114.0.0.0 Safari/537.36"
37.140.192.155 - - [20/May/2026:23:20:41 +0000] "GET /about HTTP/1.1" 200 3023 "-" "Mozilla/5.0 (iPhone; CPU iPhone OS 16_5 like Mac OS X) AppleWebKit/605.1.15 (KHTML, like Gecko) Version/16.5 Mobile/15E148 Safari/604.1"
193.106.191.22 - - [20/May/2026:23:20:41 +0000] "GET /.env HTTP/1.1" 404 4742 "-" "gobuster/3.1.0"
45.146.164.110 - - [20/May/2026:23:20:41 +0000] "GET /api/v1/user/4397 HTTP/1.1" 403 2898 "-" "Mozilla/5.0 (Windows NT 10.0; Win64; x64) AppleWebKit/537.36 (KHTML, like Gecko) Chrome/91.0.4472.124 Safari/537.36"
185.156.177.214 - - [20/May/2026:23:20:41 +0000] "GET /index.php?id=1' OR '1'='1 HTTP/1.1" 200 290 "-" "Mozilla/5.0 (compatible; MSIE 9.0; Windows NT 6.1; Trident/5.0)"
212.193.134.20 - - [20/May/2026:23:21:41 +0000] "GET /services HTTP/1.1" 200 952 "-" "Mozilla/5.0 (Windows NT 10.0; Win64; x64) AppleWebKit/537.36 (KHTML, like Gecko) Chrome/114.0.0.0 Safari/537.36"
37.140.192.155 - - [20/May/2026:23:21:41 +0000] "GET / HTTP/1.1" 200 2605 "-" "Mozilla/5.0 (Windows NT 10.0; Win64; x64) AppleWebKit/537.36 (KHTML, like Gecko) Chrome/114.0.0.0 Safari/537.36"
188.114.97.12 - - [20/May/2026:23:21:41 +0000] "GET /assets/css/style.css HTTP/1.1" 200 1900 "-" "Mozilla/5.0 (iPhone; CPU iPhone OS 16_5 like Mac OS X) AppleWebKit/605.1.15 (KHTML, like Gecko) Version/16.5 Mobile/15E148 Safari/604.1"
193.106.191.22 - - [20/May/2026:23:21:41 +0000] "GET /admin HTTP/1.1" 404 936 "-" "gobuster/3.1.0"
188.114.97.12 - - [20/May/2026:23:22:41 +0000] "GET /blog HTTP/1.1" 200 4949 "-" "Mozilla/5.0 (Windows NT 10.0; Win64; x64) AppleWebKit/537.36 (KHTML, like Gecko) Chrome/114.0.0.0 Safari/537.36"
95.161.220.15 - - [20/May/2026:23:22:41 +0000] "GET /blog HTTP/1.1" 200 1203 "-" "Mozilla/5.0 (X11; Linux x86_64) AppleWebKit/537.36 (KHTML, like Gecko) Firefox/113.0"
193.106.191.22 - - [20/May/2026:23:22:41 +0000] "GET /config HTTP/1.1" 404 2716 "-" "gobuster/3.1.0"
193.106.191.22 - - [20/May/2026:23:22:41 +0000] "GET /.env HTTP/1.1" 404 1478 "-" "gobuster/3.1.0"
193.106.191.22 - - [20/May/2026:23:23:41 +0000] "GET /.env HTTP/1.1" 404 222 "-" "gobuster/3.1.0"
45.146.164.110 - - [20/May/2026:23:23:41 +0000] "GET /api/v1/user/8266 HTTP/1.1" 403 2866 "-" "Mozilla/5.0 (Windows NT 10.0; Win64; x64) AppleWebKit/537.36 (KHTML, like Gecko) Chrome/91.0.4472.124 Safari/537.36"
95.161.220.15 - - [20/May/2026:23:24:41 +0000] "GET /index.html HTTP/1.1" 200 3268 "-" "Mozilla/5.0 (iPhone; CPU iPhone OS 16_5 like Mac OS X) AppleWebKit/605.1.15 (KHTML, like Gecko) Version/16.5 Mobile/15E148 Safari/604.1"
95.161.220.15 - - [20/May/2026:23:24:41 +0000] "GET /images/logo.png HTTP/1.1" 200 706 "-" "Mozilla/5.0 (iPhone; CPU iPhone OS 16_5 like Mac OS X) AppleWebKit/605.1.15 (KHTML, like Gecko) Version/16.5 Mobile/15E148 Safari/604.1"
185.178.208.190 - - [20/May/2026:23:24:41 +0000] "GET /blog HTTP/1.1" 200 213 "-" "Mozilla/5.0 (Macintosh; Intel Mac OS X 10_15_7) AppleWebKit/537.36 (KHTML, like Gecko) Version/16.5 Safari/537.36"
45.146.164.110 - - [20/May/2026:23:24:41 +0000] "GET /api/v1/user/6550 HTTP/1.1" 403 4661 "-" "Mozilla/5.0 (Windows NT 10.0; Win64; x64) AppleWebKit/537.36 (KHTML, like Gecko) Chrome/91.0.4472.124 Safari/537.36"
37.140.192.155 - - [20/May/2026:23:25:41 +0000] "GET /images/logo.png HTTP/1.1" 200 1018 "-" "Mozilla/5.0 (iPhone; CPU iPhone OS 16_5 like Mac OS X) AppleWebKit/605.1.15 (KHTML, like Gecko) Version/16.5 Mobile/15E148 Safari/604.1"
82.202.160.44 - - [20/May/2026:23:25:41 +0000] "GET /products HTTP/1.1" 200 1765 "-" "Mozilla/5.0 (Macintosh; Intel Mac OS X 10_15_7) AppleWebKit/537.36 (KHTML, like Gecko) Version/16.5 Safari/537.36"
37.140.192.155 - - [20/May/2026:23:25:41 +0000] "GET /contact HTTP/1.1" 200 3362 "-" "Mozilla/5.0 (Macintosh; Intel Mac OS X 10_15_7) AppleWebKit/537.36 (KHTML, like Gecko) Version/16.5 Safari/537.36"
188.114.97.12 - - [20/May/2026:23:25:41 +0000] "GET /services HTTP/1.1" 200 1199 "-" "Mozilla/5.0 (X11; Linux x86_64) AppleWebKit/537.36 (KHTML, like Gecko) Firefox/113.0"
193.106.191.22 - - [20/May/2026:23:25:41 +0000] "GET /phpmyadmin HTTP/1.1" 404 1387 "-" "gobuster/3.1.0"
188.114.97.12 - - [20/May/2026:23:26:41 +0000] "GET /blog HTTP/1.1" 200 4956 "-" "Mozilla/5.0 (iPhone; CPU iPhone OS 16_5 like Mac OS X) AppleWebKit/605.1.15 (KHTML, like Gecko) Version/16.5 Mobile/15E148 Safari/604.1"
212.193.134.20 - - [20/May/2026:23:26:41 +0000] "GET /images/logo.png HTTP/1.1" 200 3683 "-" "Mozilla/5.0 (iPhone; CPU iPhone OS 16_5 like Mac OS X) AppleWebKit/605.1.15 (KHTML, like Gecko) Version/16.5 Mobile/15E148 Safari/604.1"
82.202.160.44 - - [20/May/2026:23:26:41 +0000] "GET /contact HTTP/1.1" 200 1415 "-" "Mozilla/5.0 (Macintosh; Intel Mac OS X 10_15_7) AppleWebKit/537.36 (KHTML, like Gecko) Version/16.5 Safari/537.36"
212.193.134.20 - - [20/May/2026:23:26:41 +0000] "GET /about HTTP/1.1" 200 1717 "-" "Mozilla/5.0 (Macintosh; Intel Mac OS X 10_15_7) AppleWebKit/537.36 (KHTML, like Gecko) Version/16.5 Safari/537.36"
37.140.192.155 - - [20/May/2026:23:26:41 +0000] "GET /images/logo.png HTTP/1.1" 200 851 "-" "Mozilla/5.0 (Macintosh; Intel Mac OS X 10_15_7) AppleWebKit/537.36 (KHTML, like Gecko) Version/16.5 Safari/537.36"
212.193.134.20 - - [20/May/2026:23:26:41 +0000] "GET /images/logo.png HTTP/1.1" 200 1708 "-" "Mozilla/5.0 (Macintosh; Intel Mac OS X 10_15_7) AppleWebKit/537.36 (KHTML, like Gecko) Version/16.5 Safari/537.36"
193.106.191.22 - - [20/May/2026:23:26:41 +0000] "GET /config HTTP/1.1" 404 3589 "-" "gobuster/3.1.0"
45.146.164.110 - - [20/May/2026:23:26:41 +0000] "GET /api/v1/user/7313 HTTP/1.1" 403 2779 "-" "Mozilla/5.0 (Windows NT 10.0; Win64; x64) AppleWebKit/537.36 (KHTML, like Gecko) Chrome/91.0.4472.124 Safari/537.36"
82.202.160.44 - - [20/May/2026:23:27:41 +0000] "GET /contact HTTP/1.1" 200 702 "-" "Mozilla/5.0 (iPhone; CPU iPhone OS 16_5 like Mac OS X) AppleWebKit/605.1.15 (KHTML, like Gecko) Version/16.5 Mobile/15E148 Safari/604.1"
188.114.97.12 - - [20/May/2026:23:27:41 +0000] "GET /images/logo.png HTTP/1.1" 200 1065 "-" "Mozilla/5.0 (X11; Linux x86_64) AppleWebKit/537.36 (KHTML, like Gecko) Firefox/113.0"
95.161.220.15 - - [20/May/2026:23:27:41 +0000] "GET / HTTP/1.1" 200 586 "-" "Mozilla/5.0 (Windows NT 10.0; Win64; x64) AppleWebKit/537.36 (KHTML, like Gecko) Chrome/114.0.0.0 Safari/537.36"
193.106.191.22 - - [20/May/2026:23:27:41 +0000] "GET /admin HTTP/1.1" 404 4070 "-" "gobuster/3.1.0"
45.146.164.110 - - [20/May/2026:23:27:41 +0000] "GET /api/v1/user/6896 HTTP/1.1" 403 3278 "-" "Mozilla/5.0 (Windows NT 10.0; Win64; x64) AppleWebKit/537.36 (KHTML, like Gecko) Chrome/91.0.4472.124 Safari/537.36"
45.146.164.110 - - [20/May/2026:23:27:41 +0000] "GET /api/v1/user/7122 HTTP/1.1" 403 4413 "-" "Mozilla/5.0 (Windows NT 10.0; Win64; x64) AppleWebKit/537.36 (KHTML, like Gecko) Chrome/91.0.4472.124 Safari/537.36"
82.202.160.44 - - [20/May/2026:23:28:41 +0000] "GET /services HTTP/1.1" 200 541 "-" "Mozilla/5.0 (iPhone; CPU iPhone OS 16_5 like Mac OS X) AppleWebKit/605.1.15 (KHTML, like Gecko) Version/16.5 Mobile/15E148 Safari/604.1"
45.146.164.110 - - [20/May/2026:23:28:41 +0000] "GET /api/v1/user/3991 HTTP/1.1" 403 3612 "-" "Mozilla/5.0 (Windows NT 10.0; Win64; x64) AppleWebKit/537.36 (KHTML, like Gecko) Chrome/91.0.4472.124 Safari/537.36"
82.202.160.44 - - [20/May/2026:23:29:41 +0000] "GET /about HTTP/1.1" 200 2178 "-" "Mozilla/5.0 (Macintosh; Intel Mac OS X 10_15_7) AppleWebKit/537.36 (KHTML, like Gecko) Version/16.5 Safari/537.36"
188.114.97.12 - - [20/May/2026:23:29:41 +0000] "GET /index.html HTTP/1.1" 200 3689 "-" "Mozilla/5.0 (X11; Linux x86_64) AppleWebKit/537.36 (KHTML, like Gecko) Firefox/113.0"
188.114.97.12 - - [20/May/2026:23:29:41 +0000] "GET /assets/js/main.js HTTP/1.1" 200 4722 "-" "Mozilla/5.0 (X11; Linux x86_64) AppleWebKit/537.36 (KHTML, like Gecko) Firefox/113.0"
45.146.164.110 - - [20/May/2026:23:29:41 +0000] "GET /api/v1/user/1434 HTTP/1.1" 403 4501 "-" "Mozilla/5.0 (Windows NT 10.0; Win64; x64) AppleWebKit/537.36 (KHTML, like Gecko) Chrome/91.0.4472.124 Safari/537.36"
95.161.220.15 - - [20/May/2026:23:30:41 +0000] "GET /assets/js/main.js HTTP/1.1" 200 1050 "-" "Mozilla/5.0 (Macintosh; Intel Mac OS X 10_15_7) AppleWebKit/537.36 (KHTML, like Gecko) Version/16.5 Safari/537.36"
185.178.208.190 - - [20/May/2026:23:30:41 +0000] "GET /products HTTP/1.1" 200 1716 "-" "Mozilla/5.0 (X11; Linux x86_64) AppleWebKit/537.36 (KHTML, like Gecko) Firefox/113.0"
37.140.192.155 - - [20/May/2026:23:30:41 +0000] "GET /about HTTP/1.1" 200 4204 "-" "Mozilla/5.0 (iPhone; CPU iPhone OS 16_5 like Mac OS X) AppleWebKit/605.1.15 (KHTML, like Gecko) Version/16.5 Mobile/15E148 Safari/604.1"
185.178.208.190 - - [20/May/2026:23:30:41 +0000] "GET /assets/css/style.css HTTP/1.1" 200 4923 "-" "Mozilla/5.0 (iPhone; CPU iPhone OS 16_5 like Mac OS X) AppleWebKit/605.1.15 (KHTML, like Gecko) Version/16.5 Mobile/15E148 Safari/604.1"
82.202.160.44 - - [20/May/2026:23:30:41 +0000] "GET /index.html HTTP/1.1" 200 1001 "-" "Mozilla/5.0 (Windows NT 10.0; Win64; x64) AppleWebKit/537.36 (KHTML, like Gecko) Chrome/114.0.0.0 Safari/537.36"
37.140.192.155 - - [20/May/2026:23:31:41 +0000] "GET /products HTTP/1.1" 200 3092 "-" "Mozilla/5.0 (Macintosh; Intel Mac OS X 10_15_7) AppleWebKit/537.36 (KHTML, like Gecko) Version/16.5 Safari/537.36"
82.202.160.44 - - [20/May/2026:23:31:41 +0000] "GET /contact HTTP/1.1" 200 2848 "-" "Mozilla/5.0 (iPhone; CPU iPhone OS 16_5 like Mac OS X) AppleWebKit/605.1.15 (KHTML, like Gecko) Version/16.5 Mobile/15E148 Safari/604.1"
82.202.160.44 - - [20/May/2026:23:31:41 +0000] "GET / HTTP/1.1" 200 3445 "-" "Mozilla/5.0 (Windows NT 10.0; Win64; x64) AppleWebKit/537.36 (KHTML, like Gecko) Chrome/114.0.0.0 Safari/537.36"
193.106.191.22 - - [20/May/2026:23:31:41 +0000] "GET /.git HTTP/1.1" 404 3921 "-" "gobuster/3.1.0"
193.106.191.22 - - [20/May/2026:23:31:41 +0000] "GET /phpmyadmin HTTP/1.1" 404 1415 "-" "gobuster/3.1.0"
185.156.177.214 - - [20/May/2026:23:31:41 +0000] "GET /?q=UNION SELECT NULL,NULL,NULL-- HTTP/1.1" 200 2875 "-" "Mozilla/5.0 (compatible; MSIE 9.0; Windows NT 6.1; Trident/5.0)"
185.178.208.190 - - [20/May/2026:23:32:41 +0000] "GET /images/logo.png HTTP/1.1" 200 1390 "-" "Mozilla/5.0 (Windows NT 10.0; Win64; x64) AppleWebKit/537.36 (KHTML, like Gecko) Chrome/114.0.0.0 Safari/537.36"
95.161.220.15 - - [20/May/2026:23:32:41 +0000] "GET /services HTTP/1.1" 200 572 "-" "Mozilla/5.0 (Windows NT 10.0; Win64; x64) AppleWebKit/537.36 (KHTML, like Gecko) Chrome/114.0.0.0 Safari/537.36"
188.114.97.12 - - [20/May/2026:23:32:41 +0000] "GET /products HTTP/1.1" 200 3443 "-" "Mozilla/5.0 (Windows NT 10.0; Win64; x64) AppleWebKit/537.36 (KHTML, like Gecko) Chrome/114.0.0.0 Safari/537.36"
193.106.191.22 - - [20/May/2026:23:32:41 +0000] "GE