82.202.160.44 - - [20/May/2026:17:38:41 +0000] "GET /about HTTP/1.1" 200 2219 "-" "Mozilla/5.0 (Windows NT 10.0; Win64; x64) AppleWebKit/537.36 (KHTML, like Gecko) Chrome/114.0.0.0 Safari/537.36"
37.140.192.155 - - [20/May/2026:17:38:41 +0000] "GET /index.html HTTP/1.1" 200 1070 "-" "Mozilla/5.0 (iPhone; CPU iPhone OS 16_5 like Mac OS X) AppleWebKit/605.1.15 (KHTML, like Gecko) Version/16.5 Mobile/15E148 Safari/604.1"
37.140.192.155 - - [20/May/2026:17:38:41 +0000] "GET /services HTTP/1.1" 200 1349 "-" "Mozilla/5.0 (Macintosh; Intel Mac OS X 10_15_7) AppleWebKit/537.36 (KHTML, like Gecko) Version/16.5 Safari/537.36"
45.146.164.110 - - [20/May/2026:17:38:41 +0000] "GET /api/v1/user/9630 HTTP/1.1" 403 648 "-" "Mozilla/5.0 (Windows NT 10.0; Win64; x64) AppleWebKit/537.36 (KHTML, like Gecko) Chrome/91.0.4472.124 Safari/537.36"
45.146.164.110 - - [20/May/2026:17:38:41 +0000] "GET /api/v1/user/9762 HTTP/1.1" 403 1038 "-" "Mozilla/5.0 (Windows NT 10.0; Win64; x64) AppleWebKit/537.36 (KHTML, like Gecko) Chrome/91.0.4472.124 Safari/537.36"
188.114.97.12 - - [20/May/2026:17:39:41 +0000] "GET /contact HTTP/1.1" 200 3963 "-" "Mozilla/5.0 (X11; Linux x86_64) AppleWebKit/537.36 (KHTML, like Gecko) Firefox/113.0"
37.140.192.155 - - [20/May/2026:17:39:41 +0000] "GET /assets/js/main.js HTTP/1.1" 200 2103 "-" "Mozilla/5.0 (iPhone; CPU iPhone OS 16_5 like Mac OS X) AppleWebKit/605.1.15 (KHTML, like Gecko) Version/16.5 Mobile/15E148 Safari/604.1"
82.202.160.44 - - [20/May/2026:17:39:41 +0000] "GET /blog HTTP/1.1" 200 4365 "-" "Mozilla/5.0 (Windows NT 10.0; Win64; x64) AppleWebKit/537.36 (KHTML, like Gecko) Chrome/114.0.0.0 Safari/537.36"
95.161.220.15 - - [20/May/2026:17:39:41 +0000] "GET /assets/css/style.css HTTP/1.1" 200 3074 "-" "Mozilla/5.0 (X11; Linux x86_64) AppleWebKit/537.36 (KHTML, like Gecko) Firefox/113.0"
82.202.160.44 - - [20/May/2026:17:39:41 +0000] "GET / HTTP/1.1" 200 857 "-" "Mozilla/5.0 (Macintosh; Intel Mac OS X 10_15_7) AppleWebKit/537.36 (KHTML, like Gecko) Version/16.5 Safari/537.36"
45.146.164.110 - - [20/May/2026:17:39:41 +0000] "GET /api/v1/user/1405 HTTP/1.1" 403 360 "-" "Mozilla/5.0 (Windows NT 10.0; Win64; x64) AppleWebKit/537.36 (KHTML, like Gecko) Chrome/91.0.4472.124 Safari/537.36"
82.202.160.44 - - [20/May/2026:17:40:41 +0000] "GET / HTTP/1.1" 200 4862 "-" "Mozilla/5.0 (Macintosh; Intel Mac OS X 10_15_7) AppleWebKit/537.36 (KHTML, like Gecko) Version/16.5 Safari/537.36"
95.161.220.15 - - [20/May/2026:17:40:41 +0000] "GET /index.html HTTP/1.1" 200 4816 "-" "Mozilla/5.0 (X11; Linux x86_64) AppleWebKit/537.36 (KHTML, like Gecko) Firefox/113.0"
188.114.97.12 - - [20/May/2026:17:40:41 +0000] "GET / HTTP/1.1" 200 4130 "-" "Mozilla/5.0 (X11; Linux x86_64) AppleWebKit/537.36 (KHTML, like Gecko) Firefox/113.0"
82.202.160.44 - - [20/May/2026:17:41:41 +0000] "GET /assets/js/main.js HTTP/1.1" 200 2996 "-" "Mozilla/5.0 (iPhone; CPU iPhone OS 16_5 like Mac OS X) AppleWebKit/605.1.15 (KHTML, like Gecko) Version/16.5 Mobile/15E148 Safari/604.1"
37.140.192.155 - - [20/May/2026:17:41:41 +0000] "GET /products HTTP/1.1" 200 3841 "-" "Mozilla/5.0 (iPhone; CPU iPhone OS 16_5 like Mac OS X) AppleWebKit/605.1.15 (KHTML, like Gecko) Version/16.5 Mobile/15E148 Safari/604.1"
37.140.192.155 - - [20/May/2026:17:41:41 +0000] "GET /products HTTP/1.1" 200 3629 "-" "Mozilla/5.0 (iPhone; CPU iPhone OS 16_5 like Mac OS X) AppleWebKit/605.1.15 (KHTML, like Gecko) Version/16.5 Mobile/15E148 Safari/604.1"
82.202.160.44 - - [20/May/2026:17:41:41 +0000] "GET / HTTP/1.1" 200 883 "-" "Mozilla/5.0 (iPhone; CPU iPhone OS 16_5 like Mac OS X) AppleWebKit/605.1.15 (KHTML, like Gecko) Version/16.5 Mobile/15E148 Safari/604.1"
37.140.192.155 - - [20/May/2026:17:42:41 +0000] "GET /images/logo.png HTTP/1.1" 200 4842 "-" "Mozilla/5.0 (iPhone; CPU iPhone OS 16_5 like Mac OS X) AppleWebKit/605.1.15 (KHTML, like Gecko) Version/16.5 Mobile/15E148 Safari/604.1"
212.193.134.20 - - [20/May/2026:17:42:41 +0000] "GET /images/logo.png HTTP/1.1" 200 688 "-" "Mozilla/5.0 (Macintosh; Intel Mac OS X 10_15_7) AppleWebKit/537.36 (KHTML, like Gecko) Version/16.5 Safari/537.36"
95.161.220.15 - - [20/May/2026:17:42:41 +0000] "GET /images/logo.png HTTP/1.1" 200 2384 "-" "Mozilla/5.0 (Windows NT 10.0; Win64; x64) AppleWebKit/537.36 (KHTML, like Gecko) Chrome/114.0.0.0 Safari/537.36"
95.161.220.15 - - [20/May/2026:17:42:41 +0000] "GET /services HTTP/1.1" 200 3830 "-" "Mozilla/5.0 (Windows NT 10.0; Win64; x64) AppleWebKit/537.36 (KHTML, like Gecko) Chrome/114.0.0.0 Safari/537.36"
188.114.97.12 - - [20/May/2026:17:43:41 +0000] "GET /index.html HTTP/1.1" 200 875 "-" "Mozilla/5.0 (iPhone; CPU iPhone OS 16_5 like Mac OS X) AppleWebKit/605.1.15 (KHTML, like Gecko) Version/16.5 Mobile/15E148 Safari/604.1"
185.178.208.190 - - [20/May/2026:17:43:41 +0000] "GET /contact HTTP/1.1" 200 4471 "-" "Mozilla/5.0 (X11; Linux x86_64) AppleWebKit/537.36 (KHTML, like Gecko) Firefox/113.0"
212.193.134.20 - - [20/May/2026:17:44:41 +0000] "GET /assets/js/main.js HTTP/1.1" 200 2421 "-" "Mozilla/5.0 (Windows NT 10.0; Win64; x64) AppleWebKit/537.36 (KHTML, like Gecko) Chrome/114.0.0.0 Safari/537.36"
188.114.97.12 - - [20/May/2026:17:44:41 +0000] "GET /index.html HTTP/1.1" 200 399 "-" "Mozilla/5.0 (Macintosh; Intel Mac OS X 10_15_7) AppleWebKit/537.36 (KHTML, like Gecko) Version/16.5 Safari/537.36"
95.161.220.15 - - [20/May/2026:17:44:41 +0000] "GET /products HTTP/1.1" 200 1675 "-" "Mozilla/5.0 (Windows NT 10.0; Win64; x64) AppleWebKit/537.36 (KHTML, like Gecko) Chrome/114.0.0.0 Safari/537.36"
193.106.191.22 - - [20/May/2026:17:44:41 +0000] "GET /wp-admin HTTP/1.1" 404 640 "-" "gobuster/3.1.0"
188.114.97.12 - - [20/May/2026:17:45:41 +0000] "GET /services HTTP/1.1" 200 3826 "-" "Mozilla/5.0 (X11; Linux x86_64) AppleWebKit/537.36 (KHTML, like Gecko) Firefox/113.0"
185.178.208.190 - - [20/May/2026:17:45:41 +0000] "GET /assets/css/style.css HTTP/1.1" 200 1753 "-" "Mozilla/5.0 (iPhone; CPU iPhone OS 16_5 like Mac OS X) AppleWebKit/605.1.15 (KHTML, like Gecko) Version/16.5 Mobile/15E148 Safari/604.1"
185.156.177.214 - - [20/May/2026:17:45:41 +0000] "GET /etc/passwd HTTP/1.1" 400 3748 "-" "Mozilla/5.0 (compatible; MSIE 9.0; Windows NT 6.1; Trident/5.0)"
185.178.208.190 - - [20/May/2026:17:46:41 +0000] "GET /contact HTTP/1.1" 200 599 "-" "Mozilla/5.0 (iPhone; CPU iPhone OS 16_5 like Mac OS X) AppleWebKit/605.1.15 (KHTML, like Gecko) Version/16.5 Mobile/15E148 Safari/604.1"
45.146.164.110 - - [20/May/2026:17:46:41 +0000] "GET /api/v1/user/1212 HTTP/1.1" 403 1229 "-" "Mozilla/5.0 (Windows NT 10.0; Win64; x64) AppleWebKit/537.36 (KHTML, like Gecko) Chrome/91.0.4472.124 Safari/537.36"
212.193.134.20 - - [20/May/2026:17:47:41 +0000] "GET /assets/js/main.js HTTP/1.1" 200 4517 "-" "Mozilla/5.0 (X11; Linux x86_64) AppleWebKit/537.36 (KHTML, like Gecko) Firefox/113.0"
185.178.208.190 - - [20/May/2026:17:47:41 +0000] "GET /blog HTTP/1.1" 200 4467 "-" "Mozilla/5.0 (Macintosh; Intel Mac OS X 10_15_7) AppleWebKit/537.36 (KHTML, like Gecko) Version/16.5 Safari/537.36"
95.161.220.15 - - [20/May/2026:17:47:41 +0000] "GET /assets/js/main.js HTTP/1.1" 200 4425 "-" "Mozilla/5.0 (Windows NT 10.0; Win64; x64) AppleWebKit/537.36 (KHTML, like Gecko) Chrome/114.0.0.0 Safari/537.36"
193.106.191.22 - - [20/May/2026:17:47:41 +0000] "GET /config HTTP/1.1" 404 1306 "-" "gobuster/3.1.0"
193.106.191.22 - - [20/May/2026:17:47:41 +0000] "GET /phpmyadmin HTTP/1.1" 404 4170 "-" "gobuster/3.1.0"
37.140.192.155 - - [20/May/2026:17:48:41 +0000] "GET /contact HTTP/1.1" 200 1091 "-" "Mozilla/5.0 (iPhone; CPU iPhone OS 16_5 like Mac OS X) AppleWebKit/605.1.15 (KHTML, like Gecko) Version/16.5 Mobile/15E148 Safari/604.1"
185.178.208.190 - - [20/May/2026:17:48:41 +0000] "GET /contact HTTP/1.1" 200 2278 "-" "Mozilla/5.0 (X11; Linux x86_64) AppleWebKit/537.36 (KHTML, like Gecko) Firefox/113.0"
193.106.191.22 - - [20/May/2026:17:48:41 +0000] "GET /admin HTTP/1.1" 404 1812 "-" "gobuster/3.1.0"
193.106.191.22 - - [20/May/2026:17:48:41 +0000] "GET /.git HTTP/1.1" 404 4771 "-" "gobuster/3.1.0"
82.202.160.44 - - [20/May/2026:17:49:41 +0000] "GET /images/logo.png HTTP/1.1" 200 1423 "-" "Mozilla/5.0 (Windows NT 10.0; Win64; x64) AppleWebKit/537.36 (KHTML, like Gecko) Chrome/114.0.0.0 Safari/537.36"
37.140.192.155 - - [20/May/2026:17:49:41 +0000] "GET /blog HTTP/1.1" 200 4346 "-" "Mozilla/5.0 (Macintosh; Intel Mac OS X 10_15_7) AppleWebKit/537.36 (KHTML, like Gecko) Version/16.5 Safari/537.36"
37.140.192.155 - - [20/May/2026:17:49:41 +0000] "GET /assets/js/main.js HTTP/1.1" 200 2252 "-" "Mozilla/5.0 (X11; Linux x86_64) AppleWebKit/537.36 (KHTML, like Gecko) Firefox/113.0"
95.161.220.15 - - [20/May/2026:17:49:41 +0000] "GET /services HTTP/1.1" 200 4879 "-" "Mozilla/5.0 (X11; Linux x86_64) AppleWebKit/537.36 (KHTML, like Gecko) Firefox/113.0"
188.114.97.12 - - [20/May/2026:17:49:41 +0000] "GET /blog HTTP/1.1" 200 2654 "-" "Mozilla/5.0 (Macintosh; Intel Mac OS X 10_15_7) AppleWebKit/537.36 (KHTML, like Gecko) Version/16.5 Safari/537.36"
95.161.220.15 - - [20/May/2026:17:49:41 +0000] "GET /about HTTP/1.1" 200 2984 "-" "Mozilla/5.0 (X11; Linux x86_64) AppleWebKit/537.36 (KHTML, like Gecko) Firefox/113.0"
188.114.97.12 - - [20/May/2026:17:49:41 +0000] "GET / HTTP/1.1" 200 3278 "-" "Mozilla/5.0 (iPhone; CPU iPhone OS 16_5 like Mac OS X) AppleWebKit/605.1.15 (KHTML, like Gecko) Version/16.5 Mobile/15E148 Safari/604.1"
185.156.177.214 - - [20/May/2026:17:49:41 +0000] "GET /?q=UNION SELECT NULL,NULL,NULL-- HTTP/1.1" 200 3824 "-" "Mozilla/5.0 (compatible; MSIE 9.0; Windows NT 6.1; Trident/5.0)"
82.202.160.44 - - [20/May/2026:17:50:41 +0000] "GET /products HTTP/1.1" 200 4756 "-" "Mozilla/5.0 (Windows NT 10.0; Win64; x64) AppleWebKit/537.36 (KHTML, like Gecko) Chrome/114.0.0.0 Safari/537.36"
95.161.220.15 - - [20/May/2026:17:50:41 +0000] "GET / HTTP/1.1" 200 294 "-" "Mozilla/5.0 (X11; Linux x86_64) AppleWebKit/537.36 (KHTML, like Gecko) Firefox/113.0"
193.106.191.22 - - [20/May/2026:17:50:41 +0000] "GET /.env HTTP/1.1" 404 4097 "-" "gobuster/3.1.0"
37.140.192.155 - - [20/May/2026:17:51:41 +0000] "GET /about HTTP/1.1" 200 2645 "-" "Mozilla/5.0 (Windows NT 10.0; Win64; x64) AppleWebKit/537.36 (KHTML, like Gecko) Chrome/114.0.0.0 Safari/537.36"
37.140.192.155 - - [20/May/2026:17:51:41 +0000] "GET /images/logo.png HTTP/1.1" 200 552 "-" "Mozilla/5.0 (X11; Linux x86_64) AppleWebKit/537.36 (KHTML, like Gecko) Firefox/113.0"
193.106.191.22 - - [20/May/2026:17:51:41 +0000] "GET /config HTTP/1.1" 404 1203 "-" "gobuster/3.1.0"
37.140.192.155 - - [20/May/2026:17:52:41 +0000] "GET /services HTTP/1.1" 200 4333 "-" "Mozilla/5.0 (Macintosh; Intel Mac OS X 10_15_7) AppleWebKit/537.36 (KHTML, like Gecko) Version/16.5 Safari/537.36"
185.178.208.190 - - [20/May/2026:17:52:41 +0000] "GET /blog HTTP/1.1" 200 3818 "-" "Mozilla/5.0 (Macintosh; Intel Mac OS X 10_15_7) AppleWebKit/537.36 (KHTML, like Gecko) Version/16.5 Safari/537.36"
193.106.191.22 - - [20/May/2026:17:52:41 +0000] "GET /phpmyadmin HTTP/1.1" 404 4751 "-" "gobuster/3.1.0"
82.202.160.44 - - [20/May/2026:17:53:41 +0000] "GET / HTTP/1.1" 200 238 "-" "Mozilla/5.0 (Windows NT 10.0; Win64; x64) AppleWebKit/537.36 (KHTML, like Gecko) Chrome/114.0.0.0 Safari/537.36"
185.178.208.190 - - [20/May/2026:17:53:41 +0000] "GET /assets/css/style.css HTTP/1.1" 200 2465 "-" "Mozilla/5.0 (iPhone; CPU iPhone OS 16_5 like Mac OS X) AppleWebKit/605.1.15 (KHTML, like Gecko) Version/16.5 Mobile/15E148 Safari/604.1"
37.140.192.155 - - [20/May/2026:17:53:41 +0000] "GET / HTTP/1.1" 200 4309 "-" "Mozilla/5.0 (Macintosh; Intel Mac OS X 10_15_7) AppleWebKit/537.36 (KHTML, like Gecko) Version/16.5 Safari/537.36"
37.140.192.155 - - [20/May/2026:17:53:41 +0000] "GET /assets/css/style.css HTTP/1.1" 200 3006 "-" "Mozilla/5.0 (Macintosh; Intel Mac OS X 10_15_7) AppleWebKit/537.36 (KHTML, like Gecko) Version/16.5 Safari/537.36"
45.146.164.110 - - [20/May/2026:17:53:41 +0000] "GET /api/v1/user/3785 HTTP/1.1" 403 1577 "-" "Mozilla/5.0 (Windows NT 10.0; Win64; x64) AppleWebKit/537.36 (KHTML, like Gecko) Chrome/91.0.4472.124 Safari/537.36"
212.193.134.20 - - [20/May/2026:17:54:41 +0000] "GET /about HTTP/1.1" 200 286 "-" "Mozilla/5.0 (X11; Linux x86_64) AppleWebKit/537.36 (KHTML, like Gecko) Firefox/113.0"
95.161.220.15 - - [20/May/2026:17:54:41 +0000] "GET /assets/js/main.js HTTP/1.1" 200 2969 "-" "Mozilla/5.0 (Macintosh; Intel Mac OS X 10_15_7) AppleWebKit/537.36 (KHTML, like Gecko) Version/16.5 Safari/537.36"
212.193.134.20 - - [20/May/2026:17:54:41 +0000] "GET /index.html HTTP/1.1" 200 258 "-" "Mozilla/5.0 (X11; Linux x86_64) AppleWebKit/537.36 (KHTML, like Gecko) Firefox/113.0"
212.193.134.20 - - [20/May/2026:17:54:41 +0000] "GET /assets/js/main.js HTTP/1.1" 200 4191 "-" "Mozilla/5.0 (X11; Linux x86_64) AppleWebKit/537.36 (KHTML, like Gecko) Firefox/113.0"
95.161.220.15 - - [20/May/2026:17:54:41 +0000] "GET /products HTTP/1.1" 200 853 "-" "Mozilla/5.0 (Macintosh; Intel Mac OS X 10_15_7) AppleWebKit/537.36 (KHTML, like Gecko) Version/16.5 Safari/537.36"
185.178.208.190 - - [20/May/2026:17:54:41 +0000] "GET /images/logo.png HTTP/1.1" 200 2625 "-" "Mozilla/5.0 (Macintosh; Intel Mac OS X 10_15_7) AppleWebKit/537.36 (KHTML, like Gecko) Version/16.5 Safari/537.36"
37.140.192.155 - - [20/May/2026:17:54:41 +0000] "GET / HTTP/1.1" 200 958 "-" "Mozilla/5.0 (iPhone; CPU iPhone OS 16_5 like Mac OS X) AppleWebKit/605.1.15 (KHTML, like Gecko) Version/16.5 Mobile/15E148 Safari/604.1"
193.106.191.22 - - [20/May/2026:17:54:41 +0000] "GET /admin HTTP/1.1" 404 552 "-" "gobuster/3.1.0"
45.146.164.110 - - [20/May/2026:17:54:41 +0000] "GET /api/v1/user/3854 HTTP/1.1" 403 2747 "-" "Mozilla/5.0 (Windows NT 10.0; Win64; x64) AppleWebKit/537.36 (KHTML, like Gecko) Chrome/91.0.4472.124 Safari/537.36"
95.161.220.15 - - [20/May/2026:17:55:41 +0000] "GET /images/logo.png HTTP/1.1" 200 430 "-" "Mozilla/5.0 (Macintosh; Intel Mac OS X 10_15_7) AppleWebKit/537.36 (KHTML, like Gecko) Version/16.5 Safari/537.36"
37.140.192.155 - - [20/May/2026:17:55:41 +0000] "GET /images/logo.png HTTP/1.1" 200 4543 "-" "Mozilla/5.0 (X11; Linux x86_64) AppleWebKit/537.36 (KHTML, like Gecko) Firefox/113.0"
82.202.160.44 - - [20/May/2026:17:55:41 +0000] "GET /assets/css/style.css HTTP/1.1" 200 4815 "-" "Mozilla/5.0 (iPhone; CPU iPhone OS 16_5 like Mac OS X) AppleWebKit/605.1.15 (KHTML, like Gecko) Version/16.5 Mobile/15E148 Safari/604.1"
185.178.208.190 - - [20/May/2026:17:55:41 +0000] "GET /index.html HTTP/1.1" 200 1045 "-" "Mozilla/5.0 (iPhone; CPU iPhone OS 16_5 like Mac OS X) AppleWebKit/605.1.15 (KHTML, like Gecko) Version/16.5 Mobile/15E148 Safari/604.1"
193.106.191.22 - - [20/May/2026:17:55:41 +0000] "GET /config HTTP/1.1" 404 4490 "-" "gobuster/3.1.0"
193.106.191.22 - - [20/May/2026:17:55:41 +0000] "GET /.git HTTP/1.1" 404 4991 "-" "gobuster/3.1.0"
188.114.97.12 - - [20/May/2026:17:56:41 +0000] "GET /products HTTP/1.1" 200 399 "-" "Mozilla/5.0 (Windows NT 10.0; Win64; x64) AppleWebKit/537.36 (KHTML, like Gecko) Chrome/114.0.0.0 Safari/537.36"
95.161.220.15 - - [20/May/2026:17:56:41 +0000] "GET /images/logo.png HTTP/1.1" 200 2987 "-" "Mozilla/5.0 (Macintosh; Intel Mac OS X 10_15_7) AppleWebKit/537.36 (KHTML, like Gecko) Version/16.5 Safari/537.36"
37.140.192.155 - - [20/May/2026:17:56:41 +0000] "GET / HTTP/1.1" 200 2337 "-" "Mozilla/5.0 (iPhone; CPU iPhone OS 16_5 like Mac OS X) AppleWebKit/605.1.15 (KHTML, like Gecko) Version/16.5 Mobile/15E148 Safari/604.1"
188.114.97.12 - - [20/May/2026:17:56:41 +0000] "GET /contact HTTP/1.1" 200 1445 "-" "Mozilla/5.0 (X11; Linux x86_64) AppleWebKit/537.36 (KHTML, like Gecko) Firefox/113.0"
185.156.177.214 - - [20/May/2026:17:56:41 +0000] "GET /?q=UNION SELECT NULL,NULL,NULL-- HTTP/1.1" 200 4654 "-" "Mozilla/5.0 (compatible; MSIE 9.0; Windows NT 6.1; Trident/5.0)"
82.202.160.44 - - [20/May/2026:17:57:41 +0000] "GET /assets/css/style.css HTTP/1.1" 200 2768 "-" "Mozilla/5.0 (Windows NT 10.0; Win64; x64) AppleWebKit/537.36 (KHTML, like Gecko) Chrome/114.0.0.0 Safari/537.36"
37.140.192.155 - - [20/May/2026:17:57:41 +0000] "GET /services HTTP/1.1" 200 608 "-" "Mozilla/5.0 (Windows NT 10.0; Win64; x64) AppleWebKit/537.36 (KHTML, like Gecko) Chrome/114.0.0.0 Safari/537.36"
95.161.220.15 - - [20/May/2026:17:57:41 +0000] "GET /services HTTP/1.1" 200 3278 "-" "Mozilla/5.0 (Windows NT 10.0; Win64; x64) AppleWebKit/537.36 (KHTML, like Gecko) Chrome/114.0.0.0 Safari/537.36"
185.178.208.190 - - [20/May/2026:17:57:41 +0000] "GET /contact HTTP/1.1" 200 3808 "-" "Mozilla/5.0 (Macintosh; Intel Mac OS X 10_15_7) AppleWebKit/537.36 (KHTML, like Gecko) Version/16.5 Safari/537.36"
193.106.191.22 - - [20/May/2026:17:57:41 +0000] "GET /admin HTTP/1.1" 404 2818 "-" "gobuster/3.1.0"
185.156.177.214 - - [20/May/2026:17:57:41 +0000] "GET /../../etc/passwd HTTP/1.1" 400 4368 "-" "Mozilla/5.0 (compatible; MSIE 9.0; Windows NT 6.1; Trident/5.0)"
188.114.97.12 - - [20/May/2026:17:58:41 +0000] "GET /assets/css/style.css HTTP/1.1" 200 4432 "-" "Mozilla/5.0 (Macintosh; Intel Mac OS X 10_15_7) AppleWebKit/537.36 (KHTML, like Gecko) Version/16.5 Safari/537.36"
82.202.160.44 - - [20/May/2026:17:58:41 +0000] "GET /products HTTP/1.1" 200 2666 "-" "Mozilla/5.0 (Windows NT 10.0; Win64; x64) AppleWebKit/537.36 (KHTML, like Gecko) Chrome/114.0.0.0 Safari/537.36"
193.106.191.22 - - [20/May/2026:17:58:41 +0000] "GET /db HTTP/1.1" 404 4248 "-" "gobuster/3.1.0"
82.202.160.44 - - [20/May/2026:17:59:41 +0000] "GET /about HTTP/1.1" 200 3493 "-" "Mozilla/5.0 (Macintosh; Intel Mac OS X 10_15_7) AppleWebKit/537.36 (KHTML, like Gecko) Version/16.5 Safari/537.36"
193.106.191.22 - - [20/May/2026:17:59:41 +0000] "GET /.env HTTP/1.1" 404 3904 "-" "gobuster/3.1.0"
188.114.97.12 - - [20/May/2026:18:00:41 +0000] "GET /about HTTP/1.1" 200 2694 "-" "Mozilla/5.0 (iPhone; CPU iPhone OS 16_5 like Mac OS X) AppleWebKit/605.1.15 (KHTML, like Gecko) Version/16.5 Mobile/15E148 Safari/604.1"
95.161.220.15 - - [20/May/2026:18:00:41 +0000] "GET / HTTP/1.1" 200 2369 "-" "Mozilla/5.0 (X11; Linux x86_64) AppleWebKit/537.36 (KHTML, like Gecko) Firefox/113.0"
37.140.192.155 - - [20/May/2026:18:00:41 +0000] "GET /blog HTTP/1.1" 200 357 "-" "Mozilla/5.0 (iPhone; CPU iPhone OS 16_5 like Mac OS X) AppleWebKit/605.1.15 (KHTML, like Gecko) Version/16.5 Mobile/15E148 Safari/604.1"
95.161.220.15 - - [20/May/2026:18:00:41 +0000] "GET /services HTTP/1.1" 200 2186 "-" "Mozilla/5.0 (iPhone; CPU iPhone OS 16_5 like Mac OS X) AppleWebKit/605.1.15 (KHTML, like Gecko) Version/16.5 Mobile/15E148 Safari/604.1"
188.114.97.12 - - [20/May/2026:18:00:41 +0000] "GET /assets/js/main.js HTTP/1.1" 200 2199 "-" "Mozilla/5.0 (Windows NT 10.0; Win64; x64) AppleWebKit/537.36 (KHTML, like Gecko) Chrome/114.0.0.0 Safari/537.36"
188.114.97.12 - - [20/May/2026:18:00:41 +0000] "GET / HTTP/1.1" 200 3827 "-" "Mozilla/5.0 (iPhone; CPU iPhone OS 16_5 like Mac OS X) AppleWebKit/605.1.15 (KHTML, like Gecko) Version/16.5 Mobile/15E148 Safari/604.1"
37.140.192.155 - - [20/May/2026:18:00:41 +0000] "GET /services HTTP/1.1" 200 935 "-" "Mozilla/5.0 (iPhone; CPU iPhone OS 16_5 like Mac OS X) AppleWebKit/605.1.15 (KHTML, like Gecko) Version/16.5 Mobile/15E148 Safari/604.1"
193.106.191.22 - - [20/May/2026:18:00:41 +0000] "GET /.env HTTP/1.1" 404 418 "-" "gobuster/3.1.0"
193.106.191.22 - - [20/May/2026:18:00:41 +0000] "GET /backup HTTP/1.1" 404 2321 "-" "gobuster/3.1.0"
37.140.192.155 - - [20/May/2026:18:01:41 +0000] "GET /assets/js/main.js HTTP/1.1" 200 3262 "-" "Mozilla/5.0 (X11; Linux x86_64) AppleWebKit/537.36 (KHTML, like Gecko) Firefox/113.0"
95.161.220.15 - - [20/May/2026:18:01:41 +0000] "GET /assets/js/main.js HTTP/1.1" 200 716 "-" "Mozilla/5.0 (iPhone; CPU iPhone OS 16_5 like Mac OS X) AppleWebKit/605.1.15 (KHTML, like Gecko) Version/16.5 Mobile/15E148 Safari/604.1"
185.178.208.190 - - [20/May/2026:18:02:41 +0000] "GET /images/logo.png HTTP/1.1" 200 3714 "-" "Mozilla/5.0 (Macintosh; Intel Mac OS X 10_15_7) AppleWebKit/537.36 (KHTML, like Gecko) Version/16.5 Safari/537.36"
188.114.97.12 - - [20/May/2026:18:02:41 +0000] "GET /contact HTTP/1.1" 200 4527 "-" "Mozilla/5.0 (iPhone; CPU iPhone OS 16_5 like Mac OS X) AppleWebKit/605.1.15 (KHTML, like Gecko) Version/16.5 Mobile/15E148 Safari/604.1"
188.114.97.12 - - [20/May/2026:18:02:41 +0000] "GET /about HTTP/1.1" 200 1121 "-" "Mozilla/5.0 (Windows NT 10.0; Win64; x64) AppleWebKit/537.36 (KHTML, like Gecko) Chrome/114.0.0.0 Safari/537.36"
95.161.220.15 - - [20/May/2026:18:03:41 +0000] "GET /index.html HTTP/1.1" 200 4652 "-" "Mozilla/5.0 (Macintosh; Intel Mac OS X 10_15_7) AppleWebKit/537.36 (KHTML, like Gecko) Version/16.5 Safari/537.36"
185.178.208.190 - - [20/May/2026:18:03:41 +0000] "GET /images/logo.png HTTP/1.1" 200 3158 "-" "Mozilla/5.0 (Windows NT 10.0; Win64; x64) AppleWebKit/537.36 (KHTML, like Gecko) Chrome/114.0.0.0 Safari/537.36"
37.140.192.155 - - [20/May/2026:18:03:41 +0000] "GET /blog HTTP/1.1" 200 3386 "-" "Mozilla/5.0 (X11; Linux x86_64) AppleWebKit/537.36 (KHTML, like Gecko) Firefox/113.0"
82.202.160.44 - - [20/May/2026:18:03:41 +0000] "GET /products HTTP/1.1" 200 974 "-" "Mozilla/5.0 (Macintosh; Intel Mac OS X 10_15_7) AppleWebKit/537.36 (KHTML, like Gecko) Version/16.5 Safari/537.36"
188.114.97.12 - - [20/May/2026:18:03:41 +0000] "GET /blog HTTP/1.1" 200 4030 "-" "Mozilla/5.0 (Windows NT 10.0; Win64; x64) AppleWebKit/537.36 (KHTML, like Gecko) Chrome/114.0.0.0 Safari/537.36"
212.193.134.20 - - [20/May/2026:18:03:41 +0000] "GET /blog HTTP/1.1" 200 4906 "-" "Mozilla/5.0 (iPhone; CPU iPhone OS 16_5 like Mac OS X) AppleWebKit/605.1.15 (KHTML, like Gecko) Version/16.5 Mobile/15E148 Safari/604.1"
95.161.220.15 - - [20/May/2026:18:04:41 +0000] "GET /products HTTP/1.1" 200 1275 "-" "Mozilla/5.0 (iPhone; CPU iPhone OS 16_5 like Mac OS X) AppleWebKit/605.1.15 (KHTML, like Gecko) Version/16.5 Mobile/15E148 Safari/604.1"
37.140.192.155 - - [20/May/2026:18:04:41 +0000] "GET /assets/js/main.js HTTP/1.1" 200 4889 "-" "Mozilla/5.0 (iPhone; CPU iPhone OS 16_5 like Mac OS X) AppleWebKit/605.1.15 (KHTML, like Gecko) Version/16.5 Mobile/15E148 Safari/604.1"
37.140.192.155 - - [20/May/2026:18:04:41 +0000] "GET /about HTTP/1.1" 200 4445 "-" "Mozilla/5.0 (iPhone; CPU iPhone OS 16_5 like Mac OS X) AppleWebKit/605.1.15 (KHTML, like Gecko) Version/16.5 Mobile/15E148 Safari/604.1"
185.178.208.190 - - [20/May/2026:18:04:41 +0000] "GET /index.html HTTP/1.1" 200 1042 "-" "Mozilla/5.0 (Windows NT 10.0; Win64; x64) AppleWebKit/537.36 (KHTML, like Gecko) Chrome/114.0.0.0 Safari/537.36"
82.202.160.44 - - [20/May/2026:18:04:41 +0000] "GET /blog HTTP/1.1" 200 3629 "-" "Mozilla/5.0 (Windows NT 10.0; Win64; x64) AppleWebKit/537.36 (KHTML, like Gecko) Chrome/114.0.0.0 Safari/537.36"
95.161.220.15 - - [20/May/2026:18:04:41 +0000] "GET / HTTP/1.1" 200 3167 "-" "Mozilla/5.0 (Macintosh; Intel Mac OS X 10_15_7) AppleWebKit/537.36 (KHTML, like Gecko) Version/16.5 Safari/537.36"
185.178.208.190 - - [20/May/2026:18:04:41 +0000] "GET /contact HTTP/1.1" 200 4585 "-" "Mozilla/5.0 (X11; Linux x86_64) AppleWebKit/537.36 (KHTML, like Gecko) Firefox/113.0"
37.140.192.155 - - [20/May/2026:18:05:41 +0000] "GET /images/logo.png HTTP/1.1" 200 2794 "-" "Mozilla/5.0 (Windows NT 10.0; Win64; x64) AppleWebKit/537.36 (KHTML, like Gecko) Chrome/114.0.0.0 Safari/537.36"
188.114.97.12 - - [20/May/2026:18:05:41 +0000] "GET /contact HTTP/1.1" 200 2379 "-" "Mozilla/5.0 (X11; Linux x86_64) AppleWebKit/537.36 (KHTML, like Gecko) Firefox/113.0"
193.106.191.22 - - [20/May/2026:18:05:41 +0000] "GET /phpmyadmin HTTP/1.1" 404 1516 "-" "gobuster/3.1.0"
212.193.134.20 - - [20/May/2026:18:06:41 +0000] "GET /products HTTP/1.1" 200 2010 "-" "Mozilla/5.0 (iPhone; CPU iPhone OS 16_5 like Mac OS X) AppleWebKit/605.1.15 (KHTML, like Gecko) Version/16.5 Mobile/15E148 Safari/604.1"
37.140.192.155 - - [20/May/2026:18:06:41 +0000] "GET /blog HTTP/1.1" 200 1681 "-" "Mozilla/5.0 (X11; Linux x86_64) AppleWebKit/537.36 (KHTML, like Gecko) Firefox/113.0"
82.202.160.44 - - [20/May/2026:18:06:41 +0000] "GET /contact HTTP/1.1" 200 692 "-" "Mozilla/5.0 (iPhone; CPU iPhone OS 16_5 like Mac OS X) AppleWebKit/605.1.15 (KHTML, like Gecko) Version/16.5 Mobile/15E148 Safari/604.1"
95.161.220.15 - - [20/May/2026:18:06:41 +0000] "GET /about HTTP/1.1" 200 1063 "-" "Mozilla/5.0 (Macintosh; Intel Mac OS X 10_15_7) AppleWebKit/537.36 (KHTML, like Gecko) Version/16.5 Safari/537.36"
185.156.177.214 - - [20/May/2026:18:06:41 +0000] "GET /index.php?id=1' OR '1'='1 HTTP/1.1" 200 2758 "-" "Mozilla/5.0 (compatible; MSIE 9.0; Windows NT 6.1; Trident/5.0)"
212.193.134.20 - - [20/May/2026:18:07:41 +0000] "GET /contact HTTP/1.1" 200 2736 "-" "Mozilla/5.0 (Windows NT 10.0; Win64; x64) AppleWebKit/537.36 (KHTML, like Gecko) Chrome/114.0.0.0 Safari/537.36"
82.202.160.44 - - [20/May/2026:18:07:41 +0000] "GET /images/logo.png HTTP/1.1" 200 4263 "-" "Mozilla/5.0 (Macintosh; Intel Mac OS X 10_15_7) AppleWebKit/537.36 (KHTML, like Gecko) Version/16.5 Safari/537.36"
212.193.134.20 - - [20/May/2026:18:07:41 +0000] "GET / HTTP/1.1" 200 3051 "-" "Mozilla/5.0 (Windows NT 10.0; Win64; x64) AppleWebKit/537.36 (KHTML, like Gecko) Chrome/114.0.0.0 Safari/537.36"
95.161.220.15 - - [20/May/2026:18:07:41 +0000] "GET /products HTTP/1.1" 200 4496 "-" "Mozilla/5.0 (Windows NT 10.0; Win64; x64) AppleWebKit/537.36 (KHTML, like Gecko) Chrome/114.0.0.0 Safari/537.36"
185.156.177.214 - - [20/May/2026:18:07:41 +0000] "GET /cgi-bin/php.fcgi?%2d%64+%61%6c%6c%6f%77%5f%75%72%6c%5f%69%6e%63%6c%75%64%65%3d%6f%6e HTTP/1.1" 200 1131 "-" "Mozilla/5.0 (compatible; MSIE 9.0; Windows NT 6.1; Trident/5.0)"
95.161.220.15 - - [20/May/2026:18:08:41 +0000] "GET /index.html HTTP/1.1" 200 3459 "-" "Mozilla/5.0 (iPhone; CPU iPhone OS 16_5 like Mac OS X) AppleWebKit/605.1.15 (KHTML, like Gecko) Version/16.5 Mobile/15E148 Safari/604.1"
188.114.97.12 - - [20/May/2026:18:08:41 +0000] "GET / HTTP/1.1" 200 1156 "-" "Mozilla/5.0 (X11; Linux x86_64) AppleWebKit/537.36 (KHTML, like Gecko) Firefox/113.0"
188.114.97.12 - - [20/May/2026:18:08:41 +0000] "GET /products HTTP/1.1" 200 3192 "-" "Mozilla/5.0 (Macintosh; Intel Mac OS X 10_15_7) AppleWebKit/537.36 (KHTML, like Gecko) Version/16.5 Safari/537.36"
212.193.134.20 - - [20/May/2026:18:08:41 +0000] "GET /assets/js/main.js HTTP/1.1" 200 4024 "-" "Mozilla/5.0 (X11; Linux x86_64) AppleWebKit/537.36 (KHTML, like Gecko) Firefox/113.0"
188.114.97.12 - - [20/May/2026:18:08:41 +0000] "GET /contact HTTP/1.1" 200 461 "-" "Mozilla/5.0 (Windows NT 10.0; Win64; x64) AppleWebKit/537.36 (KHTML, like Gecko) Chrome/114.0.0.0 Safari/537.36"
193.106.191.22 - - [20/May/2026:18:08:41 +0000] "GET /.git HTTP/1.1" 404 2352 "-" "gobuster/3.1.0"
82.202.160.44 - - [20/May/2026:18:09:41 +0000] "GET /images/logo.png HTTP/1.1" 200 1026 "-" "Mozilla/5.0 (Windows NT 10.0; Win64; x64) AppleWebKit/537.36 (KHTML, like Gecko) Chrome/114.0.0.0 Safari/537.36"
185.178.208.190 - - [20/May/2026:18:09:41 +0000] "GET /images/logo.png HTTP/1.1" 200 1649 "-" "Mozilla/5.0 (X11; Linux x86_64) AppleWebKit/537.36 (KHTML, like Gecko) Firefox/113.0"
95.161.220.15 - - [20/May/2026:18:09:41 +0000] "GET / HTTP/1.1" 200 4007 "-" "Mozilla/5.0 (iPhone; CPU iPhone OS 16_5 like Mac OS X) AppleWebKit/605.1.15 (KHTML, like Gecko) Version/16.5 Mobile/15E148 Safari/604.1"
185.178.208.190 - - [20/May/2026:18:09:41 +0000] "GET /blog HTTP/1.1" 200 1286 "-" "Mozilla/5.0 (iPhone; CPU iPhone OS 16_5 like Mac OS X) AppleWebKit/605.1.15 (KHTML, like Gecko) Version/16.5 Mobile/15E148 Safari/604.1"
185.178.208.190 - - [20/May/2026:18:09:41 +0000] "GET /assets/css/style.css HTTP/1.1" 200 3232 "-" "Mozilla/5.0 (Windows NT 10.0; Win64; x64) AppleWebKit/537.36 (KHTML, like Gecko) Chrome/114.0.0.0 Safari/537.36"
37.140.192.155 - - [20/May/2026:18:10:41 +0000] "GET /index.html HTTP/1.1" 200 2100 "-" "Mozilla/5.0 (iPhone; CPU iPhone OS 16_5 like Mac OS X) AppleWebKit/605.1.15 (KHTML, like Gecko) Version/16.5 Mobile/15E148 Safari/604.1"
45.146.164.110 - - [20/May/2026:18:10:41 +0000] "GET /api/v1/user/7115 HTTP/1.1" 403 1168 "-" "Mozilla/5.0 (Windows NT 10.0; Win64; x64) AppleWebKit/537.36 (KHTML, like Gecko) Chrome/91.0.4472.124 Safari/537.36"
45.146.164.110 - - [20/May/2026:18:10:41 +0000] "GET /api/v1/user/4260 HTTP/1.1" 403 3836 "-" "Mozilla/5.0 (Windows NT 10.0; Win64; x64) AppleWebKit/537.36 (KHTML, like Gecko) Chrome/91.0.4472.124 Safari/537.36"
212.193.134.20 - - [20/May/2026:18:11:41 +0000] "GET /services HTTP/1.1" 200 453 "-" "Mozilla/5.0 (X11; Linux x86_64) AppleWebKit/537.36 (KHTML, like Gecko) Firefox/113.0"
95.161.220.15 - - [20/May/2026:18:11:41 +0000] "GET /images/logo.png HTTP/1.1" 200 1969 "-" "Mozilla/5.0 (iPhone; CPU iPhone OS 16_5 like Mac OS X) AppleWebKit/605.1.15 (KHTML, like Gecko) Version/16.5 Mobile/15E148 Safari/604.1"
82.202.160.44 - - [20/May/2026:18:11:41 +0000] "GET /blog HTTP/1.1" 200 648 "-" "Mozilla/5.0 (X11; Linux x86_64) AppleWebKit/537.36 (KHTML, like Gecko) Firefox/113.0"
37.140.192.155 - - [20/May/2026:18:11:41 +0000] "GET /services HTTP/1.1" 200 2446 "-" "Mozilla/5.0 (Macintosh; Intel Mac OS X 10_15_7) AppleWebKit/537.36 (KHTML, like Gecko) Version/16.5 Safari/537.36"
82.202.160.44 - - [20/May/2026:18:11:41 +0000] "GET /images/logo.png HTTP/1.1" 200 1301 "-" "Mozilla/5.0 (X11; Linux x86_64) AppleWebKit/537.36 (KHTML, like Gecko) Firefox/113.0"
188.114.97.12 - - [20/May/2026:18:11:41 +0000] "GET /products HTTP/1.1" 200 4283 "-" "Mozilla/5.0 (Windows NT 10.0; Win64; x64) AppleWebKit/537.36 (KHTML, like Gecko) Chrome/114.0.0.0 Safari/537.36"
188.114.97.12 - - [20/May/2026:18:11:41 +0000] "GET /assets/css/style.css HTTP/1.1" 200 4604 "-" "Mozilla/5.0 (X11; Linux x86_64) AppleWebKit/537.36 (KHTML, like Gecko) Firefox/113.0"
185.178.208.190 - - [20/May/2026:18:12:41 +0000] "GET /services HTTP/1.1" 200 2135 "-" "Mozilla/5.0 (X11; Linux x86_64) AppleWebKit/537.36 (KHTML, like Gecko) Firefox/113.0"
45.146.164.110 - - [20/May/2026:18:12:41 +0000] "GET /api/v1/user/4943 HTTP/1.1" 403 986 "-" "Mozilla/5.0 (Windows NT 10.0; Win64; x64) AppleWebKit/537.36 (KHTML, like Gecko) Chrome/91.0.4472.124 Safari/537.36"
82.202.160.44 - - [20/May/2026:18:13:41 +0000] "GET /products HTTP/1.1" 200 2881 "-" "Mozilla/5.0 (Windows NT 10.0; Win64; x64) AppleWebKit/537.36 (KHTML, like Gecko) Chrome/114.0.0.0 Safari/537.36"
37.140.192.155 - - [20/May/2026:18:13:41 +0000] "GET /products HTTP/1.1" 200 4527 "-" "Mozilla/5.0 (iPhone; CPU iPhone OS 16_5 like Mac OS X) AppleWebKit/605.1.15 (KHTML, like Gecko) Version/16.5 Mobile/15E148 Safari/604.1"
45.146.164.110 - - [20/May/2026:18:13:41 +0000] "GET /api/v1/user/8256 HTTP/1.1" 403 1405 "-" "Mozilla/5.0 (Windows NT 10.0; Win64; x64) AppleWebKit/537.36 (KHTML, like Gecko) Chrome/91.0.4472.124 Safari/537.36"
95.161.220.15 - - [20/May/2026:18:14:41 +0000] "GET /assets/css/style.css HTTP/1.1" 200 4241 "-" "Mozilla/5.0 (Windows NT 10.0; Win64; x64) AppleWebKit/537.36 (KHTML, like Gecko) Chrome/114.0.0.0 Safari/537.36"
82.202.160.44 - - [20/May/2026:18:14:41 +0000] "GET /assets/js/main.js HTTP/1.1" 200 396 "-" "Mozilla/5.0 (Macintosh; Intel Mac OS X 10_15_7) AppleWebKit/537.36 (KHTML, like Gecko) Version/16.5 Safari/537.36"
37.140.192.155 - - [20/May/2026:18:14:41 +0000] "GET /services HTTP/1.1" 200 4275 "-" "Mozilla/5.0 (Windows NT 10.0; Win64; x64) AppleWebKit/537.36 (KHTML, like Gecko) Chrome/114.0.0.0 Safari/537.36"
82.202.160.44 - - [20/May/2026:18:14:41 +0000] "GET /images/logo.png HTTP/1.1" 200 359 "-" "Mozilla/5.0 (Macintosh; Intel Mac OS X 10_15_7) AppleWebKit/537.36 (KHTML, like Gecko) Version/16.5 Safari/537.36"
188.114.97.12 - - [20/May/2026:18:14:41 +0000] "GET /index.html HTTP/1.1" 200 1036 "-" "Mozilla/5.0 (Macintosh; Intel Mac OS X 10_15_7) AppleWebKit/537.36 (KHTML, like Gecko) Version/16.5 Safari/537.36"
185.156.177.214 - - [20/May/2026:18:14:41 +0000] "GET /cgi-bin/php.fcgi?%2d%64+%61%6c%6c%6f%77%5f%75%72%6c%5f%69%6e%63%6c%75%64%65%3d%6f%6e HTTP/1.1" 200 2972 "-" "Mozilla/5.0 (compatible; MSIE 9.0; Windows NT 6.1; Trident/5.0)"
212.193.134.20 - - [20/May/2026:18:15:41 +0000] "GET /contact HTTP/1.1" 200 4991 "-" "Mozilla/5.0 (iPhone; CPU iPhone OS 16_5 like Mac OS X) AppleWebKit/605.1.15 (KHTML, like Gecko) Version/16.5 Mobile/15E148 Safari/604.1"
95.161.220.15 - - [20/May/2026:18:15:41 +0000] "GET / HTTP/1.1" 200 3572 "-" "Mozilla/5.0 (Macintosh; Intel Mac OS X 10_15_7) AppleWebKit/537.36 (KHTML, like Gecko) Version/16.5 Safari/537.36"
212.193.134.20 - - [20/May/2026:18:15:41 +0000] "GET /blog HTTP/1.1" 200 3853 "-" "Mozilla/5.0 (iPhone; CPU iPhone OS 16_5 like Mac OS X) AppleWebKit/605.1.15 (KHTML, like Gecko) Version/16.5 Mobile/15E148 Safari/604.1"
95.161.220.15 - - [20/May/2026:18:15:41 +0000] "GET /assets/js/main.js HTTP/1.1" 200 4500 "-" "Mozilla/5.0 (X11; Linux x86_64) AppleWebKit/537.36 (KHTML, like Gecko) Firefox/113.0"
185.178.208.190 - - [20/May/2026:18:15:41 +0000] "GET /contact HTTP/1.1" 200 3775 "-" "Mozilla/5.0 (X11; Linux x86_64) AppleWebKit/537.36 (KHTML, like Gecko) Firefox/113.0"
95.161.220.15 - - [20/May/2026:18:15:41 +0000] "GET /about HTTP/1.1" 200 4331 "-" "Mozilla/5.0 (Macintosh; Intel Mac OS X 10_15_7) AppleWebKit/537.36 (KHTML, like Gecko) Version/16.5 Safari/537.36"
193.106.191.22 - - [20/May/2026:18:15:41 +0000] "GET /.git HTTP/1.1" 404 2765 "-" "gobuster/3.1.0"
188.114.97.12 - - [20/May/2026:18:16:41 +0000] "GET /contact HTTP/1.1" 200 360 "-" "Mozilla/5.0 (iPhone; CPU iPhone OS 16_5 like Mac OS X) AppleWebKit/605.1.15 (KHTML, like Gecko) Version/16.5 Mobile/15E148 Safari/604.1"
188.114.97.12 - - [20/May/2026:18:16:41 +0000] "GET /images/logo.png HTTP/1.1" 200 3082 "-" "Mozilla/5.0 (Windows NT 10.0; Win64; x64) AppleWebKit/537.36 (KHTML, like Gecko) Chrome/114.0.0.0 Safari/537.36"
188.114.97.12 - - [20/May/2026:18:17:41 +0000] "GET /contact HTTP/1.1" 200 4665 "-" "Mozilla/5.0 (Macintosh; Intel Mac OS X 10_15_7) AppleWebKit/537.36 (KHTML, like Gecko) Version/16.5 Safari/537.36"
188.114.97.12 - - [20/May/2026:18:17:41 +0000] "GET / HTTP/1.1" 200 2984 "-" "Mozilla/5.0 (Macintosh; Intel Mac OS X 10_15_7) AppleWebKit/537.36 (KHTML, like Gecko) Version/16.5 Safari/537.36"
188.114.97.12 - - [20/May/2026:18:17:41 +0000] "GET / HTTP/1.1" 200 2740 "-" "Mozilla/5.0 (Windows NT 10.0; Win64; x64) AppleWebKit/537.36 (KHTML, like Gecko) Chrome/114.0.0.0 Safari/537.36"
45.146.164.110 - - [20/May/2026:18:17:41 +0000] "GET /api/v1/user/1305 HTTP/1.1" 403 4008 "-" "Mozilla/5.0 (Windows NT 10.0; Win64; x64) AppleWebKit/537.36 (KHTML, like Gecko) Chrome/91.0.4472.124 Safari/537.36"
188.114.97.12 - - [20/May/2026:18:18:41 +0000] "GET /blog HTTP/1.1" 200 2613 "-" "Mozilla/5.0 (Windows NT 10.0; Win64; x64) AppleWebKit/537.36 (KHTML, like Gecko) Chrome/114.0.0.0 Safari/537.36"
95.161.220.15 - - [20/May/2026:18:18:41 +0000] "GET /assets/js/main.js HTTP/1.1" 200 2453 "-" "Mozilla/5.0 (Macintosh; Intel Mac OS X 10_15_7) AppleWebKit/537.36 (KHTML, like Gecko) Version/16.5 Safari/537.36"
95.161.220.15 - - [20/May/2026:18:18:41 +0000] "GET /index.html HTTP/1.1" 200 3772 "-" "Mozilla/5.0 (Macintosh; Intel Mac OS X 10_15_7) AppleWebKit/537.36 (KHTML, like Gecko) Version/16.5 Safari/537.36"
95.161.220.15 - - [20/May/2026:18:18:41 +0000] "GET /contact HTTP/1.1" 200 2698 "-" "Mozilla/5.0 (Windows NT 10.0; Win64; x64) AppleWebKit/537.36 (KHTML, like Gecko) Chrome/114.0.0.0 Safari/537.36"
193.106.191.22 - - [20/May/2026:18:18:41 +0000] "GET /admin HTTP/1.1" 404 4473 "-" "gobuster/3.1.0"
37.140.192.155 - - [20/May/2026:18:19:41 +0000] "GET /about HTTP/1.1" 200 2555 "-" "Mozilla/5.0 (Macintosh; Intel Mac OS X 10_15_7) AppleWebKit/537.36 (KHTML, like Gecko) Version/16.5 Safari/537.36"
37.140.192.155 - - [20/May/2026:18:19:41 +0000] "GET /contact HTTP/1.1" 200 2541 "-" "Mozilla/5.0 (iPhone; CPU iPhone OS 16_5 like Mac OS X) AppleWebKit/605.1.15 (KHTML, like Gecko) Version/16.5 Mobile/15E148 Safari/604.1"
188.114.97.12 - - [20/May/2026:18:19:41 +0000] "GET /index.html HTTP/1.1" 200 4185 "-" "Mozilla/5.0 (iPhone; CPU iPhone OS 16_5 like Mac OS X) AppleWebKit/605.1.15 (KHTML, like Gecko) Version/16.5 Mobile/15E148 Safari/604.1"
45.146.164.110 - - [20/May/2026:18:19:41 +0000] "GET /api/v1/user/1429 HTTP/1.1" 403 1157 "-" "Mozilla/5.0 (Windows NT 10.0; Win64; x64) AppleWebKit/537.36 (KHTML, like Gecko) Chrome/91.0.4472.124 Safari/537.36"
37.140.192.155 - - [20/May/2026:18:20:41 +0000] "GET /services HTTP/1.1" 200 2993 "-" "Mozilla/5.0 (Macintosh; Intel Mac OS X 10_15_7) AppleWebKit/537.36 (KHTML, like Gecko) Version/16.5 Safari/537.36"
185.178.208.190 - - [20/May/2026:18:20:41 +0000] "GET /assets/css/style.css HTTP/1.1" 200 4763 "-" "Mozilla/5.0 (X11; Linux x86_64) AppleWebKit/537.36 (KHTML, like Gecko) Firefox/113.0"
95.161.220.15 - - [20/May/2026:18:20:41 +0000] "GET / HTTP/1.1" 200 3001 "-" "Mozilla/5.0 (Macintosh; Intel Mac OS X 10_15_7) AppleWebKit/537.36 (KHTML, like Gecko) Version/16.5 Safari/537.36"
37.140.192.155 - - [20/May/2026:18:20:41 +0000] "GET /images/logo.png HTTP/1.1" 200 631 "-" "Mozilla/5.0 (X11; Linux x86_64) AppleWebKit/537.36 (KHTML, like Gecko) Firefox/113.0"
82.202.160.44 - - [20/May/2026:18:20:41 +0000] "GET /images/logo.png HTTP/1.1" 200 4542 "-" "Mozilla/5.0 (iPhone; CPU iPhone OS 16_5 like Mac OS X) AppleWebKit/605.1.15 (KHTML, like Gecko) Version/16.5 Mobile/15E148 Safari/604.1"
193.106.191.22 - - [20/May/2026:18:20:41 +0000] "GET /.env HTTP/1.1" 404 3055 "-" "gobuster/3.1.0"
45.146.164.110 - - [20/May/2026:18:20:41 +0000] "GET /api/v1/user/4387 HTTP/1.1" 403 2916 "-" "Mozilla/5.0 (Windows NT 10.0; Win64; x64) AppleWebKit/537.36 (KHTML, like Gecko) Chrome/91.0.4472.124 Safari/537.36"
82.202.160.44 - - [20/May/2026:18:21:41 +0000] "GET /contact HTTP/1.1" 200 2499 "-" "Mozilla/5.0 (Windows NT 10.0; Win64; x64) AppleWebKit/537.36 (KHTML, like Gecko) Chrome/114.0.0.0 Safari/537.36"
212.193.134.20 - - [20/May/2026:18:21:41 +0000] "GET /about HTTP/1.1" 200 4846 "-" "Mozilla/5.0 (X11; Linux x86_64) AppleWebKit/537.36 (KHTML, like Gecko) Firefox/113.0"
188.114.97.12 - - [20/May/2026:18:21:41 +0000] "GET /contact HTTP/1.1" 200 474 "-" "Mozilla/5.0 (Windows NT 10.0; Win64; x64) AppleWebKit/537.36 (KHTML, like Gecko) Chrome/114.0.0.0 Safari/537.36"
185.178.208.190 - - [20/May/2026:18:21:41 +0000] "GET /contact HTTP/1.1" 200 4202 "-" "Mozilla/5.0 (X11; Linux x86_64) AppleWebKit/537.36 (KHTML, like Gecko) Firefox/113.0"
188.114.97.12 - - [20/May/2026:18:21:41 +0000] "GET /assets/js/main.js HTTP/1.1" 200 1709 "-" "Mozilla/5.0 (iPhone; CPU iPhone OS 16_5 like Mac OS X) AppleWebKit/605.1.15 (KHTML, like Gecko) Version/16.5 Mobile/15E148 Safari/604.1"
193.106.191.22 - - [20/May/2026:18:21:41 +0000] "GET /wp-admin HTTP/1.1" 404 2888 "-" "gobuster/3.1.0"
193.106.191.22 - - [20/May/2026:18:21:41 +0000] "GET /phpmyadmin HTTP/1.1" 404 511 "-" "gobuster/3.1.0"
212.193.134.20 - - [20/May/2026:18:22:41 +0000] "GET /products HTTP/1.1" 200 2046 "-" "Mozilla/5.0 (iPhone; CPU iPhone OS 16_5 like Mac OS X) AppleWebKit/605.1.15 (KHTML, like Gecko) Version/16.5 Mobile/15E148 Safari/604.1"
188.114.97.12 - - [20/May/2026:18:22:41 +0000] "GET / HTTP/1.1" 200 4529 "-" "Mozilla/5.0 (X11; Linux x86_64) AppleWebKit/537.36 (KHTML, like Gecko) Firefox/113.0"
95.161.220.15 - - [20/May/2026:18:22:41 +0000] "GET /index.html HTTP/1.1" 200 3868 "-" "Mozilla/5.0 (iPhone; CPU iPhone OS 16_5 like Mac OS X) AppleWebKit/605.1.15 (KHTML, like Gecko) Version/16.5 Mobile/15E148 Safari/604.1"
185.178.208.190 - - [20/May/2026:18:22:41 +0000] "GET /products HTTP/1.1" 200 2093 "-" "Mozilla/5.0 (X11; Linux x86_64) AppleWebKit/537.36 (KHTML, like Gecko) Firefox/113.0"
95.161.220.15 - - [20/May/2026:18:22:41 +0000] "GET /contact HTTP/1.1" 200 1677 "-" "Mozilla/5.0 (iPhone; CPU iPhone OS 16_5 like Mac OS X) AppleWebKit/605.1.15 (KHTML, like Gecko) Version/16.5 Mobile/15E148 Safari/604.1"
185.178.208.190 - - [20/May/2026:18:23:41 +0000] "GET /assets/css/style.css HTTP/1.1" 200 700 "-" "Mozilla/5.0 (Windows NT 10.0; Win64; x64) AppleWebKit/537.36 (KHTML, like Gecko) Chrome/114.0.0.0 Safari/537.36"
185.178.208.190 - - [20/May/2026:18:23:41 +0000] "GET /blog HTTP/1.1" 200 3583 "-" "Mozilla/5.0 (Windows NT 10.0; Win64; x64) AppleWebKit/537.36 (KHTML, like Gecko) Chrome/114.0.0.0 Safari/537.36"
188.114.97.12 - - [20/May/2026:18:23:41 +0000] "GET /assets/css/style.css HTTP/1.1" 200 3215 "-" "Mozilla/5.0 (Windows NT 10.0; Win64; x64) AppleWebKit/537.36 (KHTML, like Gecko) Chrome/114.0.0.0 Safari/537.36"
95.161.220.15 - - [20/May/2026:18:24:41 +0000] "GET /products HTTP/1.1" 200 1192 "-" "Mozilla/5.0 (X11; Linux x86_64) AppleWebKit/537.36 (KHTML, like Gecko) Firefox/113.0"
95.161.220.15 - - [20/May/2026:18:24:41 +0000] "GET /images/logo.png HTTP/1.1" 200 3072 "-" "Mozilla/5.0 (iPhone; CPU iPhone OS 16_5 like Mac OS X) AppleWebKit/605.1.15 (KHTML, like Gecko) Version/16.5 Mobile/15E148 Safari/604.1"
193.106.191.22 - - [20/May/2026:18:24:41 +0000] "GET /backup HTTP/1.1" 404 3118 "-" "gobuster/3.1.0"
45.146.164.110 - - [20/May/2026:18:24:41 +0000] "GET /api/v1/user/4462 HTTP/1.1" 403 1951 "-" "Mozilla/5.0 (Windows NT 10.0; Win64; x64) AppleWebKit/537.36 (KHTML, like Gecko) Chrome/91.0.4472.124 Safari/537.36"
212.193.134.20 - - [20/May/2026:18:25:41 +0000] "GET /contact HTTP/1.1" 200 2092 "-" "Mozilla/5.0 (Windows NT 10.0; Win64; x64) AppleWebKit/537.36 (KHTML, like Gecko) Chrome/114.0.0.0 Safari/537.36"
95.161.220.15 - - [20/May/2026:18:25:41 +0000] "GET /assets/js/main.js HTTP/1.1" 200 2434 "-" "Mozilla/5.0 (iPhone; CPU iPhone OS 16_5 like Mac OS X) AppleWebKit/605.1.15 (KHTML, like Gecko) Version/16.5 Mobile/15E148 Safari/604.1"
185.178.208.190 - - [20/May/2026:18:25:41 +0000] "GET /blog HTTP/1.1" 200 4450 "-" "Mozilla/5.0 (Windows NT 10.0; Win64; x64) AppleWebKit/537.36 (KHTML, like Gecko) Chrome/114.0.0.0 Safari/537.36"
185.178.208.190 - - [20/May/2026:18:25:41 +0000] "GET /about HTTP/1.1" 200 1189 "-" "Mozilla/5.0 (X11; Linux x86_64) AppleWebKit/537.36 (KHTML, like Gecko) Firefox/113.0"
95.161.220.15 - - [20/May/2026:18:25:41 +0000] "GET /about HTTP/1.1" 200 314 "-" "Mozilla/5.0 (iPhone; CPU iPhone OS 16_5 like Mac OS X) AppleWebKit/605.1.15 (KHTML, like Gecko) Version/16.5 Mobile/15E148 Safari/604.1"
212.193.134.20 - - [20/May/2026:18:25:41 +0000] "GET /services HTTP/1.1" 200 753 "-" "Mozilla/5.0 (X11; Linux x86_64) AppleWebKit/537.36 (KHTML, like Gecko) Firefox/113.0"
37.140.192.155 - - [20/May/2026:18:26:41 +0000] "GET /products HTTP/1.1" 200 4336 "-" "Mozilla/5.0 (iPhone; CPU iPhone OS 16_5 like Mac OS X) AppleWebKit/605.1.15 (KHTML, like Gecko) Version/16.5 Mobile/15E148 Safari/604.1"
212.193.134.20 - - [20/May/2026:18:26:41 +0000] "GET /assets/css/style.css HTTP/1.1" 200 4907 "-" "Mozilla/5.0 (Windows NT 10.0; Win64; x64) AppleWebKit/537.36 (KHTML, like Gecko) Chrome/114.0.0.0 Safari/537.36"
45.146.164.110 - - [20/May/2026:18:26:41 +0000] "GET /api/v1/user/6345 HTTP/1.1" 403 3349 "-" "Mozilla/5.0 (Windows NT 10.0; Win64; x64) AppleWebKit/537.36 (KHTML, like Gecko) Chrome/91.0.4472.124 Safari/537.36"
37.140.192.155 - - [20/May/2026:18:27:41 +0000] "GET /assets/css/style.css HTTP/1.1" 200 4192 "-" "Mozilla/5.0 (Macintosh; Intel Mac OS X 10_15_7) AppleWebKit/537.36 (KHTML, like Gecko) Version/16.5 Safari/537.36"
188.114.97.12 - - [20/May/2026:18:27:41 +0000] "GET /blog HTTP/1.1" 200 1346 "-" "Mozilla/5.0 (Macintosh; Intel Mac OS X 10_15_7) AppleWebKit/537.36 (KHTML, like Gecko) Version/16.5 Safari/537.36"
188.114.97.12 - - [20/May/2026:18:27:41 +0000] "GET /contact HTTP/1.1" 200 2544 "-" "Mozilla/5.0 (Windows NT 10.0; Win64; x64) AppleWebKit/537.36 (KHTML, like Gecko) Chrome/114.0.0.0 Safari/537.36"
185.178.208.190 - - [20/May/2026:18:27:41 +0000] "GET /about HTTP/1.1" 200 3059 "-" "Mozilla/5.0 (Macintosh; Intel Mac OS X 10_15_7) AppleWebKit/537.36 (KHTML, like Gecko) Version/16.5 Safari/537.36"
193.106.191.22 - - [20/May/2026:18:27:41 +0000] "GET /.env HTTP/1.1" 404 1994 "-" "gobuster/3.1.0"
45.146.164.110 - - [20/May/2026:18:27:41 +0000] "GET /api/v1/user/2043 HTTP/1.1" 403 4796 "-" "Mozilla/5.0 (Windows NT 10.0; Win64; x64) AppleWebKit/537.36 (KHTML, like Gecko) Chrome/91.0.4472.124 Safari/537.36"
37.140.192.155 - - [20/May/2026:18:28:41 +0000] "GET /assets/js/main.js HTTP/1.1" 200 4598 "-" "Mozilla/5.0 (Macintosh; Intel Mac OS X 10_15_7) AppleWebKit/537.36 (KHTML, like Gecko) Version/16.5 Safari/537.36"
82.202.160.44 - - [20/May/2026:18:28:41 +0000] "GET /products HTTP/1.1" 200 1237 "-" "Mozilla/5.0 (iPhone; CPU iPhone OS 16_5 like Mac OS X) AppleWebKit/605.1.15 (KHTML, like Gecko) Version/16.5 Mobile/15E148 Safari/604.1"
185.178.208.190 - - [20/May/2026:18:29:41 +0000] "GET /images/logo.png HTTP/1.1" 200 745 "-" "Mozilla/5.0 (X11; Linux x86_64) AppleWebKit/537.36 (KHTML, like Gecko) Firefox/113.0"
82.202.160.44 - - [20/May/2026:18:29:41 +0000] "GET /assets/css/style.css HTTP/1.1" 200 4138 "-" "Mozilla/5.0 (iPhone; CPU iPhone OS 16_5 like Mac OS X) AppleWebKit/605.1.15 (KHTML, like Gecko) Version/16.5 Mobile/15E148 Safari/604.1"
37.140.192.155 - - [20/May/2026:18:29:41 +0000] "GET /assets/css/style.css HTTP/1.1" 200 2078 "-" "Mozilla/5.0 (Macintosh; Intel Mac OS X 10_15_7) AppleWebKit/537.36 (KHTML, like Gecko) Version/16.5 Safari/537.36"
188.114.97.12 - - [20/May/2026:18:29:41 +0000] "GET /products HTTP/1.1" 200 785 "-" "Mozilla/5.0 (X11; Linux x86_64) AppleWebKit/537.36 (KHTML, like Gecko) Firefox/113.0"
193.106.191.22 - - [20/May/2026:18:29:41 +0000] "GET /backup HTTP/1.1" 404 1569 "-" "gobuster/3.1.0"
37.140.192.155 - - [20/May/2026:18:30:41 +0000] "GET /services HTTP/1.1" 200 1091 "-" "Mozilla/5.0 (Windows NT 10.0; Win64; x64) AppleWebKit/537.36 (KHTML, like Gecko) Chrome/114.0.0.0 Safari/537.36"
95.161.220.15 - - [20/May/2026:18:30:41 +0000] "GET /assets/js/main.js HTTP/1.1" 200 1042 "-" "Mozilla/5.0 (X11; Linux x86_64) AppleWebKit/537.36 (KHTML, like Gecko) Firefox/113.0"
185.178.208.190 - - [20/May/2026:18:30:41 +0000] "GET /blog HTTP/1.1" 200 3706 "-" "Mozilla/5.0 (Macintosh; Intel Mac OS X 10_15_7) AppleWebKit/537.36 (KHTML, like Gecko) Version/16.5 Safari/537.36"
37.140.192.155 - - [20/May/2026:18:30:41 +0000] "GET / HTTP/1.1" 200 3626 "-" "Mozilla/5.0 (iPhone; CPU iPhone OS 16_5 like Mac OS X) AppleWebKit/605.1.15 (KHTML, like Gecko) Version/16.5 Mobile/15E148 Safari/604.1"
82.202.160.44 - - [20/May/2026:18:30:41 +0000] "GET /products HTTP/1.1" 200 2160 "-" "Mozilla/5.0 (Windows NT 10.0; Win64; x64) AppleWebKit/537.36 (KHTML, like Gecko) Chrome/114.0.0.0 Safari/537.36"
193.106.191.22 - - [20/May/2026:18:30:41 +0000] "GET /config HTTP/1.1" 404 1804 "-" "gobuster/3.1.0"
212.193.134.20 - - [20/May/2026:18:31:41 +0000] "GET /index.html HTTP/1.1" 200 2104 "-" "Mozilla/5.0 (iPhone; CPU iPhone OS 16_5 like Mac OS X) AppleWebKit/605.1.15 (KHTML, like Gecko) Version/16.5 Mobile/15E148 Safari/604.1"
212.193.134.20 - - [20/May/2026:18:31:41 +0000] "GET /assets/js/main.js HTTP/1.1" 200 1635 "-" "Mozilla/5.0 (iPhone; CPU iPhone OS 16_5 like Mac OS X) AppleWebKit/605.1.15 (KHTML, like Gecko) Version/16.5 Mobile/15E148 Safari/604.1"
82.202.160.44 - - [20/May/2026:18:31:41 +0000] "GET /assets/js/main.js HTTP/1.1" 200 1546 "-" "Mozilla/5.0 (Windows NT 10.0; Win64; x64) AppleWebKit/537.36 (KHTML, like Gecko) Chrome/114.0.0.0 Safari/537.36"
188.114.97.12 - - [20/May/2026:18:31:41 +0000] "GET /images/logo.png HTTP/1.1" 200 3223 "-" "Mozilla/5.0 (X11; Linux x86_64) AppleWebKit/537.36 (KHTML, like Gecko) Firefox/113.0"
185.178.208.190 - - [20/May/2026:18:31:41 +0000] "GET /products HTTP/1.1" 200 4870 "-" "Mozilla/5.0 (X11; Linux x86_64) AppleWebKit/537.36 (KHTML, like Gecko) Firefox/113.0"
82.202.160.44 - - [20/May/2026:18:32:41 +0000] "GET /blog HTTP/1.1" 200 3660 "-" "Mozilla/5.0 (Windows NT 10.0; Win64; x64) AppleWebKit/537.36 (KHTML, like Gecko) Chrome/114.0.0.0 Safari/537.36"
45.146.164.110 - - [20/May/2026:18:32:41 +0000] "GET /api/v1/user/8829 HTTP/1.1" 403 4642 "-" "Mozilla/5.0 (Windows NT 10.0; Win64; x64) AppleWebKit/537.36 (KHTML, like Gecko) Chrome/91.0.4472.124 Safari/537.36"
45.146.164.110 - - [20/May/2026:18:32:41 +0000] "GET /api/v1/user/5741 HTTP/1.1" 403 669 "-" "Mozilla/5.0 (Windows NT 10.0; Win64; x64) AppleWebKit/537.36 (KHTML, like Gecko) Chrome/91.0.4472.124 Safari/537.36"
45.146.164.110 - - [20/May/2026:18:32:41 +0000] "GET /api/v1/user/1654 HTTP/1.1" 403 862 "-" "Mozilla/5.0 (Windows NT 10.0; Win64; x64) AppleWebKit/537.36 (KHTML, like Gecko) Chrome/91.0.4472.124 Safari/537.36"
37.140.192.155 - - [20/May/2026:18:33:41 +0000] "GET / HTTP/1.1" 200 2358 "-" "Mozilla/5.0 (iPhone; CPU iPhone OS 16_5 like Mac OS X) AppleWebKit/605.1.15 (KHTML, like Gecko) Version/16.5 Mobile/15E148 Safari/604.1"
95.161.220.15 - - [20/May/2026:18:33:41 +0000] "GET /blog HTTP/1.1" 200 4299 "-" "Mozilla/5.0 (Windows NT 10.0; Win64; x64) AppleWebKit/537.36 (KHTML, like Gecko) Chrome/114.0.0.0 Safari/537.36"
193.106.191.22 - - [20/May/2026:18:33:41 +0000] "GET /.env HTTP/1.1" 404 4773 "-" "gobuster/3.1.0"
45.146.164.110 - - [20/May/2026:18:33:41 +0000] "GET /api/v1/user/5200 HTTP/1.1" 403 3035 "-" "Mozilla/5.0 (Windows NT 10.0; Win64; x64) AppleWebKit/537.36 (KHTML, like Gecko) Chrome/91.0.4472.124 Safari/537.36"
82.202.160.44 - - [20/May/2026:18:34:41 +0000] "GET /contact HTTP/1.1" 200 4948 "-" "Mozilla/5.0 (Windows NT 10.0; Win64; x64) AppleWebKit/537.36 (KHTML, like Gecko) Chrome/114.0.0.0 Safari/537.36"
188.114.97.12 - - [20/May/2026:18:34:41 +0000] "GET /products HTTP/1.1" 200 4391 "-" "Mozilla/5.0 (Windows NT 10.0; Win64; x64) AppleWebKit/537.36 (KHTML, like Gecko) Chrome/114.0.0.0 Safari/537.36"
95.161.220.15 - - [20/May/2026:18:34:41 +0000] "GET /index.html HTTP/1.1" 200 2228 "-" "Mozilla/5.0 (Windows NT 10.0; Win64; x64) AppleWebKit/537.36 (KHTML, like Gecko) Chrome/114.0.0.0 Safari/537.36"
95.161.220.15 - - [20/May/2026:18:34:41 +0000] "GET /index.html HTTP/1.1" 200 4711 "-" "Mozilla/5.0 (X11; Linux x86_64) AppleWebKit/537.36 (KHTML, like Gecko) Firefox/113.0"
212.193.134.20 - - [20/May/2026:18:34:41 +0000] "GET /blog HTTP/1.1" 200 3474 "-" "Mozilla/5.0 (Macintosh; Intel Mac OS X 10_15_7) AppleWebKit/537.36 (KHTML, like Gecko) Version/16.5 Safari/537.36"
